==== FAILED RUN 17166902610 (repo=thc1006/nephoran-intent-operator, head=thc1006/nephoran-intent-operator@fix/graceful-shutdown-exit-codes) ====
---- Extracted error lines ----
## file: ci_logs/job_null.log

---- tail context ----

## file: ci_logs/run_all.log
2025-08-22T22:05:01.7814450Z [36;1m    Write-Host "Tests failed after 2 attempts"[0m
2025-08-22T22:05:01.7815550Z [36;1m    Write-Host "Test attempt $attempt failed, retrying..."[0m
2025-08-22T22:05:01.7814447Z [36;1m    Write-Host "Tests failed after 2 attempts"[0m
2025-08-22T22:05:01.7815547Z [36;1m    Write-Host "Test attempt $attempt failed, retrying..."[0m
2025-08-22T22:02:31.8437761Z [36;1m    echo "Tests failed after 2 attempts"[0m
2025-08-22T22:02:31.8438438Z [36;1m    echo "Test attempt $attempt failed, retrying..."[0m
2025-08-22T22:03:03.6074811Z ##[error]internal/porch/executor.go:95:14: undefined: cmdSafeQuoteWindows
2025-08-22T22:03:03.6241442Z FAIL	github.com/thc1006/nephoran-intent-operator/cmd/conductor-loop [build failed]
2025-08-22T22:03:03.6242464Z FAIL	github.com/thc1006/nephoran-intent-operator/internal/loop [build failed]
2025-08-22T22:03:03.6243094Z FAIL
2025-08-22T22:02:31.8437759Z [36;1m    echo "Tests failed after 2 attempts"[0m
2025-08-22T22:02:31.8438435Z [36;1m    echo "Test attempt $attempt failed, retrying..."[0m
2025-08-22T22:03:03.6074795Z ##[error]internal/porch/executor.go:95:14: undefined: cmdSafeQuoteWindows
2025-08-22T22:03:03.6241394Z FAIL	github.com/thc1006/nephoran-intent-operator/cmd/conductor-loop [build failed]
2025-08-22T22:03:03.6242459Z FAIL	github.com/thc1006/nephoran-intent-operator/internal/loop [build failed]
2025-08-22T22:03:03.6243089Z FAIL
2025-08-22T22:03:31.4833810Z [36;1m    echo "Tests failed after 2 attempts"[0m
2025-08-22T22:03:31.4834470Z [36;1m    echo "Test attempt $attempt failed, retrying..."[0m
2025-08-22T22:03:33.3479130Z ##[error]internal/porch/executor.go:95:14: undefined: cmdSafeQuoteWindows
2025-08-22T22:03:38.4446400Z FAIL	github.com/thc1006/nephoran-intent-operator/cmd/conductor-loop [build failed]
2025-08-22T22:03:38.4447990Z FAIL	github.com/thc1006/nephoran-intent-operator/internal/loop [build failed]
2025-08-22T22:03:38.4448600Z FAIL
2025-08-22T22:03:31.4833810Z [36;1m    echo "Tests failed after 2 attempts"[0m
2025-08-22T22:03:31.4834470Z [36;1m    echo "Test attempt $attempt failed, retrying..."[0m
2025-08-22T22:03:33.3479100Z ##[error]internal/porch/executor.go:95:14: undefined: cmdSafeQuoteWindows
2025-08-22T22:03:38.4446300Z FAIL	github.com/thc1006/nephoran-intent-operator/cmd/conductor-loop [build failed]
2025-08-22T22:03:38.4447990Z FAIL	github.com/thc1006/nephoran-intent-operator/internal/loop [build failed]
2025-08-22T22:03:38.4448600Z FAIL
2025-08-22T22:08:20.0739292Z [36;1m  echo "‚ùå Tests failed"[0m
2025-08-22T22:08:20.0743036Z [36;1mif [[ "cancelled" == "failure" || "cancelled" == "cancelled" ]]; then[0m
2025-08-22T22:08:20.0744317Z [36;1m  echo "‚ùå Build failed"[0m
2025-08-22T22:08:20.0752375Z [36;1mif [[ "cancelled" == "failure" || "cancelled" == "cancelled" ]]; then[0m
2025-08-22T22:08:20.0753203Z [36;1m  echo "‚ùå Docker build failed"[0m
2025-08-22T22:08:20.1321584Z ‚ùå Tests failed
2025-08-22T22:08:20.0739288Z [36;1m  echo "‚ùå Tests failed"[0m
2025-08-22T22:08:20.0743016Z [36;1mif [[ "cancelled" == "failure" || "cancelled" == "cancelled" ]]; then[0m
2025-08-22T22:08:20.0744305Z [36;1m  echo "‚ùå Build failed"[0m
2025-08-22T22:08:20.0752371Z [36;1mif [[ "cancelled" == "failure" || "cancelled" == "cancelled" ]]; then[0m
2025-08-22T22:08:20.0753198Z [36;1m  echo "‚ùå Docker build failed"[0m
2025-08-22T22:08:20.1321558Z ‚ùå Tests failed

---- tail context ----
2025-08-22T22:03:41.2913210Z Finalizing artifact upload
2025-08-22T22:03:41.3710620Z Artifact test-results-macos-latest-17166902610.zip successfully finalized. Artifact ID 3832374694
2025-08-22T22:03:41.3983750Z Artifact test-results-macos-latest-17166902610 has been successfully uploaded! Final size is 1434 bytes. Artifact ID is 3832374694
2025-08-22T22:03:41.3991870Z Artifact download URL: https://github.com/thc1006/nephoran-intent-operator/actions/runs/17166902610/artifacts/3832374694
Ôªø2025-08-22T22:03:41.4195660Z Post job cleanup.
2025-08-22T22:03:41.9262650Z [command]/Users/runner/hostedtoolcache/go/1.24.6/arm64/bin/go env GOMODCACHE
2025-08-22T22:03:41.9308760Z [command]/Users/runner/hostedtoolcache/go/1.24.6/arm64/bin/go env GOCACHE
2025-08-22T22:03:41.9385050Z /Users/runner/go/pkg/mod
2025-08-22T22:03:41.9390500Z /Users/runner/Library/Caches/go-build
2025-08-22T22:03:41.9403270Z Cache hit occurred on the primary key setup-go-macOS-arm64-go-1.24.6-583fed57d4cf4dd6f943285f723932abe219c2045356bcefc416fcf717aeff8b, not saving cache.
Ôªø2025-08-22T22:03:41.9474980Z Post job cleanup.
2025-08-22T22:03:42.1544110Z [command]/opt/homebrew/bin/git version
2025-08-22T22:03:42.2621830Z git version 2.50.1
2025-08-22T22:03:42.2644280Z Copying '/Users/runner/.gitconfig' to '/Users/runner/work/_temp/ceb63792-0bb7-4fc7-afe8-440d82c769ae/.gitconfig'
2025-08-22T22:03:42.2657640Z Temporarily overriding HOME='/Users/runner/work/_temp/ceb63792-0bb7-4fc7-afe8-440d82c769ae' before making global git config changes
2025-08-22T22:03:42.2658560Z Adding repository directory to the temporary git global config as a safe directory
2025-08-22T22:03:42.2661230Z [command]/opt/homebrew/bin/git config --global --add safe.directory /Users/runner/work/nephoran-intent-operator/nephoran-intent-operator
2025-08-22T22:03:42.2763500Z [command]/opt/homebrew/bin/git config --local --name-only --get-regexp core\.sshCommand
2025-08-22T22:03:42.2826530Z [command]/opt/homebrew/bin/git submodule foreach --recursive sh -c "git config --local --name-only --get-regexp 'core\.sshCommand' && git config --local --unset-all 'core.sshCommand' || :"
2025-08-22T22:03:42.5048240Z [command]/opt/homebrew/bin/git config --local --name-only --get-regexp http\.https\:\/\/github\.com\/\.extraheader
2025-08-22T22:03:42.5078030Z http.https://github.com/.extraheader
2025-08-22T22:03:42.5137470Z [command]/opt/homebrew/bin/git config --local --unset-all http.https://github.com/.extraheader
2025-08-22T22:03:42.5139260Z [command]/opt/homebrew/bin/git submodule foreach --recursive sh -c "git config --local --name-only --get-regexp 'http\.https\:\/\/github\.com\/\.extraheader' && git config --local --unset-all 'http.https://github.com/.extraheader' || :"
Ôªø2025-08-22T22:03:42.6740850Z Cleaning up orphan processes
Ôªø2025-08-22T22:08:19.9514828Z Current runner version: '2.328.0'
2025-08-22T22:08:19.9538173Z ##[group]Runner Image Provisioner
2025-08-22T22:08:19.9539143Z Hosted Compute Agent
2025-08-22T22:08:19.9539734Z Version: 20250821.380
2025-08-22T22:08:19.9540405Z Commit: 438d12cb4fe092871db9867344e3bc0bc5319035
2025-08-22T22:08:19.9541208Z Build Date: 2025-08-21T20:49:43Z
2025-08-22T22:08:19.9541904Z ##[endgroup]
2025-08-22T22:08:19.9542485Z ##[group]Operating System
2025-08-22T22:08:19.9543148Z Ubuntu
2025-08-22T22:08:19.9543662Z 24.04.2
2025-08-22T22:08:19.9544182Z LTS
2025-08-22T22:08:19.9544640Z ##[endgroup]
2025-08-22T22:08:19.9545251Z ##[group]Runner Image
2025-08-22T22:08:19.9546070Z Image: ubuntu-24.04
2025-08-22T22:08:19.9546595Z Version: 20250818.1.0
2025-08-22T22:08:19.9547874Z Included Software: https://github.com/actions/runner-images/blob/ubuntu24/20250818.1/images/ubuntu/Ubuntu2404-Readme.md
2025-08-22T22:08:19.9549670Z Image Release: https://github.com/actions/runner-images/releases/tag/ubuntu24%2F20250818.1
2025-08-22T22:08:19.9550856Z ##[endgroup]
2025-08-22T22:08:19.9552262Z ##[group]GITHUB_TOKEN Permissions
2025-08-22T22:08:19.9554190Z Contents: read
2025-08-22T22:08:19.9554794Z Metadata: read
2025-08-22T22:08:19.9555326Z Packages: write
2025-08-22T22:08:19.9556165Z SecurityEvents: write
2025-08-22T22:08:19.9556763Z ##[endgroup]
2025-08-22T22:08:19.9558792Z Secret source: Actions
2025-08-22T22:08:19.9559626Z Prepare workflow directory
2025-08-22T22:08:19.9945651Z Prepare all required actions
2025-08-22T22:08:20.0000627Z Complete job name: CI Status Check
2025-08-22T22:08:20.0734451Z ##[group]Run echo "Test: cancelled"
2025-08-22T22:08:20.0735239Z [36;1mecho "Test: cancelled"[0m
2025-08-22T22:08:20.0736120Z [36;1mecho "Build: cancelled"[0m
2025-08-22T22:08:20.0736706Z [36;1mecho "Security: cancelled"[0m
2025-08-22T22:08:20.0737314Z [36;1mecho "Docker: cancelled"[0m
2025-08-22T22:08:20.0738041Z [36;1m[0m
2025-08-22T22:08:20.0738621Z [36;1mif [[ "cancelled" != "success" ]]; then[0m
2025-08-22T22:08:20.0739292Z [36;1m  echo "‚ùå Tests failed"[0m
2025-08-22T22:08:20.0739921Z [36;1m  exit 1[0m
2025-08-22T22:08:20.0740416Z [36;1mfi[0m
2025-08-22T22:08:20.0740829Z [36;1m[0m
2025-08-22T22:08:20.0741398Z [36;1m# Treat skipped as neutral for Build[0m
2025-08-22T22:08:20.0743036Z [36;1mif [[ "cancelled" == "failure" || "cancelled" == "cancelled" ]]; then[0m
2025-08-22T22:08:20.0744317Z [36;1m  echo "‚ùå Build failed"[0m
2025-08-22T22:08:20.0745267Z [36;1m  exit 1[0m
2025-08-22T22:08:20.0746334Z [36;1melif [[ "cancelled" == "skipped" ]]; then[0m
2025-08-22T22:08:20.0747417Z [36;1m  echo "‚è≠Ô∏è Build skipped (neutral)"[0m
2025-08-22T22:08:20.0748198Z [36;1mfi[0m
2025-08-22T22:08:20.0748661Z [36;1m[0m
2025-08-22T22:08:20.0749121Z [36;1mif [[ "cancelled" != "success" ]]; then[0m
2025-08-22T22:08:20.0749914Z [36;1m  echo "‚ö†Ô∏è  Security scan had issues (non-blocking)"[0m
2025-08-22T22:08:20.0750556Z [36;1mfi[0m
2025-08-22T22:08:20.0751019Z [36;1m[0m
2025-08-22T22:08:20.0751550Z [36;1m# Treat skipped as neutral for Docker[0m
2025-08-22T22:08:20.0752375Z [36;1mif [[ "cancelled" == "failure" || "cancelled" == "cancelled" ]]; then[0m
2025-08-22T22:08:20.0753203Z [36;1m  echo "‚ùå Docker build failed"[0m
2025-08-22T22:08:20.0753796Z [36;1m  exit 1[0m
2025-08-22T22:08:20.0754366Z [36;1melif [[ "cancelled" == "skipped" ]]; then[0m
2025-08-22T22:08:20.0755034Z [36;1m  echo "‚è≠Ô∏è Docker build skipped (neutral)"[0m
2025-08-22T22:08:20.0756087Z [36;1mfi[0m
2025-08-22T22:08:20.0756602Z [36;1m[0m
2025-08-22T22:08:20.0757149Z [36;1mecho "‚úÖ Conductor Loop CI Pipeline Passed"[0m
2025-08-22T22:08:20.1011713Z shell: /usr/bin/bash -e {0}
2025-08-22T22:08:20.1012672Z env:
2025-08-22T22:08:20.1013235Z   REGISTRY: ghcr.io
2025-08-22T22:08:20.1013875Z   IMAGE_NAME: conductor-loop
2025-08-22T22:08:20.1014494Z   GO_VERSION: 1.24.x
2025-08-22T22:08:20.1015062Z ##[endgroup]
2025-08-22T22:08:20.1229722Z Test: cancelled
2025-08-22T22:08:20.1230613Z Build: cancelled
2025-08-22T22:08:20.1231520Z Security: cancelled
2025-08-22T22:08:20.1232832Z Docker: cancelled
2025-08-22T22:08:20.1321584Z ‚ùå Tests failed
2025-08-22T22:08:20.1338810Z ##[error]Process completed with exit code 1.
2025-08-22T22:08:20.1535099Z ##[group]Run echo "## üîÑ Conductor Loop CI Results" >> $GITHUB_STEP_SUMMARY
2025-08-22T22:08:20.1537177Z [36;1mecho "## üîÑ Conductor Loop CI Results" >> $GITHUB_STEP_SUMMARY[0m
2025-08-22T22:08:20.1538505Z [36;1mecho "" >> $GITHUB_STEP_SUMMARY[0m
2025-08-22T22:08:20.1539615Z [36;1mecho "| Job | Status |" >> $GITHUB_STEP_SUMMARY[0m
2025-08-22T22:08:20.1540895Z [36;1mecho "|-----|--------|" >> $GITHUB_STEP_SUMMARY[0m
2025-08-22T22:08:20.1542327Z [36;1mecho "| üß™ Test | cancelled |" >> $GITHUB_STEP_SUMMARY[0m
2025-08-22T22:08:20.1543681Z [36;1mecho "| üî® Build | cancelled |" >> $GITHUB_STEP_SUMMARY[0m
2025-08-22T22:08:20.1545058Z [36;1mecho "| üîí Security | cancelled |" >> $GITHUB_STEP_SUMMARY[0m
2025-08-22T22:08:20.1546667Z [36;1mecho "| üê≥ Docker | cancelled |" >> $GITHUB_STEP_SUMMARY[0m
2025-08-22T22:08:20.1596158Z shell: /usr/bin/bash -e {0}
2025-08-22T22:08:20.1596695Z env:
2025-08-22T22:08:20.1597059Z   REGISTRY: ghcr.io
2025-08-22T22:08:20.1597519Z   IMAGE_NAME: conductor-loop
2025-08-22T22:08:20.1597981Z   GO_VERSION: 1.24.x
2025-08-22T22:08:20.1598392Z ##[endgroup]
2025-08-22T22:08:20.1747681Z Cleaning up orphan processes
Ôªø2025-08-22T22:08:19.9514245Z Current runner version: '2.328.0'
2025-08-22T22:08:19.9538149Z ##[group]Runner Image Provisioner
2025-08-22T22:08:19.9539137Z Hosted Compute Agent
2025-08-22T22:08:19.9539731Z Version: 20250821.380
2025-08-22T22:08:19.9540400Z Commit: 438d12cb4fe092871db9867344e3bc0bc5319035
2025-08-22T22:08:19.9541204Z Build Date: 2025-08-21T20:49:43Z
2025-08-22T22:08:19.9541901Z ##[endgroup]
2025-08-22T22:08:19.9542482Z ##[group]Operating System
2025-08-22T22:08:19.9543144Z Ubuntu
2025-08-22T22:08:19.9543659Z 24.04.2
2025-08-22T22:08:19.9544179Z LTS
2025-08-22T22:08:19.9544637Z ##[endgroup]
2025-08-22T22:08:19.9545247Z ##[group]Runner Image
2025-08-22T22:08:19.9546065Z Image: ubuntu-24.04
2025-08-22T22:08:19.9546592Z Version: 20250818.1.0
2025-08-22T22:08:19.9547869Z Included Software: https://github.com/actions/runner-images/blob/ubuntu24/20250818.1/images/ubuntu/Ubuntu2404-Readme.md
2025-08-22T22:08:19.9549496Z Image Release: https://github.com/actions/runner-images/releases/tag/ubuntu24%2F20250818.1
2025-08-22T22:08:19.9550851Z ##[endgroup]
2025-08-22T22:08:19.9552257Z ##[group]GITHUB_TOKEN Permissions
2025-08-22T22:08:19.9554172Z Contents: read
2025-08-22T22:08:19.9554790Z Metadata: read
2025-08-22T22:08:19.9555322Z Packages: write
2025-08-22T22:08:19.9556160Z SecurityEvents: write
2025-08-22T22:08:19.9556759Z ##[endgroup]
2025-08-22T22:08:19.9558773Z Secret source: Actions
2025-08-22T22:08:19.9559620Z Prepare workflow directory
2025-08-22T22:08:19.9945627Z Prepare all required actions
2025-08-22T22:08:20.0000609Z Complete job name: CI Status Check
Ôªø2025-08-22T22:08:20.0734428Z ##[group]Run echo "Test: cancelled"
2025-08-22T22:08:20.0735233Z [36;1mecho "Test: cancelled"[0m
2025-08-22T22:08:20.0736114Z [36;1mecho "Build: cancelled"[0m
2025-08-22T22:08:20.0736702Z [36;1mecho "Security: cancelled"[0m
2025-08-22T22:08:20.0737311Z [36;1mecho "Docker: cancelled"[0m
2025-08-22T22:08:20.0738034Z [36;1m[0m
2025-08-22T22:08:20.0738617Z [36;1mif [[ "cancelled" != "success" ]]; then[0m
2025-08-22T22:08:20.0739288Z [36;1m  echo "‚ùå Tests failed"[0m
2025-08-22T22:08:20.0739916Z [36;1m  exit 1[0m
2025-08-22T22:08:20.0740412Z [36;1mfi[0m
2025-08-22T22:08:20.0740826Z [36;1m[0m
2025-08-22T22:08:20.0741394Z [36;1m# Treat skipped as neutral for Build[0m
2025-08-22T22:08:20.0743016Z [36;1mif [[ "cancelled" == "failure" || "cancelled" == "cancelled" ]]; then[0m
2025-08-22T22:08:20.0744305Z [36;1m  echo "‚ùå Build failed"[0m
2025-08-22T22:08:20.0745260Z [36;1m  exit 1[0m
2025-08-22T22:08:20.0746325Z [36;1melif [[ "cancelled" == "skipped" ]]; then[0m
2025-08-22T22:08:20.0747340Z [36;1m  echo "‚è≠Ô∏è Build skipped (neutral)"[0m
2025-08-22T22:08:20.0748193Z [36;1mfi[0m
2025-08-22T22:08:20.0748657Z [36;1m[0m
2025-08-22T22:08:20.0749118Z [36;1mif [[ "cancelled" != "success" ]]; then[0m
2025-08-22T22:08:20.0749909Z [36;1m  echo "‚ö†Ô∏è  Security scan had issues (non-blocking)"[0m
2025-08-22T22:08:20.0750552Z [36;1mfi[0m
2025-08-22T22:08:20.0751016Z [36;1m[0m
2025-08-22T22:08:20.0751546Z [36;1m# Treat skipped as neutral for Docker[0m
2025-08-22T22:08:20.0752371Z [36;1mif [[ "cancelled" == "failure" || "cancelled" == "cancelled" ]]; then[0m
2025-08-22T22:08:20.0753198Z [36;1m  echo "‚ùå Docker build failed"[0m
2025-08-22T22:08:20.0753792Z [36;1m  exit 1[0m
2025-08-22T22:08:20.0754362Z [36;1melif [[ "cancelled" == "skipped" ]]; then[0m
2025-08-22T22:08:20.0755029Z [36;1m  echo "‚è≠Ô∏è Docker build skipped (neutral)"[0m
2025-08-22T22:08:20.0756079Z [36;1mfi[0m
2025-08-22T22:08:20.0756598Z [36;1m[0m
2025-08-22T22:08:20.0757133Z [36;1mecho "‚úÖ Conductor Loop CI Pipeline Passed"[0m
2025-08-22T22:08:20.1011689Z shell: /usr/bin/bash -e {0}
2025-08-22T22:08:20.1012661Z env:
2025-08-22T22:08:20.1013230Z   REGISTRY: ghcr.io
2025-08-22T22:08:20.1013870Z   IMAGE_NAME: conductor-loop
2025-08-22T22:08:20.1014491Z   GO_VERSION: 1.24.x
2025-08-22T22:08:20.1015058Z ##[endgroup]
2025-08-22T22:08:20.1229693Z Test: cancelled
2025-08-22T22:08:20.1230601Z Build: cancelled
2025-08-22T22:08:20.1231501Z Security: cancelled
2025-08-22T22:08:20.1232811Z Docker: cancelled
2025-08-22T22:08:20.1321558Z ‚ùå Tests failed
2025-08-22T22:08:20.1338748Z ##[error]Process completed with exit code 1.
Ôªø2025-08-22T22:08:20.1535070Z ##[group]Run echo "## üîÑ Conductor Loop CI Results" >> $GITHUB_STEP_SUMMARY
2025-08-22T22:08:20.1537139Z [36;1mecho "## üîÑ Conductor Loop CI Results" >> $GITHUB_STEP_SUMMARY[0m
2025-08-22T22:08:20.1538484Z [36;1mecho "" >> $GITHUB_STEP_SUMMARY[0m
2025-08-22T22:08:20.1539598Z [36;1mecho "| Job | Status |" >> $GITHUB_STEP_SUMMARY[0m
2025-08-22T22:08:20.1540883Z [36;1mecho "|-----|--------|" >> $GITHUB_STEP_SUMMARY[0m
2025-08-22T22:08:20.1542317Z [36;1mecho "| üß™ Test | cancelled |" >> $GITHUB_STEP_SUMMARY[0m
2025-08-22T22:08:20.1543671Z [36;1mecho "| üî® Build | cancelled |" >> $GITHUB_STEP_SUMMARY[0m
2025-08-22T22:08:20.1545035Z [36;1mecho "| üîí Security | cancelled |" >> $GITHUB_STEP_SUMMARY[0m
2025-08-22T22:08:20.1546643Z [36;1mecho "| üê≥ Docker | cancelled |" >> $GITHUB_STEP_SUMMARY[0m
2025-08-22T22:08:20.1596144Z shell: /usr/bin/bash -e {0}
2025-08-22T22:08:20.1596690Z env:
2025-08-22T22:08:20.1597056Z   REGISTRY: ghcr.io
2025-08-22T22:08:20.1597485Z   IMAGE_NAME: conductor-loop
2025-08-22T22:08:20.1597977Z   GO_VERSION: 1.24.x
2025-08-22T22:08:20.1598389Z ##[endgroup]
Ôªø2025-08-22T22:08:20.1747664Z Cleaning up orphan processes

