==== FAILED RUN 17165841383 (repo=thc1006/nephoran-intent-operator, head=thc1006/nephoran-intent-operator@fix/graceful-shutdown-exit-codes) ====
---- Extracted error lines ----
## file: ci_logs/job_null.log

---- tail context ----

## file: ci_logs/run_all.log
2025-08-22T21:00:46.1636710Z [36;1m    echo "Tests failed after 2 attempts"[0m
2025-08-22T21:00:46.1637590Z [36;1m    echo "Test attempt $attempt failed, retrying..."[0m
2025-08-22T21:00:48.0006930Z ##[error]internal/porch/executor.go:95:14: undefined: cmdSafeQuoteWindows
2025-08-22T21:00:53.2816680Z FAIL	github.com/thc1006/nephoran-intent-operator/cmd/conductor-loop [build failed]
2025-08-22T21:00:53.2821990Z FAIL	github.com/thc1006/nephoran-intent-operator/internal/loop [build failed]
2025-08-22T21:00:53.2822330Z FAIL
2025-08-22T21:00:46.1636700Z [36;1m    echo "Tests failed after 2 attempts"[0m
2025-08-22T21:00:46.1637590Z [36;1m    echo "Test attempt $attempt failed, retrying..."[0m
2025-08-22T21:00:48.0006900Z ##[error]internal/porch/executor.go:95:14: undefined: cmdSafeQuoteWindows
2025-08-22T21:00:53.2816580Z FAIL	github.com/thc1006/nephoran-intent-operator/cmd/conductor-loop [build failed]
2025-08-22T21:00:53.2821980Z FAIL	github.com/thc1006/nephoran-intent-operator/internal/loop [build failed]
2025-08-22T21:00:53.2822330Z FAIL
2025-08-22T21:02:10.0656425Z [36;1m    Write-Host "Tests failed after 2 attempts"[0m
2025-08-22T21:02:10.0657480Z [36;1m    Write-Host "Test attempt $attempt failed, retrying..."[0m
2025-08-22T21:11:13.5392797Z Test attempt 1 failed, retrying...
2025-08-22T21:02:10.0656423Z [36;1m    Write-Host "Tests failed after 2 attempts"[0m
2025-08-22T21:02:10.0657478Z [36;1m    Write-Host "Test attempt $attempt failed, retrying..."[0m
2025-08-22T21:11:13.5392696Z Test attempt 1 failed, retrying...
2025-08-22T21:00:00.4811322Z [36;1m    echo "Tests failed after 2 attempts"[0m
2025-08-22T21:00:00.4811976Z [36;1m    echo "Test attempt $attempt failed, retrying..."[0m
2025-08-22T21:00:32.9028042Z ##[error]internal/porch/executor.go:95:14: undefined: cmdSafeQuoteWindows
2025-08-22T21:00:32.9187794Z FAIL	github.com/thc1006/nephoran-intent-operator/cmd/conductor-loop [build failed]
2025-08-22T21:00:32.9188789Z FAIL	github.com/thc1006/nephoran-intent-operator/internal/loop [build failed]
2025-08-22T21:00:32.9189400Z FAIL
2025-08-22T21:00:00.4811320Z [36;1m    echo "Tests failed after 2 attempts"[0m
2025-08-22T21:00:00.4811974Z [36;1m    echo "Test attempt $attempt failed, retrying..."[0m
2025-08-22T21:00:32.9028019Z ##[error]internal/porch/executor.go:95:14: undefined: cmdSafeQuoteWindows
2025-08-22T21:00:32.9187712Z FAIL	github.com/thc1006/nephoran-intent-operator/cmd/conductor-loop [build failed]
2025-08-22T21:00:32.9188783Z FAIL	github.com/thc1006/nephoran-intent-operator/internal/loop [build failed]
2025-08-22T21:00:32.9189395Z FAIL
2025-08-22T21:12:32.9409607Z [36;1m  echo "‚ùå Tests failed"[0m
2025-08-22T21:12:32.9412486Z [36;1mif [[ "cancelled" == "failure" || "cancelled" == "cancelled" ]]; then[0m
2025-08-22T21:12:32.9413245Z [36;1m  echo "‚ùå Build failed"[0m
2025-08-22T21:12:32.9420069Z [36;1mif [[ "cancelled" == "failure" || "cancelled" == "cancelled" ]]; then[0m
2025-08-22T21:12:32.9420782Z [36;1m  echo "‚ùå Docker build failed"[0m
2025-08-22T21:12:33.0153168Z ‚ùå Tests failed
2025-08-22T21:12:32.9409602Z [36;1m  echo "‚ùå Tests failed"[0m
2025-08-22T21:12:32.9412482Z [36;1mif [[ "cancelled" == "failure" || "cancelled" == "cancelled" ]]; then[0m
2025-08-22T21:12:32.9413241Z [36;1m  echo "‚ùå Build failed"[0m
2025-08-22T21:12:32.9420065Z [36;1mif [[ "cancelled" == "failure" || "cancelled" == "cancelled" ]]; then[0m
2025-08-22T21:12:32.9420779Z [36;1m  echo "‚ùå Docker build failed"[0m
2025-08-22T21:12:33.0153119Z ‚ùå Tests failed

---- tail context ----
2025-08-22T21:00:33.8781690Z SHA256 digest of uploaded artifact zip is b2d2b1c06fed78cc17e591432b62343ce6cc2e3dd643fbeb623884a1c4dac35e
2025-08-22T21:00:33.8783531Z Finalizing artifact upload
2025-08-22T21:00:33.9791115Z Artifact test-results-ubuntu-latest-17165841383.zip successfully finalized. Artifact ID 3832015916
2025-08-22T21:00:33.9792790Z Artifact test-results-ubuntu-latest-17165841383 has been successfully uploaded! Final size is 1434 bytes. Artifact ID is 3832015916
2025-08-22T21:00:33.9799155Z Artifact download URL: https://github.com/thc1006/nephoran-intent-operator/actions/runs/17165841383/artifacts/3832015916
Ôªø2025-08-22T21:00:33.9948469Z Post job cleanup.
2025-08-22T21:00:34.1563674Z [command]/opt/hostedtoolcache/go/1.24.6/x64/bin/go env GOMODCACHE
2025-08-22T21:00:34.1605597Z [command]/opt/hostedtoolcache/go/1.24.6/x64/bin/go env GOCACHE
2025-08-22T21:00:34.1630234Z /home/runner/go/pkg/mod
2025-08-22T21:00:34.1658459Z /home/runner/.cache/go-build
2025-08-22T21:00:34.1665006Z Cache hit occurred on the primary key setup-go-Linux-x64-ubuntu24-go-1.24.6-583fed57d4cf4dd6f943285f723932abe219c2045356bcefc416fcf717aeff8b, not saving cache.
Ôªø2025-08-22T21:00:34.1776935Z Post job cleanup.
2025-08-22T21:00:34.2731918Z [command]/usr/bin/git version
2025-08-22T21:00:34.2768736Z git version 2.51.0
2025-08-22T21:00:34.2820846Z Temporarily overriding HOME='/home/runner/work/_temp/7c4cb746-7d5a-4a04-9ad0-87752166613b' before making global git config changes
2025-08-22T21:00:34.2822168Z Adding repository directory to the temporary git global config as a safe directory
2025-08-22T21:00:34.2827289Z [command]/usr/bin/git config --global --add safe.directory /home/runner/work/nephoran-intent-operator/nephoran-intent-operator
2025-08-22T21:00:34.2863082Z [command]/usr/bin/git config --local --name-only --get-regexp core\.sshCommand
2025-08-22T21:00:34.2896549Z [command]/usr/bin/git submodule foreach --recursive sh -c "git config --local --name-only --get-regexp 'core\.sshCommand' && git config --local --unset-all 'core.sshCommand' || :"
2025-08-22T21:00:34.3133037Z [command]/usr/bin/git config --local --name-only --get-regexp http\.https\:\/\/github\.com\/\.extraheader
2025-08-22T21:00:34.3155671Z http.https://github.com/.extraheader
2025-08-22T21:00:34.3169129Z [command]/usr/bin/git config --local --unset-all http.https://github.com/.extraheader
2025-08-22T21:00:34.3201248Z [command]/usr/bin/git submodule foreach --recursive sh -c "git config --local --name-only --get-regexp 'http\.https\:\/\/github\.com\/\.extraheader' && git config --local --unset-all 'http.https://github.com/.extraheader' || :"
Ôªø2025-08-22T21:00:34.3538515Z Cleaning up orphan processes
Ôªø2025-08-22T21:12:32.8167872Z Current runner version: '2.328.0'
2025-08-22T21:12:32.8192900Z ##[group]Runner Image Provisioner
2025-08-22T21:12:32.8194476Z Hosted Compute Agent
2025-08-22T21:12:32.8195486Z Version: 20250818.377
2025-08-22T21:12:32.8196499Z Commit: 3c593e9f75fe0b87e893bca80d6e12ba089c61fc
2025-08-22T21:12:32.8197943Z Build Date: 2025-08-18T14:52:18Z
2025-08-22T21:12:32.8198977Z ##[endgroup]
2025-08-22T21:12:32.8199979Z ##[group]Operating System
2025-08-22T21:12:32.8200918Z Ubuntu
2025-08-22T21:12:32.8201789Z 24.04.2
2025-08-22T21:12:32.8202455Z LTS
2025-08-22T21:12:32.8203171Z ##[endgroup]
2025-08-22T21:12:32.8204237Z ##[group]Runner Image
2025-08-22T21:12:32.8205187Z Image: ubuntu-24.04
2025-08-22T21:12:32.8206058Z Version: 20250818.1.0
2025-08-22T21:12:32.8207412Z Included Software: https://github.com/actions/runner-images/blob/ubuntu24/20250818.1/images/ubuntu/Ubuntu2404-Readme.md
2025-08-22T21:12:32.8209014Z Image Release: https://github.com/actions/runner-images/releases/tag/ubuntu24%2F20250818.1
2025-08-22T21:12:32.8210008Z ##[endgroup]
2025-08-22T21:12:32.8211172Z ##[group]GITHUB_TOKEN Permissions
2025-08-22T21:12:32.8213338Z Contents: read
2025-08-22T21:12:32.8214136Z Metadata: read
2025-08-22T21:12:32.8214665Z Packages: write
2025-08-22T21:12:32.8215190Z SecurityEvents: write
2025-08-22T21:12:32.8215728Z ##[endgroup]
2025-08-22T21:12:32.8217846Z Secret source: Actions
2025-08-22T21:12:32.8218642Z Prepare workflow directory
2025-08-22T21:12:32.8606320Z Prepare all required actions
2025-08-22T21:12:32.8660368Z Complete job name: CI Status Check
2025-08-22T21:12:32.9405024Z ##[group]Run echo "Test: cancelled"
2025-08-22T21:12:32.9405795Z [36;1mecho "Test: cancelled"[0m
2025-08-22T21:12:32.9406421Z [36;1mecho "Build: cancelled"[0m
2025-08-22T21:12:32.9407039Z [36;1mecho "Security: cancelled"[0m
2025-08-22T21:12:32.9407704Z [36;1mecho "Docker: cancelled"[0m
2025-08-22T21:12:32.9408470Z [36;1m[0m
2025-08-22T21:12:32.9408993Z [36;1mif [[ "cancelled" != "success" ]]; then[0m
2025-08-22T21:12:32.9409607Z [36;1m  echo "‚ùå Tests failed"[0m
2025-08-22T21:12:32.9410248Z [36;1m  exit 1[0m
2025-08-22T21:12:32.9410738Z [36;1mfi[0m
2025-08-22T21:12:32.9411144Z [36;1m[0m
2025-08-22T21:12:32.9411729Z [36;1m# Treat skipped as neutral for Build[0m
2025-08-22T21:12:32.9412486Z [36;1mif [[ "cancelled" == "failure" || "cancelled" == "cancelled" ]]; then[0m
2025-08-22T21:12:32.9413245Z [36;1m  echo "‚ùå Build failed"[0m
2025-08-22T21:12:32.9413951Z [36;1m  exit 1[0m
2025-08-22T21:12:32.9414532Z [36;1melif [[ "cancelled" == "skipped" ]]; then[0m
2025-08-22T21:12:32.9415258Z [36;1m  echo "‚è≠Ô∏è Build skipped (neutral)"[0m
2025-08-22T21:12:32.9415974Z [36;1mfi[0m
2025-08-22T21:12:32.9416391Z [36;1m[0m
2025-08-22T21:12:32.9416874Z [36;1mif [[ "cancelled" != "success" ]]; then[0m
2025-08-22T21:12:32.9417665Z [36;1m  echo "‚ö†Ô∏è  Security scan had issues (non-blocking)"[0m
2025-08-22T21:12:32.9418292Z [36;1mfi[0m
2025-08-22T21:12:32.9418771Z [36;1m[0m
2025-08-22T21:12:32.9419283Z [36;1m# Treat skipped as neutral for Docker[0m
2025-08-22T21:12:32.9420069Z [36;1mif [[ "cancelled" == "failure" || "cancelled" == "cancelled" ]]; then[0m
2025-08-22T21:12:32.9420782Z [36;1m  echo "‚ùå Docker build failed"[0m
2025-08-22T21:12:32.9421441Z [36;1m  exit 1[0m
2025-08-22T21:12:32.9421988Z [36;1melif [[ "cancelled" == "skipped" ]]; then[0m
2025-08-22T21:12:32.9422641Z [36;1m  echo "‚è≠Ô∏è Docker build skipped (neutral)"[0m
2025-08-22T21:12:32.9423363Z [36;1mfi[0m
2025-08-22T21:12:32.9423904Z [36;1m[0m
2025-08-22T21:12:32.9424444Z [36;1mecho "‚úÖ Conductor Loop CI Pipeline Passed"[0m
2025-08-22T21:12:32.9678079Z shell: /usr/bin/bash -e {0}
2025-08-22T21:12:32.9678965Z env:
2025-08-22T21:12:32.9679421Z   REGISTRY: ghcr.io
2025-08-22T21:12:32.9680006Z   IMAGE_NAME: conductor-loop
2025-08-22T21:12:32.9680564Z   GO_VERSION: 1.24.x
2025-08-22T21:12:32.9681022Z ##[endgroup]
2025-08-22T21:12:33.0055609Z Test: cancelled
2025-08-22T21:12:33.0056404Z Build: cancelled
2025-08-22T21:12:33.0057118Z Security: cancelled
2025-08-22T21:12:33.0058348Z Docker: cancelled
2025-08-22T21:12:33.0153168Z ‚ùå Tests failed
2025-08-22T21:12:33.0171524Z ##[error]Process completed with exit code 1.
2025-08-22T21:12:33.0284526Z ##[group]Run echo "## üîÑ Conductor Loop CI Results" >> $GITHUB_STEP_SUMMARY
2025-08-22T21:12:33.0286028Z [36;1mecho "## üîÑ Conductor Loop CI Results" >> $GITHUB_STEP_SUMMARY[0m
2025-08-22T21:12:33.0287177Z [36;1mecho "" >> $GITHUB_STEP_SUMMARY[0m
2025-08-22T21:12:33.0288218Z [36;1mecho "| Job | Status |" >> $GITHUB_STEP_SUMMARY[0m
2025-08-22T21:12:33.0289322Z [36;1mecho "|-----|--------|" >> $GITHUB_STEP_SUMMARY[0m
2025-08-22T21:12:33.0290439Z [36;1mecho "| üß™ Test | cancelled |" >> $GITHUB_STEP_SUMMARY[0m
2025-08-22T21:12:33.0291648Z [36;1mecho "| üî® Build | cancelled |" >> $GITHUB_STEP_SUMMARY[0m
2025-08-22T21:12:33.0292880Z [36;1mecho "| üîí Security | cancelled |" >> $GITHUB_STEP_SUMMARY[0m
2025-08-22T21:12:33.0294406Z [36;1mecho "| üê≥ Docker | cancelled |" >> $GITHUB_STEP_SUMMARY[0m
2025-08-22T21:12:33.0340067Z shell: /usr/bin/bash -e {0}
2025-08-22T21:12:33.0340557Z env:
2025-08-22T21:12:33.0340912Z   REGISTRY: ghcr.io
2025-08-22T21:12:33.0341362Z   IMAGE_NAME: conductor-loop
2025-08-22T21:12:33.0341808Z   GO_VERSION: 1.24.x
2025-08-22T21:12:33.0342214Z ##[endgroup]
2025-08-22T21:12:33.0479069Z Cleaning up orphan processes
Ôªø2025-08-22T21:12:32.8167019Z Current runner version: '2.328.0'
2025-08-22T21:12:32.8192873Z ##[group]Runner Image Provisioner
2025-08-22T21:12:32.8194453Z Hosted Compute Agent
2025-08-22T21:12:32.8195469Z Version: 20250818.377
2025-08-22T21:12:32.8196484Z Commit: 3c593e9f75fe0b87e893bca80d6e12ba089c61fc
2025-08-22T21:12:32.8197918Z Build Date: 2025-08-18T14:52:18Z
2025-08-22T21:12:32.8198964Z ##[endgroup]
2025-08-22T21:12:32.8199959Z ##[group]Operating System
2025-08-22T21:12:32.8200901Z Ubuntu
2025-08-22T21:12:32.8201776Z 24.04.2
2025-08-22T21:12:32.8202449Z LTS
2025-08-22T21:12:32.8203162Z ##[endgroup]
2025-08-22T21:12:32.8204219Z ##[group]Runner Image
2025-08-22T21:12:32.8205173Z Image: ubuntu-24.04
2025-08-22T21:12:32.8206046Z Version: 20250818.1.0
2025-08-22T21:12:32.8207403Z Included Software: https://github.com/actions/runner-images/blob/ubuntu24/20250818.1/images/ubuntu/Ubuntu2404-Readme.md
2025-08-22T21:12:32.8208793Z Image Release: https://github.com/actions/runner-images/releases/tag/ubuntu24%2F20250818.1
2025-08-22T21:12:32.8210004Z ##[endgroup]
2025-08-22T21:12:32.8211168Z ##[group]GITHUB_TOKEN Permissions
2025-08-22T21:12:32.8213319Z Contents: read
2025-08-22T21:12:32.8214130Z Metadata: read
2025-08-22T21:12:32.8214661Z Packages: write
2025-08-22T21:12:32.8215187Z SecurityEvents: write
2025-08-22T21:12:32.8215725Z ##[endgroup]
2025-08-22T21:12:32.8217827Z Secret source: Actions
2025-08-22T21:12:32.8218636Z Prepare workflow directory
2025-08-22T21:12:32.8606279Z Prepare all required actions
2025-08-22T21:12:32.8660349Z Complete job name: CI Status Check
Ôªø2025-08-22T21:12:32.9404995Z ##[group]Run echo "Test: cancelled"
2025-08-22T21:12:32.9405790Z [36;1mecho "Test: cancelled"[0m
2025-08-22T21:12:32.9406418Z [36;1mecho "Build: cancelled"[0m
2025-08-22T21:12:32.9407036Z [36;1mecho "Security: cancelled"[0m
2025-08-22T21:12:32.9407701Z [36;1mecho "Docker: cancelled"[0m
2025-08-22T21:12:32.9408465Z [36;1m[0m
2025-08-22T21:12:32.9408990Z [36;1mif [[ "cancelled" != "success" ]]; then[0m
2025-08-22T21:12:32.9409602Z [36;1m  echo "‚ùå Tests failed"[0m
2025-08-22T21:12:32.9410244Z [36;1m  exit 1[0m
2025-08-22T21:12:32.9410695Z [36;1mfi[0m
2025-08-22T21:12:32.9411140Z [36;1m[0m
2025-08-22T21:12:32.9411725Z [36;1m# Treat skipped as neutral for Build[0m
2025-08-22T21:12:32.9412482Z [36;1mif [[ "cancelled" == "failure" || "cancelled" == "cancelled" ]]; then[0m
2025-08-22T21:12:32.9413241Z [36;1m  echo "‚ùå Build failed"[0m
2025-08-22T21:12:32.9413946Z [36;1m  exit 1[0m
2025-08-22T21:12:32.9414528Z [36;1melif [[ "cancelled" == "skipped" ]]; then[0m
2025-08-22T21:12:32.9415172Z [36;1m  echo "‚è≠Ô∏è Build skipped (neutral)"[0m
2025-08-22T21:12:32.9415971Z [36;1mfi[0m
2025-08-22T21:12:32.9416388Z [36;1m[0m
2025-08-22T21:12:32.9416871Z [36;1mif [[ "cancelled" != "success" ]]; then[0m
2025-08-22T21:12:32.9417660Z [36;1m  echo "‚ö†Ô∏è  Security scan had issues (non-blocking)"[0m
2025-08-22T21:12:32.9418289Z [36;1mfi[0m
2025-08-22T21:12:32.9418768Z [36;1m[0m
2025-08-22T21:12:32.9419279Z [36;1m# Treat skipped as neutral for Docker[0m
2025-08-22T21:12:32.9420065Z [36;1mif [[ "cancelled" == "failure" || "cancelled" == "cancelled" ]]; then[0m
2025-08-22T21:12:32.9420779Z [36;1m  echo "‚ùå Docker build failed"[0m
2025-08-22T21:12:32.9421438Z [36;1m  exit 1[0m
2025-08-22T21:12:32.9421985Z [36;1melif [[ "cancelled" == "skipped" ]]; then[0m
2025-08-22T21:12:32.9422637Z [36;1m  echo "‚è≠Ô∏è Docker build skipped (neutral)"[0m
2025-08-22T21:12:32.9423360Z [36;1mfi[0m
2025-08-22T21:12:32.9423900Z [36;1m[0m
2025-08-22T21:12:32.9424431Z [36;1mecho "‚úÖ Conductor Loop CI Pipeline Passed"[0m
2025-08-22T21:12:32.9678053Z shell: /usr/bin/bash -e {0}
2025-08-22T21:12:32.9678955Z env:
2025-08-22T21:12:32.9679418Z   REGISTRY: ghcr.io
2025-08-22T21:12:32.9680003Z   IMAGE_NAME: conductor-loop
2025-08-22T21:12:32.9680560Z   GO_VERSION: 1.24.x
2025-08-22T21:12:32.9681019Z ##[endgroup]
2025-08-22T21:12:33.0055565Z Test: cancelled
2025-08-22T21:12:33.0056387Z Build: cancelled
2025-08-22T21:12:33.0057103Z Security: cancelled
2025-08-22T21:12:33.0058332Z Docker: cancelled
2025-08-22T21:12:33.0153119Z ‚ùå Tests failed
2025-08-22T21:12:33.0171498Z ##[error]Process completed with exit code 1.
Ôªø2025-08-22T21:12:33.0284501Z ##[group]Run echo "## üîÑ Conductor Loop CI Results" >> $GITHUB_STEP_SUMMARY
2025-08-22T21:12:33.0286012Z [36;1mecho "## üîÑ Conductor Loop CI Results" >> $GITHUB_STEP_SUMMARY[0m
2025-08-22T21:12:33.0287163Z [36;1mecho "" >> $GITHUB_STEP_SUMMARY[0m
2025-08-22T21:12:33.0288200Z [36;1mecho "| Job | Status |" >> $GITHUB_STEP_SUMMARY[0m
2025-08-22T21:12:33.0289314Z [36;1mecho "|-----|--------|" >> $GITHUB_STEP_SUMMARY[0m
2025-08-22T21:12:33.0290430Z [36;1mecho "| üß™ Test | cancelled |" >> $GITHUB_STEP_SUMMARY[0m
2025-08-22T21:12:33.0291639Z [36;1mecho "| üî® Build | cancelled |" >> $GITHUB_STEP_SUMMARY[0m
2025-08-22T21:12:33.0292871Z [36;1mecho "| üîí Security | cancelled |" >> $GITHUB_STEP_SUMMARY[0m
2025-08-22T21:12:33.0294364Z [36;1mecho "| üê≥ Docker | cancelled |" >> $GITHUB_STEP_SUMMARY[0m
2025-08-22T21:12:33.0340054Z shell: /usr/bin/bash -e {0}
2025-08-22T21:12:33.0340553Z env:
2025-08-22T21:12:33.0340908Z   REGISTRY: ghcr.io
2025-08-22T21:12:33.0341323Z   IMAGE_NAME: conductor-loop
2025-08-22T21:12:33.0341805Z   GO_VERSION: 1.24.x
2025-08-22T21:12:33.0342211Z ##[endgroup]
Ôªø2025-08-22T21:12:33.0479050Z Cleaning up orphan processes

