2025-08-28T18:05:42.0692765Z Current runner version: '2.328.0'
2025-08-28T18:05:42.0716204Z ##[group]Runner Image Provisioner
2025-08-28T18:05:42.0717350Z Hosted Compute Agent
2025-08-28T18:05:42.0717915Z Version: 20250825.382
2025-08-28T18:05:42.0718480Z Commit: 7109f2abf901479dac39397456e363ac0cca0730
2025-08-28T18:05:42.0719277Z Build Date: 2025-08-25T22:55:50Z
2025-08-28T18:05:42.0719831Z ##[endgroup]
2025-08-28T18:05:42.0720745Z ##[group]Operating System
2025-08-28T18:05:42.0721370Z Ubuntu
2025-08-28T18:05:42.0721811Z 24.04.3
2025-08-28T18:05:42.0722277Z LTS
2025-08-28T18:05:42.0722755Z ##[endgroup]
2025-08-28T18:05:42.0723253Z ##[group]Runner Image
2025-08-28T18:05:42.0723750Z Image: ubuntu-24.04
2025-08-28T18:05:42.0724276Z Version: 20250824.1.0
2025-08-28T18:05:42.0725237Z Included Software: https://github.com/actions/runner-images/blob/ubuntu24/20250824.1/images/ubuntu/Ubuntu2404-Readme.md
2025-08-28T18:05:42.0726753Z Image Release: https://github.com/actions/runner-images/releases/tag/ubuntu24%2F20250824.1
2025-08-28T18:05:42.0727760Z ##[endgroup]
2025-08-28T18:05:42.0729265Z ##[group]GITHUB_TOKEN Permissions
2025-08-28T18:05:42.0731454Z Contents: read
2025-08-28T18:05:42.0731992Z Metadata: read
2025-08-28T18:05:42.0732430Z Packages: write
2025-08-28T18:05:42.0733043Z SecurityEvents: write
2025-08-28T18:05:42.0733528Z ##[endgroup]
2025-08-28T18:05:42.0735594Z Secret source: Actions
2025-08-28T18:05:42.0736344Z Prepare workflow directory
2025-08-28T18:05:42.1266197Z Prepare all required actions
2025-08-28T18:05:42.1303157Z Getting action download info
2025-08-28T18:05:42.7259493Z Download action repository 'actions/checkout@v4' (SHA:08eba0b27e820071cde6df949e0beb9ba4906955)
2025-08-28T18:05:42.7967309Z Download action repository 'docker/setup-buildx-action@v3' (SHA:e468171a9de216ec08956ac3ada2f0791b6bd435)
2025-08-28T18:05:43.4438591Z Download action repository 'docker/login-action@v3' (SHA:184bdaa0721073962dff0199f1fb9940f07167d1)
2025-08-28T18:05:44.6028667Z Download action repository 'docker/metadata-action@v5' (SHA:c1e51972afc2121e065aed6d45c65596fe445f3f)
2025-08-28T18:05:45.2849032Z Download action repository 'docker/build-push-action@v5' (SHA:ca052bb54ab0790a636c9b5f226502c73d547a25)
2025-08-28T18:05:45.8882934Z Download action repository 'aquasecurity/trivy-action@master' (SHA:f9424c10c36e288d5fa79bd3dfd1aeb2d6eae808)
2025-08-28T18:05:46.3626980Z Download action repository 'github/codeql-action@v3' (SHA:3c3833e0f8c1c83d449a7478aa59c036a9165498)
2025-08-28T18:05:52.5227131Z Getting action download info
2025-08-28T18:05:52.7319285Z Download action repository 'aquasecurity/setup-trivy@ff1b8b060f23b650436d419b5e13f67f5d4c3087' (SHA:ff1b8b060f23b650436d419b5e13f67f5d4c3087)
2025-08-28T18:05:53.1534161Z Download action repository 'actions/cache@0400d5f644dc74513175e3cd8d07132dd4860809' (SHA:0400d5f644dc74513175e3cd8d07132dd4860809)
2025-08-28T18:05:53.2677488Z Getting action download info
2025-08-28T18:05:53.4690642Z Download action repository 'actions/cache@v4' (SHA:0400d5f644dc74513175e3cd8d07132dd4860809)
2025-08-28T18:05:53.6154375Z Complete job name: build (intent-ingest)
2025-08-28T18:05:53.6731866Z ##[group]Run actions/checkout@v4
2025-08-28T18:05:53.6732496Z with:
2025-08-28T18:05:53.6732744Z   repository: thc1006/nephoran-intent-operator
2025-08-28T18:05:53.6733216Z   token: ***
2025-08-28T18:05:53.6733412Z   ssh-strict: true
2025-08-28T18:05:53.6733614Z   ssh-user: git
2025-08-28T18:05:53.6733813Z   persist-credentials: true
2025-08-28T18:05:53.6734036Z   clean: true
2025-08-28T18:05:53.6734238Z   sparse-checkout-cone-mode: true
2025-08-28T18:05:53.6734477Z   fetch-depth: 1
2025-08-28T18:05:53.6734674Z   fetch-tags: false
2025-08-28T18:05:53.6734868Z   show-progress: true
2025-08-28T18:05:53.6735066Z   lfs: false
2025-08-28T18:05:53.6735238Z   submodules: false
2025-08-28T18:05:53.6735440Z   set-safe-directory: true
2025-08-28T18:05:53.6735875Z env:
2025-08-28T18:05:53.6736057Z   REGISTRY: ghcr.io
2025-08-28T18:05:53.6736267Z   REGISTRY_USERNAME: thc1006
2025-08-28T18:05:53.6736608Z   REGISTRY_PASSWORD: ***
2025-08-28T18:05:53.6737108Z ##[endgroup]
2025-08-28T18:05:53.7814161Z Syncing repository: thc1006/nephoran-intent-operator
2025-08-28T18:05:53.7815473Z ##[group]Getting Git version info
2025-08-28T18:05:53.7815962Z Working directory is '/home/runner/work/nephoran-intent-operator/nephoran-intent-operator'
2025-08-28T18:05:53.7816603Z [command]/usr/bin/git version
2025-08-28T18:05:53.7852089Z git version 2.51.0
2025-08-28T18:05:53.7878298Z ##[endgroup]
2025-08-28T18:05:53.7900728Z Temporarily overriding HOME='/home/runner/work/_temp/9bacc9bf-cb00-4bdd-ae97-3915777a06ac' before making global git config changes
2025-08-28T18:05:53.7901496Z Adding repository directory to the temporary git global config as a safe directory
2025-08-28T18:05:53.7906202Z [command]/usr/bin/git config --global --add safe.directory /home/runner/work/nephoran-intent-operator/nephoran-intent-operator
2025-08-28T18:05:53.7944649Z Deleting the contents of '/home/runner/work/nephoran-intent-operator/nephoran-intent-operator'
2025-08-28T18:05:53.7948661Z ##[group]Initializing the repository
2025-08-28T18:05:53.7953749Z [command]/usr/bin/git init /home/runner/work/nephoran-intent-operator/nephoran-intent-operator
2025-08-28T18:05:53.8018988Z hint: Using 'master' as the name for the initial branch. This default branch name
2025-08-28T18:05:53.8019891Z hint: is subject to change. To configure the initial branch name to use in all
2025-08-28T18:05:53.8020900Z hint: of your new repositories, which will suppress this warning, call:
2025-08-28T18:05:53.8021480Z hint:
2025-08-28T18:05:53.8021935Z hint: 	git config --global init.defaultBranch <name>
2025-08-28T18:05:53.8022420Z hint:
2025-08-28T18:05:53.8022889Z hint: Names commonly chosen instead of 'master' are 'main', 'trunk' and
2025-08-28T18:05:53.8023397Z hint: 'development'. The just-created branch can be renamed via this command:
2025-08-28T18:05:53.8023762Z hint:
2025-08-28T18:05:53.8023951Z hint: 	git branch -m <name>
2025-08-28T18:05:53.8024176Z hint:
2025-08-28T18:05:53.8024493Z hint: Disable this message with "git config set advice.defaultBranchName false"
2025-08-28T18:05:53.8025129Z Initialized empty Git repository in /home/runner/work/nephoran-intent-operator/nephoran-intent-operator/.git/
2025-08-28T18:05:53.8034280Z [command]/usr/bin/git remote add origin https://github.com/thc1006/nephoran-intent-operator
2025-08-28T18:05:53.8067361Z ##[endgroup]
2025-08-28T18:05:53.8067777Z ##[group]Disabling automatic garbage collection
2025-08-28T18:05:53.8071705Z [command]/usr/bin/git config --local gc.auto 0
2025-08-28T18:05:53.8103253Z ##[endgroup]
2025-08-28T18:05:53.8104030Z ##[group]Setting up auth
2025-08-28T18:05:53.8110735Z [command]/usr/bin/git config --local --name-only --get-regexp core\.sshCommand
2025-08-28T18:05:53.8140095Z [command]/usr/bin/git submodule foreach --recursive sh -c "git config --local --name-only --get-regexp 'core\.sshCommand' && git config --local --unset-all 'core.sshCommand' || :"
2025-08-28T18:05:53.8433184Z [command]/usr/bin/git config --local --name-only --get-regexp http\.https\:\/\/github\.com\/\.extraheader
2025-08-28T18:05:53.8463263Z [command]/usr/bin/git submodule foreach --recursive sh -c "git config --local --name-only --get-regexp 'http\.https\:\/\/github\.com\/\.extraheader' && git config --local --unset-all 'http.https://github.com/.extraheader' || :"
2025-08-28T18:05:53.8689598Z [command]/usr/bin/git config --local http.https://github.com/.extraheader AUTHORIZATION: basic ***
2025-08-28T18:05:53.8729214Z ##[endgroup]
2025-08-28T18:05:53.8729762Z ##[group]Fetching the repository
2025-08-28T18:05:53.8738487Z [command]/usr/bin/git -c protocol.version=2 fetch --no-tags --prune --no-recurse-submodules --depth=1 origin +63998ce3377295ba83ab8865898a35c04312cbc5:refs/remotes/origin/feat/e2e
2025-08-28T18:05:54.6761779Z From https://github.com/thc1006/nephoran-intent-operator
2025-08-28T18:05:54.6762693Z  * [new ref]         63998ce3377295ba83ab8865898a35c04312cbc5 -> origin/feat/e2e
2025-08-28T18:05:54.6773145Z ##[endgroup]
2025-08-28T18:05:54.6774339Z ##[group]Determining the checkout info
2025-08-28T18:05:54.6776506Z ##[endgroup]
2025-08-28T18:05:54.6782477Z [command]/usr/bin/git sparse-checkout disable
2025-08-28T18:05:54.6823264Z [command]/usr/bin/git config --local --unset-all extensions.worktreeConfig
2025-08-28T18:05:54.6850261Z ##[group]Checking out the ref
2025-08-28T18:05:54.6854521Z [command]/usr/bin/git checkout --progress --force -B feat/e2e refs/remotes/origin/feat/e2e
2025-08-28T18:05:54.9650283Z Switched to a new branch 'feat/e2e'
2025-08-28T18:05:54.9651964Z branch 'feat/e2e' set up to track 'origin/feat/e2e'.
2025-08-28T18:05:54.9666480Z ##[endgroup]
2025-08-28T18:05:54.9714366Z [command]/usr/bin/git log -1 --format=%H
2025-08-28T18:05:54.9741206Z 63998ce3377295ba83ab8865898a35c04312cbc5
2025-08-28T18:05:54.9932588Z ##[group]Run docker/setup-buildx-action@v3
2025-08-28T18:05:54.9932892Z with:
2025-08-28T18:05:54.9933079Z   driver-opts: network=host

2025-08-28T18:05:54.9933316Z   driver: docker-container
2025-08-28T18:05:54.9933522Z   install: false
2025-08-28T18:05:54.9933719Z   use: true
2025-08-28T18:05:54.9933893Z   keep-state: false
2025-08-28T18:05:54.9934086Z   cache-binary: true
2025-08-28T18:05:54.9934279Z   cleanup: true
2025-08-28T18:05:54.9934451Z env:
2025-08-28T18:05:54.9934614Z   REGISTRY: ghcr.io
2025-08-28T18:05:54.9934809Z   REGISTRY_USERNAME: thc1006
2025-08-28T18:05:54.9935262Z   REGISTRY_PASSWORD: ***
2025-08-28T18:05:54.9935476Z ##[endgroup]
2025-08-28T18:05:55.2923988Z ##[group]Docker info
2025-08-28T18:05:55.2952048Z [command]/usr/bin/docker version
2025-08-28T18:05:55.3568720Z Client: Docker Engine - Community
2025-08-28T18:05:55.3569336Z  Version:           28.0.4
2025-08-28T18:05:55.3569744Z  API version:       1.48
2025-08-28T18:05:55.3570221Z  Go version:        go1.23.7
2025-08-28T18:05:55.3570853Z  Git commit:        b8034c0
2025-08-28T18:05:55.3571299Z  Built:             Tue Mar 25 15:07:16 2025
2025-08-28T18:05:55.3571777Z  OS/Arch:           linux/amd64
2025-08-28T18:05:55.3572185Z  Context:           default
2025-08-28T18:05:55.3572453Z 
2025-08-28T18:05:55.3572641Z Server: Docker Engine - Community
2025-08-28T18:05:55.3573058Z  Engine:
2025-08-28T18:05:55.3573380Z   Version:          28.0.4
2025-08-28T18:05:55.3573804Z   API version:      1.48 (minimum version 1.24)
2025-08-28T18:05:55.3574294Z   Go version:       go1.23.7
2025-08-28T18:05:55.3574704Z   Git commit:       6430e49
2025-08-28T18:05:55.3575146Z   Built:            Tue Mar 25 15:07:16 2025
2025-08-28T18:05:55.3575892Z   OS/Arch:          linux/amd64
2025-08-28T18:05:55.3576310Z   Experimental:     false
2025-08-28T18:05:55.3576828Z  containerd:
2025-08-28T18:05:55.3577192Z   Version:          1.7.27
2025-08-28T18:05:55.3577671Z   GitCommit:        05044ec0a9a75232cad458027ca83437aae3f4da
2025-08-28T18:05:55.3578190Z  runc:
2025-08-28T18:05:55.3578529Z   Version:          1.2.5
2025-08-28T18:05:55.3578930Z   GitCommit:        v1.2.5-0-g59923ef
2025-08-28T18:05:55.3579380Z  docker-init:
2025-08-28T18:05:55.3579722Z   Version:          0.19.0
2025-08-28T18:05:55.3580113Z   GitCommit:        de40ad0
2025-08-28T18:05:55.3620942Z [command]/usr/bin/docker info
2025-08-28T18:05:57.2988503Z Client: Docker Engine - Community
2025-08-28T18:05:57.2989092Z  Version:    28.0.4
2025-08-28T18:05:57.2989424Z  Context:    default
2025-08-28T18:05:57.2989683Z  Debug Mode: false
2025-08-28T18:05:57.2989887Z  Plugins:
2025-08-28T18:05:57.2990090Z   buildx: Docker Buildx (Docker Inc.)
2025-08-28T18:05:57.2990342Z     Version:  v0.27.0
2025-08-28T18:05:57.2990869Z     Path:     /usr/libexec/docker/cli-plugins/docker-buildx
2025-08-28T18:05:57.2991193Z   compose: Docker Compose (Docker Inc.)
2025-08-28T18:05:57.2991452Z     Version:  v2.38.2
2025-08-28T18:05:57.2991740Z     Path:     /usr/libexec/docker/cli-plugins/docker-compose
2025-08-28T18:05:57.2991973Z 
2025-08-28T18:05:57.2992046Z Server:
2025-08-28T18:05:57.2992219Z  Containers: 0
2025-08-28T18:05:57.2992395Z   Running: 0
2025-08-28T18:05:57.2992573Z   Paused: 0
2025-08-28T18:05:57.2992749Z   Stopped: 0
2025-08-28T18:05:57.2992928Z  Images: 0
2025-08-28T18:05:57.2993434Z  Server Version: 28.0.4
2025-08-28T18:05:57.2993651Z  Storage Driver: overlay2
2025-08-28T18:05:57.2993870Z   Backing Filesystem: extfs
2025-08-28T18:05:57.2994096Z   Supports d_type: true
2025-08-28T18:05:57.2994295Z   Using metacopy: false
2025-08-28T18:05:57.2994515Z   Native Overlay Diff: false
2025-08-28T18:05:57.2994740Z   userxattr: false
2025-08-28T18:05:57.2994936Z  Logging Driver: json-file
2025-08-28T18:05:57.2995152Z  Cgroup Driver: systemd
2025-08-28T18:05:57.2995345Z  Cgroup Version: 2
2025-08-28T18:05:57.2995541Z  Plugins:
2025-08-28T18:05:57.2995744Z   Volume: local
2025-08-28T18:05:57.2996183Z   Network: bridge host ipvlan macvlan null overlay
2025-08-28T18:05:57.2996800Z   Log: awslogs fluentd gcplogs gelf journald json-file local splunk syslog
2025-08-28T18:05:57.2997159Z  Swarm: inactive
2025-08-28T18:05:57.2997370Z  Runtimes: io.containerd.runc.v2 runc
2025-08-28T18:05:57.2997617Z  Default Runtime: runc
2025-08-28T18:05:57.2997826Z  Init Binary: docker-init
2025-08-28T18:05:57.2998111Z  containerd version: 05044ec0a9a75232cad458027ca83437aae3f4da
2025-08-28T18:05:57.2998428Z  runc version: v1.2.5-0-g59923ef
2025-08-28T18:05:57.2998655Z  init version: de40ad0
2025-08-28T18:05:57.2998855Z  Security Options:
2025-08-28T18:05:57.2999036Z   apparmor
2025-08-28T18:05:57.2999204Z   seccomp
2025-08-28T18:05:57.2999368Z    Profile: builtin
2025-08-28T18:05:57.2999556Z   cgroupns
2025-08-28T18:05:57.2999735Z  Kernel Version: 6.11.0-1018-azure
2025-08-28T18:05:57.2999983Z  Operating System: Ubuntu 24.04.3 LTS
2025-08-28T18:05:57.3000225Z  OSType: linux
2025-08-28T18:05:57.3000672Z  Architecture: x86_64
2025-08-28T18:05:57.3000878Z  CPUs: 4
2025-08-28T18:05:57.3001045Z  Total Memory: 15.62GiB
2025-08-28T18:05:57.3001324Z  Name: pkrvmccyg1gnepe
2025-08-28T18:05:57.3001719Z  ID: 1acf8ebc-766d-4eb7-bec2-c07f6b4097da
2025-08-28T18:05:57.3002057Z  Docker Root Dir: /var/lib/docker
2025-08-28T18:05:57.3002283Z  Debug Mode: false
2025-08-28T18:05:57.3002485Z  Username: githubactions
2025-08-28T18:05:57.3002708Z  Experimental: false
2025-08-28T18:05:57.3002901Z  Insecure Registries:
2025-08-28T18:05:57.3007782Z   ::1/128
2025-08-28T18:05:57.3007988Z   127.0.0.0/8
2025-08-28T18:05:57.3008198Z  Live Restore Enabled: false
2025-08-28T18:05:57.3008358Z 
2025-08-28T18:05:57.3008766Z ##[endgroup]
2025-08-28T18:05:57.3991585Z ##[group]Buildx version
2025-08-28T18:05:57.4016264Z [command]/usr/bin/docker buildx version
2025-08-28T18:05:57.4725658Z github.com/docker/buildx v0.27.0 bac71def78b077ee6a2607119f88e291861b18ac
2025-08-28T18:05:57.4762277Z ##[endgroup]
2025-08-28T18:05:57.4916236Z ##[group]Inspecting default docker context
2025-08-28T18:05:57.5058815Z [
2025-08-28T18:05:57.5059056Z   {
2025-08-28T18:05:57.5059256Z     "Name": "default",
2025-08-28T18:05:57.5059498Z     "Metadata": {},
2025-08-28T18:05:57.5059688Z     "Endpoints": {
2025-08-28T18:05:57.5059874Z       "docker": {
2025-08-28T18:05:57.5060082Z         "Host": "unix:///var/run/docker.sock",
2025-08-28T18:05:57.5060533Z         "SkipTLSVerify": false
2025-08-28T18:05:57.5060859Z       }
2025-08-28T18:05:57.5061021Z     },
2025-08-28T18:05:57.5061189Z     "TLSMaterial": {},
2025-08-28T18:05:57.5061403Z     "Storage": {
2025-08-28T18:05:57.5061600Z       "MetadataPath": "<IN MEMORY>",
2025-08-28T18:05:57.5062005Z       "TLSPath": "<IN MEMORY>"
2025-08-28T18:05:57.5062219Z     }
2025-08-28T18:05:57.5062367Z   }
2025-08-28T18:05:57.5062519Z ]
2025-08-28T18:05:57.5063120Z ##[endgroup]
2025-08-28T18:05:57.5063687Z ##[group]Creating a new builder instance
2025-08-28T18:05:57.6474466Z [command]/usr/bin/docker buildx create --name builder-23e47cfa-eaf5-4f0a-a5a8-8c3a23f4c1cb --driver docker-container --driver-opt network=host --buildkitd-flags --allow-insecure-entitlement security.insecure --allow-insecure-entitlement network.host --use
2025-08-28T18:05:57.7245309Z builder-23e47cfa-eaf5-4f0a-a5a8-8c3a23f4c1cb
2025-08-28T18:05:57.7281992Z ##[endgroup]
2025-08-28T18:05:57.7282770Z ##[group]Booting builder
2025-08-28T18:05:57.7321444Z [command]/usr/bin/docker buildx inspect --bootstrap --builder builder-23e47cfa-eaf5-4f0a-a5a8-8c3a23f4c1cb
2025-08-28T18:05:57.7818050Z #1 [internal] booting buildkit
2025-08-28T18:05:57.9322556Z #1 pulling image moby/buildkit:buildx-stable-1
2025-08-28T18:06:06.4655559Z #1 pulling image moby/buildkit:buildx-stable-1 8.7s done
2025-08-28T18:06:06.6161095Z #1 creating container buildx_buildkit_builder-23e47cfa-eaf5-4f0a-a5a8-8c3a23f4c1cb0
2025-08-28T18:06:06.6739501Z #1 creating container buildx_buildkit_builder-23e47cfa-eaf5-4f0a-a5a8-8c3a23f4c1cb0 0.2s done
2025-08-28T18:06:06.6822796Z #1 DONE 8.9s
2025-08-28T18:06:06.7168078Z Name:          builder-23e47cfa-eaf5-4f0a-a5a8-8c3a23f4c1cb
2025-08-28T18:06:06.7169027Z Driver:        docker-container
2025-08-28T18:06:06.7169466Z Last Activity: 2025-08-28 18:05:57 +0000 UTC
2025-08-28T18:06:06.7169779Z 
2025-08-28T18:06:06.7169900Z Nodes:
2025-08-28T18:06:06.7170272Z Name:                  builder-23e47cfa-eaf5-4f0a-a5a8-8c3a23f4c1cb0
2025-08-28T18:06:06.7171056Z Endpoint:              unix:///var/run/docker.sock
2025-08-28T18:06:06.7171547Z Driver Options:        network="host"
2025-08-28T18:06:06.7171940Z Status:                running
2025-08-28T18:06:06.7172735Z BuildKit daemon flags: --allow-insecure-entitlement security.insecure --allow-insecure-entitlement network.host
2025-08-28T18:06:06.7173574Z BuildKit version:      v0.23.2
2025-08-28T18:06:06.7174080Z Platforms:             linux/amd64, linux/amd64/v2, linux/amd64/v3, linux/386
2025-08-28T18:06:06.7174616Z Labels:
2025-08-28T18:06:06.7175000Z  org.mobyproject.buildkit.worker.executor:         oci
2025-08-28T18:06:06.7175666Z  org.mobyproject.buildkit.worker.hostname:         pkrvmccyg1gnepe
2025-08-28T18:06:06.7176352Z  org.mobyproject.buildkit.worker.network:          host
2025-08-28T18:06:06.7176993Z  org.mobyproject.buildkit.worker.oci.process-mode: sandbox
2025-08-28T18:06:06.7177649Z  org.mobyproject.buildkit.worker.selinux.enabled:  false
2025-08-28T18:06:06.7178293Z  org.mobyproject.buildkit.worker.snapshotter:      overlayfs
2025-08-28T18:06:06.7178832Z GC Policy rule#0:
2025-08-28T18:06:06.7179133Z  All:            false
2025-08-28T18:06:06.7179650Z  Filters:        type==source.local,type==exec.cachemount,type==source.git.checkout
2025-08-28T18:06:06.7180246Z  Keep Duration:  48h0m0s
2025-08-28T18:06:06.7180719Z  Max Used Space: 488.3MiB
2025-08-28T18:06:06.7181066Z GC Policy rule#1:
2025-08-28T18:06:06.7181361Z  All:            false
2025-08-28T18:06:06.7181691Z  Keep Duration:  1440h0m0s
2025-08-28T18:06:06.7182030Z  Reserved Space: 7.451GiB
2025-08-28T18:06:06.7182370Z  Max Used Space: 54.02GiB
2025-08-28T18:06:06.7182698Z  Min Free Space: 13.97GiB
2025-08-28T18:06:06.7183030Z GC Policy rule#2:
2025-08-28T18:06:06.7183323Z  All:            false
2025-08-28T18:06:06.7183639Z  Reserved Space: 7.451GiB
2025-08-28T18:06:06.7183979Z  Max Used Space: 54.02GiB
2025-08-28T18:06:06.7184312Z  Min Free Space: 13.97GiB
2025-08-28T18:06:06.7184649Z GC Policy rule#3:
2025-08-28T18:06:06.7184953Z  All:            true
2025-08-28T18:06:06.7185293Z  Reserved Space: 7.451GiB
2025-08-28T18:06:06.7185613Z  Max Used Space: 54.02GiB
2025-08-28T18:06:06.7185920Z  Min Free Space: 13.97GiB
2025-08-28T18:06:06.7220242Z ##[endgroup]
2025-08-28T18:06:06.8226200Z ##[group]Inspect builder
2025-08-28T18:06:06.8228079Z {
2025-08-28T18:06:06.8228341Z   "nodes": [
2025-08-28T18:06:06.8228619Z     {
2025-08-28T18:06:06.8229020Z       "name": "builder-23e47cfa-eaf5-4f0a-a5a8-8c3a23f4c1cb0",
2025-08-28T18:06:06.8229580Z       "endpoint": "unix:///var/run/docker.sock",
2025-08-28T18:06:06.8230035Z       "driver-opts": [
2025-08-28T18:06:06.8230232Z         "network=host"
2025-08-28T18:06:06.8230919Z       ],
2025-08-28T18:06:06.8231191Z       "status": "running",
2025-08-28T18:06:06.8231758Z       "buildkitd-flags": "--allow-insecure-entitlement security.insecure --allow-insecure-entitlement network.host",
2025-08-28T18:06:06.8232438Z       "buildkit": "v0.23.2",
2025-08-28T18:06:06.8232946Z       "platforms": "linux/amd64,linux/amd64/v2,linux/amd64/v3,linux/386",
2025-08-28T18:06:06.8233897Z       "features": {
2025-08-28T18:06:06.8234398Z         "Automatically load images to the Docker Engine image store": true,
2025-08-28T18:06:06.8234760Z         "Cache export": true,
2025-08-28T18:06:06.8235001Z         "Direct push": true,
2025-08-28T18:06:06.8235298Z         "Docker exporter": true,
2025-08-28T18:06:06.8235710Z         "Multi-platform build": true,
2025-08-28T18:06:06.8236112Z         "OCI exporter": true
2025-08-28T18:06:06.8236453Z       },
2025-08-28T18:06:06.8236614Z       "labels": {
2025-08-28T18:06:06.8236856Z         "org.mobyproject.buildkit.worker.executor": "oci",
2025-08-28T18:06:06.8237534Z         "org.mobyproject.buildkit.worker.hostname": "pkrvmccyg1gnepe",
2025-08-28T18:06:06.8238206Z         "org.mobyproject.buildkit.worker.network": "host",
2025-08-28T18:06:06.8238938Z         "org.mobyproject.buildkit.worker.oci.process-mode": "sandbox",
2025-08-28T18:06:06.8239654Z         "org.mobyproject.buildkit.worker.selinux.enabled": "false",
2025-08-28T18:06:06.8240073Z         "org.mobyproject.buildkit.worker.snapshotter": "overlayfs"
2025-08-28T18:06:06.8240579Z       },
2025-08-28T18:06:06.8240811Z       "gcPolicy": [
2025-08-28T18:06:06.8241089Z         {
2025-08-28T18:06:06.8241251Z           "all": false,
2025-08-28T18:06:06.8241445Z           "filter": [
2025-08-28T18:06:06.8241639Z             "type==source.local",
2025-08-28T18:06:06.8241876Z             "type==exec.cachemount",
2025-08-28T18:06:06.8242117Z             "type==source.git.checkout"
2025-08-28T18:06:06.8242351Z           ],
2025-08-28T18:06:06.8242528Z           "keepDuration": "48h0m0s",
2025-08-28T18:06:06.8242763Z           "maxUsedSpace": "488.3MiB"
2025-08-28T18:06:06.8242975Z         },
2025-08-28T18:06:06.8243345Z         {
2025-08-28T18:06:06.8243615Z           "all": false,
2025-08-28T18:06:06.8243950Z           "keepDuration": "1440h0m0s",
2025-08-28T18:06:06.8244386Z           "reservedSpace": "7.451GiB",
2025-08-28T18:06:06.8244789Z           "maxUsedSpace": "54.02GiB",
2025-08-28T18:06:06.8245215Z           "minFreeSpace": "13.97GiB"
2025-08-28T18:06:06.8245619Z         },
2025-08-28T18:06:06.8245787Z         {
2025-08-28T18:06:06.8245942Z           "all": false,
2025-08-28T18:06:06.8246142Z           "reservedSpace": "7.451GiB",
2025-08-28T18:06:06.8246370Z           "maxUsedSpace": "54.02GiB",
2025-08-28T18:06:06.8246603Z           "minFreeSpace": "13.97GiB"
2025-08-28T18:06:06.8246812Z         },
2025-08-28T18:06:06.8246968Z         {
2025-08-28T18:06:06.8247127Z           "all": true,
2025-08-28T18:06:06.8247323Z           "reservedSpace": "7.451GiB",
2025-08-28T18:06:06.8247558Z           "maxUsedSpace": "54.02GiB",
2025-08-28T18:06:06.8247795Z           "minFreeSpace": "13.97GiB"
2025-08-28T18:06:06.8248014Z         }
2025-08-28T18:06:06.8248165Z       ]
2025-08-28T18:06:06.8248317Z     }
2025-08-28T18:06:06.8248462Z   ],
2025-08-28T18:06:06.8248694Z   "name": "builder-23e47cfa-eaf5-4f0a-a5a8-8c3a23f4c1cb",
2025-08-28T18:06:06.8248991Z   "driver": "docker-container",
2025-08-28T18:06:06.8249244Z   "lastActivity": "2025-08-28T18:05:57.000Z"
2025-08-28T18:06:06.8249477Z }
2025-08-28T18:06:06.8250132Z ##[endgroup]
2025-08-28T18:06:06.8251638Z ##[group]BuildKit version
2025-08-28T18:06:06.8252089Z builder-23e47cfa-eaf5-4f0a-a5a8-8c3a23f4c1cb0: v0.23.2
2025-08-28T18:06:06.8252774Z ##[endgroup]
2025-08-28T18:06:06.8389772Z ##[group]Run docker/login-action@v3
2025-08-28T18:06:06.8390057Z with:
2025-08-28T18:06:06.8390229Z   registry: ghcr.io
2025-08-28T18:06:06.8390642Z   username: thc1006
2025-08-28T18:06:06.8391042Z   password: ***
2025-08-28T18:06:06.8391237Z   ecr: auto
2025-08-28T18:06:06.8391404Z   logout: true
2025-08-28T18:06:06.8391578Z env:
2025-08-28T18:06:06.8391744Z   REGISTRY: ghcr.io
2025-08-28T18:06:06.8391941Z   REGISTRY_USERNAME: thc1006
2025-08-28T18:06:06.8392265Z   REGISTRY_PASSWORD: ***
2025-08-28T18:06:06.8392465Z ##[endgroup]
2025-08-28T18:06:07.1854456Z Logging into ghcr.io...
2025-08-28T18:06:07.6628844Z Login Succeeded!
2025-08-28T18:06:07.6755050Z ##[group]Run docker/metadata-action@v5
2025-08-28T18:06:07.6755334Z with:
2025-08-28T18:06:07.6755538Z   images: ghcr.io/nephoran/intent-ingest
2025-08-28T18:06:07.6756419Z   tags: type=ref,event=branch
type=ref,event=pr
type=semver,pattern={{version}}
type=semver,pattern={{major}}.{{minor}}
type=semver,pattern={{major}}
type=raw,value=latest,enable={{is_default_branch}}
type=raw,value=backup/pre-cleanup-20250813234213-157-g63998ce3

2025-08-28T18:06:07.6757955Z   labels: org.opencontainers.image.title=intent-ingest
org.opencontainers.image.description=Nephoran Intent Operator - intent-ingest service
org.opencontainers.image.vendor=Nephoran Project
org.opencontainers.image.licenses=Apache-2.0

2025-08-28T18:06:07.6758872Z   context: workflow
2025-08-28T18:06:07.6759222Z   github-token: ***
2025-08-28T18:06:07.6759406Z env:
2025-08-28T18:06:07.6759576Z   REGISTRY: ghcr.io
2025-08-28T18:06:07.6759776Z   REGISTRY_USERNAME: thc1006
2025-08-28T18:06:07.6760191Z   REGISTRY_PASSWORD: ***
2025-08-28T18:06:07.6760715Z ##[endgroup]
2025-08-28T18:06:08.3546836Z ##[group]Context info
2025-08-28T18:06:08.3547266Z eventName: push
2025-08-28T18:06:08.3547619Z sha: 63998ce3377295ba83ab8865898a35c04312cbc5
2025-08-28T18:06:08.3548038Z ref: refs/heads/feat/e2e
2025-08-28T18:06:08.3548391Z workflow: Docker Build and Push
2025-08-28T18:06:08.3548744Z action: meta
2025-08-28T18:06:08.3549025Z actor: thc1006
2025-08-28T18:06:08.3549342Z runNumber: 3
2025-08-28T18:06:08.3549660Z runId: 17304115271
2025-08-28T18:06:08.3550184Z commitDate: Thu Aug 28 2025 18:04:10 GMT+0000 (Coordinated Universal Time)
2025-08-28T18:06:08.3552778Z ##[endgroup]
2025-08-28T18:06:08.3557696Z ##[group]Processing images input
2025-08-28T18:06:08.3558238Z name=ghcr.io/nephoran/intent-ingest,enable=true
2025-08-28T18:06:08.3559051Z ##[endgroup]
2025-08-28T18:06:08.3584668Z ##[group]Processing tags input
2025-08-28T18:06:08.3585608Z type=semver,pattern={{version}},value=,match=,enable=true,priority=900
2025-08-28T18:06:08.3587469Z type=semver,pattern={{major}}.{{minor}},value=,match=,enable=true,priority=900
2025-08-28T18:06:08.3588274Z type=semver,pattern={{major}},value=,match=,enable=true,priority=900
2025-08-28T18:06:08.3588920Z type=ref,event=branch,enable=true,priority=600
2025-08-28T18:06:08.3589483Z type=ref,event=pr,prefix=pr-,enable=true,priority=600
2025-08-28T18:06:08.3590129Z type=raw,value=latest,enable={{is_default_branch}},priority=200
2025-08-28T18:06:08.3591149Z type=raw,value=backup/pre-cleanup-20250813234213-157-g63998ce3,enable=true,priority=200
2025-08-28T18:06:08.3592067Z ##[endgroup]
2025-08-28T18:06:08.3592609Z ##[group]Processing flavor input
2025-08-28T18:06:08.3592992Z latest=auto
2025-08-28T18:06:08.3593285Z prefix=
2025-08-28T18:06:08.3593567Z prefixLatest=false
2025-08-28T18:06:08.3593892Z suffix=
2025-08-28T18:06:08.3594179Z suffixLatest=false
2025-08-28T18:06:08.3594703Z ##[endgroup]
2025-08-28T18:06:08.3663159Z ##[group]Docker image version
2025-08-28T18:06:08.3663552Z feat-e2e
2025-08-28T18:06:08.3664084Z ##[endgroup]
2025-08-28T18:06:08.3669351Z ##[group]Docker tags
2025-08-28T18:06:08.3669726Z ghcr.io/nephoran/intent-ingest:feat-e2e
2025-08-28T18:06:08.3673099Z ghcr.io/nephoran/intent-ingest:backup-pre-cleanup-20250813234213-157-g63998ce3
2025-08-28T18:06:08.3674009Z ##[endgroup]
2025-08-28T18:06:08.3759508Z ##[group]Docker labels
2025-08-28T18:06:08.3760555Z org.opencontainers.image.created=2025-08-28T18:06:08.359Z
2025-08-28T18:06:08.3761411Z org.opencontainers.image.description=Nephoran Intent Operator - intent-ingest service
2025-08-28T18:06:08.3762183Z org.opencontainers.image.licenses=Apache-2.0
2025-08-28T18:06:08.3762839Z org.opencontainers.image.revision=63998ce3377295ba83ab8865898a35c04312cbc5
2025-08-28T18:06:08.3763740Z org.opencontainers.image.source=https://github.com/thc1006/nephoran-intent-operator
2025-08-28T18:06:08.3764481Z org.opencontainers.image.title=intent-ingest
2025-08-28T18:06:08.3765189Z org.opencontainers.image.url=https://github.com/thc1006/nephoran-intent-operator
2025-08-28T18:06:08.3766251Z org.opencontainers.image.vendor=Nephoran Project
2025-08-28T18:06:08.3766998Z org.opencontainers.image.version=feat-e2e
2025-08-28T18:06:08.3767681Z ##[endgroup]
2025-08-28T18:06:08.3768189Z ##[group]Annotations
2025-08-28T18:06:08.3768677Z manifest:org.opencontainers.image.created=2025-08-28T18:06:08.359Z
2025-08-28T18:06:08.3770946Z manifest:org.opencontainers.image.description=This project is an LLM-Enhanced Nephio R5 and O-RAN Network Automation System. It integrates a Large Language Model with Nephio's intent-based automation to provide a natural language interface for managing and orchestrating telecommunications network functions.
2025-08-28T18:06:08.3772978Z manifest:org.opencontainers.image.licenses=Apache-2.0
2025-08-28T18:06:08.3773733Z manifest:org.opencontainers.image.revision=63998ce3377295ba83ab8865898a35c04312cbc5
2025-08-28T18:06:08.3774723Z manifest:org.opencontainers.image.source=https://github.com/thc1006/nephoran-intent-operator
2025-08-28T18:06:08.3775625Z manifest:org.opencontainers.image.title=nephoran-intent-operator
2025-08-28T18:06:08.3776492Z manifest:org.opencontainers.image.url=https://github.com/thc1006/nephoran-intent-operator
2025-08-28T18:06:08.3777277Z manifest:org.opencontainers.image.version=feat-e2e
2025-08-28T18:06:08.3778062Z ##[endgroup]
2025-08-28T18:06:08.3778606Z ##[group]JSON output
2025-08-28T18:06:08.3778921Z {
2025-08-28T18:06:08.3779170Z   "tags": [
2025-08-28T18:06:08.3779509Z     "ghcr.io/nephoran/intent-ingest:feat-e2e",
2025-08-28T18:06:08.3780211Z     "ghcr.io/nephoran/intent-ingest:backup-pre-cleanup-20250813234213-157-g63998ce3"
2025-08-28T18:06:08.3781010Z   ],
2025-08-28T18:06:08.3781271Z   "labels": {
2025-08-28T18:06:08.3781717Z     "org.opencontainers.image.created": "2025-08-28T18:06:08.359Z",
2025-08-28T18:06:08.3782577Z     "org.opencontainers.image.description": "Nephoran Intent Operator - intent-ingest service",
2025-08-28T18:06:08.3783390Z     "org.opencontainers.image.licenses": "Apache-2.0",
2025-08-28T18:06:08.3784115Z     "org.opencontainers.image.revision": "63998ce3377295ba83ab8865898a35c04312cbc5",
2025-08-28T18:06:08.3785066Z     "org.opencontainers.image.source": "https://github.com/thc1006/nephoran-intent-operator",
2025-08-28T18:06:08.3785865Z     "org.opencontainers.image.title": "intent-ingest",
2025-08-28T18:06:08.3786607Z     "org.opencontainers.image.url": "https://github.com/thc1006/nephoran-intent-operator",
2025-08-28T18:06:08.3787404Z     "org.opencontainers.image.vendor": "Nephoran Project",
2025-08-28T18:06:08.3787931Z     "org.opencontainers.image.version": "feat-e2e"
2025-08-28T18:06:08.3788356Z   },
2025-08-28T18:06:08.3788614Z   "annotations": [
2025-08-28T18:06:08.3789127Z     "manifest:org.opencontainers.image.created=2025-08-28T18:06:08.359Z",
2025-08-28T18:06:08.3791355Z     "manifest:org.opencontainers.image.description=This project is an LLM-Enhanced Nephio R5 and O-RAN Network Automation System. It integrates a Large Language Model with Nephio's intent-based automation to provide a natural language interface for managing and orchestrating telecommunications network functions.",
2025-08-28T18:06:08.3793349Z     "manifest:org.opencontainers.image.licenses=Apache-2.0",
2025-08-28T18:06:08.3794103Z     "manifest:org.opencontainers.image.revision=63998ce3377295ba83ab8865898a35c04312cbc5",
2025-08-28T18:06:08.3795124Z     "manifest:org.opencontainers.image.source=https://github.com/thc1006/nephoran-intent-operator",
2025-08-28T18:06:08.3796033Z     "manifest:org.opencontainers.image.title=nephoran-intent-operator",
2025-08-28T18:06:08.3796921Z     "manifest:org.opencontainers.image.url=https://github.com/thc1006/nephoran-intent-operator",
2025-08-28T18:06:08.3797712Z     "manifest:org.opencontainers.image.version=feat-e2e"
2025-08-28T18:06:08.3798197Z   ]
2025-08-28T18:06:08.3798443Z }
2025-08-28T18:06:08.3799009Z ##[endgroup]
2025-08-28T18:06:08.3799510Z ##[group]Bake file definition (tags)
2025-08-28T18:06:08.3799983Z {
2025-08-28T18:06:08.3800732Z   "target": {
2025-08-28T18:06:08.3801444Z     "docker-metadata-action": {
2025-08-28T18:06:08.3802114Z       "tags": [
2025-08-28T18:06:08.3802668Z         "ghcr.io/nephoran/intent-ingest:feat-e2e",
2025-08-28T18:06:08.3803512Z         "ghcr.io/nephoran/intent-ingest:backup-pre-cleanup-20250813234213-157-g63998ce3"
2025-08-28T18:06:08.3804224Z       ],
2025-08-28T18:06:08.3804657Z       "args": {
2025-08-28T18:06:08.3805196Z         "DOCKER_META_IMAGES": "ghcr.io/nephoran/intent-ingest",
2025-08-28T18:06:08.3805818Z         "DOCKER_META_VERSION": "feat-e2e"
2025-08-28T18:06:08.3806269Z       }
2025-08-28T18:06:08.3806792Z     }
2025-08-28T18:06:08.3807156Z   }
2025-08-28T18:06:08.3807454Z }
2025-08-28T18:06:08.3808186Z ##[endgroup]
2025-08-28T18:06:08.3808894Z ##[group]Bake file definition (labels)
2025-08-28T18:06:08.3809438Z {
2025-08-28T18:06:08.3809817Z   "target": {
2025-08-28T18:06:08.3810205Z     "docker-metadata-action": {
2025-08-28T18:06:08.3810993Z       "labels": {
2025-08-28T18:06:08.3811559Z         "org.opencontainers.image.created": "2025-08-28T18:06:08.359Z",
2025-08-28T18:06:08.3812531Z         "org.opencontainers.image.description": "Nephoran Intent Operator - intent-ingest service",
2025-08-28T18:06:08.3833212Z         "org.opencontainers.image.licenses": "Apache-2.0",
2025-08-28T18:06:08.3834084Z         "org.opencontainers.image.revision": "63998ce3377295ba83ab8865898a35c04312cbc5",
2025-08-28T18:06:08.3835056Z         "org.opencontainers.image.source": "https://github.com/thc1006/nephoran-intent-operator",
2025-08-28T18:06:08.3835838Z         "org.opencontainers.image.title": "intent-ingest",
2025-08-28T18:06:08.3836583Z         "org.opencontainers.image.url": "https://github.com/thc1006/nephoran-intent-operator",
2025-08-28T18:06:08.3837347Z         "org.opencontainers.image.vendor": "Nephoran Project",
2025-08-28T18:06:08.3837927Z         "org.opencontainers.image.version": "feat-e2e"
2025-08-28T18:06:08.3838372Z       }
2025-08-28T18:06:08.3838606Z     }
2025-08-28T18:06:08.3838858Z   }
2025-08-28T18:06:08.3839116Z }
2025-08-28T18:06:08.3839653Z ##[endgroup]
2025-08-28T18:06:08.3840224Z ##[group]Bake file definition (annotations)
2025-08-28T18:06:08.3840868Z {
2025-08-28T18:06:08.3841141Z   "target": {
2025-08-28T18:06:08.3841475Z     "docker-metadata-action": {
2025-08-28T18:06:08.3841850Z       "annotations": [
2025-08-28T18:06:08.3842351Z         "manifest:org.opencontainers.image.created=2025-08-28T18:06:08.359Z",
2025-08-28T18:06:08.3844425Z         "manifest:org.opencontainers.image.description=This project is an LLM-Enhanced Nephio R5 and O-RAN Network Automation System. It integrates a Large Language Model with Nephio's intent-based automation to provide a natural language interface for managing and orchestrating telecommunications network functions.",
2025-08-28T18:06:08.3846481Z         "manifest:org.opencontainers.image.licenses=Apache-2.0",
2025-08-28T18:06:08.3847292Z         "manifest:org.opencontainers.image.revision=63998ce3377295ba83ab8865898a35c04312cbc5",
2025-08-28T18:06:08.3848308Z         "manifest:org.opencontainers.image.source=https://github.com/thc1006/nephoran-intent-operator",
2025-08-28T18:06:08.3849260Z         "manifest:org.opencontainers.image.title=nephoran-intent-operator",
2025-08-28T18:06:08.3850197Z         "manifest:org.opencontainers.image.url=https://github.com/thc1006/nephoran-intent-operator",
2025-08-28T18:06:08.3851186Z         "manifest:org.opencontainers.image.version=feat-e2e"
2025-08-28T18:06:08.3851653Z       ]
2025-08-28T18:06:08.3851926Z     }
2025-08-28T18:06:08.3852177Z   }
2025-08-28T18:06:08.3852435Z }
2025-08-28T18:06:08.3852928Z ##[endgroup]
2025-08-28T18:06:08.4372011Z ##[group]Run docker/build-push-action@v5
2025-08-28T18:06:08.4372318Z with:
2025-08-28T18:06:08.4372497Z   context: .
2025-08-28T18:06:08.4372693Z   file: ./cmd/intent-ingest/Dockerfile
2025-08-28T18:06:08.4372939Z   target: runtime
2025-08-28T18:06:08.4373141Z   platforms: linux/amd64,linux/arm64
2025-08-28T18:06:08.4373388Z   push: true
2025-08-28T18:06:08.4373870Z   tags: ghcr.io/nephoran/intent-ingest:feat-e2e
ghcr.io/nephoran/intent-ingest:backup-pre-cleanup-20250813234213-157-g63998ce3
2025-08-28T18:06:08.4376453Z   labels: org.opencontainers.image.created=2025-08-28T18:06:08.359Z
org.opencontainers.image.description=Nephoran Intent Operator - intent-ingest service
org.opencontainers.image.licenses=Apache-2.0
org.opencontainers.image.revision=63998ce3377295ba83ab8865898a35c04312cbc5
org.opencontainers.image.source=https://github.com/thc1006/nephoran-intent-operator
org.opencontainers.image.title=intent-ingest
org.opencontainers.image.url=https://github.com/thc1006/nephoran-intent-operator
org.opencontainers.image.vendor=Nephoran Project
org.opencontainers.image.version=feat-e2e
2025-08-28T18:06:08.4378910Z   build-args: VERSION=backup/pre-cleanup-20250813234213-157-g63998ce3
BUILD_DATE=2025-08-28T18:05:35Z
VCS_REF=63998ce3377295ba83ab8865898a35c04312cbc5
CGO_ENABLED=0

2025-08-28T18:06:08.4379535Z   cache-from: type=gha
2025-08-28T18:06:08.4379756Z   cache-to: type=gha,mode=max
2025-08-28T18:06:08.4379979Z   provenance: true
2025-08-28T18:06:08.4380172Z   sbom: true
2025-08-28T18:06:08.4380342Z   load: false
2025-08-28T18:06:08.4380660Z   no-cache: false
2025-08-28T18:06:08.4380836Z   pull: false
2025-08-28T18:06:08.4381152Z   github-token: ***
2025-08-28T18:06:08.4381346Z env:
2025-08-28T18:06:08.4381509Z   REGISTRY: ghcr.io
2025-08-28T18:06:08.4381708Z   REGISTRY_USERNAME: thc1006
2025-08-28T18:06:08.4382039Z   REGISTRY_PASSWORD: ***
2025-08-28T18:06:08.4382276Z   DOCKER_METADATA_OUTPUT_VERSION: feat-e2e
2025-08-28T18:06:08.4382906Z   DOCKER_METADATA_OUTPUT_TAGS: ghcr.io/nephoran/intent-ingest:feat-e2e
ghcr.io/nephoran/intent-ingest:backup-pre-cleanup-20250813234213-157-g63998ce3
2025-08-28T18:06:08.4385379Z   DOCKER_METADATA_OUTPUT_LABELS: org.opencontainers.image.created=2025-08-28T18:06:08.359Z
org.opencontainers.image.description=Nephoran Intent Operator - intent-ingest service
org.opencontainers.image.licenses=Apache-2.0
org.opencontainers.image.revision=63998ce3377295ba83ab8865898a35c04312cbc5
org.opencontainers.image.source=https://github.com/thc1006/nephoran-intent-operator
org.opencontainers.image.title=intent-ingest
org.opencontainers.image.url=https://github.com/thc1006/nephoran-intent-operator
org.opencontainers.image.vendor=Nephoran Project
org.opencontainers.image.version=feat-e2e
2025-08-28T18:06:08.4390115Z   DOCKER_METADATA_OUTPUT_ANNOTATIONS: manifest:org.opencontainers.image.created=2025-08-28T18:06:08.359Z
manifest:org.opencontainers.image.description=This project is an LLM-Enhanced Nephio R5 and O-RAN Network Automation System. It integrates a Large Language Model with Nephio's intent-based automation to provide a natural language interface for managing and orchestrating telecommunications network functions.
manifest:org.opencontainers.image.licenses=Apache-2.0
manifest:org.opencontainers.image.revision=63998ce3377295ba83ab8865898a35c04312cbc5
manifest:org.opencontainers.image.source=https://github.com/thc1006/nephoran-intent-operator
manifest:org.opencontainers.image.title=nephoran-intent-operator
manifest:org.opencontainers.image.url=https://github.com/thc1006/nephoran-intent-operator
manifest:org.opencontainers.image.version=feat-e2e
2025-08-28T18:06:08.4398512Z   DOCKER_METADATA_OUTPUT_JSON: {"tags":["ghcr.io/nephoran/intent-ingest:feat-e2e","ghcr.io/nephoran/intent-ingest:backup-pre-cleanup-20250813234213-157-g63998ce3"],"labels":{"org.opencontainers.image.created":"2025-08-28T18:06:08.359Z","org.opencontainers.image.description":"Nephoran Intent Operator - intent-ingest service","org.opencontainers.image.licenses":"Apache-2.0","org.opencontainers.image.revision":"63998ce3377295ba83ab8865898a35c04312cbc5","org.opencontainers.image.source":"https://github.com/thc1006/nephoran-intent-operator","org.opencontainers.image.title":"intent-ingest","org.opencontainers.image.url":"https://github.com/thc1006/nephoran-intent-operator","org.opencontainers.image.vendor":"Nephoran Project","org.opencontainers.image.version":"feat-e2e"},"annotations":["manifest:org.opencontainers.image.created=2025-08-28T18:06:08.359Z","manifest:org.opencontainers.image.description=This project is an LLM-Enhanced Nephio R5 and O-RAN Network Automation System. It integrates a Large Language Model with Nephio's intent-based automation to provide a natural language interface for managing and orchestrating telecommunications network functions.","manifest:org.opencontainers.image.licenses=Apache-2.0","manifest:org.opencontainers.image.revision=63998ce3377295ba83ab8865898a35c04312cbc5","manifest:org.opencontainers.image.source=https://github.com/thc1006/nephoran-intent-operator","manifest:org.opencontainers.image.title=nephoran-intent-operator","manifest:org.opencontainers.image.url=https://github.com/thc1006/nephoran-intent-operator","manifest:org.opencontainers.image.version=feat-e2e"]}
2025-08-28T18:06:08.4404634Z   DOCKER_METADATA_OUTPUT_BAKE_FILE_TAGS: /home/runner/work/_temp/docker-actions-toolkit-MIMQ1y/docker-metadata-action-bake-tags.json
2025-08-28T18:06:08.4405490Z   DOCKER_METADATA_OUTPUT_BAKE_FILE_LABELS: /home/runner/work/_temp/docker-actions-toolkit-MIMQ1y/docker-metadata-action-bake-labels.json
2025-08-28T18:06:08.4406390Z   DOCKER_METADATA_OUTPUT_BAKE_FILE_ANNOTATIONS: /home/runner/work/_temp/docker-actions-toolkit-MIMQ1y/docker-metadata-action-bake-annotations.json
2025-08-28T18:06:08.4407243Z   DOCKER_METADATA_OUTPUT_BAKE_FILE: /home/runner/work/_temp/docker-actions-toolkit-MIMQ1y/docker-metadata-action-bake.json
2025-08-28T18:06:08.4407745Z ##[endgroup]
2025-08-28T18:06:08.6752669Z ##[group]GitHub Actions runtime token ACs
2025-08-28T18:06:08.6763950Z refs/heads/feat/e2e: read/write
2025-08-28T18:06:08.6764887Z refs/heads/main: read
2025-08-28T18:06:08.6765933Z ##[endgroup]
2025-08-28T18:06:08.6766918Z ##[group]Docker info
2025-08-28T18:06:08.6813270Z [command]/usr/bin/docker version
2025-08-28T18:06:08.7032049Z Client: Docker Engine - Community
2025-08-28T18:06:08.7039831Z  Version:           28.0.4
2025-08-28T18:06:08.7040250Z  API version:       1.48
2025-08-28T18:06:08.7040807Z  Go version:        go1.23.7
2025-08-28T18:06:08.7041173Z  Git commit:        b8034c0
2025-08-28T18:06:08.7041580Z  Built:             Tue Mar 25 15:07:16 2025
2025-08-28T18:06:08.7041989Z  OS/Arch:           linux/amd64
2025-08-28T18:06:08.7042339Z  Context:           default
2025-08-28T18:06:08.7042567Z 
2025-08-28T18:06:08.7042712Z Server: Docker Engine - Community
2025-08-28T18:06:08.7043051Z  Engine:
2025-08-28T18:06:08.7043318Z   Version:          28.0.4
2025-08-28T18:06:08.7043684Z   API version:      1.48 (minimum version 1.24)
2025-08-28T18:06:08.7044134Z   Go version:       go1.23.7
2025-08-28T18:06:08.7044507Z   Git commit:       6430e49
2025-08-28T18:06:08.7044868Z   Built:            Tue Mar 25 15:07:16 2025
2025-08-28T18:06:08.7045261Z   OS/Arch:          linux/amd64
2025-08-28T18:06:08.7045617Z   Experimental:     false
2025-08-28T18:06:08.7045949Z  containerd:
2025-08-28T18:06:08.7046229Z   Version:          1.7.27
2025-08-28T18:06:08.7046619Z   GitCommit:        05044ec0a9a75232cad458027ca83437aae3f4da
2025-08-28T18:06:08.7047075Z  runc:
2025-08-28T18:06:08.7047375Z   Version:          1.2.5
2025-08-28T18:06:08.7047729Z   GitCommit:        v1.2.5-0-g59923ef
2025-08-28T18:06:08.7048100Z  docker-init:
2025-08-28T18:06:08.7048392Z   Version:          0.19.0
2025-08-28T18:06:08.7048752Z   GitCommit:        de40ad0
2025-08-28T18:06:08.7089233Z [command]/usr/bin/docker info
2025-08-28T18:06:08.7665933Z Client: Docker Engine - Community
2025-08-28T18:06:08.7666389Z  Version:    28.0.4
2025-08-28T18:06:08.7666691Z  Context:    default
2025-08-28T18:06:08.7667018Z  Debug Mode: false
2025-08-28T18:06:08.7667701Z  Plugins:
2025-08-28T18:06:08.7668027Z   buildx: Docker Buildx (Docker Inc.)
2025-08-28T18:06:08.7668429Z     Version:  v0.27.0
2025-08-28T18:06:08.7668841Z     Path:     /usr/libexec/docker/cli-plugins/docker-buildx
2025-08-28T18:06:08.7669339Z   compose: Docker Compose (Docker Inc.)
2025-08-28T18:06:08.7669742Z     Version:  v2.38.2
2025-08-28T18:06:08.7670153Z     Path:     /usr/libexec/docker/cli-plugins/docker-compose
2025-08-28T18:06:08.7670694Z 
2025-08-28T18:06:08.7672177Z Server:
2025-08-28T18:06:08.7672454Z  Containers: 1
2025-08-28T18:06:08.7672731Z   Running: 1
2025-08-28T18:06:08.7673001Z   Paused: 0
2025-08-28T18:06:08.7673260Z   Stopped: 0
2025-08-28T18:06:08.7673537Z  Images: 1
2025-08-28T18:06:08.7673809Z  Server Version: 28.0.4
2025-08-28T18:06:08.7674144Z  Storage Driver: overlay2
2025-08-28T18:06:08.7674491Z   Backing Filesystem: extfs
2025-08-28T18:06:08.7674838Z   Supports d_type: true
2025-08-28T18:06:08.7675174Z   Using metacopy: false
2025-08-28T18:06:08.7675505Z   Native Overlay Diff: false
2025-08-28T18:06:08.7675861Z   userxattr: false
2025-08-28T18:06:08.7676161Z  Logging Driver: json-file
2025-08-28T18:06:08.7676514Z  Cgroup Driver: systemd
2025-08-28T18:06:08.7676839Z  Cgroup Version: 2
2025-08-28T18:06:08.7677149Z  Plugins:
2025-08-28T18:06:08.7677413Z   Volume: local
2025-08-28T18:06:08.7677763Z   Network: bridge host ipvlan macvlan null overlay
2025-08-28T18:06:08.7678479Z   Log: awslogs fluentd gcplogs gelf journald json-file local splunk syslog
2025-08-28T18:06:08.7679129Z  Swarm: inactive
2025-08-28T18:06:08.7679474Z  Runtimes: io.containerd.runc.v2 runc
2025-08-28T18:06:08.7679887Z  Default Runtime: runc
2025-08-28T18:06:08.7680234Z  Init Binary: docker-init
2025-08-28T18:06:08.7680976Z  containerd version: 05044ec0a9a75232cad458027ca83437aae3f4da
2025-08-28T18:06:08.7681487Z  runc version: v1.2.5-0-g59923ef
2025-08-28T18:06:08.7681855Z  init version: de40ad0
2025-08-28T18:06:08.7682202Z  Security Options:
2025-08-28T18:06:08.7682510Z   apparmor
2025-08-28T18:06:08.7682685Z   seccomp
2025-08-28T18:06:08.7682855Z    Profile: builtin
2025-08-28T18:06:08.7683153Z   cgroupns
2025-08-28T18:06:08.7683334Z  Kernel Version: 6.11.0-1018-azure
2025-08-28T18:06:08.7683578Z  Operating System: Ubuntu 24.04.3 LTS
2025-08-28T18:06:08.7683820Z  OSType: linux
2025-08-28T18:06:08.7684001Z  Architecture: x86_64
2025-08-28T18:06:08.7684194Z  CPUs: 4
2025-08-28T18:06:08.7684355Z  Total Memory: 15.62GiB
2025-08-28T18:06:08.7684555Z  Name: pkrvmccyg1gnepe
2025-08-28T18:06:08.7684774Z  ID: 1acf8ebc-766d-4eb7-bec2-c07f6b4097da
2025-08-28T18:06:08.7685040Z  Docker Root Dir: /var/lib/docker
2025-08-28T18:06:08.7685268Z  Debug Mode: false
2025-08-28T18:06:08.7685463Z  Username: githubactions
2025-08-28T18:06:08.7685669Z  Experimental: false
2025-08-28T18:06:08.7685869Z  Insecure Registries:
2025-08-28T18:06:08.7686077Z   ::1/128
2025-08-28T18:06:08.7686232Z   127.0.0.0/8
2025-08-28T18:06:08.7687558Z  Live Restore Enabled: false
2025-08-28T18:06:08.7687720Z 
2025-08-28T18:06:08.7688007Z ##[endgroup]
2025-08-28T18:06:08.7688329Z ##[group]Proxy configuration
2025-08-28T18:06:08.7690989Z No proxy configuration found
2025-08-28T18:06:08.7691861Z ##[endgroup]
2025-08-28T18:06:08.8330747Z ##[group]Buildx version
2025-08-28T18:06:08.8352768Z [command]/usr/bin/docker buildx version
2025-08-28T18:06:08.8964300Z github.com/docker/buildx v0.27.0 bac71def78b077ee6a2607119f88e291861b18ac
2025-08-28T18:06:08.9005665Z ##[endgroup]
2025-08-28T18:06:08.9006259Z ##[group]Builder info
2025-08-28T18:06:09.0012003Z {
2025-08-28T18:06:09.0012413Z   "nodes": [
2025-08-28T18:06:09.0012721Z     {
2025-08-28T18:06:09.0013161Z       "name": "builder-23e47cfa-eaf5-4f0a-a5a8-8c3a23f4c1cb0",
2025-08-28T18:06:09.0013748Z       "endpoint": "unix:///var/run/docker.sock",
2025-08-28T18:06:09.0014235Z       "driver-opts": [
2025-08-28T18:06:09.0014594Z         "network=host"
2025-08-28T18:06:09.0014928Z       ],
2025-08-28T18:06:09.0015234Z       "status": "running",
2025-08-28T18:06:09.0016521Z       "buildkitd-flags": "--allow-insecure-entitlement security.insecure --allow-insecure-entitlement network.host",
2025-08-28T18:06:09.0017460Z       "buildkit": "v0.23.2",
2025-08-28T18:06:09.0018003Z       "platforms": "linux/amd64,linux/amd64/v2,linux/amd64/v3,linux/386",
2025-08-28T18:06:09.0018593Z       "features": {
2025-08-28T18:06:09.0019116Z         "Automatically load images to the Docker Engine image store": true,
2025-08-28T18:06:09.0019754Z         "Cache export": true,
2025-08-28T18:06:09.0020158Z         "Direct push": true,
2025-08-28T18:06:09.0021158Z         "Docker exporter": true,
2025-08-28T18:06:09.0021609Z         "Multi-platform build": true,
2025-08-28T18:06:09.0022050Z         "OCI exporter": true
2025-08-28T18:06:09.0022422Z       },
2025-08-28T18:06:09.0022708Z       "labels": {
2025-08-28T18:06:09.0023144Z         "org.mobyproject.buildkit.worker.executor": "oci",
2025-08-28T18:06:09.0023862Z         "org.mobyproject.buildkit.worker.hostname": "pkrvmccyg1gnepe",
2025-08-28T18:06:09.0024558Z         "org.mobyproject.buildkit.worker.network": "host",
2025-08-28T18:06:09.0025261Z         "org.mobyproject.buildkit.worker.oci.process-mode": "sandbox",
2025-08-28T18:06:09.0026009Z         "org.mobyproject.buildkit.worker.selinux.enabled": "false",
2025-08-28T18:06:09.0026734Z         "org.mobyproject.buildkit.worker.snapshotter": "overlayfs"
2025-08-28T18:06:09.0027317Z       },
2025-08-28T18:06:09.0027623Z       "gcPolicy": [
2025-08-28T18:06:09.0027952Z         {
2025-08-28T18:06:09.0028259Z           "all": false,
2025-08-28T18:06:09.0028603Z           "filter": [
2025-08-28T18:06:09.0028962Z             "type==source.local",
2025-08-28T18:06:09.0029387Z             "type==exec.cachemount",
2025-08-28T18:06:09.0029849Z             "type==source.git.checkout"
2025-08-28T18:06:09.0030276Z           ],
2025-08-28T18:06:09.0031322Z           "keepDuration": "48h0m0s"
2025-08-28T18:06:09.0031728Z         },
2025-08-28T18:06:09.0032007Z         {
2025-08-28T18:06:09.0032286Z           "all": false,
2025-08-28T18:06:09.0032668Z           "keepDuration": "1440h0m0s"
2025-08-28T18:06:09.0033090Z         },
2025-08-28T18:06:09.0033374Z         {
2025-08-28T18:06:09.0033666Z           "all": false
2025-08-28T18:06:09.0033985Z         },
2025-08-28T18:06:09.0034258Z         {
2025-08-28T18:06:09.0034499Z           "all": true
2025-08-28T18:06:09.0034821Z         }
2025-08-28T18:06:09.0035085Z       ]
2025-08-28T18:06:09.0035347Z     }
2025-08-28T18:06:09.0035619Z   ],
2025-08-28T18:06:09.0036008Z   "name": "builder-23e47cfa-eaf5-4f0a-a5a8-8c3a23f4c1cb",
2025-08-28T18:06:09.0036587Z   "driver": "docker-container",
2025-08-28T18:06:09.0037016Z   "lastActivity": "2025-08-28T18:05:57.000Z"
2025-08-28T18:06:09.0037450Z }
2025-08-28T18:06:09.0038096Z ##[endgroup]
2025-08-28T18:06:09.0750655Z [command]/usr/bin/docker buildx build --build-arg VERSION=backup/pre-cleanup-20250813234213-157-g63998ce3 --build-arg BUILD_DATE=2025-08-28T18:05:35Z --build-arg VCS_REF=63998ce3377295ba83ab8865898a35c04312cbc5 --build-arg CGO_ENABLED=0 --cache-from type=gha --cache-to type=gha,mode=max --file ./cmd/intent-ingest/Dockerfile --iidfile /home/runner/work/_temp/docker-actions-toolkit-oXD65g/build-iidfile-874b3cfbd4.txt --label org.opencontainers.image.created=2025-08-28T18:06:08.359Z --label org.opencontainers.image.description=Nephoran Intent Operator - intent-ingest service --label org.opencontainers.image.licenses=Apache-2.0 --label org.opencontainers.image.revision=63998ce3377295ba83ab8865898a35c04312cbc5 --label org.opencontainers.image.source=https://github.com/thc1006/nephoran-intent-operator --label org.opencontainers.image.title=intent-ingest --label org.opencontainers.image.url=https://github.com/thc1006/nephoran-intent-operator --label org.opencontainers.image.vendor=Nephoran Project --label org.opencontainers.image.version=feat-e2e --platform linux/amd64,linux/arm64 --attest type=provenance,builder-id=https://github.com/thc1006/nephoran-intent-operator/actions/runs/17304115271 --attest type=sbom,disabled=false --tag ghcr.io/nephoran/intent-ingest:feat-e2e --tag ghcr.io/nephoran/intent-ingest:backup-pre-cleanup-20250813234213-157-g63998ce3 --target runtime --metadata-file /home/runner/work/_temp/docker-actions-toolkit-oXD65g/build-metadata-9f4b5246f2.json --push .
2025-08-28T18:06:09.3893501Z #0 building with "builder-23e47cfa-eaf5-4f0a-a5a8-8c3a23f4c1cb" instance using docker-container driver
2025-08-28T18:06:09.3894010Z 
2025-08-28T18:06:09.3894154Z #1 [internal] load build definition from Dockerfile
2025-08-28T18:06:09.3894487Z #1 transferring dockerfile: 3.46kB done
2025-08-28T18:06:09.3895131Z #1 DONE 0.0s
2025-08-28T18:06:09.3895243Z 
2025-08-28T18:06:09.3895564Z #2 resolve image config for docker-image://docker.io/docker/buildkit-syft-scanner:stable-1
2025-08-28T18:06:09.6114310Z #2 ...
2025-08-28T18:06:09.6114585Z 
2025-08-28T18:06:09.6114978Z #3 [auth] docker/buildkit-syft-scanner:pull token for registry-1.docker.io
2025-08-28T18:06:09.6115419Z #3 DONE 0.0s
2025-08-28T18:06:09.7614919Z 
2025-08-28T18:06:09.7615716Z #2 resolve image config for docker-image://docker.io/docker/buildkit-syft-scanner:stable-1
2025-08-28T18:06:10.8440898Z #2 DONE 1.6s
2025-08-28T18:06:11.0683770Z 
2025-08-28T18:06:11.0684328Z #4 [auth] library/golang:pull token for registry-1.docker.io
2025-08-28T18:06:11.0684756Z #4 DONE 0.0s
2025-08-28T18:06:11.0684891Z 
2025-08-28T18:06:11.0685151Z #5 [linux/arm64 internal] load metadata for docker.io/library/golang:1.24-alpine
2025-08-28T18:06:11.5631283Z #5 DONE 0.7s
2025-08-28T18:06:11.5631508Z 
2025-08-28T18:06:11.5631912Z #6 [linux/amd64 internal] load metadata for gcr.io/distroless/static-debian12:nonroot
2025-08-28T18:06:11.7896643Z #6 ...
2025-08-28T18:06:11.7896887Z 
2025-08-28T18:06:11.7897169Z #7 [linux/amd64 internal] load metadata for docker.io/library/golang:1.24-alpine
2025-08-28T18:06:11.7897642Z #7 DONE 0.8s
2025-08-28T18:06:11.8058070Z 
2025-08-28T18:06:11.8059353Z #8 [linux/arm64 internal] load metadata for gcr.io/distroless/static-debian12:nonroot
2025-08-28T18:06:11.8060142Z #8 DONE 1.0s
2025-08-28T18:06:11.8060337Z 
2025-08-28T18:06:11.8060979Z #6 [linux/amd64 internal] load metadata for gcr.io/distroless/static-debian12:nonroot
2025-08-28T18:06:11.9154535Z #6 DONE 1.1s
2025-08-28T18:06:11.9156160Z 
2025-08-28T18:06:11.9156336Z #9 [internal] load .dockerignore
2025-08-28T18:06:11.9156799Z #9 transferring context: 2.80kB done
2025-08-28T18:06:11.9157208Z #9 DONE 0.0s
2025-08-28T18:06:11.9157396Z 
2025-08-28T18:06:11.9157749Z #10 importing cache manifest from gha:17823221132736482110
2025-08-28T18:06:12.0538557Z #10 ...
2025-08-28T18:06:12.0538950Z 
2025-08-28T18:06:12.0539240Z #11 [internal] load build context
2025-08-28T18:06:12.0539751Z #11 DONE 0.0s
2025-08-28T18:06:12.0540004Z 
2025-08-28T18:06:12.0541080Z #12 [linux/arm64 builder 1/8] FROM docker.io/library/golang:1.24-alpine@sha256:c8c5f95d64aa79b6547f3b626eb84b16a7ce18a139e3e9ca19a8c078b85ba80d
2025-08-28T18:06:12.0542605Z #12 resolve docker.io/library/golang:1.24-alpine@sha256:c8c5f95d64aa79b6547f3b626eb84b16a7ce18a139e3e9ca19a8c078b85ba80d done
2025-08-28T18:06:12.0543597Z #12 DONE 0.0s
2025-08-28T18:06:12.0543783Z 
2025-08-28T18:06:12.0544611Z #13 [linux/amd64 runtime 1/4] FROM gcr.io/distroless/static-debian12:nonroot@sha256:a9f88e0d99c1ceedbce565fad7d3f96744d15e6919c19c7dafe84a6dd9a80c61
2025-08-28T18:06:12.0546216Z #13 resolve gcr.io/distroless/static-debian12:nonroot@sha256:a9f88e0d99c1ceedbce565fad7d3f96744d15e6919c19c7dafe84a6dd9a80c61 done
2025-08-28T18:06:12.0547167Z #13 DONE 0.0s
2025-08-28T18:06:12.0547345Z 
2025-08-28T18:06:12.0548123Z #14 [linux/arm64 runtime 1/4] FROM gcr.io/distroless/static-debian12:nonroot@sha256:a9f88e0d99c1ceedbce565fad7d3f96744d15e6919c19c7dafe84a6dd9a80c61
2025-08-28T18:06:12.0549751Z #14 resolve gcr.io/distroless/static-debian12:nonroot@sha256:a9f88e0d99c1ceedbce565fad7d3f96744d15e6919c19c7dafe84a6dd9a80c61 done
2025-08-28T18:06:12.0550963Z #14 DONE 0.0s
2025-08-28T18:06:12.0551145Z 
2025-08-28T18:06:12.0552249Z #15 [linux/amd64 builder 1/8] FROM docker.io/library/golang:1.24-alpine@sha256:c8c5f95d64aa79b6547f3b626eb84b16a7ce18a139e3e9ca19a8c078b85ba80d
2025-08-28T18:06:12.0553823Z #15 resolve docker.io/library/golang:1.24-alpine@sha256:c8c5f95d64aa79b6547f3b626eb84b16a7ce18a139e3e9ca19a8c078b85ba80d 0.0s done
2025-08-28T18:06:12.0554709Z #15 DONE 0.0s
2025-08-28T18:06:12.1601480Z 
2025-08-28T18:06:12.1602350Z #16 docker-image://docker.io/docker/buildkit-syft-scanner:stable-1
2025-08-28T18:06:12.1603256Z #16 resolve docker.io/docker/buildkit-syft-scanner:stable-1 0.1s done
2025-08-28T18:06:12.1603748Z #16 DONE 0.1s
2025-08-28T18:06:12.1604483Z 
2025-08-28T18:06:12.1604783Z #10 importing cache manifest from gha:17823221132736482110
2025-08-28T18:06:12.1605348Z #10 DONE 0.2s
2025-08-28T18:06:12.2872208Z 
2025-08-28T18:06:12.2873423Z #11 [internal] load build context
2025-08-28T18:06:12.4894571Z #11 ...
2025-08-28T18:06:12.4894847Z 
2025-08-28T18:06:12.4896070Z #13 [linux/amd64 runtime 1/4] FROM gcr.io/distroless/static-debian12:nonroot@sha256:a9f88e0d99c1ceedbce565fad7d3f96744d15e6919c19c7dafe84a6dd9a80c61
2025-08-28T18:06:12.4897225Z #13 DONE 0.3s
2025-08-28T18:06:12.4897423Z 
2025-08-28T18:06:12.4897586Z #11 [internal] load build context
2025-08-28T18:06:12.8151163Z #11 transferring context: 18.39MB 0.5s done
2025-08-28T18:06:12.8151701Z #11 DONE 0.5s
2025-08-28T18:06:12.8151884Z 
2025-08-28T18:06:12.8153899Z #12 [linux/arm64 builder 1/8] FROM docker.io/library/golang:1.24-alpine@sha256:c8c5f95d64aa79b6547f3b626eb84b16a7ce18a139e3e9ca19a8c078b85ba80d
2025-08-28T18:06:12.8155662Z #12 sha256:4f4fb700ef54461cfa02571ae0db9a0dc1e0cdb5577484a6d75e68dc38e8acc1 32B / 32B 0.1s done
2025-08-28T18:06:12.8156464Z #12 sha256:d7288293cbfe31dc2dc28ae5465a34814400fbbfe2e494a38caea3c56190752d 126B / 126B 0.2s done
2025-08-28T18:06:12.8157841Z #12 sha256:7cff5f7a05b34c948079a4919c482f7dda90ac2f202c127ff11fd07e3182b32b 40.89MB / 75.25MB 0.5s
2025-08-28T18:06:12.8159119Z #12 sha256:7d1a427e917c48b164eae3ec3692b4741f5de528261925d2e5efc62a43e5bfc4 0B / 284.71kB 0.3s
2025-08-28T18:06:12.8160834Z #12 sha256:6e174226ea690ced550e5641249a412cdbefd2d09871f3e64ab52137a54ba606 0B / 4.13MB 0.3s
2025-08-28T18:06:13.0506100Z #12 sha256:7cff5f7a05b34c948079a4919c482f7dda90ac2f202c127ff11fd07e3182b32b 75.25MB / 75.25MB 0.7s done
2025-08-28T18:06:13.3768517Z #12 ...
2025-08-28T18:06:13.3768999Z 
2025-08-28T18:06:13.3769829Z #14 [linux/arm64 runtime 1/4] FROM gcr.io/distroless/static-debian12:nonroot@sha256:a9f88e0d99c1ceedbce565fad7d3f96744d15e6919c19c7dafe84a6dd9a80c61
2025-08-28T18:06:13.3771279Z #14 sha256:ddf74a63f7d8b7d157e5db1a45675a58e304b4c1d425b05c28c835b987623395 131.93kB / 131.93kB 0.3s done
2025-08-28T18:06:13.3772378Z #14 sha256:da7816fa955ea24533c388143c78804c28682eef99b4ee3723b548c70148bba6 321B / 321B 0.2s done
2025-08-28T18:06:13.3774046Z #14 sha256:4aa0ea1413d37a58615488592a0b827ea4b2e48fa5a77cf707d0e35f025e613f 385B / 385B 0.3s done
2025-08-28T18:06:13.3775569Z #14 sha256:045fc1c20da893bef6d0ed64e92b243213b0cebcd478389573bdfb095e212a98 93B / 93B 0.3s done
2025-08-28T18:06:13.3777121Z #14 sha256:5664b15f108bf9436ce3312090a767300800edbbfd4511aa1a6d64357024d5dd 168B / 168B 0.2s done
2025-08-28T18:06:13.3778285Z #14 sha256:3214acf345c0cc6bbdb56b698a41ccdefc624a09d6beb0d38b5de0b2303ecaf4 123B / 123B 0.2s done
2025-08-28T18:06:13.3779423Z #14 sha256:7c12895b777bcaa8ccae0605b4de635b68fc32d60fa08f421dc3818bf55ee212 188B / 188B 0.2s done
2025-08-28T18:06:13.3780016Z #14 sha256:2780920e5dbfbe103d03a583ed75345306e572ec5a48cb10361f046767d9f29a 67B / 67B 0.2s done
2025-08-28T18:06:13.3781053Z #14 sha256:62de241dac5fe19d5f8f4defe034289006ddaa0f2cca735db4718fe2a23e504e 31.24kB / 31.24kB 0.2s done
2025-08-28T18:06:13.3781881Z #14 sha256:4eff9a62d888790350b2481ff4a4f38f9c94b3674d26b2f2c85ca39cdef43fd9 547.59kB / 547.59kB 0.3s done
2025-08-28T18:06:13.3782543Z #14 sha256:bfb59b82a9b65e47d485e53b3e815bca3b3e21a095bd0cb88ced9ac0b48062bf 13.36kB / 13.36kB 0.2s done
2025-08-28T18:06:13.3783709Z #14 sha256:da88a3b79f2cc21d6d205f081fa238c2455ce50a9ab83fc9dfcef988db7f240e 104.23kB / 104.23kB 0.2s done
2025-08-28T18:06:13.3784761Z #14 extracting sha256:da88a3b79f2cc21d6d205f081fa238c2455ce50a9ab83fc9dfcef988db7f240e 0.0s done
2025-08-28T18:06:13.3785365Z #14 extracting sha256:bfb59b82a9b65e47d485e53b3e815bca3b3e21a095bd0cb88ced9ac0b48062bf done
2025-08-28T18:06:13.3785940Z #14 extracting sha256:4eff9a62d888790350b2481ff4a4f38f9c94b3674d26b2f2c85ca39cdef43fd9 0.2s done
2025-08-28T18:06:13.3786516Z #14 extracting sha256:62de241dac5fe19d5f8f4defe034289006ddaa0f2cca735db4718fe2a23e504e done
2025-08-28T18:06:13.3787062Z #14 extracting sha256:2780920e5dbfbe103d03a583ed75345306e572ec5a48cb10361f046767d9f29a done
2025-08-28T18:06:13.3788041Z #14 extracting sha256:7c12895b777bcaa8ccae0605b4de635b68fc32d60fa08f421dc3818bf55ee212 done
2025-08-28T18:06:13.3788614Z #14 extracting sha256:3214acf345c0cc6bbdb56b698a41ccdefc624a09d6beb0d38b5de0b2303ecaf4 done
2025-08-28T18:06:13.3789245Z #14 extracting sha256:5664b15f108bf9436ce3312090a767300800edbbfd4511aa1a6d64357024d5dd done
2025-08-28T18:06:13.3789957Z #14 extracting sha256:045fc1c20da893bef6d0ed64e92b243213b0cebcd478389573bdfb095e212a98 done
2025-08-28T18:06:13.3791091Z #14 extracting sha256:4aa0ea1413d37a58615488592a0b827ea4b2e48fa5a77cf707d0e35f025e613f done
2025-08-28T18:06:13.3791825Z #14 DONE 1.2s
2025-08-28T18:06:13.3792016Z 
2025-08-28T18:06:13.3792751Z #12 [linux/arm64 builder 1/8] FROM docker.io/library/golang:1.24-alpine@sha256:c8c5f95d64aa79b6547f3b626eb84b16a7ce18a139e3e9ca19a8c078b85ba80d
2025-08-28T18:06:13.5294698Z #12 ...
2025-08-28T18:06:13.5294951Z 
2025-08-28T18:06:13.5295812Z #14 [linux/arm64 runtime 1/4] FROM gcr.io/distroless/static-debian12:nonroot@sha256:a9f88e0d99c1ceedbce565fad7d3f96744d15e6919c19c7dafe84a6dd9a80c61
2025-08-28T18:06:13.5297230Z #14 extracting sha256:da7816fa955ea24533c388143c78804c28682eef99b4ee3723b548c70148bba6 done
2025-08-28T18:06:13.5298255Z #14 extracting sha256:ddf74a63f7d8b7d157e5db1a45675a58e304b4c1d425b05c28c835b987623395 done
2025-08-28T18:06:13.5298988Z #14 DONE 1.2s
2025-08-28T18:06:13.5299172Z 
2025-08-28T18:06:13.5299899Z #12 [linux/arm64 builder 1/8] FROM docker.io/library/golang:1.24-alpine@sha256:c8c5f95d64aa79b6547f3b626eb84b16a7ce18a139e3e9ca19a8c078b85ba80d
2025-08-28T18:06:13.5301996Z #12 sha256:7d1a427e917c48b164eae3ec3692b4741f5de528261925d2e5efc62a43e5bfc4 284.71kB / 284.71kB 1.0s done
2025-08-28T18:06:13.6443980Z #12 ...
2025-08-28T18:06:13.6444206Z 
2025-08-28T18:06:13.6445039Z #13 [linux/amd64 runtime 1/4] FROM gcr.io/distroless/static-debian12:nonroot@sha256:a9f88e0d99c1ceedbce565fad7d3f96744d15e6919c19c7dafe84a6dd9a80c61
2025-08-28T18:06:13.6446792Z #13 sha256:35d697fe273816c60d20a62a879f8643f79cd4ed85a8e80dba28a17350fc26b6 104.23kB / 104.23kB 0.2s done
2025-08-28T18:06:13.6447785Z #13 extracting sha256:35d697fe273816c60d20a62a879f8643f79cd4ed85a8e80dba28a17350fc26b6 0.0s done
2025-08-28T18:06:13.6448532Z #13 extracting sha256:bfb59b82a9b65e47d485e53b3e815bca3b3e21a095bd0cb88ced9ac0b48062bf done
2025-08-28T18:06:13.6449583Z #13 extracting sha256:4eff9a62d888790350b2481ff4a4f38f9c94b3674d26b2f2c85ca39cdef43fd9 0.2s done
2025-08-28T18:06:13.6450628Z #13 extracting sha256:62de241dac5fe19d5f8f4defe034289006ddaa0f2cca735db4718fe2a23e504e done
2025-08-28T18:06:13.6451641Z #13 extracting sha256:2780920e5dbfbe103d03a583ed75345306e572ec5a48cb10361f046767d9f29a done
2025-08-28T18:06:13.6452204Z #13 extracting sha256:7c12895b777bcaa8ccae0605b4de635b68fc32d60fa08f421dc3818bf55ee212 done
2025-08-28T18:06:13.6452772Z #13 extracting sha256:3214acf345c0cc6bbdb56b698a41ccdefc624a09d6beb0d38b5de0b2303ecaf4 done
2025-08-28T18:06:13.6453522Z #13 extracting sha256:5664b15f108bf9436ce3312090a767300800edbbfd4511aa1a6d64357024d5dd done
2025-08-28T18:06:13.6454153Z #13 extracting sha256:045fc1c20da893bef6d0ed64e92b243213b0cebcd478389573bdfb095e212a98 done
2025-08-28T18:06:13.6454696Z #13 extracting sha256:4aa0ea1413d37a58615488592a0b827ea4b2e48fa5a77cf707d0e35f025e613f done
2025-08-28T18:06:13.6455568Z #13 extracting sha256:da7816fa955ea24533c388143c78804c28682eef99b4ee3723b548c70148bba6 done
2025-08-28T18:06:13.6456534Z #13 extracting sha256:ddf74a63f7d8b7d157e5db1a45675a58e304b4c1d425b05c28c835b987623395 done
2025-08-28T18:06:13.6457896Z #13 DONE 1.5s
2025-08-28T18:06:13.6458134Z 
2025-08-28T18:06:13.6458902Z #12 [linux/arm64 builder 1/8] FROM docker.io/library/golang:1.24-alpine@sha256:c8c5f95d64aa79b6547f3b626eb84b16a7ce18a139e3e9ca19a8c078b85ba80d
2025-08-28T18:06:13.6460615Z #12 sha256:6e174226ea690ced550e5641249a412cdbefd2d09871f3e64ab52137a54ba606 4.13MB / 4.13MB 1.2s done
2025-08-28T18:06:13.7460070Z #12 extracting sha256:6e174226ea690ced550e5641249a412cdbefd2d09871f3e64ab52137a54ba606 0.1s done
2025-08-28T18:06:13.7461716Z #12 extracting sha256:7d1a427e917c48b164eae3ec3692b4741f5de528261925d2e5efc62a43e5bfc4
2025-08-28T18:06:13.8747489Z #12 extracting sha256:7d1a427e917c48b164eae3ec3692b4741f5de528261925d2e5efc62a43e5bfc4 0.1s done
2025-08-28T18:06:13.8748599Z #12 extracting sha256:7cff5f7a05b34c948079a4919c482f7dda90ac2f202c127ff11fd07e3182b32b
2025-08-28T18:06:15.0339091Z #12 ...
2025-08-28T18:06:15.0339329Z 
2025-08-28T18:06:15.0339691Z #16 docker-image://docker.io/docker/buildkit-syft-scanner:stable-1
2025-08-28T18:06:15.0340911Z #16 sha256:7da0204fa872db743ad5863a07fc72a31b104d7f403a37b8ec6901555a030fe1 36.14MB / 36.14MB 2.5s done
2025-08-28T18:06:15.0341686Z #16 extracting sha256:7da0204fa872db743ad5863a07fc72a31b104d7f403a37b8ec6901555a030fe1 0.3s done
2025-08-28T18:06:15.0342127Z #16 DONE 3.0s
2025-08-28T18:06:15.2245955Z 
2025-08-28T18:06:15.2247167Z #15 [linux/amd64 builder 1/8] FROM docker.io/library/golang:1.24-alpine@sha256:c8c5f95d64aa79b6547f3b626eb84b16a7ce18a139e3e9ca19a8c078b85ba80d
2025-08-28T18:06:15.2248702Z #15 sha256:d3178a7b27090e22bc2464346d1cdc8f59d0fd7a241452e8148342edf3d0b1e9 126B / 126B 0.3s done
2025-08-28T18:06:15.2249546Z #15 sha256:9a940d118df69e65d813962f75e391b9f336d5575e2428d7605391a03d7617d2 18.87MB / 79.00MB 2.0s
2025-08-28T18:06:15.2250311Z #15 sha256:8371a51cbc44c1323f96695eaeaeeb1c44b2d30d138a279b348af5c18b2c5e24 282.45kB / 282.45kB 0.4s done
2025-08-28T18:06:15.2251248Z #15 sha256:9824c27679d3b27c5e1cb00a73adb6f4f8d556994111c12db3c5d61a0c843df8 3.80MB / 3.80MB 0.3s done
2025-08-28T18:06:15.2251996Z #15 extracting sha256:9824c27679d3b27c5e1cb00a73adb6f4f8d556994111c12db3c5d61a0c843df8 0.1s done
2025-08-28T18:06:15.2252695Z #15 extracting sha256:8371a51cbc44c1323f96695eaeaeeb1c44b2d30d138a279b348af5c18b2c5e24 0.1s done
2025-08-28T18:06:15.3745376Z #15 sha256:9a940d118df69e65d813962f75e391b9f336d5575e2428d7605391a03d7617d2 23.07MB / 79.00MB 2.1s
2025-08-28T18:06:15.6745850Z #15 sha256:9a940d118df69e65d813962f75e391b9f336d5575e2428d7605391a03d7617d2 30.41MB / 79.00MB 2.4s
2025-08-28T18:06:15.9745294Z #15 sha256:9a940d118df69e65d813962f75e391b9f336d5575e2428d7605391a03d7617d2 36.70MB / 79.00MB 2.7s
2025-08-28T18:06:16.1245562Z #15 sha256:9a940d118df69e65d813962f75e391b9f336d5575e2428d7605391a03d7617d2 40.89MB / 79.00MB 2.9s
2025-08-28T18:06:16.4246389Z #15 sha256:9a940d118df69e65d813962f75e391b9f336d5575e2428d7605391a03d7617d2 48.23MB / 79.00MB 3.2s
2025-08-28T18:06:16.7246431Z #15 sha256:9a940d118df69e65d813962f75e391b9f336d5575e2428d7605391a03d7617d2 54.53MB / 79.00MB 3.5s
2025-08-28T18:06:16.8753549Z #15 sha256:9a940d118df69e65d813962f75e391b9f336d5575e2428d7605391a03d7617d2 58.72MB / 79.00MB 3.6s
2025-08-28T18:06:17.0254413Z #15 ...
2025-08-28T18:06:17.0254677Z 
2025-08-28T18:06:17.0255687Z #12 [linux/arm64 builder 1/8] FROM docker.io/library/golang:1.24-alpine@sha256:c8c5f95d64aa79b6547f3b626eb84b16a7ce18a139e3e9ca19a8c078b85ba80d
2025-08-28T18:06:17.0257664Z #12 extracting sha256:7cff5f7a05b34c948079a4919c482f7dda90ac2f202c127ff11fd07e3182b32b 3.2s done
2025-08-28T18:06:17.0258749Z #12 extracting sha256:d7288293cbfe31dc2dc28ae5465a34814400fbbfe2e494a38caea3c56190752d done
2025-08-28T18:06:17.0259626Z #12 extracting sha256:4f4fb700ef54461cfa02571ae0db9a0dc1e0cdb5577484a6d75e68dc38e8acc1 done
2025-08-28T18:06:17.0260246Z #12 DONE 4.8s
2025-08-28T18:06:17.0260574Z 
2025-08-28T18:06:17.0261185Z #15 [linux/amd64 builder 1/8] FROM docker.io/library/golang:1.24-alpine@sha256:c8c5f95d64aa79b6547f3b626eb84b16a7ce18a139e3e9ca19a8c078b85ba80d
2025-08-28T18:06:17.0263193Z #15 sha256:9a940d118df69e65d813962f75e391b9f336d5575e2428d7605391a03d7617d2 62.91MB / 79.00MB 3.8s
2025-08-28T18:06:17.1751396Z #15 sha256:9a940d118df69e65d813962f75e391b9f336d5575e2428d7605391a03d7617d2 67.11MB / 79.00MB 3.9s
2025-08-28T18:06:17.4749269Z #15 sha256:9a940d118df69e65d813962f75e391b9f336d5575e2428d7605391a03d7617d2 74.45MB / 79.00MB 4.2s
2025-08-28T18:06:17.8701696Z #15 sha256:9a940d118df69e65d813962f75e391b9f336d5575e2428d7605391a03d7617d2 79.00MB / 79.00MB 4.4s done
2025-08-28T18:06:17.8703111Z #15 extracting sha256:9a940d118df69e65d813962f75e391b9f336d5575e2428d7605391a03d7617d2
2025-08-28T18:06:21.1578834Z #15 extracting sha256:9a940d118df69e65d813962f75e391b9f336d5575e2428d7605391a03d7617d2 3.5s done
2025-08-28T18:06:21.1581836Z #15 DONE 9.0s
2025-08-28T18:06:21.1581971Z 
2025-08-28T18:06:21.1582312Z #17 [linux/arm64 builder 2/8] RUN apk add --no-cache     ca-certificates     git     tzdata     && rm -rf /var/cache/apk/*
2025-08-28T18:06:21.1582992Z #17 0.142 fetch https://dl-cdn.alpinelinux.org/alpine/v3.22/main/aarch64/APKINDEX.tar.gz
2025-08-28T18:06:21.1583542Z #17 0.747 fetch https://dl-cdn.alpinelinux.org/alpine/v3.22/community/aarch64/APKINDEX.tar.gz
2025-08-28T18:06:21.1583969Z #17 2.545 (1/13) Installing brotli-libs (1.1.0-r2)
2025-08-28T18:06:21.1584259Z #17 2.619 (2/13) Installing c-ares (1.34.5-r0)
2025-08-28T18:06:21.1584530Z #17 2.688 (3/13) Installing libunistring (1.3-r0)
2025-08-28T18:06:21.1584926Z #17 2.745 (4/13) Installing libidn2 (2.3.7-r0)
2025-08-28T18:06:21.1585211Z #17 2.757 (5/13) Installing nghttp2-libs (1.65.0-r0)
2025-08-28T18:06:21.1585515Z #17 2.767 (6/13) Installing libpsl (0.21.5-r3)
2025-08-28T18:06:21.1585790Z #17 2.791 (7/13) Installing zstd-libs (1.5.7-r0)
2025-08-28T18:06:21.1586060Z #17 2.822 (8/13) Installing libcurl (8.14.1-r1)
2025-08-28T18:06:21.1586334Z #17 2.849 (9/13) Installing libexpat (2.7.1-r0)
2025-08-28T18:06:21.1586702Z #17 2.858 (10/13) Installing pcre2 (10.43-r1)
2025-08-28T18:06:21.1587149Z #17 2.882 (11/13) Installing git (2.49.1-r0)
2025-08-28T18:06:21.1587663Z #17 3.167 (12/13) Installing git-init-template (2.49.1-r0)
2025-08-28T18:06:21.1588181Z #17 3.175 (13/13) Installing tzdata (2025b-r0)
2025-08-28T18:06:21.1588643Z #17 3.328 Executing busybox-1.37.0-r18.trigger
2025-08-28T18:06:21.1589081Z #17 3.401 OK: 21 MiB in 30 packages
2025-08-28T18:06:21.3344818Z #17 ...
2025-08-28T18:06:21.3344984Z 
2025-08-28T18:06:21.3345448Z #15 [linux/amd64 builder 1/8] FROM docker.io/library/golang:1.24-alpine@sha256:c8c5f95d64aa79b6547f3b626eb84b16a7ce18a139e3e9ca19a8c078b85ba80d
2025-08-28T18:06:21.3346248Z #15 extracting sha256:d3178a7b27090e22bc2464346d1cdc8f59d0fd7a241452e8148342edf3d0b1e9 done
2025-08-28T18:06:21.3346849Z #15 extracting sha256:4f4fb700ef54461cfa02571ae0db9a0dc1e0cdb5577484a6d75e68dc38e8acc1 0.0s done
2025-08-28T18:06:21.3347268Z #15 DONE 9.0s
2025-08-28T18:06:21.4852518Z 
2025-08-28T18:06:21.4853892Z #18 [linux/amd64 builder 2/8] RUN apk add --no-cache     ca-certificates     git     tzdata     && rm -rf /var/cache/apk/*
2025-08-28T18:06:21.4855394Z #18 0.077 fetch https://dl-cdn.alpinelinux.org/alpine/v3.22/main/x86_64/APKINDEX.tar.gz
2025-08-28T18:06:21.4857380Z #18 0.158 fetch https://dl-cdn.alpinelinux.org/alpine/v3.22/community/x86_64/APKINDEX.tar.gz
2025-08-28T18:06:21.7439376Z #18 0.568 (1/13) Installing brotli-libs (1.1.0-r2)
2025-08-28T18:06:21.8449638Z #18 0.641 (2/13) Installing c-ares (1.34.5-r0)
2025-08-28T18:06:21.8450099Z #18 0.647 (3/13) Installing libunistring (1.3-r0)
2025-08-28T18:06:21.8450600Z #18 0.662 (4/13) Installing libidn2 (2.3.7-r0)
2025-08-28T18:06:21.8450972Z #18 0.666 (5/13) Installing nghttp2-libs (1.65.0-r0)
2025-08-28T18:06:21.8451301Z #18 0.669 (6/13) Installing libpsl (0.21.5-r3)
2025-08-28T18:06:21.9662955Z #18 0.671 (7/13) Installing zstd-libs (1.5.7-r0)
2025-08-28T18:06:21.9663541Z #18 0.679 (8/13) Installing libcurl (8.14.1-r1)
2025-08-28T18:06:21.9664010Z #18 0.698 (9/13) Installing libexpat (2.7.1-r0)
2025-08-28T18:06:21.9664473Z #18 0.701 (10/13) Installing pcre2 (10.43-r1)
2025-08-28T18:06:21.9665307Z #18 0.708 (11/13) Installing git (2.49.1-r0)
2025-08-28T18:06:21.9665809Z #18 0.790 (12/13) Installing git-init-template (2.49.1-r0)
2025-08-28T18:06:22.2061116Z #18 0.793 (13/13) Installing tzdata (2025b-r0)
2025-08-28T18:06:22.2061587Z #18 0.846 Executing busybox-1.37.0-r18.trigger
2025-08-28T18:06:22.2061986Z #18 0.879 OK: 20 MiB in 30 packages
2025-08-28T18:06:22.2644070Z #18 ...
2025-08-28T18:06:22.2644785Z 
2025-08-28T18:06:22.2645467Z #17 [linux/arm64 builder 2/8] RUN apk add --no-cache     ca-certificates     git     tzdata     && rm -rf /var/cache/apk/*
2025-08-28T18:06:22.2646669Z #17 DONE 5.3s
2025-08-28T18:06:22.4695895Z 
2025-08-28T18:06:22.4697378Z #18 [linux/amd64 builder 2/8] RUN apk add --no-cache     ca-certificates     git     tzdata     && rm -rf /var/cache/apk/*
2025-08-28T18:06:22.4698936Z #18 DONE 1.1s
2025-08-28T18:06:22.4699323Z 
2025-08-28T18:06:22.4699802Z #19 [linux/arm64 builder 3/8] WORKDIR /build
2025-08-28T18:06:22.4700245Z #19 DONE 0.0s
2025-08-28T18:06:22.4700595Z 
2025-08-28T18:06:22.4700797Z #20 [linux/amd64 builder 3/8] WORKDIR /build
2025-08-28T18:06:22.4701198Z #20 DONE 0.0s
2025-08-28T18:06:22.4701369Z 
2025-08-28T18:06:22.4701550Z #21 [linux/arm64 builder 4/8] COPY go.mod go.sum ./
2025-08-28T18:06:22.4702258Z #21 DONE 0.0s
2025-08-28T18:06:22.4702421Z 
2025-08-28T18:06:22.4702600Z #22 [linux/amd64 builder 4/8] COPY go.mod go.sum ./
2025-08-28T18:06:22.4703052Z #22 DONE 0.0s
2025-08-28T18:06:22.4703212Z 
2025-08-28T18:06:22.4703379Z #23 [linux/amd64 builder 5/8] RUN go mod download && go mod verify
2025-08-28T18:06:32.3692500Z #23 ...
2025-08-28T18:06:32.3693174Z 
2025-08-28T18:06:32.3693699Z #24 [linux/arm64 builder 5/8] RUN go mod download && go mod verify
2025-08-28T18:06:57.8245743Z #24 ...
2025-08-28T18:06:57.8246090Z 
2025-08-28T18:06:57.8246436Z #23 [linux/amd64 builder 5/8] RUN go mod download && go mod verify
2025-08-28T18:06:57.8247019Z #23 35.51 all modules verified
2025-08-28T18:06:59.9911135Z #23 DONE 37.7s
2025-08-28T18:06:59.9911772Z 
2025-08-28T18:06:59.9912518Z #24 [linux/arm64 builder 5/8] RUN go mod download && go mod verify
2025-08-28T18:07:00.1463726Z #24 ...
2025-08-28T18:07:00.1464284Z 
2025-08-28T18:07:00.1464631Z #25 [linux/amd64 builder 6/8] COPY . .
2025-08-28T18:07:01.5022478Z #25 DONE 1.5s
2025-08-28T18:07:01.5023252Z 
2025-08-28T18:07:01.5023904Z #24 [linux/arm64 builder 5/8] RUN go mod download && go mod verify
2025-08-28T18:07:01.6547441Z #24 ...
2025-08-28T18:07:01.6548095Z 
2025-08-28T18:07:01.6550899Z #26 [linux/amd64 builder 7/8] RUN CGO_ENABLED=0 GOOS=linux GOARCH=amd64 go build     -ldflags="-w -s     -X main.version=backup/pre-cleanup-20250813234213-157-g63998ce3     -X main.buildDate=2025-08-28T18:05:35Z     -X main.vcsRef=63998ce3377295ba83ab8865898a35c04312cbc5     -extldflags '-static'"     -a -installsuffix cgo     -tags netgo,osusergo     -trimpath     -o /build/intent-ingest     ./cmd/intent-ingest
2025-08-28T18:07:23.8135865Z #26 DONE 22.3s
2025-08-28T18:07:23.8137934Z 
2025-08-28T18:07:23.8138310Z #24 [linux/arm64 builder 5/8] RUN go mod download && go mod verify
2025-08-28T18:07:23.9406868Z #24 ...
2025-08-28T18:07:23.9408792Z 
2025-08-28T18:07:23.9409087Z #27 [linux/amd64 builder 8/8] RUN file /build/intent-ingest
2025-08-28T18:07:23.9409637Z #27 0.126 /bin/sh: file: not found
2025-08-28T18:07:24.1229946Z #27 ERROR: process "/bin/sh -c file /build/intent-ingest" did not complete successfully: exit code: 127
2025-08-28T18:07:24.1230754Z 
2025-08-28T18:07:24.1230967Z #24 [linux/arm64 builder 5/8] RUN go mod download && go mod verify
2025-08-28T18:07:24.1231417Z #24 CANCELED
2025-08-28T18:07:24.1421695Z ------
2025-08-28T18:07:24.1422243Z  > [linux/amd64 builder 8/8] RUN file /build/intent-ingest:
2025-08-28T18:07:24.1424045Z 0.126 /bin/sh: file: not found
2025-08-28T18:07:24.1424979Z ------
2025-08-28T18:07:24.1433300Z Dockerfile:48
2025-08-28T18:07:24.1434241Z --------------------
2025-08-28T18:07:24.1434591Z   46 |     
2025-08-28T18:07:24.1434885Z   47 |     # Verify the binary
2025-08-28T18:07:24.1435275Z   48 | >>> RUN file /build/intent-ingest
2025-08-28T18:07:24.1436012Z   49 |     
2025-08-28T18:07:24.1436358Z   50 |     # =============================================================================
2025-08-28T18:07:24.1436817Z --------------------
2025-08-28T18:07:24.1437632Z ERROR: failed to build: failed to solve: process "/bin/sh -c file /build/intent-ingest" did not complete successfully: exit code: 127
2025-08-28T18:07:24.1571799Z ##[error]buildx failed with: ERROR: failed to build: failed to solve: process "/bin/sh -c file /build/intent-ingest" did not complete successfully: exit code: 127
2025-08-28T18:07:24.1700752Z Post job cleanup.
2025-08-28T18:07:24.3934290Z ##[group]Removing temp folder /home/runner/work/_temp/docker-actions-toolkit-oXD65g
2025-08-28T18:07:24.3945231Z ##[endgroup]
2025-08-28T18:07:24.3946145Z ##[group]Post cache
2025-08-28T18:07:24.3947655Z State not set
2025-08-28T18:07:24.3948370Z ##[endgroup]
2025-08-28T18:07:24.4059243Z Post job cleanup.
2025-08-28T18:07:24.7645345Z [command]/usr/bin/docker logout ghcr.io
2025-08-28T18:07:24.7783226Z Removing login credentials for ghcr.io
2025-08-28T18:07:24.7818109Z ##[group]Post cache
2025-08-28T18:07:24.7820341Z State not set
2025-08-28T18:07:24.7821893Z ##[endgroup]
2025-08-28T18:07:24.7969709Z Post job cleanup.
2025-08-28T18:07:25.0830109Z ##[group]Removing builder
2025-08-28T18:07:25.2072776Z [command]/usr/bin/docker buildx rm builder-23e47cfa-eaf5-4f0a-a5a8-8c3a23f4c1cb
2025-08-28T18:07:31.1710237Z builder-23e47cfa-eaf5-4f0a-a5a8-8c3a23f4c1cb removed
2025-08-28T18:07:31.1759440Z ##[endgroup]
2025-08-28T18:07:31.1761157Z ##[group]Cleaning up certificates
2025-08-28T18:07:31.1769090Z ##[endgroup]
2025-08-28T18:07:31.1771776Z ##[group]Post cache
2025-08-28T18:07:31.1772173Z State not set
2025-08-28T18:07:31.1773465Z ##[endgroup]
2025-08-28T18:07:31.1921655Z Post job cleanup.
2025-08-28T18:07:31.3001233Z [command]/usr/bin/git version
2025-08-28T18:07:31.3047745Z git version 2.51.0
2025-08-28T18:07:31.3099781Z Temporarily overriding HOME='/home/runner/work/_temp/e1a2f582-ced5-4758-9aed-c78da9cc0e27' before making global git config changes
2025-08-28T18:07:31.3101229Z Adding repository directory to the temporary git global config as a safe directory
2025-08-28T18:07:31.3116250Z [command]/usr/bin/git config --global --add safe.directory /home/runner/work/nephoran-intent-operator/nephoran-intent-operator
2025-08-28T18:07:31.3156511Z [command]/usr/bin/git config --local --name-only --get-regexp core\.sshCommand
2025-08-28T18:07:31.3195825Z [command]/usr/bin/git submodule foreach --recursive sh -c "git config --local --name-only --get-regexp 'core\.sshCommand' && git config --local --unset-all 'core.sshCommand' || :"
2025-08-28T18:07:31.3465429Z [command]/usr/bin/git config --local --name-only --get-regexp http\.https\:\/\/github\.com\/\.extraheader
2025-08-28T18:07:31.3494185Z http.https://github.com/.extraheader
2025-08-28T18:07:31.3509597Z [command]/usr/bin/git config --local --unset-all http.https://github.com/.extraheader
2025-08-28T18:07:31.3544121Z [command]/usr/bin/git submodule foreach --recursive sh -c "git config --local --name-only --get-regexp 'http\.https\:\/\/github\.com\/\.extraheader' && git config --local --unset-all 'http.https://github.com/.extraheader' || :"
2025-08-28T18:07:31.3906281Z Cleaning up orphan processes
