2025-08-30T01:07:57.4588766Z Current runner version: '2.328.0'
2025-08-30T01:07:57.4611059Z ##[group]Runner Image Provisioner
2025-08-30T01:07:57.4612075Z Hosted Compute Agent
2025-08-30T01:07:57.4612647Z Version: 20250829.383
2025-08-30T01:07:57.4613588Z Commit: 27cb235aab5b0e52e153a26cd86b4742e89dac5d
2025-08-30T01:07:57.4614760Z Build Date: 2025-08-29T13:48:48Z
2025-08-30T01:07:57.4615644Z ##[endgroup]
2025-08-30T01:07:57.4616432Z ##[group]Operating System
2025-08-30T01:07:57.4617206Z Ubuntu
2025-08-30T01:07:57.4617687Z 24.04.3
2025-08-30T01:07:57.4618147Z LTS
2025-08-30T01:07:57.4618636Z ##[endgroup]
2025-08-30T01:07:57.4619077Z ##[group]Runner Image
2025-08-30T01:07:57.4619629Z Image: ubuntu-24.04
2025-08-30T01:07:57.4620111Z Version: 20250824.1.0
2025-08-30T01:07:57.4621116Z Included Software: https://github.com/actions/runner-images/blob/ubuntu24/20250824.1/images/ubuntu/Ubuntu2404-Readme.md
2025-08-30T01:07:57.4622871Z Image Release: https://github.com/actions/runner-images/releases/tag/ubuntu24%2F20250824.1
2025-08-30T01:07:57.4623914Z ##[endgroup]
2025-08-30T01:07:57.4625285Z ##[group]GITHUB_TOKEN Permissions
2025-08-30T01:07:57.4627376Z Attestations: write
2025-08-30T01:07:57.4627964Z Contents: read
2025-08-30T01:07:57.4628573Z Metadata: read
2025-08-30T01:07:57.4629048Z Packages: write
2025-08-30T01:07:57.4629551Z SecurityEvents: write
2025-08-30T01:07:57.4630000Z ##[endgroup]
2025-08-30T01:07:57.4632512Z Secret source: Actions
2025-08-30T01:07:57.4633394Z Prepare workflow directory
2025-08-30T01:07:57.5127965Z Prepare all required actions
2025-08-30T01:07:57.5165190Z Getting action download info
2025-08-30T01:07:57.9805524Z Download action repository 'actions/checkout@v4' (SHA:08eba0b27e820071cde6df949e0beb9ba4906955)
2025-08-30T01:07:58.0460499Z Download action repository 'docker/setup-buildx-action@v3' (SHA:e468171a9de216ec08956ac3ada2f0791b6bd435)
2025-08-30T01:07:58.3795324Z Download action repository 'docker/login-action@v3' (SHA:184bdaa0721073962dff0199f1fb9940f07167d1)
2025-08-30T01:07:58.7513915Z Download action repository 'docker/metadata-action@v5' (SHA:c1e51972afc2121e065aed6d45c65596fe445f3f)
2025-08-30T01:07:59.0716421Z Download action repository 'docker/build-push-action@v6' (SHA:263435318d21b8e681c14492fe198d362a7d2c83)
2025-08-30T01:07:59.4292247Z Download action repository 'aquasecurity/trivy-action@master' (SHA:b6643a29fecd7f34b3597bc6acb0a98b03d33ff8)
2025-08-30T01:07:59.6268301Z Download action repository 'github/codeql-action@v3' (SHA:3c3833e0f8c1c83d449a7478aa59c036a9165498)
2025-08-30T01:08:04.7884013Z Getting action download info
2025-08-30T01:08:04.9079688Z Download action repository 'aquasecurity/setup-trivy@e6c2c5e321ed9123bda567646e2f96565e34abe1' (SHA:e6c2c5e321ed9123bda567646e2f96565e34abe1)
2025-08-30T01:08:05.1139989Z Download action repository 'actions/cache@0400d5f644dc74513175e3cd8d07132dd4860809' (SHA:0400d5f644dc74513175e3cd8d07132dd4860809)
2025-08-30T01:08:05.2136707Z Getting action download info
2025-08-30T01:08:05.3382040Z Download action repository 'actions/checkout@08c6903cd8c0fde910a37f88322edcfb5dd907a8' (SHA:08c6903cd8c0fde910a37f88322edcfb5dd907a8)
2025-08-30T01:08:05.4124987Z Complete job name: build (intent-ingest)
2025-08-30T01:08:05.4677281Z ##[group]Run actions/checkout@v4
2025-08-30T01:08:05.4677874Z with:
2025-08-30T01:08:05.4678163Z   repository: thc1006/nephoran-intent-operator
2025-08-30T01:08:05.4678640Z   token: ***
2025-08-30T01:08:05.4678856Z   ssh-strict: true
2025-08-30T01:08:05.4679081Z   ssh-user: git
2025-08-30T01:08:05.4679308Z   persist-credentials: true
2025-08-30T01:08:05.4679559Z   clean: true
2025-08-30T01:08:05.4679784Z   sparse-checkout-cone-mode: true
2025-08-30T01:08:05.4680057Z   fetch-depth: 1
2025-08-30T01:08:05.4680272Z   fetch-tags: false
2025-08-30T01:08:05.4680501Z   show-progress: true
2025-08-30T01:08:05.4680723Z   lfs: false
2025-08-30T01:08:05.4680937Z   submodules: false
2025-08-30T01:08:05.4681162Z   set-safe-directory: true
2025-08-30T01:08:05.4681583Z env:
2025-08-30T01:08:05.4681971Z   REGISTRY: ghcr.io
2025-08-30T01:08:05.4682230Z   REGISTRY_USERNAME: thc1006
2025-08-30T01:08:05.4682875Z   REGISTRY_PASSWORD: ***
2025-08-30T01:08:05.4683129Z   REGISTRY_NAMESPACE: thc1006
2025-08-30T01:08:05.4683415Z   DOCKER_BUILDKIT: 1
2025-08-30T01:08:05.4683653Z   BUILDX_NO_DEFAULT_ATTESTATIONS: 0
2025-08-30T01:08:05.4683932Z   BUILDX_ATTESTATION_MODE: max
2025-08-30T01:08:05.4684176Z   CGO_ENABLED: 0
2025-08-30T01:08:05.4684387Z   GOOS: linux
2025-08-30T01:08:05.4684585Z   GOARCH: amd64
2025-08-30T01:08:05.4684796Z   GO_VERSION: 1.24.1
2025-08-30T01:08:05.4685024Z   ALPINE_VERSION: 3.21
2025-08-30T01:08:05.4685257Z   BUILDKIT_PROGRESS: plain
2025-08-30T01:08:05.4685511Z   DOCKER_SCAN_SUGGEST: false
2025-08-30T01:08:05.4685746Z ##[endgroup]
2025-08-30T01:08:05.5727179Z Syncing repository: thc1006/nephoran-intent-operator
2025-08-30T01:08:05.5728468Z ##[group]Getting Git version info
2025-08-30T01:08:05.5729266Z Working directory is '/home/runner/work/nephoran-intent-operator/nephoran-intent-operator'
2025-08-30T01:08:05.5729938Z [command]/usr/bin/git version
2025-08-30T01:08:05.5784899Z git version 2.51.0
2025-08-30T01:08:05.5837584Z ##[endgroup]
2025-08-30T01:08:05.5842389Z Temporarily overriding HOME='/home/runner/work/_temp/7c8cf580-dd49-4faa-b6e9-3a91ee178f11' before making global git config changes
2025-08-30T01:08:05.5843169Z Adding repository directory to the temporary git global config as a safe directory
2025-08-30T01:08:05.5843906Z [command]/usr/bin/git config --global --add safe.directory /home/runner/work/nephoran-intent-operator/nephoran-intent-operator
2025-08-30T01:08:05.5868614Z Deleting the contents of '/home/runner/work/nephoran-intent-operator/nephoran-intent-operator'
2025-08-30T01:08:05.5872283Z ##[group]Initializing the repository
2025-08-30T01:08:05.5877086Z [command]/usr/bin/git init /home/runner/work/nephoran-intent-operator/nephoran-intent-operator
2025-08-30T01:08:05.5956505Z hint: Using 'master' as the name for the initial branch. This default branch name
2025-08-30T01:08:05.5957379Z hint: is subject to change. To configure the initial branch name to use in all
2025-08-30T01:08:05.5958213Z hint: of your new repositories, which will suppress this warning, call:
2025-08-30T01:08:05.5958822Z hint:
2025-08-30T01:08:05.5959275Z hint: 	git config --global init.defaultBranch <name>
2025-08-30T01:08:05.5959812Z hint:
2025-08-30T01:08:05.5960319Z hint: Names commonly chosen instead of 'master' are 'main', 'trunk' and
2025-08-30T01:08:05.5960935Z hint: 'development'. The just-created branch can be renamed via this command:
2025-08-30T01:08:05.5961321Z hint:
2025-08-30T01:08:05.5961547Z hint: 	git branch -m <name>
2025-08-30T01:08:05.5961967Z hint:
2025-08-30T01:08:05.5962330Z hint: Disable this message with "git config set advice.defaultBranchName false"
2025-08-30T01:08:05.5963002Z Initialized empty Git repository in /home/runner/work/nephoran-intent-operator/nephoran-intent-operator/.git/
2025-08-30T01:08:05.5971140Z [command]/usr/bin/git remote add origin https://github.com/thc1006/nephoran-intent-operator
2025-08-30T01:08:05.6003441Z ##[endgroup]
2025-08-30T01:08:05.6004159Z ##[group]Disabling automatic garbage collection
2025-08-30T01:08:05.6008907Z [command]/usr/bin/git config --local gc.auto 0
2025-08-30T01:08:05.6037015Z ##[endgroup]
2025-08-30T01:08:05.6037734Z ##[group]Setting up auth
2025-08-30T01:08:05.6044850Z [command]/usr/bin/git config --local --name-only --get-regexp core\.sshCommand
2025-08-30T01:08:05.6075297Z [command]/usr/bin/git submodule foreach --recursive sh -c "git config --local --name-only --get-regexp 'core\.sshCommand' && git config --local --unset-all 'core.sshCommand' || :"
2025-08-30T01:08:05.6337679Z [command]/usr/bin/git config --local --name-only --get-regexp http\.https\:\/\/github\.com\/\.extraheader
2025-08-30T01:08:05.6367332Z [command]/usr/bin/git submodule foreach --recursive sh -c "git config --local --name-only --get-regexp 'http\.https\:\/\/github\.com\/\.extraheader' && git config --local --unset-all 'http.https://github.com/.extraheader' || :"
2025-08-30T01:08:05.6597001Z [command]/usr/bin/git config --local http.https://github.com/.extraheader AUTHORIZATION: basic ***
2025-08-30T01:08:05.6633690Z ##[endgroup]
2025-08-30T01:08:05.6634377Z ##[group]Fetching the repository
2025-08-30T01:08:05.6642550Z [command]/usr/bin/git -c protocol.version=2 fetch --no-tags --prune --no-recurse-submodules --depth=1 origin +cfd61f07a998be108d0f4e38158c833e0a704af0:refs/remotes/origin/feat/e2e
2025-08-30T01:08:07.8923452Z From https://github.com/thc1006/nephoran-intent-operator
2025-08-30T01:08:07.8924586Z  * [new ref]         cfd61f07a998be108d0f4e38158c833e0a704af0 -> origin/feat/e2e
2025-08-30T01:08:07.8953516Z ##[endgroup]
2025-08-30T01:08:07.8954062Z ##[group]Determining the checkout info
2025-08-30T01:08:07.8956378Z ##[endgroup]
2025-08-30T01:08:07.8961434Z [command]/usr/bin/git sparse-checkout disable
2025-08-30T01:08:07.9001745Z [command]/usr/bin/git config --local --unset-all extensions.worktreeConfig
2025-08-30T01:08:07.9029201Z ##[group]Checking out the ref
2025-08-30T01:08:07.9035021Z [command]/usr/bin/git checkout --progress --force -B feat/e2e refs/remotes/origin/feat/e2e
2025-08-30T01:08:08.2274117Z Switched to a new branch 'feat/e2e'
2025-08-30T01:08:08.2275475Z branch 'feat/e2e' set up to track 'origin/feat/e2e'.
2025-08-30T01:08:08.2293728Z ##[endgroup]
2025-08-30T01:08:08.2332892Z [command]/usr/bin/git log -1 --format=%H
2025-08-30T01:08:08.2356929Z cfd61f07a998be108d0f4e38158c833e0a704af0
2025-08-30T01:08:08.2552975Z ##[warning]Input 'config-inline' has been deprecated with message: Use buildkitd-config-inline instead
2025-08-30T01:08:08.2569163Z ##[group]Run docker/setup-buildx-action@v3
2025-08-30T01:08:08.2569439Z with:
2025-08-30T01:08:08.2569607Z   version: latest
2025-08-30T01:08:08.2569802Z   driver: docker-container
2025-08-30T01:08:08.2570074Z   driver-opts: image=moby/buildkit:v0.16.0
network=host

2025-08-30T01:08:08.2570777Z   config-inline: [worker.oci]
  max-parallelism = 4
  gc-keep-storage = "2GB"
  snapshotter = "overlayfs"
[registry."ghcr.io"]
  mirrors = ["mirror.gcr.io"]
[cache]
  max-age = "168h"

2025-08-30T01:08:08.2571429Z   install: true
2025-08-30T01:08:08.2571611Z   use: true
2025-08-30T01:08:08.2571969Z   keep-state: false
2025-08-30T01:08:08.2572190Z   cache-binary: true
2025-08-30T01:08:08.2572390Z   cleanup: true
2025-08-30T01:08:08.2572558Z env:
2025-08-30T01:08:08.2572720Z   REGISTRY: ghcr.io
2025-08-30T01:08:08.2572918Z   REGISTRY_USERNAME: thc1006
2025-08-30T01:08:08.2573492Z   REGISTRY_PASSWORD: ***
2025-08-30T01:08:08.2573753Z   REGISTRY_NAMESPACE: thc1006
2025-08-30T01:08:08.2573970Z   DOCKER_BUILDKIT: 1
2025-08-30T01:08:08.2574170Z   BUILDX_NO_DEFAULT_ATTESTATIONS: 0
2025-08-30T01:08:08.2574418Z   BUILDX_ATTESTATION_MODE: max
2025-08-30T01:08:08.2574620Z   CGO_ENABLED: 0
2025-08-30T01:08:08.2574804Z   GOOS: linux
2025-08-30T01:08:08.2574979Z   GOARCH: amd64
2025-08-30T01:08:08.2575156Z   GO_VERSION: 1.24.1
2025-08-30T01:08:08.2575348Z   ALPINE_VERSION: 3.21
2025-08-30T01:08:08.2575549Z   BUILDKIT_PROGRESS: plain
2025-08-30T01:08:08.2575767Z   DOCKER_SCAN_SUGGEST: false
2025-08-30T01:08:08.2575975Z ##[endgroup]
2025-08-30T01:08:08.5409776Z ##[group]Docker info
2025-08-30T01:08:08.5436240Z [command]/usr/bin/docker version
2025-08-30T01:08:08.5903060Z Client: Docker Engine - Community
2025-08-30T01:08:08.5903535Z  Version:           28.0.4
2025-08-30T01:08:08.5903864Z  API version:       1.48
2025-08-30T01:08:08.5904108Z  Go version:        go1.23.7
2025-08-30T01:08:08.5904371Z  Git commit:        b8034c0
2025-08-30T01:08:08.5904597Z  Built:             Tue Mar 25 15:07:16 2025
2025-08-30T01:08:08.5904856Z  OS/Arch:           linux/amd64
2025-08-30T01:08:08.5905064Z  Context:           default
2025-08-30T01:08:08.5905207Z 
2025-08-30T01:08:08.5905301Z Server: Docker Engine - Community
2025-08-30T01:08:08.5905526Z  Engine:
2025-08-30T01:08:08.5905722Z   Version:          28.0.4
2025-08-30T01:08:08.5905955Z   API version:      1.48 (minimum version 1.24)
2025-08-30T01:08:08.5906205Z   Go version:       go1.23.7
2025-08-30T01:08:08.5906414Z   Git commit:       6430e49
2025-08-30T01:08:08.5906891Z   Built:            Tue Mar 25 15:07:16 2025
2025-08-30T01:08:08.5907137Z   OS/Arch:          linux/amd64
2025-08-30T01:08:08.5907352Z   Experimental:     false
2025-08-30T01:08:08.5907570Z  containerd:
2025-08-30T01:08:08.5907746Z   Version:          1.7.27
2025-08-30T01:08:08.5907997Z   GitCommit:        05044ec0a9a75232cad458027ca83437aae3f4da
2025-08-30T01:08:08.5908273Z  runc:
2025-08-30T01:08:08.5908435Z   Version:          1.2.5
2025-08-30T01:08:08.5908642Z   GitCommit:        v1.2.5-0-g59923ef
2025-08-30T01:08:08.5908879Z  docker-init:
2025-08-30T01:08:08.5909059Z   Version:          0.19.0
2025-08-30T01:08:08.5909256Z   GitCommit:        de40ad0
2025-08-30T01:08:08.5950062Z [command]/usr/bin/docker info
2025-08-30T01:08:08.8139597Z Client: Docker Engine - Community
2025-08-30T01:08:08.8140429Z  Version:    28.0.4
2025-08-30T01:08:08.8141047Z  Context:    default
2025-08-30T01:08:08.8141408Z  Debug Mode: false
2025-08-30T01:08:08.8141736Z  Plugins:
2025-08-30T01:08:08.8142234Z   buildx: Docker Buildx (Docker Inc.)
2025-08-30T01:08:08.8142687Z     Version:  v0.27.0
2025-08-30T01:08:08.8143119Z     Path:     /usr/libexec/docker/cli-plugins/docker-buildx
2025-08-30T01:08:08.8143668Z   compose: Docker Compose (Docker Inc.)
2025-08-30T01:08:08.8144094Z     Version:  v2.38.2
2025-08-30T01:08:08.8144557Z     Path:     /usr/libexec/docker/cli-plugins/docker-compose
2025-08-30T01:08:08.8145433Z 
2025-08-30T01:08:08.8145578Z Server:
2025-08-30T01:08:08.8145877Z  Containers: 0
2025-08-30T01:08:08.8146186Z   Running: 0
2025-08-30T01:08:08.8146484Z   Paused: 0
2025-08-30T01:08:08.8146780Z   Stopped: 0
2025-08-30T01:08:08.8147070Z  Images: 0
2025-08-30T01:08:08.8147361Z  Server Version: 28.0.4
2025-08-30T01:08:08.8147743Z  Storage Driver: overlay2
2025-08-30T01:08:08.8148125Z   Backing Filesystem: extfs
2025-08-30T01:08:08.8148503Z   Supports d_type: true
2025-08-30T01:08:08.8148867Z   Using metacopy: false
2025-08-30T01:08:08.8149215Z   Native Overlay Diff: false
2025-08-30T01:08:08.8149595Z   userxattr: false
2025-08-30T01:08:08.8149932Z  Logging Driver: json-file
2025-08-30T01:08:08.8150304Z  Cgroup Driver: systemd
2025-08-30T01:08:08.8150653Z  Cgroup Version: 2
2025-08-30T01:08:08.8150953Z  Plugins:
2025-08-30T01:08:08.8151254Z   Volume: local
2025-08-30T01:08:08.8151658Z   Network: bridge host ipvlan macvlan null overlay
2025-08-30T01:08:08.8152695Z   Log: awslogs fluentd gcplogs gelf journald json-file local splunk syslog
2025-08-30T01:08:08.8153295Z  Swarm: inactive
2025-08-30T01:08:08.8153653Z  Runtimes: io.containerd.runc.v2 runc
2025-08-30T01:08:08.8154088Z  Default Runtime: runc
2025-08-30T01:08:08.8154452Z  Init Binary: docker-init
2025-08-30T01:08:08.8154951Z  containerd version: 05044ec0a9a75232cad458027ca83437aae3f4da
2025-08-30T01:08:08.8155517Z  runc version: v1.2.5-0-g59923ef
2025-08-30T01:08:08.8155916Z  init version: de40ad0
2025-08-30T01:08:08.8156261Z  Security Options:
2025-08-30T01:08:08.8156574Z   apparmor
2025-08-30T01:08:08.8156853Z   seccomp
2025-08-30T01:08:08.8157131Z    Profile: builtin
2025-08-30T01:08:08.8157459Z   cgroupns
2025-08-30T01:08:08.8157755Z  Kernel Version: 6.11.0-1018-azure
2025-08-30T01:08:08.8158172Z  Operating System: Ubuntu 24.04.3 LTS
2025-08-30T01:08:08.8158579Z  OSType: linux
2025-08-30T01:08:08.8158887Z  Architecture: x86_64
2025-08-30T01:08:08.8159215Z  CPUs: 4
2025-08-30T01:08:08.8159513Z  Total Memory: 15.62GiB
2025-08-30T01:08:08.8159872Z  Name: pkrvmccyg1gnepe
2025-08-30T01:08:08.8160304Z  ID: 1acf8ebc-766d-4eb7-bec2-c07f6b4097da
2025-08-30T01:08:08.8160770Z  Docker Root Dir: /var/lib/docker
2025-08-30T01:08:08.8161169Z  Debug Mode: false
2025-08-30T01:08:08.8161519Z  Username: githubactions
2025-08-30T01:08:08.8162364Z  Experimental: false
2025-08-30T01:08:08.8162731Z  Insecure Registries:
2025-08-30T01:08:08.8167051Z   ::1/128
2025-08-30T01:08:08.8167354Z   127.0.0.0/8
2025-08-30T01:08:08.8167670Z  Live Restore Enabled: false
2025-08-30T01:08:08.8167940Z 
2025-08-30T01:08:08.8168519Z ##[endgroup]
2025-08-30T01:08:08.8915647Z ##[group]Download buildx from GitHub Releases
2025-08-30T01:08:08.9884726Z Use 0.27.0 version spec cache key for v0.27.0
2025-08-30T01:08:09.0422903Z Cache hit for: buildx-dl-bin-0.27.0-linux-x64
2025-08-30T01:08:09.3119286Z Received 20172649 of 20172649 (100.0%), 89.9 MBs/sec
2025-08-30T01:08:09.3121450Z Cache Size: ~19 MB (20172649 B)
2025-08-30T01:08:09.3149836Z [command]/usr/bin/tar -xf /home/runner/work/_temp/191c9ae4-7d5a-458f-9f22-7653733d7905/cache.tzst -P -C /home/runner/work/nephoran-intent-operator/nephoran-intent-operator --use-compress-program unzstd
2025-08-30T01:08:09.4256081Z Cache restored successfully
2025-08-30T01:08:09.4296797Z Restored buildx-dl-bin-0.27.0-linux-x64 from GitHub Actions cache
2025-08-30T01:08:09.4912179Z Cached to hosted tool cache /opt/hostedtoolcache/buildx-dl-bin/0.27.0/linux-x64
2025-08-30T01:08:09.5593161Z Buildx binary found in /home/runner/.docker/buildx/.bin/0.27.0/linux-x64/docker-buildx
2025-08-30T01:08:09.5594298Z ##[endgroup]
2025-08-30T01:08:09.5596959Z ##[group]Install buildx
2025-08-30T01:08:09.5597355Z Docker plugin mode
2025-08-30T01:08:09.6148705Z Fixing perms
2025-08-30T01:08:09.6149740Z Plugin path: /home/runner/.docker/cli-plugins/docker-buildx
2025-08-30T01:08:09.6152031Z ##[endgroup]
2025-08-30T01:08:09.6152561Z ##[group]Buildx version
2025-08-30T01:08:09.6177140Z [command]/usr/bin/docker buildx version
2025-08-30T01:08:09.6636581Z github.com/docker/buildx v0.27.0 bac71def78b077ee6a2607119f88e291861b18ac
2025-08-30T01:08:09.6666710Z ##[endgroup]
2025-08-30T01:08:09.6815613Z ##[group]Inspecting default docker context
2025-08-30T01:08:09.6950947Z [
2025-08-30T01:08:09.6951229Z   {
2025-08-30T01:08:09.6951516Z     "Name": "default",
2025-08-30T01:08:09.6952085Z     "Metadata": {},
2025-08-30T01:08:09.6952519Z     "Endpoints": {
2025-08-30T01:08:09.6952835Z       "docker": {
2025-08-30T01:08:09.6953203Z         "Host": "unix:///var/run/docker.sock",
2025-08-30T01:08:09.6953690Z         "SkipTLSVerify": false
2025-08-30T01:08:09.6954069Z       }
2025-08-30T01:08:09.6954350Z     },
2025-08-30T01:08:09.6954687Z     "TLSMaterial": {},
2025-08-30T01:08:09.6955032Z     "Storage": {
2025-08-30T01:08:09.6955390Z       "MetadataPath": "<IN MEMORY>",
2025-08-30T01:08:09.6955825Z       "TLSPath": "<IN MEMORY>"
2025-08-30T01:08:09.6956202Z     }
2025-08-30T01:08:09.6956654Z   }
2025-08-30T01:08:09.6956953Z ]
2025-08-30T01:08:09.6957562Z ##[endgroup]
2025-08-30T01:08:09.6958230Z ##[group]Creating a new builder instance
2025-08-30T01:08:09.8044280Z [command]/usr/bin/docker buildx create --name builder-048c8c19-5de2-41d8-a2b4-eb6b07f9152f --driver docker-container --driver-opt image=moby/buildkit:v0.16.0 --driver-opt network=host --buildkitd-flags --allow-insecure-entitlement security.insecure --allow-insecure-entitlement network.host --use --config /home/runner/work/_temp/docker-actions-toolkit-4mLJpd/tmp-2073-U1OcJPu4APGR
2025-08-30T01:08:09.8570137Z builder-048c8c19-5de2-41d8-a2b4-eb6b07f9152f
2025-08-30T01:08:09.8604350Z ##[endgroup]
2025-08-30T01:08:09.8604913Z ##[group]Booting builder
2025-08-30T01:08:09.8632440Z [command]/usr/bin/docker buildx inspect --bootstrap --builder builder-048c8c19-5de2-41d8-a2b4-eb6b07f9152f
2025-08-30T01:08:09.9106100Z #1 [internal] booting buildkit
2025-08-30T01:08:10.0610711Z #1 pulling image moby/buildkit:v0.16.0
2025-08-30T01:08:12.3248091Z #1 pulling image moby/buildkit:v0.16.0 2.4s done
2025-08-30T01:08:12.4754818Z #1 creating container buildx_buildkit_builder-048c8c19-5de2-41d8-a2b4-eb6b07f9152f0
2025-08-30T01:08:12.5317110Z #1 creating container buildx_buildkit_builder-048c8c19-5de2-41d8-a2b4-eb6b07f9152f0 0.2s done
2025-08-30T01:08:12.5327233Z #1 DONE 2.6s
2025-08-30T01:08:12.5620140Z Name:          builder-048c8c19-5de2-41d8-a2b4-eb6b07f9152f
2025-08-30T01:08:12.5620747Z Driver:        docker-container
2025-08-30T01:08:12.5621192Z Last Activity: 2025-08-30 01:08:09 +0000 UTC
2025-08-30T01:08:12.5621518Z 
2025-08-30T01:08:12.5621637Z Nodes:
2025-08-30T01:08:12.5622245Z Name:                  builder-048c8c19-5de2-41d8-a2b4-eb6b07f9152f0
2025-08-30T01:08:12.5622847Z Endpoint:              unix:///var/run/docker.sock
2025-08-30T01:08:12.5623935Z Driver Options:        image="moby/buildkit:v0.16.0" network="host"
2025-08-30T01:08:12.5624502Z Status:                running
2025-08-30T01:08:12.5625320Z BuildKit daemon flags: --allow-insecure-entitlement security.insecure --allow-insecure-entitlement network.host
2025-08-30T01:08:12.5625860Z BuildKit version:      v0.16.0
2025-08-30T01:08:12.5626180Z Platforms:             linux/amd64, linux/amd64/v2, linux/amd64/v3, linux/386
2025-08-30T01:08:12.5626499Z Labels:
2025-08-30T01:08:12.5626733Z  org.mobyproject.buildkit.worker.executor:         oci
2025-08-30T01:08:12.5627133Z  org.mobyproject.buildkit.worker.hostname:         pkrvmccyg1gnepe
2025-08-30T01:08:12.5627533Z  org.mobyproject.buildkit.worker.network:          host
2025-08-30T01:08:12.5627909Z  org.mobyproject.buildkit.worker.oci.process-mode: sandbox
2025-08-30T01:08:12.5628291Z  org.mobyproject.buildkit.worker.selinux.enabled:  false
2025-08-30T01:08:12.5628695Z  org.mobyproject.buildkit.worker.snapshotter:      overlayfs
2025-08-30T01:08:12.5629007Z GC Policy rule#0:
2025-08-30T01:08:12.5629189Z  All:            false
2025-08-30T01:08:12.5629495Z  Filters:        type==source.local,type==exec.cachemount,type==source.git.checkout
2025-08-30T01:08:12.5629853Z  Keep Duration:  48h0m0s
2025-08-30T01:08:12.5630058Z  Reserved Space: 488.3MiB
2025-08-30T01:08:12.5630461Z GC Policy rule#1:
2025-08-30T01:08:12.5630654Z  All:            false
2025-08-30T01:08:12.5630842Z  Keep Duration:  1440h0m0s
2025-08-30T01:08:12.5631041Z  Reserved Space: 7.451GiB
2025-08-30T01:08:12.5631308Z GC Policy rule#2:
2025-08-30T01:08:12.5631619Z  All:            false
2025-08-30T01:08:12.5632149Z  Reserved Space: 7.451GiB
2025-08-30T01:08:12.5632527Z GC Policy rule#3:
2025-08-30T01:08:12.5632832Z  All:            true
2025-08-30T01:08:12.5633161Z  Reserved Space: 7.451GiB
2025-08-30T01:08:12.5633520Z File#buildkitd.toml:
2025-08-30T01:08:12.5633835Z  > 
2025-08-30T01:08:12.5634098Z  > [cache]
2025-08-30T01:08:12.5634399Z  >   max-age = "168h"
2025-08-30T01:08:12.5634736Z  > 
2025-08-30T01:08:12.5635023Z  > [registry]
2025-08-30T01:08:12.5635903Z  > 
2025-08-30T01:08:12.5636226Z  >   [registry."ghcr.io"]
2025-08-30T01:08:12.5636628Z  >     mirrors = ["mirror.gcr.io"]
2025-08-30T01:08:12.5637006Z  > 
2025-08-30T01:08:12.5637289Z  > [worker]
2025-08-30T01:08:12.5637571Z  > 
2025-08-30T01:08:12.5637824Z  >   [worker.oci]
2025-08-30T01:08:12.5638025Z  >     gc-keep-storage = "2GB"
2025-08-30T01:08:12.5638272Z  >     max-parallelism = 4
2025-08-30T01:08:12.5638589Z  >     snapshotter = "overlayfs"
2025-08-30T01:08:12.5638803Z  > 
2025-08-30T01:08:12.5673998Z ##[endgroup]
2025-08-30T01:08:12.5674604Z ##[group]Setting buildx as default builder
2025-08-30T01:08:12.5709521Z [command]/usr/bin/docker buildx install
2025-08-30T01:08:12.6202542Z ##[endgroup]
2025-08-30T01:08:12.7085723Z ##[group]Inspect builder
2025-08-30T01:08:12.7088659Z {
2025-08-30T01:08:12.7088965Z   "nodes": [
2025-08-30T01:08:12.7089268Z     {
2025-08-30T01:08:12.7089703Z       "name": "builder-048c8c19-5de2-41d8-a2b4-eb6b07f9152f0",
2025-08-30T01:08:12.7090295Z       "endpoint": "unix:///var/run/docker.sock",
2025-08-30T01:08:12.7090771Z       "driver-opts": [
2025-08-30T01:08:12.7091150Z         "image=moby/buildkit:v0.16.0",
2025-08-30T01:08:12.7091572Z         "network=host"
2025-08-30T01:08:12.7092107Z       ],
2025-08-30T01:08:12.7092439Z       "status": "running",
2025-08-30T01:08:12.7093292Z       "buildkitd-flags": "--allow-insecure-entitlement security.insecure --allow-insecure-entitlement network.host",
2025-08-30T01:08:12.7094226Z       "buildkit": "v0.16.0",
2025-08-30T01:08:12.7094804Z       "platforms": "linux/amd64,linux/amd64/v2,linux/amd64/v3,linux/386",
2025-08-30T01:08:12.7095404Z       "features": {
2025-08-30T01:08:12.7095917Z         "Automatically load images to the Docker Engine image store": true,
2025-08-30T01:08:12.7096536Z         "Cache export": true,
2025-08-30T01:08:12.7096952Z         "Direct push": true,
2025-08-30T01:08:12.7097699Z         "Docker exporter": true,
2025-08-30T01:08:12.7098093Z         "Multi-platform build": true,
2025-08-30T01:08:12.7098479Z         "OCI exporter": true
2025-08-30T01:08:12.7098829Z       },
2025-08-30T01:08:12.7099084Z       "labels": {
2025-08-30T01:08:12.7099495Z         "org.mobyproject.buildkit.worker.executor": "oci",
2025-08-30T01:08:12.7100179Z         "org.mobyproject.buildkit.worker.hostname": "pkrvmccyg1gnepe",
2025-08-30T01:08:12.7100934Z         "org.mobyproject.buildkit.worker.network": "host",
2025-08-30T01:08:12.7101548Z         "org.mobyproject.buildkit.worker.oci.process-mode": "sandbox",
2025-08-30T01:08:12.7102418Z         "org.mobyproject.buildkit.worker.selinux.enabled": "false",
2025-08-30T01:08:12.7103057Z         "org.mobyproject.buildkit.worker.snapshotter": "overlayfs"
2025-08-30T01:08:12.7103540Z       },
2025-08-30T01:08:12.7103801Z       "gcPolicy": [
2025-08-30T01:08:12.7104072Z         {
2025-08-30T01:08:12.7104330Z           "all": false,
2025-08-30T01:08:12.7104649Z           "filter": [
2025-08-30T01:08:12.7104948Z             "type==source.local",
2025-08-30T01:08:12.7105316Z             "type==exec.cachemount",
2025-08-30T01:08:12.7105703Z             "type==source.git.checkout"
2025-08-30T01:08:12.7106058Z           ],
2025-08-30T01:08:12.7106333Z           "keepDuration": "48h0m0s",
2025-08-30T01:08:12.7106908Z           "reservedSpace": "488.3MiB"
2025-08-30T01:08:12.7107294Z         },
2025-08-30T01:08:12.7107539Z         {
2025-08-30T01:08:12.7107794Z           "all": false,
2025-08-30T01:08:12.7108106Z           "keepDuration": "1440h0m0s",
2025-08-30T01:08:12.7108492Z           "reservedSpace": "7.451GiB"
2025-08-30T01:08:12.7108854Z         },
2025-08-30T01:08:12.7109099Z         {
2025-08-30T01:08:12.7109343Z           "all": false,
2025-08-30T01:08:12.7109660Z           "reservedSpace": "7.451GiB"
2025-08-30T01:08:12.7110022Z         },
2025-08-30T01:08:12.7110290Z         {
2025-08-30T01:08:12.7110551Z           "all": true,
2025-08-30T01:08:12.7110877Z           "reservedSpace": "7.451GiB"
2025-08-30T01:08:12.7111243Z         }
2025-08-30T01:08:12.7111497Z       ],
2025-08-30T01:08:12.7111740Z       "files": {
2025-08-30T01:08:12.7113247Z         "buildkitd.toml": "[cache]\n  max-age = \"168h\"\n\n[registry]\n\n  [registry.\"ghcr.io\"]\n    mirrors = [\"mirror.gcr.io\"]\n\n[worker]\n\n  [worker.oci]\n    gc-keep-storage = \"2GB\"\n    max-parallelism = 4\n    snapshotter = \"overlayfs\"\n"
2025-08-30T01:08:12.7114437Z       }
2025-08-30T01:08:12.7114681Z     }
2025-08-30T01:08:12.7114912Z   ],
2025-08-30T01:08:12.7115258Z   "name": "builder-048c8c19-5de2-41d8-a2b4-eb6b07f9152f",
2025-08-30T01:08:12.7115750Z   "driver": "docker-container",
2025-08-30T01:08:12.7116127Z   "lastActivity": "2025-08-30T01:08:09.000Z"
2025-08-30T01:08:12.7116505Z }
2025-08-30T01:08:12.7116987Z ##[endgroup]
2025-08-30T01:08:12.7117612Z ##[group]BuildKit version
2025-08-30T01:08:12.7118087Z builder-048c8c19-5de2-41d8-a2b4-eb6b07f9152f0: v0.16.0
2025-08-30T01:08:12.7118755Z ##[endgroup]
2025-08-30T01:08:12.7285306Z ##[group]Run docker/login-action@v3
2025-08-30T01:08:12.7285580Z with:
2025-08-30T01:08:12.7285757Z   registry: ghcr.io
2025-08-30T01:08:12.7285946Z   username: thc1006
2025-08-30T01:08:12.7286314Z   password: ***
2025-08-30T01:08:12.7286508Z   logout: false
2025-08-30T01:08:12.7286688Z   ecr: auto
2025-08-30T01:08:12.7286847Z env:
2025-08-30T01:08:12.7287014Z   REGISTRY: ghcr.io
2025-08-30T01:08:12.7287216Z   REGISTRY_USERNAME: thc1006
2025-08-30T01:08:12.7287536Z   REGISTRY_PASSWORD: ***
2025-08-30T01:08:12.7287760Z   REGISTRY_NAMESPACE: thc1006
2025-08-30T01:08:12.7287987Z   DOCKER_BUILDKIT: 1
2025-08-30T01:08:12.7288191Z   BUILDX_NO_DEFAULT_ATTESTATIONS: 0
2025-08-30T01:08:12.7288436Z   BUILDX_ATTESTATION_MODE: max
2025-08-30T01:08:12.7288652Z   CGO_ENABLED: 0
2025-08-30T01:08:12.7288828Z   GOOS: linux
2025-08-30T01:08:12.7288992Z   GOARCH: amd64
2025-08-30T01:08:12.7289167Z   GO_VERSION: 1.24.1
2025-08-30T01:08:12.7289590Z   ALPINE_VERSION: 3.21
2025-08-30T01:08:12.7290094Z   BUILDKIT_PROGRESS: plain
2025-08-30T01:08:12.7290318Z   DOCKER_SCAN_SUGGEST: false
2025-08-30T01:08:12.7290528Z ##[endgroup]
2025-08-30T01:08:13.0598225Z Logging into ghcr.io...
2025-08-30T01:08:13.2421297Z Login Succeeded!
2025-08-30T01:08:13.2549379Z ##[group]Run set -euo pipefail
2025-08-30T01:08:13.2549848Z [36;1mset -euo pipefail[0m
2025-08-30T01:08:13.2550227Z [36;1mecho "Verifying GHCR authentication..."[0m
2025-08-30T01:08:13.2550658Z [36;1m[0m
2025-08-30T01:08:13.2551043Z [36;1m# Test authentication with a simple registry API call[0m
2025-08-30T01:08:13.2552023Z [36;1mRESPONSE=$(curl -s -H "Authorization: ***" \[0m
2025-08-30T01:08:13.2552681Z [36;1m  "https://ghcr.io/v2/thc1006/intent-ingest/tags/list" || echo "error")[0m
2025-08-30T01:08:13.2553093Z [36;1m[0m
2025-08-30T01:08:13.2553383Z [36;1mif [[ "$RESPONSE" == "error" ]]; then[0m
2025-08-30T01:08:13.2553906Z [36;1m  echo "⚠️  Registry API test failed (may be expected for new repositories)"[0m
2025-08-30T01:08:13.2554369Z [36;1melse[0m
2025-08-30T01:08:13.2554690Z [36;1m  echo "✅ GHCR API authentication successful"[0m
2025-08-30T01:08:13.2555095Z [36;1mfi[0m
2025-08-30T01:08:13.2555360Z [36;1m[0m
2025-08-30T01:08:13.2555747Z [36;1m# Verify Docker CLI authentication[0m
2025-08-30T01:08:13.2556185Z [36;1mif docker info 2>/dev/null | grep -q "Username: thc1006"; then[0m
2025-08-30T01:08:13.2556626Z [36;1m  echo "✅ Docker CLI authentication verified"[0m
2025-08-30T01:08:13.2557044Z [36;1melse[0m
2025-08-30T01:08:13.2557393Z [36;1m  echo "⚠️  Docker CLI authentication status unknown"[0m
2025-08-30T01:08:13.2557763Z [36;1mfi[0m
2025-08-30T01:08:13.2558057Z [36;1m[0m
2025-08-30T01:08:13.2558348Z [36;1mecho "Target image: ghcr.io/thc1006/intent-ingest"[0m
2025-08-30T01:08:13.2625069Z shell: /usr/bin/bash -e {0}
2025-08-30T01:08:13.2625319Z env:
2025-08-30T01:08:13.2625490Z   REGISTRY: ghcr.io
2025-08-30T01:08:13.2625700Z   REGISTRY_USERNAME: thc1006
2025-08-30T01:08:13.2626109Z   REGISTRY_PASSWORD: ***
2025-08-30T01:08:13.2626352Z   REGISTRY_NAMESPACE: thc1006
2025-08-30T01:08:13.2626580Z   DOCKER_BUILDKIT: 1
2025-08-30T01:08:13.2626786Z   BUILDX_NO_DEFAULT_ATTESTATIONS: 0
2025-08-30T01:08:13.2627027Z   BUILDX_ATTESTATION_MODE: max
2025-08-30T01:08:13.2627245Z   CGO_ENABLED: 0
2025-08-30T01:08:13.2627423Z   GOOS: linux
2025-08-30T01:08:13.2627590Z   GOARCH: amd64
2025-08-30T01:08:13.2627759Z   GO_VERSION: 1.24.1
2025-08-30T01:08:13.2627944Z   ALPINE_VERSION: 3.21
2025-08-30T01:08:13.2628147Z   BUILDKIT_PROGRESS: plain
2025-08-30T01:08:13.2628360Z   DOCKER_SCAN_SUGGEST: false
2025-08-30T01:08:13.2628562Z ##[endgroup]
2025-08-30T01:08:13.2697708Z Verifying GHCR authentication...
2025-08-30T01:08:13.3337047Z ✅ GHCR API authentication successful
2025-08-30T01:08:13.3727294Z ⚠️  Docker CLI authentication status unknown
2025-08-30T01:08:13.3727844Z Target image: ghcr.io/thc1006/intent-ingest
2025-08-30T01:08:13.3773942Z ##[group]Run docker/metadata-action@v5
2025-08-30T01:08:13.3774212Z with:
2025-08-30T01:08:13.3774423Z   images: ghcr.io/thc1006/intent-ingest
2025-08-30T01:08:13.3775302Z   tags: type=ref,event=branch
type=ref,event=pr
type=semver,pattern={{version}}
type=semver,pattern={{major}}.{{minor}}
type=semver,pattern={{major}}
type=raw,value=latest,enable={{is_default_branch}}
type=raw,value=backup/pre-cleanup-20250813234213-184-gcfd61f07

2025-08-30T01:08:13.3776834Z   labels: org.opencontainers.image.title=intent-ingest
org.opencontainers.image.description=Nephoran Intent Operator - intent-ingest service
org.opencontainers.image.vendor=Nephoran Project
org.opencontainers.image.licenses=Apache-2.0

2025-08-30T01:08:13.3777744Z   context: workflow
2025-08-30T01:08:13.3778062Z   github-token: ***
2025-08-30T01:08:13.3778250Z env:
2025-08-30T01:08:13.3778418Z   REGISTRY: ghcr.io
2025-08-30T01:08:13.3778607Z   REGISTRY_USERNAME: thc1006
2025-08-30T01:08:13.3778923Z   REGISTRY_PASSWORD: ***
2025-08-30T01:08:13.3779171Z   REGISTRY_NAMESPACE: thc1006
2025-08-30T01:08:13.3779386Z   DOCKER_BUILDKIT: 1
2025-08-30T01:08:13.3779838Z   BUILDX_NO_DEFAULT_ATTESTATIONS: 0
2025-08-30T01:08:13.3780086Z   BUILDX_ATTESTATION_MODE: max
2025-08-30T01:08:13.3780292Z   CGO_ENABLED: 0
2025-08-30T01:08:13.3780472Z   GOOS: linux
2025-08-30T01:08:13.3780643Z   GOARCH: amd64
2025-08-30T01:08:13.3780815Z   GO_VERSION: 1.24.1
2025-08-30T01:08:13.3781005Z   ALPINE_VERSION: 3.21
2025-08-30T01:08:13.3781207Z   BUILDKIT_PROGRESS: plain
2025-08-30T01:08:13.3781414Z   DOCKER_SCAN_SUGGEST: false
2025-08-30T01:08:13.3781623Z ##[endgroup]
2025-08-30T01:08:13.9285083Z ##[group]Context info
2025-08-30T01:08:13.9286257Z eventName: push
2025-08-30T01:08:13.9286657Z sha: cfd61f07a998be108d0f4e38158c833e0a704af0
2025-08-30T01:08:13.9287127Z ref: refs/heads/feat/e2e
2025-08-30T01:08:13.9287479Z workflow: Docker Build and Push
2025-08-30T01:08:13.9287843Z action: meta
2025-08-30T01:08:13.9288120Z actor: thc1006
2025-08-30T01:08:13.9289544Z runNumber: 18
2025-08-30T01:08:13.9289889Z runId: 17337404413
2025-08-30T01:08:13.9290393Z commitDate: Sat Aug 30 2025 01:07:26 GMT+0000 (Coordinated Universal Time)
2025-08-30T01:08:13.9291406Z ##[endgroup]
2025-08-30T01:08:13.9297745Z ##[group]Processing images input
2025-08-30T01:08:13.9298233Z name=ghcr.io/thc1006/intent-ingest,enable=true
2025-08-30T01:08:13.9298916Z ##[endgroup]
2025-08-30T01:08:13.9323306Z ##[group]Processing tags input
2025-08-30T01:08:13.9324804Z type=semver,pattern={{version}},value=,match=,enable=true,priority=900
2025-08-30T01:08:13.9325596Z type=semver,pattern={{major}}.{{minor}},value=,match=,enable=true,priority=900
2025-08-30T01:08:13.9326365Z type=semver,pattern={{major}},value=,match=,enable=true,priority=900
2025-08-30T01:08:13.9326991Z type=ref,event=branch,enable=true,priority=600
2025-08-30T01:08:13.9327530Z type=ref,event=pr,prefix=pr-,enable=true,priority=600
2025-08-30T01:08:13.9328369Z type=raw,value=latest,enable={{is_default_branch}},priority=200
2025-08-30T01:08:13.9329161Z type=raw,value=backup/pre-cleanup-20250813234213-184-gcfd61f07,enable=true,priority=200
2025-08-30T01:08:13.9330045Z ##[endgroup]
2025-08-30T01:08:13.9330671Z ##[group]Processing flavor input
2025-08-30T01:08:13.9331047Z latest=auto
2025-08-30T01:08:13.9331433Z prefix=
2025-08-30T01:08:13.9331731Z prefixLatest=false
2025-08-30T01:08:13.9332206Z suffix=
2025-08-30T01:08:13.9332560Z suffixLatest=false
2025-08-30T01:08:13.9333086Z ##[endgroup]
2025-08-30T01:08:13.9399356Z ##[group]Docker image version
2025-08-30T01:08:13.9399729Z feat-e2e
2025-08-30T01:08:13.9400213Z ##[endgroup]
2025-08-30T01:08:13.9404244Z ##[group]Docker tags
2025-08-30T01:08:13.9404632Z ghcr.io/thc1006/intent-ingest:feat-e2e
2025-08-30T01:08:13.9405777Z ghcr.io/thc1006/intent-ingest:backup-pre-cleanup-20250813234213-184-gcfd61f07
2025-08-30T01:08:13.9406613Z ##[endgroup]
2025-08-30T01:08:13.9491390Z ##[group]Docker labels
2025-08-30T01:08:13.9492100Z org.opencontainers.image.created=2025-08-30T01:08:13.932Z
2025-08-30T01:08:13.9493664Z org.opencontainers.image.description=Nephoran Intent Operator - intent-ingest service
2025-08-30T01:08:13.9494798Z org.opencontainers.image.licenses=Apache-2.0
2025-08-30T01:08:13.9495855Z org.opencontainers.image.revision=cfd61f07a998be108d0f4e38158c833e0a704af0
2025-08-30T01:08:13.9497429Z org.opencontainers.image.source=https://github.com/thc1006/nephoran-intent-operator
2025-08-30T01:08:13.9498431Z org.opencontainers.image.title=intent-ingest
2025-08-30T01:08:13.9499357Z org.opencontainers.image.url=https://github.com/thc1006/nephoran-intent-operator
2025-08-30T01:08:13.9500307Z org.opencontainers.image.vendor=Nephoran Project
2025-08-30T01:08:13.9501031Z org.opencontainers.image.version=feat-e2e
2025-08-30T01:08:13.9502051Z ##[endgroup]
2025-08-30T01:08:13.9502643Z ##[group]Annotations
2025-08-30T01:08:13.9503185Z manifest:org.opencontainers.image.created=2025-08-30T01:08:13.932Z
2025-08-30T01:08:13.9505394Z manifest:org.opencontainers.image.description=This project is an LLM-Enhanced Nephio R5 and O-RAN Network Automation System. It integrates a Large Language Model with Nephio's intent-based automation to provide a natural language interface for managing and orchestrating telecommunications network functions.
2025-08-30T01:08:13.9507824Z manifest:org.opencontainers.image.licenses=Apache-2.0
2025-08-30T01:08:13.9508664Z manifest:org.opencontainers.image.revision=cfd61f07a998be108d0f4e38158c833e0a704af0
2025-08-30T01:08:13.9509731Z manifest:org.opencontainers.image.source=https://github.com/thc1006/nephoran-intent-operator
2025-08-30T01:08:13.9510727Z manifest:org.opencontainers.image.title=nephoran-intent-operator
2025-08-30T01:08:13.9511669Z manifest:org.opencontainers.image.url=https://github.com/thc1006/nephoran-intent-operator
2025-08-30T01:08:13.9512716Z manifest:org.opencontainers.image.version=feat-e2e
2025-08-30T01:08:13.9513516Z ##[endgroup]
2025-08-30T01:08:13.9514080Z ##[group]JSON output
2025-08-30T01:08:13.9514443Z {
2025-08-30T01:08:13.9514718Z   "tags": [
2025-08-30T01:08:13.9515087Z     "ghcr.io/thc1006/intent-ingest:feat-e2e",
2025-08-30T01:08:13.9515799Z     "ghcr.io/thc1006/intent-ingest:backup-pre-cleanup-20250813234213-184-gcfd61f07"
2025-08-30T01:08:13.9516453Z   ],
2025-08-30T01:08:13.9516741Z   "labels": {
2025-08-30T01:08:13.9517208Z     "org.opencontainers.image.created": "2025-08-30T01:08:13.932Z",
2025-08-30T01:08:13.9518131Z     "org.opencontainers.image.description": "Nephoran Intent Operator - intent-ingest service",
2025-08-30T01:08:13.9519016Z     "org.opencontainers.image.licenses": "Apache-2.0",
2025-08-30T01:08:13.9519793Z     "org.opencontainers.image.revision": "cfd61f07a998be108d0f4e38158c833e0a704af0",
2025-08-30T01:08:13.9520816Z     "org.opencontainers.image.source": "https://github.com/thc1006/nephoran-intent-operator",
2025-08-30T01:08:13.9521691Z     "org.opencontainers.image.title": "intent-ingest",
2025-08-30T01:08:13.9522707Z     "org.opencontainers.image.url": "https://github.com/thc1006/nephoran-intent-operator",
2025-08-30T01:08:13.9523555Z     "org.opencontainers.image.vendor": "Nephoran Project",
2025-08-30T01:08:13.9524177Z     "org.opencontainers.image.version": "feat-e2e"
2025-08-30T01:08:13.9524667Z   },
2025-08-30T01:08:13.9524956Z   "annotations": [
2025-08-30T01:08:13.9525488Z     "manifest:org.opencontainers.image.created=2025-08-30T01:08:13.932Z",
2025-08-30T01:08:13.9527696Z     "manifest:org.opencontainers.image.description=This project is an LLM-Enhanced Nephio R5 and O-RAN Network Automation System. It integrates a Large Language Model with Nephio's intent-based automation to provide a natural language interface for managing and orchestrating telecommunications network functions.",
2025-08-30T01:08:13.9529892Z     "manifest:org.opencontainers.image.licenses=Apache-2.0",
2025-08-30T01:08:13.9530750Z     "manifest:org.opencontainers.image.revision=cfd61f07a998be108d0f4e38158c833e0a704af0",
2025-08-30T01:08:13.9532036Z     "manifest:org.opencontainers.image.source=https://github.com/thc1006/nephoran-intent-operator",
2025-08-30T01:08:13.9533275Z     "manifest:org.opencontainers.image.title=nephoran-intent-operator",
2025-08-30T01:08:13.9534308Z     "manifest:org.opencontainers.image.url=https://github.com/thc1006/nephoran-intent-operator",
2025-08-30T01:08:13.9535216Z     "manifest:org.opencontainers.image.version=feat-e2e"
2025-08-30T01:08:13.9535723Z   ]
2025-08-30T01:08:13.9535999Z }
2025-08-30T01:08:13.9536530Z ##[endgroup]
2025-08-30T01:08:13.9537138Z ##[group]Bake file definition (tags)
2025-08-30T01:08:13.9537556Z {
2025-08-30T01:08:13.9537817Z   "target": {
2025-08-30T01:08:13.9538157Z     "docker-metadata-action": {
2025-08-30T01:08:13.9538547Z       "tags": [
2025-08-30T01:08:13.9538905Z         "ghcr.io/thc1006/intent-ingest:feat-e2e",
2025-08-30T01:08:13.9539640Z         "ghcr.io/thc1006/intent-ingest:backup-pre-cleanup-20250813234213-184-gcfd61f07"
2025-08-30T01:08:13.9540329Z       ],
2025-08-30T01:08:13.9540608Z       "args": {
2025-08-30T01:08:13.9541032Z         "DOCKER_META_IMAGES": "ghcr.io/thc1006/intent-ingest",
2025-08-30T01:08:13.9541585Z         "DOCKER_META_VERSION": "feat-e2e"
2025-08-30T01:08:13.9542210Z       }
2025-08-30T01:08:13.9542502Z     }
2025-08-30T01:08:13.9543015Z   }
2025-08-30T01:08:13.9543279Z }
2025-08-30T01:08:13.9543818Z ##[endgroup]
2025-08-30T01:08:13.9544283Z ##[group]Bake file definition (labels)
2025-08-30T01:08:13.9544525Z {
2025-08-30T01:08:13.9544679Z   "target": {
2025-08-30T01:08:13.9544878Z     "docker-metadata-action": {
2025-08-30T01:08:13.9545093Z       "labels": {
2025-08-30T01:08:13.9545363Z         "org.opencontainers.image.created": "2025-08-30T01:08:13.932Z",
2025-08-30T01:08:13.9545863Z         "org.opencontainers.image.description": "Nephoran Intent Operator - intent-ingest service",
2025-08-30T01:08:13.9546341Z         "org.opencontainers.image.licenses": "Apache-2.0",
2025-08-30T01:08:13.9546766Z         "org.opencontainers.image.revision": "cfd61f07a998be108d0f4e38158c833e0a704af0",
2025-08-30T01:08:13.9547324Z         "org.opencontainers.image.source": "https://github.com/thc1006/nephoran-intent-operator",
2025-08-30T01:08:13.9547782Z         "org.opencontainers.image.title": "intent-ingest",
2025-08-30T01:08:13.9548213Z         "org.opencontainers.image.url": "https://github.com/thc1006/nephoran-intent-operator",
2025-08-30T01:08:13.9548664Z         "org.opencontainers.image.vendor": "Nephoran Project",
2025-08-30T01:08:13.9549003Z         "org.opencontainers.image.version": "feat-e2e"
2025-08-30T01:08:13.9549264Z       }
2025-08-30T01:08:13.9549415Z     }
2025-08-30T01:08:13.9549563Z   }
2025-08-30T01:08:13.9549704Z }
2025-08-30T01:08:13.9549984Z ##[endgroup]
2025-08-30T01:08:13.9550305Z ##[group]Bake file definition (annotations)
2025-08-30T01:08:13.9550546Z {
2025-08-30T01:08:13.9550696Z   "target": {
2025-08-30T01:08:13.9550876Z     "docker-metadata-action": {
2025-08-30T01:08:13.9551100Z       "annotations": [
2025-08-30T01:08:13.9551397Z         "manifest:org.opencontainers.image.created=2025-08-30T01:08:13.932Z",
2025-08-30T01:08:13.9552825Z         "manifest:org.opencontainers.image.description=This project is an LLM-Enhanced Nephio R5 and O-RAN Network Automation System. It integrates a Large Language Model with Nephio's intent-based automation to provide a natural language interface for managing and orchestrating telecommunications network functions.",
2025-08-30T01:08:13.9554033Z         "manifest:org.opencontainers.image.licenses=Apache-2.0",
2025-08-30T01:08:13.9554505Z         "manifest:org.opencontainers.image.revision=cfd61f07a998be108d0f4e38158c833e0a704af0",
2025-08-30T01:08:13.9555109Z         "manifest:org.opencontainers.image.source=https://github.com/thc1006/nephoran-intent-operator",
2025-08-30T01:08:13.9555664Z         "manifest:org.opencontainers.image.title=nephoran-intent-operator",
2025-08-30T01:08:13.9556199Z         "manifest:org.opencontainers.image.url=https://github.com/thc1006/nephoran-intent-operator",
2025-08-30T01:08:13.9556956Z         "manifest:org.opencontainers.image.version=feat-e2e"
2025-08-30T01:08:13.9557397Z       ]
2025-08-30T01:08:13.9557844Z     }
2025-08-30T01:08:13.9558090Z   }
2025-08-30T01:08:13.9558313Z }
2025-08-30T01:08:13.9558761Z ##[endgroup]
2025-08-30T01:08:14.0037105Z ##[warning]Unexpected input(s) 'attestations', valid inputs are ['add-hosts', 'allow', 'annotations', 'attests', 'build-args', 'build-contexts', 'builder', 'cache-from', 'cache-to', 'call', 'cgroup-parent', 'context', 'file', 'labels', 'load', 'network', 'no-cache', 'no-cache-filters', 'outputs', 'platforms', 'provenance', 'pull', 'push', 'sbom', 'secrets', 'secret-envs', 'secret-files', 'shm-size', 'ssh', 'tags', 'target', 'ulimit', 'github-token']
2025-08-30T01:08:14.0042959Z ##[group]Run docker/build-push-action@v6
2025-08-30T01:08:14.0043219Z with:
2025-08-30T01:08:14.0043389Z   context: .
2025-08-30T01:08:14.0043566Z   file: Dockerfile
2025-08-30T01:08:14.0043754Z   target: go-runtime
2025-08-30T01:08:14.0043968Z   platforms: linux/amd64,linux/arm64
2025-08-30T01:08:14.0044207Z   push: true
2025-08-30T01:08:14.0044673Z   tags: ghcr.io/thc1006/intent-ingest:feat-e2e
ghcr.io/thc1006/intent-ingest:backup-pre-cleanup-20250813234213-184-gcfd61f07
2025-08-30T01:08:14.0047058Z   labels: org.opencontainers.image.created=2025-08-30T01:08:13.932Z
org.opencontainers.image.description=Nephoran Intent Operator - intent-ingest service
org.opencontainers.image.licenses=Apache-2.0
org.opencontainers.image.revision=cfd61f07a998be108d0f4e38158c833e0a704af0
org.opencontainers.image.source=https://github.com/thc1006/nephoran-intent-operator
org.opencontainers.image.title=intent-ingest
org.opencontainers.image.url=https://github.com/thc1006/nephoran-intent-operator
org.opencontainers.image.vendor=Nephoran Project
org.opencontainers.image.version=feat-e2e
2025-08-30T01:08:14.0050235Z   build-args: SERVICE=intent-ingest
VERSION=backup/pre-cleanup-20250813234213-184-gcfd61f07
BUILD_DATE=2025-08-30T01:07:51Z
VCS_REF=cfd61f07a998be108d0f4e38158c833e0a704af0
SERVICE_TYPE=go
CGO_ENABLED=0
GO_VERSION=1.24.1
ALPINE_VERSION=3.21
BUILDKIT_INLINE_CACHE=1
BUILDPLATFORM=linux/amd64
TARGETPLATFORM=linux/amd64
TARGETOS=linux
TARGETARCH=amd64

2025-08-30T01:08:14.0052030Z   cache-from: type=gha,scope=buildx-intent-ingest-feat/e2e
type=gha,scope=buildx-intent-ingest-main
type=registry,ref=ghcr.io/thc1006/intent-ingest:buildcache

2025-08-30T01:08:14.0053101Z   cache-to: type=gha,mode=max,scope=buildx-intent-ingest-feat/e2e
type=registry,ref=ghcr.io/thc1006/intent-ingest:buildcache,mode=max,compression=zstd,force-compression=true

2025-08-30T01:08:14.0053763Z   provenance: mode=max
2025-08-30T01:08:14.0053962Z   sbom: true
2025-08-30T01:08:14.0054281Z   attestations: type=provenance,mode=max
type=sbom,generator=docker/buildx-action

2025-08-30T01:08:14.0054660Z   load: false
2025-08-30T01:08:14.0054837Z   no-cache: false
2025-08-30T01:08:14.0055021Z   pull: false
2025-08-30T01:08:14.0055325Z   github-token: ***
2025-08-30T01:08:14.0055514Z env:
2025-08-30T01:08:14.0055690Z   REGISTRY: ghcr.io
2025-08-30T01:08:14.0055888Z   REGISTRY_USERNAME: thc1006
2025-08-30T01:08:14.0056204Z   REGISTRY_PASSWORD: ***
2025-08-30T01:08:14.0056416Z   REGISTRY_NAMESPACE: thc1006
2025-08-30T01:08:14.0056635Z   DOCKER_BUILDKIT: 1
2025-08-30T01:08:14.0056850Z   BUILDX_NO_DEFAULT_ATTESTATIONS: 0
2025-08-30T01:08:14.0057095Z   BUILDX_ATTESTATION_MODE: max
2025-08-30T01:08:14.0057312Z   CGO_ENABLED: 0
2025-08-30T01:08:14.0057491Z   GOOS: linux
2025-08-30T01:08:14.0057663Z   GOARCH: amd64
2025-08-30T01:08:14.0057946Z   GO_VERSION: 1.24.1
2025-08-30T01:08:14.0058180Z   ALPINE_VERSION: 3.21
2025-08-30T01:08:14.0058383Z   BUILDKIT_PROGRESS: plain
2025-08-30T01:08:14.0058602Z   DOCKER_SCAN_SUGGEST: false
2025-08-30T01:08:14.0058841Z   DOCKER_METADATA_OUTPUT_VERSION: feat-e2e
2025-08-30T01:08:14.0059451Z   DOCKER_METADATA_OUTPUT_TAGS: ghcr.io/thc1006/intent-ingest:feat-e2e
ghcr.io/thc1006/intent-ingest:backup-pre-cleanup-20250813234213-184-gcfd61f07
2025-08-30T01:08:14.0062294Z   DOCKER_METADATA_OUTPUT_LABELS: org.opencontainers.image.created=2025-08-30T01:08:13.932Z
org.opencontainers.image.description=Nephoran Intent Operator - intent-ingest service
org.opencontainers.image.licenses=Apache-2.0
org.opencontainers.image.revision=cfd61f07a998be108d0f4e38158c833e0a704af0
org.opencontainers.image.source=https://github.com/thc1006/nephoran-intent-operator
org.opencontainers.image.title=intent-ingest
org.opencontainers.image.url=https://github.com/thc1006/nephoran-intent-operator
org.opencontainers.image.vendor=Nephoran Project
org.opencontainers.image.version=feat-e2e
2025-08-30T01:08:14.0067105Z   DOCKER_METADATA_OUTPUT_ANNOTATIONS: manifest:org.opencontainers.image.created=2025-08-30T01:08:13.932Z
manifest:org.opencontainers.image.description=This project is an LLM-Enhanced Nephio R5 and O-RAN Network Automation System. It integrates a Large Language Model with Nephio's intent-based automation to provide a natural language interface for managing and orchestrating telecommunications network functions.
manifest:org.opencontainers.image.licenses=Apache-2.0
manifest:org.opencontainers.image.revision=cfd61f07a998be108d0f4e38158c833e0a704af0
manifest:org.opencontainers.image.source=https://github.com/thc1006/nephoran-intent-operator
manifest:org.opencontainers.image.title=nephoran-intent-operator
manifest:org.opencontainers.image.url=https://github.com/thc1006/nephoran-intent-operator
manifest:org.opencontainers.image.version=feat-e2e
2025-08-30T01:08:14.0075342Z   DOCKER_METADATA_OUTPUT_JSON: {"tags":["ghcr.io/thc1006/intent-ingest:feat-e2e","ghcr.io/thc1006/intent-ingest:backup-pre-cleanup-20250813234213-184-gcfd61f07"],"labels":{"org.opencontainers.image.created":"2025-08-30T01:08:13.932Z","org.opencontainers.image.description":"Nephoran Intent Operator - intent-ingest service","org.opencontainers.image.licenses":"Apache-2.0","org.opencontainers.image.revision":"cfd61f07a998be108d0f4e38158c833e0a704af0","org.opencontainers.image.source":"https://github.com/thc1006/nephoran-intent-operator","org.opencontainers.image.title":"intent-ingest","org.opencontainers.image.url":"https://github.com/thc1006/nephoran-intent-operator","org.opencontainers.image.vendor":"Nephoran Project","org.opencontainers.image.version":"feat-e2e"},"annotations":["manifest:org.opencontainers.image.created=2025-08-30T01:08:13.932Z","manifest:org.opencontainers.image.description=This project is an LLM-Enhanced Nephio R5 and O-RAN Network Automation System. It integrates a Large Language Model with Nephio's intent-based automation to provide a natural language interface for managing and orchestrating telecommunications network functions.","manifest:org.opencontainers.image.licenses=Apache-2.0","manifest:org.opencontainers.image.revision=cfd61f07a998be108d0f4e38158c833e0a704af0","manifest:org.opencontainers.image.source=https://github.com/thc1006/nephoran-intent-operator","manifest:org.opencontainers.image.title=nephoran-intent-operator","manifest:org.opencontainers.image.url=https://github.com/thc1006/nephoran-intent-operator","manifest:org.opencontainers.image.version=feat-e2e"]}
2025-08-30T01:08:14.0081137Z   DOCKER_METADATA_OUTPUT_BAKE_FILE_TAGS: /home/runner/work/_temp/docker-actions-toolkit-6uwjcy/docker-metadata-action-bake-tags.json
2025-08-30T01:08:14.0082216Z   DOCKER_METADATA_OUTPUT_BAKE_FILE_LABELS: /home/runner/work/_temp/docker-actions-toolkit-6uwjcy/docker-metadata-action-bake-labels.json
2025-08-30T01:08:14.0083134Z   DOCKER_METADATA_OUTPUT_BAKE_FILE_ANNOTATIONS: /home/runner/work/_temp/docker-actions-toolkit-6uwjcy/docker-metadata-action-bake-annotations.json
2025-08-30T01:08:14.0083993Z   DOCKER_METADATA_OUTPUT_BAKE_FILE: /home/runner/work/_temp/docker-actions-toolkit-6uwjcy/docker-metadata-action-bake.json
2025-08-30T01:08:14.0084496Z ##[endgroup]
2025-08-30T01:08:14.2817311Z ##[group]GitHub Actions runtime token ACs
2025-08-30T01:08:14.2832791Z refs/heads/feat/e2e: read/write
2025-08-30T01:08:14.2833486Z refs/heads/main: read
2025-08-30T01:08:14.2834572Z ##[endgroup]
2025-08-30T01:08:14.2835530Z ##[group]Docker info
2025-08-30T01:08:14.2887151Z [command]/usr/bin/docker version
2025-08-30T01:08:14.3090373Z Client: Docker Engine - Community
2025-08-30T01:08:14.3094199Z  Version:           28.0.4
2025-08-30T01:08:14.3094998Z  API version:       1.48
2025-08-30T01:08:14.3095740Z  Go version:        go1.23.7
2025-08-30T01:08:14.3096133Z  Git commit:        b8034c0
2025-08-30T01:08:14.3096507Z  Built:             Tue Mar 25 15:07:16 2025
2025-08-30T01:08:14.3096919Z  OS/Arch:           linux/amd64
2025-08-30T01:08:14.3097276Z  Context:           default
2025-08-30T01:08:14.3097494Z 
2025-08-30T01:08:14.3097649Z Server: Docker Engine - Community
2025-08-30T01:08:14.3098020Z  Engine:
2025-08-30T01:08:14.3098313Z   Version:          28.0.4
2025-08-30T01:08:14.3098565Z   API version:      1.48 (minimum version 1.24)
2025-08-30T01:08:14.3098821Z   Go version:       go1.23.7
2025-08-30T01:08:14.3099053Z   Git commit:       6430e49
2025-08-30T01:08:14.3099272Z   Built:            Tue Mar 25 15:07:16 2025
2025-08-30T01:08:14.3099511Z   OS/Arch:          linux/amd64
2025-08-30T01:08:14.3099727Z   Experimental:     false
2025-08-30T01:08:14.3099930Z  containerd:
2025-08-30T01:08:14.3100099Z   Version:          1.7.27
2025-08-30T01:08:14.3100349Z   GitCommit:        05044ec0a9a75232cad458027ca83437aae3f4da
2025-08-30T01:08:14.3100785Z  runc:
2025-08-30T01:08:14.3100955Z   Version:          1.2.5
2025-08-30T01:08:14.3101155Z   GitCommit:        v1.2.5-0-g59923ef
2025-08-30T01:08:14.3101389Z  docker-init:
2025-08-30T01:08:14.3101568Z   Version:          0.19.0
2025-08-30T01:08:14.3101767Z   GitCommit:        de40ad0
2025-08-30T01:08:14.3147792Z [command]/usr/bin/docker info
2025-08-30T01:08:14.3759105Z Client: Docker Engine - Community
2025-08-30T01:08:14.3759598Z  Version:    28.0.4
2025-08-30T01:08:14.3759900Z  Context:    default
2025-08-30T01:08:14.3760214Z  Debug Mode: false
2025-08-30T01:08:14.3760553Z  Plugins:
2025-08-30T01:08:14.3760869Z   buildx: Docker Buildx (Docker Inc.)
2025-08-30T01:08:14.3761275Z     Version:  v0.27.0
2025-08-30T01:08:14.3761703Z     Path:     /home/runner/.docker/cli-plugins/docker-buildx
2025-08-30T01:08:14.3762383Z   compose: Docker Compose (Docker Inc.)
2025-08-30T01:08:14.3762776Z     Version:  v2.38.2
2025-08-30T01:08:14.3763204Z     Path:     /usr/libexec/docker/cli-plugins/docker-compose
2025-08-30T01:08:14.3763561Z 
2025-08-30T01:08:14.3763673Z Server:
2025-08-30T01:08:14.3763916Z  Containers: 1
2025-08-30T01:08:14.3764191Z   Running: 1
2025-08-30T01:08:14.3764499Z   Paused: 0
2025-08-30T01:08:14.3764753Z   Stopped: 0
2025-08-30T01:08:14.3765031Z  Images: 1
2025-08-30T01:08:14.3765303Z  Server Version: 28.0.4
2025-08-30T01:08:14.3765663Z  Storage Driver: overlay2
2025-08-30T01:08:14.3766011Z   Backing Filesystem: extfs
2025-08-30T01:08:14.3766369Z   Supports d_type: true
2025-08-30T01:08:14.3766722Z   Using metacopy: false
2025-08-30T01:08:14.3767044Z   Native Overlay Diff: false
2025-08-30T01:08:14.3767383Z   userxattr: false
2025-08-30T01:08:14.3767691Z  Logging Driver: json-file
2025-08-30T01:08:14.3768032Z  Cgroup Driver: systemd
2025-08-30T01:08:14.3768354Z  Cgroup Version: 2
2025-08-30T01:08:14.3768648Z  Plugins:
2025-08-30T01:08:14.3768907Z   Volume: local
2025-08-30T01:08:14.3769253Z   Network: bridge host ipvlan macvlan null overlay
2025-08-30T01:08:14.3769869Z   Log: awslogs fluentd gcplogs gelf journald json-file local splunk syslog
2025-08-30T01:08:14.3770411Z  Swarm: inactive
2025-08-30T01:08:14.3770737Z  Runtimes: io.containerd.runc.v2 runc
2025-08-30T01:08:14.3771132Z  Default Runtime: runc
2025-08-30T01:08:14.3771447Z  Init Binary: docker-init
2025-08-30T01:08:14.3772256Z  containerd version: 05044ec0a9a75232cad458027ca83437aae3f4da
2025-08-30T01:08:14.3772770Z  runc version: v1.2.5-0-g59923ef
2025-08-30T01:08:14.3773136Z  init version: de40ad0
2025-08-30T01:08:14.3773466Z  Security Options:
2025-08-30T01:08:14.3773774Z   apparmor
2025-08-30T01:08:14.3774045Z   seccomp
2025-08-30T01:08:14.3774307Z    Profile: builtin
2025-08-30T01:08:14.3774599Z   cgroupns
2025-08-30T01:08:14.3774878Z  Kernel Version: 6.11.0-1018-azure
2025-08-30T01:08:14.3775268Z  Operating System: Ubuntu 24.04.3 LTS
2025-08-30T01:08:14.3775653Z  OSType: linux
2025-08-30T01:08:14.3775947Z  Architecture: x86_64
2025-08-30T01:08:14.3776249Z  CPUs: 4
2025-08-30T01:08:14.3776547Z  Total Memory: 15.62GiB
2025-08-30T01:08:14.3777248Z  Name: pkrvmccyg1gnepe
2025-08-30T01:08:14.3777597Z  ID: 1acf8ebc-766d-4eb7-bec2-c07f6b4097da
2025-08-30T01:08:14.3778019Z  Docker Root Dir: /var/lib/docker
2025-08-30T01:08:14.3778410Z  Debug Mode: false
2025-08-30T01:08:14.3778628Z  Username: githubactions
2025-08-30T01:08:14.3778844Z  Experimental: false
2025-08-30T01:08:14.3779043Z  Insecure Registries:
2025-08-30T01:08:14.3779249Z   ::1/128
2025-08-30T01:08:14.3779406Z   127.0.0.0/8
2025-08-30T01:08:14.3779582Z  Live Restore Enabled: false
2025-08-30T01:08:14.3779723Z 
2025-08-30T01:08:14.3783196Z ##[endgroup]
2025-08-30T01:08:14.3783736Z ##[group]Proxy configuration
2025-08-30T01:08:14.3786644Z No proxy configuration found
2025-08-30T01:08:14.3787584Z ##[endgroup]
2025-08-30T01:08:14.4276248Z ##[group]Buildx version
2025-08-30T01:08:14.4297901Z [command]/usr/bin/docker buildx version
2025-08-30T01:08:14.4723804Z github.com/docker/buildx v0.27.0 bac71def78b077ee6a2607119f88e291861b18ac
2025-08-30T01:08:14.4757083Z ##[endgroup]
2025-08-30T01:08:14.4758087Z ##[group]Builder info
2025-08-30T01:08:14.5646387Z {
2025-08-30T01:08:14.5646726Z   "nodes": [
2025-08-30T01:08:14.5646930Z     {
2025-08-30T01:08:14.5647191Z       "name": "builder-048c8c19-5de2-41d8-a2b4-eb6b07f9152f0",
2025-08-30T01:08:14.5647525Z       "endpoint": "unix:///var/run/docker.sock",
2025-08-30T01:08:14.5647803Z       "driver-opts": [
2025-08-30T01:08:14.5648020Z         "image=moby/buildkit:v0.16.0",
2025-08-30T01:08:14.5648249Z         "network=host"
2025-08-30T01:08:14.5648431Z       ],
2025-08-30T01:08:14.5648598Z       "status": "running",
2025-08-30T01:08:14.5649064Z       "buildkitd-flags": "--allow-insecure-entitlement security.insecure --allow-insecure-entitlement network.host",
2025-08-30T01:08:14.5649552Z       "buildkit": "v0.16.0",
2025-08-30T01:08:14.5649856Z       "platforms": "linux/amd64,linux/amd64/v2,linux/amd64/v3,linux/386",
2025-08-30T01:08:14.5650180Z       "features": {
2025-08-30T01:08:14.5650482Z         "Automatically load images to the Docker Engine image store": true,
2025-08-30T01:08:14.5650831Z         "Cache export": true,
2025-08-30T01:08:14.5651057Z         "Direct push": true,
2025-08-30T01:08:14.5651270Z         "Docker exporter": true,
2025-08-30T01:08:14.5651505Z         "Multi-platform build": true,
2025-08-30T01:08:14.5651745Z         "OCI exporter": true
2025-08-30T01:08:14.5652598Z       },
2025-08-30T01:08:14.5652771Z       "labels": {
2025-08-30T01:08:14.5653021Z         "org.mobyproject.buildkit.worker.executor": "oci",
2025-08-30T01:08:14.5653406Z         "org.mobyproject.buildkit.worker.hostname": "pkrvmccyg1gnepe",
2025-08-30T01:08:14.5653788Z         "org.mobyproject.buildkit.worker.network": "host",
2025-08-30T01:08:14.5654178Z         "org.mobyproject.buildkit.worker.oci.process-mode": "sandbox",
2025-08-30T01:08:14.5654592Z         "org.mobyproject.buildkit.worker.selinux.enabled": "false",
2025-08-30T01:08:14.5654983Z         "org.mobyproject.buildkit.worker.snapshotter": "overlayfs"
2025-08-30T01:08:14.5655292Z       },
2025-08-30T01:08:14.5655459Z       "gcPolicy": [
2025-08-30T01:08:14.5655632Z         {
2025-08-30T01:08:14.5655796Z           "all": false,
2025-08-30T01:08:14.5655985Z           "filter": [
2025-08-30T01:08:14.5656173Z             "type==source.local",
2025-08-30T01:08:14.5656405Z             "type==exec.cachemount",
2025-08-30T01:08:14.5656650Z             "type==source.git.checkout"
2025-08-30T01:08:14.5656872Z           ],
2025-08-30T01:08:14.5657051Z           "keepDuration": "48h0m0s",
2025-08-30T01:08:14.5657288Z           "reservedSpace": "488.3MiB"
2025-08-30T01:08:14.5657502Z         },
2025-08-30T01:08:14.5657661Z         {
2025-08-30T01:08:14.5657821Z           "all": false,
2025-08-30T01:08:14.5658034Z           "keepDuration": "1440h0m0s",
2025-08-30T01:08:14.5658266Z           "reservedSpace": "7.451GiB"
2025-08-30T01:08:14.5658483Z         },
2025-08-30T01:08:14.5658635Z         {
2025-08-30T01:08:14.5658788Z           "all": false,
2025-08-30T01:08:14.5659223Z           "reservedSpace": "7.451GiB"
2025-08-30T01:08:14.5659450Z         },
2025-08-30T01:08:14.5659596Z         {
2025-08-30T01:08:14.5659768Z           "all": true,
2025-08-30T01:08:14.5659965Z           "reservedSpace": "7.451GiB"
2025-08-30T01:08:14.5660174Z         }
2025-08-30T01:08:14.5660325Z       ],
2025-08-30T01:08:14.5660479Z       "files": {
2025-08-30T01:08:14.5661163Z         "buildkitd.toml": "[cache]\n  max-age = \"168h\"\n\n[registry]\n\n  [registry.\"ghcr.io\"]\n    mirrors = [\"mirror.gcr.io\"]\n\n[worker]\n\n  [worker.oci]\n    gc-keep-storage = \"2GB\"\n    max-parallelism = 4\n    snapshotter = \"overlayfs\"\n"
2025-08-30T01:08:14.5662069Z       }
2025-08-30T01:08:14.5662229Z     }
2025-08-30T01:08:14.5662377Z   ],
2025-08-30T01:08:14.5662588Z   "name": "builder-048c8c19-5de2-41d8-a2b4-eb6b07f9152f",
2025-08-30T01:08:14.5662887Z   "driver": "docker-container",
2025-08-30T01:08:14.5663127Z   "lastActivity": "2025-08-30T01:08:09.000Z"
2025-08-30T01:08:14.5663355Z }
2025-08-30T01:08:14.5663730Z ##[endgroup]
2025-08-30T01:08:14.6261052Z [command]/usr/bin/docker buildx build --build-arg SERVICE=intent-ingest --build-arg VERSION=backup/pre-cleanup-20250813234213-184-gcfd61f07 --build-arg BUILD_DATE=2025-08-30T01:07:51Z --build-arg VCS_REF=cfd61f07a998be108d0f4e38158c833e0a704af0 --build-arg SERVICE_TYPE=go --build-arg CGO_ENABLED=0 --build-arg GO_VERSION=1.24.1 --build-arg ALPINE_VERSION=3.21 --build-arg BUILDKIT_INLINE_CACHE=1 --build-arg BUILDPLATFORM=linux/amd64 --build-arg TARGETPLATFORM=linux/amd64 --build-arg TARGETOS=linux --build-arg TARGETARCH=amd64 --cache-from type=gha,scope=buildx-intent-ingest-feat/e2e --cache-from type=gha,scope=buildx-intent-ingest-main --cache-from type=registry,ref=ghcr.io/thc1006/intent-ingest:buildcache --cache-to type=gha,mode=max,scope=buildx-intent-ingest-feat/e2e --cache-to type=registry,ref=ghcr.io/thc1006/intent-ingest:buildcache,mode=max,compression=zstd,force-compression=true --file Dockerfile --iidfile /home/runner/work/_temp/docker-actions-toolkit-5Fvmn0/build-iidfile-8992f651ec.txt --label org.opencontainers.image.created=2025-08-30T01:08:13.932Z --label org.opencontainers.image.description=Nephoran Intent Operator - intent-ingest service --label org.opencontainers.image.licenses=Apache-2.0 --label org.opencontainers.image.revision=cfd61f07a998be108d0f4e38158c833e0a704af0 --label org.opencontainers.image.source=https://github.com/thc1006/nephoran-intent-operator --label org.opencontainers.image.title=intent-ingest --label org.opencontainers.image.url=https://github.com/thc1006/nephoran-intent-operator --label org.opencontainers.image.vendor=Nephoran Project --label org.opencontainers.image.version=feat-e2e --platform linux/amd64,linux/arm64 --attest type=provenance,mode=max,builder-id=https://github.com/thc1006/nephoran-intent-operator/actions/runs/17337404413/attempts/1 --attest type=sbom,disabled=false --tag ghcr.io/thc1006/intent-ingest:feat-e2e --tag ghcr.io/thc1006/intent-ingest:backup-pre-cleanup-20250813234213-184-gcfd61f07 --target go-runtime --metadata-file /home/runner/work/_temp/docker-actions-toolkit-5Fvmn0/build-metadata-4261ea1412.json --push .
2025-08-30T01:08:14.9302908Z #0 building with "builder-048c8c19-5de2-41d8-a2b4-eb6b07f9152f" instance using docker-container driver
2025-08-30T01:08:14.9303527Z 
2025-08-30T01:08:14.9303663Z #1 [internal] load build definition from Dockerfile
2025-08-30T01:08:14.9303975Z #1 transferring dockerfile: 7.99kB done
2025-08-30T01:08:14.9304222Z #1 DONE 0.0s
2025-08-30T01:08:14.9304336Z 
2025-08-30T01:08:14.9304503Z #2 [auth] docker/dockerfile:pull token for registry-1.docker.io
2025-08-30T01:08:14.9304811Z #2 DONE 0.0s
2025-08-30T01:08:14.9304911Z 
2025-08-30T01:08:14.9305144Z #3 resolve image config for docker-image://docker.io/docker/dockerfile:1.9-labs
2025-08-30T01:08:15.1028686Z #3 DONE 0.4s
2025-08-30T01:08:15.2346387Z 
2025-08-30T01:08:15.2348119Z #4 docker-image://docker.io/docker/dockerfile:1.9-labs@sha256:64585ac36e6af50f0078728783f6a874c6f5f63bd31ec94195ca44b69ed1e7f8
2025-08-30T01:08:15.2349819Z #4 resolve docker.io/docker/dockerfile:1.9-labs@sha256:64585ac36e6af50f0078728783f6a874c6f5f63bd31ec94195ca44b69ed1e7f8 done
2025-08-30T01:08:15.2350591Z #4 sha256:02859da31a2370072fd1f4c4378ddce1d94ba993a0a9ebb83d10f5b7dfa2f27d 12.46MB / 12.46MB 0.1s done
2025-08-30T01:08:15.3822431Z #4 extracting sha256:02859da31a2370072fd1f4c4378ddce1d94ba993a0a9ebb83d10f5b7dfa2f27d 0.1s done
2025-08-30T01:08:15.3822927Z #4 DONE 0.2s
2025-08-30T01:08:15.3823042Z 
2025-08-30T01:08:15.3823314Z #5 resolve image config for docker-image://docker.io/docker/buildkit-syft-scanner:stable-1
2025-08-30T01:08:15.5435868Z #5 ...
2025-08-30T01:08:15.5436056Z 
2025-08-30T01:08:15.5436298Z #6 [auth] docker/buildkit-syft-scanner:pull token for registry-1.docker.io
2025-08-30T01:08:15.5436682Z #6 DONE 0.0s
2025-08-30T01:08:15.6267178Z 
2025-08-30T01:08:15.6269482Z #5 resolve image config for docker-image://docker.io/docker/buildkit-syft-scanner:stable-1
2025-08-30T01:08:15.6270383Z #5 DONE 0.2s
2025-08-30T01:08:15.6820856Z Dockerfile:1
2025-08-30T01:08:15.6821434Z --------------------
2025-08-30T01:08:15.6822297Z    1 | >>> # syntax=docker/dockerfile:1.9-labs
2025-08-30T01:08:15.6822809Z    2 |     # =============================================================================
2025-08-30T01:08:15.6823464Z    3 |     # FIXED Production Dockerfile for Nephoran Intent Operator (2025)
2025-08-30T01:08:15.6824060Z --------------------
2025-08-30T01:08:15.6824608Z ERROR: failed to build: failed to solve: target stage "go-runtime" could not be found
2025-08-30T01:08:15.6874531Z ##[group]Reference
2025-08-30T01:08:15.7668906Z builder-048c8c19-5de2-41d8-a2b4-eb6b07f9152f/builder-048c8c19-5de2-41d8-a2b4-eb6b07f9152f0/74xnse34jh6gidjg4mnkxjckh
2025-08-30T01:08:15.7670227Z ##[endgroup]
2025-08-30T01:08:15.7670820Z ##[group]Check build summary support
2025-08-30T01:08:15.7674856Z Build summary supported!
2025-08-30T01:08:15.7675770Z ##[endgroup]
2025-08-30T01:08:15.7692443Z ##[error]buildx failed with: ERROR: failed to build: failed to solve: target stage "go-runtime" could not be found
2025-08-30T01:08:15.7824905Z ##[warning]Unexpected input(s) 'attestations', valid inputs are ['add-hosts', 'allow', 'annotations', 'attests', 'build-args', 'build-contexts', 'builder', 'cache-from', 'cache-to', 'call', 'cgroup-parent', 'context', 'file', 'labels', 'load', 'network', 'no-cache', 'no-cache-filters', 'outputs', 'platforms', 'provenance', 'pull', 'push', 'sbom', 'secrets', 'secret-envs', 'secret-files', 'shm-size', 'ssh', 'tags', 'target', 'ulimit', 'github-token']
2025-08-30T01:08:15.7830362Z Post job cleanup.
2025-08-30T01:08:16.0479637Z ##[group]Generating build summary
2025-08-30T01:08:16.0485388Z exporting build record to /home/runner/work/_temp/docker-actions-toolkit-TGwiVN/export
2025-08-30T01:08:16.2003355Z [command]/usr/bin/docker buildx history export --builder builder-048c8c19-5de2-41d8-a2b4-eb6b07f9152f --output /home/runner/work/_temp/docker-actions-toolkit-TGwiVN/export/thc1006~nephoran-intent-operator~74XNSE.dockerbuild 74xnse34jh6gidjg4mnkxjckh --finalize
2025-08-30T01:08:16.3427011Z Build record written to /home/runner/work/_temp/docker-actions-toolkit-TGwiVN/export/thc1006~nephoran-intent-operator~74XNSE.dockerbuild (20.99 KB)
2025-08-30T01:08:16.3453333Z Uploading thc1006~nephoran-intent-operator~74XNSE.dockerbuild to blob storage
2025-08-30T01:08:16.4281429Z Beginning upload of artifact content to blob storage
2025-08-30T01:08:16.4382249Z Uploaded bytes 21489
2025-08-30T01:08:16.4887271Z Finished uploading artifact content to blob storage!
2025-08-30T01:08:16.4893031Z SHA256 hash of uploaded artifact is 6c8bf19b06baa10b1f6f43e750050c8daa71c14c3f48ae0e464793d597e6458c
2025-08-30T01:08:16.4894532Z Finalizing artifact upload
2025-08-30T01:08:16.5976944Z Artifact successfully finalized (3887734928)
2025-08-30T01:08:16.5978450Z Artifact download URL: https://github.com/thc1006/nephoran-intent-operator/actions/runs/17337404413/artifacts/3887734928
2025-08-30T01:08:16.6012891Z Writing summary
2025-08-30T01:08:16.6026352Z ##[endgroup]
2025-08-30T01:08:16.6027243Z ##[group]Removing temp folder /home/runner/work/_temp/docker-actions-toolkit-5Fvmn0
2025-08-30T01:08:16.6033159Z ##[endgroup]
2025-08-30T01:08:16.6033774Z ##[group]Post cache
2025-08-30T01:08:16.6035096Z State not set
2025-08-30T01:08:16.6035733Z ##[endgroup]
2025-08-30T01:08:16.6168006Z Post job cleanup.
2025-08-30T01:08:16.9421300Z ##[group]Post cache
2025-08-30T01:08:16.9423858Z State not set
2025-08-30T01:08:16.9425031Z ##[endgroup]
2025-08-30T01:08:16.9567965Z ##[warning]Input 'config-inline' has been deprecated with message: Use buildkitd-config-inline instead
2025-08-30T01:08:16.9583501Z Post job cleanup.
2025-08-30T01:08:17.2338015Z ##[group]Removing builder
2025-08-30T01:08:17.3311309Z [command]/usr/bin/docker buildx rm builder-048c8c19-5de2-41d8-a2b4-eb6b07f9152f
2025-08-30T01:08:17.4335706Z builder-048c8c19-5de2-41d8-a2b4-eb6b07f9152f removed
2025-08-30T01:08:17.4369028Z ##[endgroup]
2025-08-30T01:08:17.4370677Z ##[group]Cleaning up certificates
2025-08-30T01:08:17.4378286Z ##[endgroup]
2025-08-30T01:08:17.4378919Z ##[group]Restoring default builder
2025-08-30T01:08:17.4394654Z [command]/usr/bin/docker buildx uninstall
2025-08-30T01:08:17.4862278Z ##[endgroup]
2025-08-30T01:08:17.4862891Z ##[group]Post cache
2025-08-30T01:08:17.4864853Z State not set
2025-08-30T01:08:17.4866370Z ##[endgroup]
2025-08-30T01:08:17.4986111Z Post job cleanup.
2025-08-30T01:08:17.5902929Z [command]/usr/bin/git version
2025-08-30T01:08:17.5939066Z git version 2.51.0
2025-08-30T01:08:17.5982841Z Temporarily overriding HOME='/home/runner/work/_temp/fd8eb0e8-790e-4c4d-9c4a-e21e3643585f' before making global git config changes
2025-08-30T01:08:17.5984138Z Adding repository directory to the temporary git global config as a safe directory
2025-08-30T01:08:17.5996576Z [command]/usr/bin/git config --global --add safe.directory /home/runner/work/nephoran-intent-operator/nephoran-intent-operator
2025-08-30T01:08:17.6030555Z [command]/usr/bin/git config --local --name-only --get-regexp core\.sshCommand
2025-08-30T01:08:17.6063051Z [command]/usr/bin/git submodule foreach --recursive sh -c "git config --local --name-only --get-regexp 'core\.sshCommand' && git config --local --unset-all 'core.sshCommand' || :"
2025-08-30T01:08:17.6295150Z [command]/usr/bin/git config --local --name-only --get-regexp http\.https\:\/\/github\.com\/\.extraheader
2025-08-30T01:08:17.6318141Z http.https://github.com/.extraheader
2025-08-30T01:08:17.6335990Z [command]/usr/bin/git config --local --unset-all http.https://github.com/.extraheader
2025-08-30T01:08:17.6369097Z [command]/usr/bin/git submodule foreach --recursive sh -c "git config --local --name-only --get-regexp 'http\.https\:\/\/github\.com\/\.extraheader' && git config --local --unset-all 'http.https://github.com/.extraheader' || :"
2025-08-30T01:08:17.6706110Z Cleaning up orphan processes
