2025-08-31T14:24:12.4251208Z Current runner version: '2.328.0'
2025-08-31T14:24:12.4277506Z ##[group]Runner Image Provisioner
2025-08-31T14:24:12.4278304Z Hosted Compute Agent
2025-08-31T14:24:12.4278949Z Version: 20250829.383
2025-08-31T14:24:12.4279513Z Commit: 27cb235aab5b0e52e153a26cd86b4742e89dac5d
2025-08-31T14:24:12.4280182Z Build Date: 2025-08-29T13:48:48Z
2025-08-31T14:24:12.4280974Z ##[endgroup]
2025-08-31T14:24:12.4281567Z ##[group]Operating System
2025-08-31T14:24:12.4282099Z Ubuntu
2025-08-31T14:24:12.4282695Z 24.04.3
2025-08-31T14:24:12.4283145Z LTS
2025-08-31T14:24:12.4283598Z ##[endgroup]
2025-08-31T14:24:12.4284081Z ##[group]Runner Image
2025-08-31T14:24:12.4284764Z Image: ubuntu-24.04
2025-08-31T14:24:12.4285287Z Version: 20250824.1.0
2025-08-31T14:24:12.4286314Z Included Software: https://github.com/actions/runner-images/blob/ubuntu24/20250824.1/images/ubuntu/Ubuntu2404-Readme.md
2025-08-31T14:24:12.4287887Z Image Release: https://github.com/actions/runner-images/releases/tag/ubuntu24%2F20250824.1
2025-08-31T14:24:12.4288897Z ##[endgroup]
2025-08-31T14:24:12.4289979Z ##[group]GITHUB_TOKEN Permissions
2025-08-31T14:24:12.4292539Z Actions: read
2025-08-31T14:24:12.4293072Z Contents: read
2025-08-31T14:24:12.4293629Z Metadata: read
2025-08-31T14:24:12.4294160Z ##[endgroup]
2025-08-31T14:24:12.4297210Z Secret source: Actions
2025-08-31T14:24:12.4298477Z Prepare workflow directory
2025-08-31T14:24:12.4685481Z Prepare all required actions
2025-08-31T14:24:12.4724904Z Getting action download info
2025-08-31T14:24:12.7955883Z Download action repository 'actions/checkout@v4' (SHA:08eba0b27e820071cde6df949e0beb9ba4906955)
2025-08-31T14:24:12.8843660Z Download action repository 'actions/setup-go@v5' (SHA:d35c59abb061a4a6fb18e82ac0862c26744d6ab5)
2025-08-31T14:24:13.1594012Z Download action repository 'golangci/golangci-lint-action@v6' (SHA:55c2c1448f86e01eaae002a5a3a9624417608d84)
2025-08-31T14:24:13.5054220Z Complete job name: Quick Lint
2025-08-31T14:24:13.5769593Z ##[group]Run actions/checkout@v4
2025-08-31T14:24:13.5770489Z with:
2025-08-31T14:24:13.5771140Z   repository: thc1006/nephoran-intent-operator
2025-08-31T14:24:13.5772012Z   token: ***
2025-08-31T14:24:13.5772379Z   ssh-strict: true
2025-08-31T14:24:13.5772775Z   ssh-user: git
2025-08-31T14:24:13.5773172Z   persist-credentials: true
2025-08-31T14:24:13.5773608Z   clean: true
2025-08-31T14:24:13.5773998Z   sparse-checkout-cone-mode: true
2025-08-31T14:24:13.5774471Z   fetch-depth: 1
2025-08-31T14:24:13.5774854Z   fetch-tags: false
2025-08-31T14:24:13.5775240Z   show-progress: true
2025-08-31T14:24:13.5775639Z   lfs: false
2025-08-31T14:24:13.5776003Z   submodules: false
2025-08-31T14:24:13.5776416Z   set-safe-directory: true
2025-08-31T14:24:13.5777092Z env:
2025-08-31T14:24:13.5777451Z   GO_VERSION: 1.24.6
2025-08-31T14:24:13.5777858Z   CONTROLLER_GEN_VERSION: v0.19.0
2025-08-31T14:24:13.5778342Z   GOLANGCI_LINT_VERSION: v1.64.3
2025-08-31T14:24:13.5778794Z   CGO_ENABLED: 0
2025-08-31T14:24:13.5779279Z   GOPROXY: https://proxy.golang.org,direct
2025-08-31T14:24:13.5779810Z   GOSUMDB: sum.golang.org
2025-08-31T14:24:13.5780230Z ##[endgroup]
2025-08-31T14:24:13.6893243Z Syncing repository: thc1006/nephoran-intent-operator
2025-08-31T14:24:13.6895237Z ##[group]Getting Git version info
2025-08-31T14:24:13.6896153Z Working directory is '/home/runner/work/nephoran-intent-operator/nephoran-intent-operator'
2025-08-31T14:24:13.6897357Z [command]/usr/bin/git version
2025-08-31T14:24:13.6957377Z git version 2.51.0
2025-08-31T14:24:13.6984239Z ##[endgroup]
2025-08-31T14:24:13.7000109Z Temporarily overriding HOME='/home/runner/work/_temp/8caccaa9-acb8-40f3-9896-58851cdefb68' before making global git config changes
2025-08-31T14:24:13.7002698Z Adding repository directory to the temporary git global config as a safe directory
2025-08-31T14:24:13.7007962Z [command]/usr/bin/git config --global --add safe.directory /home/runner/work/nephoran-intent-operator/nephoran-intent-operator
2025-08-31T14:24:13.7044198Z Deleting the contents of '/home/runner/work/nephoran-intent-operator/nephoran-intent-operator'
2025-08-31T14:24:13.7047426Z ##[group]Initializing the repository
2025-08-31T14:24:13.7052876Z [command]/usr/bin/git init /home/runner/work/nephoran-intent-operator/nephoran-intent-operator
2025-08-31T14:24:13.7134300Z hint: Using 'master' as the name for the initial branch. This default branch name
2025-08-31T14:24:13.7135961Z hint: is subject to change. To configure the initial branch name to use in all
2025-08-31T14:24:13.7137224Z hint: of your new repositories, which will suppress this warning, call:
2025-08-31T14:24:13.7138144Z hint:
2025-08-31T14:24:13.7138995Z hint: 	git config --global init.defaultBranch <name>
2025-08-31T14:24:13.7140043Z hint:
2025-08-31T14:24:13.7141225Z hint: Names commonly chosen instead of 'master' are 'main', 'trunk' and
2025-08-31T14:24:13.7142827Z hint: 'development'. The just-created branch can be renamed via this command:
2025-08-31T14:24:13.7144106Z hint:
2025-08-31T14:24:13.7144879Z hint: 	git branch -m <name>
2025-08-31T14:24:13.7145597Z hint:
2025-08-31T14:24:13.7146589Z hint: Disable this message with "git config set advice.defaultBranchName false"
2025-08-31T14:24:13.7148622Z Initialized empty Git repository in /home/runner/work/nephoran-intent-operator/nephoran-intent-operator/.git/
2025-08-31T14:24:13.7152301Z [command]/usr/bin/git remote add origin https://github.com/thc1006/nephoran-intent-operator
2025-08-31T14:24:13.7186619Z ##[endgroup]
2025-08-31T14:24:13.7187794Z ##[group]Disabling automatic garbage collection
2025-08-31T14:24:13.7191513Z [command]/usr/bin/git config --local gc.auto 0
2025-08-31T14:24:13.7221576Z ##[endgroup]
2025-08-31T14:24:13.7222788Z ##[group]Setting up auth
2025-08-31T14:24:13.7229130Z [command]/usr/bin/git config --local --name-only --get-regexp core\.sshCommand
2025-08-31T14:24:13.7262379Z [command]/usr/bin/git submodule foreach --recursive sh -c "git config --local --name-only --get-regexp 'core\.sshCommand' && git config --local --unset-all 'core.sshCommand' || :"
2025-08-31T14:24:13.7590143Z [command]/usr/bin/git config --local --name-only --get-regexp http\.https\:\/\/github\.com\/\.extraheader
2025-08-31T14:24:13.7619447Z [command]/usr/bin/git submodule foreach --recursive sh -c "git config --local --name-only --get-regexp 'http\.https\:\/\/github\.com\/\.extraheader' && git config --local --unset-all 'http.https://github.com/.extraheader' || :"
2025-08-31T14:24:13.7850332Z [command]/usr/bin/git config --local http.https://github.com/.extraheader AUTHORIZATION: basic ***
2025-08-31T14:24:13.7886981Z ##[endgroup]
2025-08-31T14:24:13.7887895Z ##[group]Fetching the repository
2025-08-31T14:24:13.7897251Z [command]/usr/bin/git -c protocol.version=2 fetch --no-tags --prune --no-recurse-submodules --depth=1 origin +a15f848b8a3a8aabe1d49fdc7fbc4a7572a1004e:refs/remotes/pull/87/merge
2025-08-31T14:24:16.1988335Z From https://github.com/thc1006/nephoran-intent-operator
2025-08-31T14:24:16.1989368Z  * [new ref]         a15f848b8a3a8aabe1d49fdc7fbc4a7572a1004e -> pull/87/merge
2025-08-31T14:24:16.2022222Z ##[endgroup]
2025-08-31T14:24:16.2023044Z ##[group]Determining the checkout info
2025-08-31T14:24:16.2024070Z ##[endgroup]
2025-08-31T14:24:16.2029554Z [command]/usr/bin/git sparse-checkout disable
2025-08-31T14:24:16.2069090Z [command]/usr/bin/git config --local --unset-all extensions.worktreeConfig
2025-08-31T14:24:16.2097194Z ##[group]Checking out the ref
2025-08-31T14:24:16.2101019Z [command]/usr/bin/git checkout --progress --force refs/remotes/pull/87/merge
2025-08-31T14:24:16.5820166Z Note: switching to 'refs/remotes/pull/87/merge'.
2025-08-31T14:24:16.5821287Z 
2025-08-31T14:24:16.5821644Z You are in 'detached HEAD' state. You can look around, make experimental
2025-08-31T14:24:16.5823748Z changes and commit them, and you can discard any commits you make in this
2025-08-31T14:24:16.5824500Z state without impacting any branches by switching back to a branch.
2025-08-31T14:24:16.5824984Z 
2025-08-31T14:24:16.5825372Z If you want to create a new branch to retain commits you create, you may
2025-08-31T14:24:16.5826092Z do so (now or later) by using -c with the switch command. Example:
2025-08-31T14:24:16.5826850Z 
2025-08-31T14:24:16.5827011Z   git switch -c <new-branch-name>
2025-08-31T14:24:16.5827296Z 
2025-08-31T14:24:16.5827448Z Or undo this operation with:
2025-08-31T14:24:16.5827701Z 
2025-08-31T14:24:16.5827833Z   git switch -
2025-08-31T14:24:16.5828053Z 
2025-08-31T14:24:16.5828389Z Turn off this advice by setting config variable advice.detachedHead to false
2025-08-31T14:24:16.5828887Z 
2025-08-31T14:24:16.5829439Z HEAD is now at a15f848 Merge f684bb8f8a73213c8e2efbadbda65b09873f1197 into b3529b0bbb8698d62ac9b5d1ce6754fa9cba3f0a
2025-08-31T14:24:16.5838750Z ##[endgroup]
2025-08-31T14:24:16.5926074Z [command]/usr/bin/git log -1 --format=%H
2025-08-31T14:24:16.5950861Z a15f848b8a3a8aabe1d49fdc7fbc4a7572a1004e
2025-08-31T14:24:16.6177553Z ##[group]Run actions/setup-go@v5
2025-08-31T14:24:16.6177832Z with:
2025-08-31T14:24:16.6178027Z   go-version: 1.24.6
2025-08-31T14:24:16.6178218Z   cache: true
2025-08-31T14:24:16.6178398Z   check-latest: false
2025-08-31T14:24:16.6178746Z   token: ***
2025-08-31T14:24:16.6178924Z env:
2025-08-31T14:24:16.6179121Z   GO_VERSION: 1.24.6
2025-08-31T14:24:16.6179320Z   CONTROLLER_GEN_VERSION: v0.19.0
2025-08-31T14:24:16.6179569Z   GOLANGCI_LINT_VERSION: v1.64.3
2025-08-31T14:24:16.6179796Z   CGO_ENABLED: 0
2025-08-31T14:24:16.6180021Z   GOPROXY: https://proxy.golang.org,direct
2025-08-31T14:24:16.6180303Z   GOSUMDB: sum.golang.org
2025-08-31T14:24:16.6180503Z ##[endgroup]
2025-08-31T14:24:16.7819583Z Setup go version spec 1.24.6
2025-08-31T14:24:16.8168031Z Found in cache @ /opt/hostedtoolcache/go/1.24.6/x64
2025-08-31T14:24:16.8174470Z Added go to the path
2025-08-31T14:24:16.8178128Z Successfully set up Go version 1.24.6
2025-08-31T14:24:17.4850165Z [command]/opt/hostedtoolcache/go/1.24.6/x64/bin/go env GOMODCACHE
2025-08-31T14:24:17.4885379Z [command]/opt/hostedtoolcache/go/1.24.6/x64/bin/go env GOCACHE
2025-08-31T14:24:17.4914943Z /home/runner/go/pkg/mod
2025-08-31T14:24:17.4945598Z /home/runner/.cache/go-build
2025-08-31T14:24:17.6243505Z Cache is not found
2025-08-31T14:24:17.6263077Z go version go1.24.6 linux/amd64
2025-08-31T14:24:17.6263263Z 
2025-08-31T14:24:17.6263544Z ##[group]go env
2025-08-31T14:24:17.8011283Z AR='ar'
2025-08-31T14:24:17.8011623Z CC='gcc'
2025-08-31T14:24:17.8011957Z CGO_CFLAGS='-O2 -g'
2025-08-31T14:24:17.8012288Z CGO_CPPFLAGS=''
2025-08-31T14:24:17.8012527Z CGO_CXXFLAGS='-O2 -g'
2025-08-31T14:24:17.8012754Z CGO_ENABLED='0'
2025-08-31T14:24:17.8012949Z CGO_FFLAGS='-O2 -g'
2025-08-31T14:24:17.8013144Z CGO_LDFLAGS='-O2 -g'
2025-08-31T14:24:17.8013334Z CXX='g++'
2025-08-31T14:24:17.8013512Z GCCGO='gccgo'
2025-08-31T14:24:17.8013699Z GO111MODULE=''
2025-08-31T14:24:17.8013874Z GOAMD64='v1'
2025-08-31T14:24:17.8014048Z GOARCH='amd64'
2025-08-31T14:24:17.8014243Z GOAUTH='netrc'
2025-08-31T14:24:17.8014414Z GOBIN=''
2025-08-31T14:24:17.8014603Z GOCACHE='/home/runner/.cache/go-build'
2025-08-31T14:24:17.8014852Z GOCACHEPROG=''
2025-08-31T14:24:17.8015021Z GODEBUG=''
2025-08-31T14:24:17.8015217Z GOENV='/home/runner/.config/go/env'
2025-08-31T14:24:17.8015439Z GOEXE=''
2025-08-31T14:24:17.8015596Z GOEXPERIMENT=''
2025-08-31T14:24:17.8015782Z GOFIPS140='off'
2025-08-31T14:24:17.8015943Z GOFLAGS=''
2025-08-31T14:24:17.8016492Z GOGCCFLAGS='-fPIC -m64 -Wl,--no-gc-sections -fmessage-length=0 -ffile-prefix-map=/tmp/go-build2371656707=/tmp/go-build -gno-record-gcc-switches'
2025-08-31T14:24:17.8017064Z GOHOSTARCH='amd64'
2025-08-31T14:24:17.8017255Z GOHOSTOS='linux'
2025-08-31T14:24:17.8017429Z GOINSECURE=''
2025-08-31T14:24:17.8017798Z GOMOD='/home/runner/work/nephoran-intent-operator/nephoran-intent-operator/go.mod'
2025-08-31T14:24:17.8018208Z GOMODCACHE='/home/runner/go/pkg/mod'
2025-08-31T14:24:17.8018452Z GONOPROXY=''
2025-08-31T14:24:17.8018626Z GONOSUMDB=''
2025-08-31T14:24:17.8018791Z GOOS='linux'
2025-08-31T14:24:17.8018973Z GOPATH='/home/runner/go'
2025-08-31T14:24:17.8019167Z GOPRIVATE=''
2025-08-31T14:24:17.8019415Z GOPROXY='https://proxy.golang.org,direct'
2025-08-31T14:24:17.8019719Z GOROOT='/opt/hostedtoolcache/go/1.24.6/x64'
2025-08-31T14:24:17.8020225Z GOSUMDB='sum.golang.org'
2025-08-31T14:24:17.8020427Z GOTELEMETRY='local'
2025-08-31T14:24:17.8021441Z GOTELEMETRYDIR='/home/runner/.config/go/telemetry'
2025-08-31T14:24:17.8021904Z GOTMPDIR=''
2025-08-31T14:24:17.8022080Z GOTOOLCHAIN='auto'
2025-08-31T14:24:17.8022378Z GOTOOLDIR='/opt/hostedtoolcache/go/1.24.6/x64/pkg/tool/linux_amd64'
2025-08-31T14:24:17.8022691Z GOVCS=''
2025-08-31T14:24:17.8022861Z GOVERSION='go1.24.6'
2025-08-31T14:24:17.8023039Z GOWORK=''
2025-08-31T14:24:17.8023219Z PKG_CONFIG='pkg-config'
2025-08-31T14:24:17.8023347Z 
2025-08-31T14:24:17.8023735Z ##[endgroup]
2025-08-31T14:24:17.8223938Z ##[group]Run golangci/golangci-lint-action@v6
2025-08-31T14:24:17.8224234Z with:
2025-08-31T14:24:17.8224402Z   version: v1.64.3
2025-08-31T14:24:17.8224639Z   args: --timeout=8m --config=.golangci-fast.yml
2025-08-31T14:24:17.8224915Z   install-mode: binary
2025-08-31T14:24:17.8225244Z   github-token: ***
2025-08-31T14:24:17.8225440Z   verify: true
2025-08-31T14:24:17.8225615Z   only-new-issues: false
2025-08-31T14:24:17.8225818Z   skip-cache: false
2025-08-31T14:24:17.8226004Z   skip-save-cache: false
2025-08-31T14:24:17.8226213Z   problem-matchers: false
2025-08-31T14:24:17.8226434Z   cache-invalidation-interval: 7
2025-08-31T14:24:17.8226648Z env:
2025-08-31T14:24:17.8226806Z   GO_VERSION: 1.24.6
2025-08-31T14:24:17.8226995Z   CONTROLLER_GEN_VERSION: v0.19.0
2025-08-31T14:24:17.8227227Z   GOLANGCI_LINT_VERSION: v1.64.3
2025-08-31T14:24:17.8227431Z   CGO_ENABLED: 0
2025-08-31T14:24:17.8227642Z   GOPROXY: https://proxy.golang.org,direct
2025-08-31T14:24:17.8227966Z   GOSUMDB: sum.golang.org
2025-08-31T14:24:17.8228206Z ##[endgroup]
2025-08-31T14:24:17.9939296Z ##[group]prepare environment
2025-08-31T14:24:17.9943975Z Checking for go.mod: go.mod
2025-08-31T14:24:18.1117750Z Cache hit for: golangci-lint.cache-Linux-2904-fb1adf97a90046df847e117415ef3e0902296db6
2025-08-31T14:24:18.2783139Z Received 4706181 of 4706181 (100.0%), 35.9 MBs/sec
2025-08-31T14:24:18.2783979Z Cache Size: ~4 MB (4706181 B)
2025-08-31T14:24:18.2815343Z [command]/usr/bin/tar -xf /home/runner/work/_temp/189d3361-7e23-4f8a-90f1-e1c2ab9074ca/cache.tzst -P -C /home/runner/work/nephoran-intent-operator/nephoran-intent-operator --use-compress-program unzstd
2025-08-31T14:24:19.5055938Z Cache restored successfully
2025-08-31T14:24:19.5070910Z Restored cache for golangci-lint from key 'golangci-lint.cache-Linux-2904-fb1adf97a90046df847e117415ef3e0902296db6' in 1512ms
2025-08-31T14:24:19.5072456Z Finding needed golangci-lint version...
2025-08-31T14:24:19.5075690Z Installation mode: binary
2025-08-31T14:24:19.5076823Z Installing golangci-lint binary v1.64.3...
2025-08-31T14:24:19.5078393Z Downloading binary https://github.com/golangci/golangci-lint/releases/download/v1.64.3/golangci-lint-1.64.3-linux-amd64.tar.gz ...
2025-08-31T14:24:19.7523062Z [command]/usr/bin/tar xz --overwrite --warning=no-unknown-keyword --overwrite -C /home/runner -f /home/runner/work/_temp/5bbfa8f1-c5e8-48ae-ab5a-c5427366fbfc
2025-08-31T14:24:19.9622407Z Installed golangci-lint into /home/runner/golangci-lint-1.64.3-linux-amd64/golangci-lint in 455ms
2025-08-31T14:24:19.9623354Z Prepared env in 1969ms
2025-08-31T14:24:19.9624898Z ##[endgroup]
2025-08-31T14:24:19.9626797Z ##[group]run golangci-lint
2025-08-31T14:24:19.9634096Z Running [/home/runner/golangci-lint-1.64.3-linux-amd64/golangci-lint config path --config=.golangci-fast.yml] in [/home/runner/work/nephoran-intent-operator/nephoran-intent-operator] ...
2025-08-31T14:24:20.0470037Z Running [/home/runner/golangci-lint-1.64.3-linux-amd64/golangci-lint config verify --config=.golangci-fast.yml] in [/home/runner/work/nephoran-intent-operator/nephoran-intent-operator] ...
2025-08-31T14:24:20.2684123Z Running [/home/runner/golangci-lint-1.64.3-linux-amd64/golangci-lint run  --timeout=8m --config=.golangci-fast.yml] in [/home/runner/work/nephoran-intent-operator/nephoran-intent-operator] ...
2025-08-31T14:28:27.7023689Z ##[error]cmd/llm-processor/main.go:19:2: could not import github.com/thc1006/nephoran-intent-operator/pkg/config (-: # github.com/thc1006/nephoran-intent-operator/pkg/config
2025-08-31T14:28:27.7032096Z ##[error]pkg/config/kubernetes_secrets_example.go:16:24: undefined: NewSecretManager
2025-08-31T14:28:27.7033380Z ##[error]pkg/config/kubernetes_secrets_example.go:79:24: undefined: NewSecretManager) (typecheck)
2025-08-31T14:28:27.7034278Z 	"github.com/thc1006/nephoran-intent-operator/pkg/config"
2025-08-31T14:28:27.7034577Z 	^
2025-08-31T14:28:27.7036493Z ##[error]cmd/llm-processor/main_test.go:191:46: cannot use &middleware.RequestSizeConfig{…} (value of type *middleware.RequestSizeConfig) as int64 value in argument to middleware.NewRequestSizeLimiter (typecheck)
2025-08-31T14:28:27.7037847Z 	limiter := middleware.NewRequestSizeLimiter(&middleware.RequestSizeConfig{
2025-08-31T14:28:27.7038472Z 	                                            ^
2025-08-31T14:28:27.7039504Z ##[error]cmd/llm-processor/main_test.go:1307:4: invalid operation: cannot call non-function handler (variable of interface type http.Handler) (typecheck)
2025-08-31T14:28:27.7040474Z 			handler(rr, req)
2025-08-31T14:28:27.7040859Z 			^
2025-08-31T14:28:27.7042461Z ##[error]cmd/llm-processor/main_test.go:1385:15: cannot use createIPAllowlistHandler(mockMetricsHandler, cfg.MetricsAllowedCIDRs, logger) (value of interface type http.Handler) as http.HandlerFunc value in assignment: need type assertion (typecheck)
2025-08-31T14:28:27.7044040Z 				handler = createIPAllowlistHandler(mockMetricsHandler, cfg.MetricsAllowedCIDRs, logger)
2025-08-31T14:28:27.7044480Z 				          ^
2025-08-31T14:28:27.7045017Z ##[error]cmd/llm-processor/service_manager_test.go:447:14: undefined: Config (typecheck)
2025-08-31T14:28:27.7045784Z 		config := &Config{
2025-08-31T14:28:27.7045999Z 		           ^
2025-08-31T14:28:27.7047110Z ##[error]cmd/nephio-bridge/main.go:20:2: could not import github.com/thc1006/nephoran-intent-operator/pkg/config (-: # github.com/thc1006/nephoran-intent-operator/pkg/config
2025-08-31T14:28:27.7048452Z ##[error]pkg/config/kubernetes_secrets_example.go:16:24: undefined: NewSecretManager
2025-08-31T14:28:27.7049554Z ##[error]pkg/config/kubernetes_secrets_example.go:79:24: undefined: NewSecretManager) (typecheck)
2025-08-31T14:28:27.7050439Z 	"github.com/thc1006/nephoran-intent-operator/pkg/config"
2025-08-31T14:28:27.7050910Z 	^
2025-08-31T14:28:27.7052775Z ##[error]cmd/nephio-bridge/main.go:365:14: cannot use &llmClientAdapter{…} (value of type *llmClientAdapter) as shared.ClientInterface value in struct literal: *llmClientAdapter does not implement shared.ClientInterface (missing method GetEndpoint) (typecheck)
2025-08-31T14:28:27.7054679Z 		llmClient: &llmClientAdapter{client: llmClient},
2025-08-31T14:28:27.7055189Z 		           ^
2025-08-31T14:28:27.7056676Z ##[error]examples/xapps/kmp-monitor/main.go:14:2: could not import github.com/thc1006/nephoran-intent-operator/pkg/config (-: # github.com/thc1006/nephoran-intent-operator/pkg/config
2025-08-31T14:28:27.7058179Z ##[error]pkg/config/kubernetes_secrets_example.go:16:24: undefined: NewSecretManager
2025-08-31T14:28:27.7059316Z ##[error]pkg/config/kubernetes_secrets_example.go:79:24: undefined: NewSecretManager) (typecheck)
2025-08-31T14:28:27.7060274Z 	"github.com/thc1006/nephoran-intent-operator/pkg/config"
2025-08-31T14:28:27.7060772Z 	^
2025-08-31T14:28:27.7062002Z ##[error]examples/xapps/traffic-steering/main.go:16:2: could not import github.com/thc1006/nephoran-intent-operator/pkg/config (-: # github.com/thc1006/nephoran-intent-operator/pkg/config
2025-08-31T14:28:27.7063439Z ##[error]pkg/config/kubernetes_secrets_example.go:16:24: undefined: NewSecretManager
2025-08-31T14:28:27.7064554Z ##[error]pkg/config/kubernetes_secrets_example.go:79:24: undefined: NewSecretManager) (typecheck)
2025-08-31T14:28:27.7065455Z 	"github.com/thc1006/nephoran-intent-operator/pkg/config"
2025-08-31T14:28:27.7065733Z 	^
2025-08-31T14:28:27.7066397Z internal/loop/adaptive_worker_pool.go:1: : # github.com/thc1006/nephoran-intent-operator/internal/loop [github.com/thc1006/nephoran-intent-operator/internal/loop.test]
2025-08-31T14:28:27.7067717Z ##[error]internal/loop/unix_path_security_test.go:50:5: declared and not used: linkPath (typecheck)
2025-08-31T14:28:27.7068608Z package loop
2025-08-31T14:28:27.7069289Z internal/patchgen/generator.go:1: : # github.com/thc1006/nephoran-intent-operator/internal/patchgen [github.com/thc1006/nephoran-intent-operator/internal/patchgen.test]
2025-08-31T14:28:27.7070275Z ##[error]internal/patchgen/generator_test.go:349:19: undefined: readFile
2025-08-31T14:28:27.7071635Z ##[error]internal/patchgen/generator_test.go:357:19: undefined: readFile (typecheck)
2025-08-31T14:28:27.7072588Z package patchgen
2025-08-31T14:28:27.7073241Z internal/porch/client.go:1: : # github.com/thc1006/nephoran-intent-operator/internal/porch [github.com/thc1006/nephoran-intent-operator/internal/porch.test]
2025-08-31T14:28:27.7074267Z ##[error]internal/porch/executor_test.go:428:33: too many arguments in call to getExitCode
2025-08-31T14:28:27.7075083Z 	have (*"os/exec".Cmd, error)
2025-08-31T14:28:27.7075319Z 	want (error) (typecheck)
2025-08-31T14:28:27.7075708Z // Package porch provides client interfaces for interacting with Porch package management.
2025-08-31T14:28:27.7076579Z internal/security/command.go:1: : # github.com/thc1006/nephoran-intent-operator/internal/security [github.com/thc1006/nephoran-intent-operator/internal/security.test]
2025-08-31T14:28:27.7077860Z ##[error]internal/security/security_test.go:14:17: assignment mismatch: 2 variables but NewCryptoSecureIdentifier returns 1 value
2025-08-31T14:28:27.7079192Z ##[error]internal/security/security_test.go:159:77: not enough arguments in call to executor.ExecuteSecure
2025-08-31T14:28:27.7080094Z 	have (string, []string, string)
2025-08-31T14:28:27.7080374Z 	want (context.Context, string, []string, string)
2025-08-31T14:28:27.7081471Z ##[error]internal/security/security_test.go:168:64: not enough arguments in call to executor.ExecuteSecure
2025-08-31T14:28:27.7082378Z 	have (string, []string, string)
2025-08-31T14:28:27.7082671Z 	want (context.Context, string, []string, string)
2025-08-31T14:28:27.7083390Z ##[error]internal/security/security_test.go:182:73: not enough arguments in call to executor.ExecuteSecure
2025-08-31T14:28:27.7084227Z 	have (string, []string, string)
2025-08-31T14:28:27.7084505Z 	want (context.Context, string, []string, string)
2025-08-31T14:28:27.7085193Z ##[error]internal/security/security_test.go:281:69: not enough arguments in call to executor.ExecuteSecure
2025-08-31T14:28:27.7086033Z 	have (string, []string, string)
2025-08-31T14:28:27.7086304Z 	want (context.Context, string, []string, string)
2025-08-31T14:28:27.7087153Z ##[error]internal/security/security_test.go:294:18: assignment mismatch: 2 variables but NewCryptoSecureIdentifier returns 1 value
2025-08-31T14:28:27.7088713Z ##[error]internal/security/security_test.go:369:15: assignment mismatch: 2 variables but NewCryptoSecureIdentifier returns 1 value (typecheck)
2025-08-31T14:28:27.7089642Z package security
2025-08-31T14:28:27.7090388Z tests/benchmarks/performance_benchmarks_test.go:1: : # github.com/thc1006/nephoran-intent-operator/tests/benchmarks [github.com/thc1006/nephoran-intent-operator/tests/benchmarks.test]
2025-08-31T14:28:27.7091920Z ##[error]tests/benchmarks/performance_benchmarks_test.go:24:2: "time" imported and not used
2025-08-31T14:28:27.7093111Z ##[error]tests/benchmarks/performance_benchmarks_test.go:91:33: client.ObjectKey is not a type
2025-08-31T14:28:27.7094732Z ##[error]tests/benchmarks/performance_benchmarks_test.go:126:33: client.ObjectKeyFromObject undefined (type client.WithWatch has no field or method ObjectKeyFromObject)
2025-08-31T14:28:27.7096429Z ##[error]tests/benchmarks/performance_benchmarks_test.go:168:46: client.InNamespace undefined (type client.WithWatch has no field or method InNamespace)
2025-08-31T14:28:27.7098196Z ##[error]tests/benchmarks/performance_benchmarks_test.go:206:26: client.ObjectKeyFromObject undefined (type client.WithWatch has no field or method ObjectKeyFromObject)
2025-08-31T14:28:27.7100493Z ##[error]tests/benchmarks/performance_benchmarks_test.go:298:20: intent.MarshalJSON undefined (type *"github.com/thc1006/nephoran-intent-operator/api/v1".NetworkIntent has no field or method MarshalJSON)
2025-08-31T14:28:27.7102984Z ##[error]tests/benchmarks/performance_benchmarks_test.go:308:22: intent.MarshalJSON undefined (type *"github.com/thc1006/nephoran-intent-operator/api/v1".NetworkIntent has no field or method MarshalJSON)
2025-08-31T14:28:27.7105391Z ##[error]tests/benchmarks/performance_benchmarks_test.go:318:22: unmarshaled.UnmarshalJSON undefined (type "github.com/thc1006/nephoran-intent-operator/api/v1".NetworkIntent has no field or method UnmarshalJSON)
2025-08-31T14:28:27.7107407Z ##[error]tests/benchmarks/performance_benchmarks_test.go:440:27: client.ObjectKeyFromObject undefined (type client.WithWatch has no field or method ObjectKeyFromObject)
2025-08-31T14:28:27.7109099Z ##[error]tests/benchmarks/performance_benchmarks_test.go:491:48: client.InNamespace undefined (type client.WithWatch has no field or method InNamespace)
2025-08-31T14:28:27.7110394Z ##[error]tests/benchmarks/performance_benchmarks_test.go:24:2: too many errors (typecheck)
2025-08-31T14:28:27.7111418Z /*
2025-08-31T14:28:27.7111940Z ##[error]tests/chaos/chaos_test.go:285:40: undefined: gomega.Any (typecheck)
2025-08-31T14:28:27.7112822Z 				llmMock.On("ProcessIntent", gomega.Any(), gomega.Any()).Return(
2025-08-31T14:28:27.7113320Z 				                                   ^
2025-08-31T14:28:27.7113825Z ##[error]tests/chaos/chaos_test.go:354:42: undefined: gomega.Any (typecheck)
2025-08-31T14:28:27.7114738Z 						llmMock.On("ProcessIntent", gomega.Any(), gomega.Any()).Return(
2025-08-31T14:28:27.7115255Z 						                                   ^
2025-08-31T14:28:27.7115753Z ##[error]tests/chaos/chaos_test.go:360:42: undefined: gomega.Any (typecheck)
2025-08-31T14:28:27.7116643Z 						llmMock.On("ProcessIntent", gomega.Any(), gomega.Any()).Return(
2025-08-31T14:28:27.7117153Z 						                                   ^
2025-08-31T14:28:27.7117650Z ##[error]tests/chaos/chaos_test.go:533:39: undefined: gomega.Any (typecheck)
2025-08-31T14:28:27.7118594Z 			llmMock.On("ProcessIntent", gomega.Any(), gomega.Any()).Run(func(args mock.Arguments) {
2025-08-31T14:28:27.7119144Z 			                                   ^
2025-08-31T14:28:27.7119636Z ##[error]tests/chaos/chaos_test.go:626:42: undefined: gomega.Any (typecheck)
2025-08-31T14:28:27.7120531Z 						llmMock.On("ProcessIntent", gomega.Any(), gomega.Any()).Return(
2025-08-31T14:28:27.7121190Z 						                                   ^
2025-08-31T14:28:27.7121719Z ##[error]tests/chaos/chaos_test.go:632:42: undefined: gomega.Any (typecheck)
2025-08-31T14:28:27.7122660Z 						llmMock.On("ProcessIntent", gomega.Any(), gomega.Any()).Return(
2025-08-31T14:28:27.7123162Z 						                                   ^
2025-08-31T14:28:27.7123655Z ##[error]tests/chaos/chaos_test.go:690:41: undefined: gomega.Any (typecheck)
2025-08-31T14:28:27.7124635Z 					llmMock.On("ProcessIntent", gomega.Any(), gomega.Any()).Run(func(args mock.Arguments) {
2025-08-31T14:28:27.7125211Z 					                                   ^
2025-08-31T14:28:27.7125704Z ##[error]tests/chaos/chaos_test.go:761:41: undefined: gomega.Any (typecheck)
2025-08-31T14:28:27.7126588Z 					llmMock.On("ProcessIntent", gomega.Any(), gomega.Any()).Return(
2025-08-31T14:28:27.7127085Z 					                                   ^
2025-08-31T14:28:27.7127578Z ##[error]tests/chaos/chaos_test.go:765:41: undefined: gomega.Any (typecheck)
2025-08-31T14:28:27.7128559Z 					llmMock.On("ProcessIntent", gomega.Any(), gomega.Any()).Run(func(args mock.Arguments) {
2025-08-31T14:28:27.7129130Z 					                                   ^
2025-08-31T14:28:27.7130283Z ##[error]tests/chaos/sla_chaos_test.go:14:2: could not import github.com/thc1006/nephoran-intent-operator/pkg/config (-: # github.com/thc1006/nephoran-intent-operator/pkg/config
2025-08-31T14:28:27.7131768Z ##[error]pkg/config/kubernetes_secrets_example.go:16:24: undefined: NewSecretManager
2025-08-31T14:28:27.7133077Z ##[error]pkg/config/kubernetes_secrets_example.go:79:24: undefined: NewSecretManager) (typecheck)
2025-08-31T14:28:27.7133969Z 	"github.com/thc1006/nephoran-intent-operator/pkg/config"
2025-08-31T14:28:27.7134259Z 	^
2025-08-31T14:28:27.7134719Z ##[error]tests/chaos/sla_chaos_test.go:34:23: undefined: RecoveryTracker (typecheck)
2025-08-31T14:28:27.7135503Z 	recoveryTracker     *RecoveryTracker
2025-08-31T14:28:27.7135803Z 	                     ^
2025-08-31T14:28:27.7136274Z ##[error]tests/chaos/sla_chaos_test.go:41:16: undefined: SLATracker (typecheck)
2025-08-31T14:28:27.7137156Z 	slaTracker   *SLATracker
2025-08-31T14:28:27.7137399Z 	              ^
2025-08-31T14:28:27.7137920Z ##[error]tests/chaos/sla_chaos_test.go:79:21: undefined: ExperimentScheduler (typecheck)
2025-08-31T14:28:27.7138721Z 	scheduler         *ExperimentScheduler
2025-08-31T14:28:27.7139015Z 	                   ^
2025-08-31T14:28:27.7139506Z ##[error]tests/chaos/sla_chaos_test.go:187:22: undefined: SafetyViolation (typecheck)
2025-08-31T14:28:27.7140301Z 	SafetyViolations []*SafetyViolation
2025-08-31T14:28:27.7140796Z 	                    ^
2025-08-31T14:28:27.7141303Z ##[error]tests/chaos/sla_chaos_test.go:272:18: undefined: SLAMonitor (typecheck)
2025-08-31T14:28:27.7142086Z 	slaMonitor     *SLAMonitor
2025-08-31T14:28:27.7142333Z 	                ^
2025-08-31T14:28:27.7142815Z ##[error]tests/chaos/sla_chaos_test.go:273:18: undefined: AlertValidator (typecheck)
2025-08-31T14:28:27.7143592Z 	alertValidator *AlertValidator
2025-08-31T14:28:27.7143862Z 	                ^
2025-08-31T14:28:27.7144403Z ##[error]tests/chaos/sla_chaos_test.go:274:18: undefined: DataConsistencyValidator (typecheck)
2025-08-31T14:28:27.7145221Z 	dataValidator  *DataConsistencyValidator
2025-08-31T14:28:27.7145521Z 	                ^
2025-08-31T14:28:27.7145990Z ##[error]tests/chaos/sla_chaos_test.go:290:19: undefined: SLAViolation (typecheck)
2025-08-31T14:28:27.7146751Z 	slaViolations []*SLAViolation
2025-08-31T14:28:27.7147012Z 	                 ^
2025-08-31T14:28:27.7147467Z ##[error]tests/chaos/sla_chaos_test.go:291:19: undefined: AlertEvent (typecheck)
2025-08-31T14:28:27.7148221Z 	alertEvents   []*AlertEvent
2025-08-31T14:28:27.7148480Z 	                 ^
2025-08-31T14:28:27.7149757Z ##[error]tests/chaos/sla_chaos_test.go:374:46: cannot use &logging.Config{…} (value of type *logging.Config) as logging.Config value in argument to logging.NewStructuredLogger (typecheck)
2025-08-31T14:28:27.7151027Z 	s.logger, err = logging.NewStructuredLogger(&logging.Config{
2025-08-31T14:28:27.7151574Z 	                                            ^
2025-08-31T14:28:27.7152364Z ##[error]tests/chaos/sla_chaos_test.go:378:3: unknown field TraceLevel in struct literal of type logging.Config (typecheck)
2025-08-31T14:28:27.7153252Z 		TraceLevel: "debug",
2025-08-31T14:28:27.7153438Z 		^
2025-08-31T14:28:27.7153906Z ##[error]tests/chaos/sla_chaos_test.go:429:17: undefined: NewSLATracker (typecheck)
2025-08-31T14:28:27.7154728Z 	s.slaTracker = NewSLATracker(s.prometheusClient)
2025-08-31T14:28:27.7155032Z 	               ^
2025-08-31T14:28:27.7156026Z ##[error]tests/chaos/sla_chaos_test.go:442:17: s.chaosEngine.StopAllExperiments undefined (type *ChaosEngine has no field or method StopAllExperiments) (typecheck)
2025-08-31T14:28:27.7157092Z 		s.chaosEngine.StopAllExperiments(s.ctx)
2025-08-31T14:28:27.7157388Z 		              ^
2025-08-31T14:28:27.7158430Z ##[error]tests/chaos/sla_chaos_test.go:452:4: s.generateChaosTestReport undefined (type *SLAChaosTestSuite has no field or method generateChaosTestReport) (typecheck)
2025-08-31T14:28:27.7159470Z 	s.generateChaosTestReport()
2025-08-31T14:28:27.7159680Z 	  ^
2025-08-31T14:28:27.7160724Z ##[error]tests/chaos/sla_chaos_test.go:468:16: s.establishBaseline undefined (type *SLAChaosTestSuite has no field or method establishBaseline) (typecheck)
2025-08-31T14:28:27.7161793Z 	baseline := s.establishBaseline(ctx, 5*time.Minute)
2025-08-31T14:28:27.7162104Z 	              ^
2025-08-31T14:28:27.7163255Z ##[error]tests/chaos/sla_chaos_test.go:471:20: s.chaosMonitor.StartMonitoring undefined (type *ChaosMonitor has no field or method StartMonitoring) (typecheck)
2025-08-31T14:28:27.7164297Z 	go s.chaosMonitor.StartMonitoring(ctx)
2025-08-31T14:28:27.7164593Z 	                  ^
2025-08-31T14:28:27.7165585Z ##[error]tests/chaos/sla_chaos_test.go:486:7: s.monitorSLADuringChaos undefined (type *SLAChaosTestSuite has no field or method monitorSLADuringChaos) (typecheck)
2025-08-31T14:28:27.7166610Z 	go s.monitorSLADuringChaos(ctx)
2025-08-31T14:28:27.7166844Z 	     ^
2025-08-31T14:28:27.7167835Z ##[error]tests/chaos/sla_chaos_test.go:493:4: s.observeRecovery undefined (type *SLAChaosTestSuite has no field or method observeRecovery) (typecheck)
2025-08-31T14:28:27.7168914Z 	s.observeRecovery(ctx, s.config.RecoveryObservationTime)
2025-08-31T14:28:27.7169206Z 	  ^
2025-08-31T14:28:27.7170208Z ##[error]tests/chaos/sla_chaos_test.go:496:4: s.validateChaosResilience undefined (type *SLAChaosTestSuite has no field or method validateChaosResilience) (typecheck)
2025-08-31T14:28:27.7171393Z 	s.validateChaosResilience(baseline)
2025-08-31T14:28:27.7171624Z 	  ^
2025-08-31T14:28:27.7172102Z ##[error]tests/chaos/sla_chaos_test.go:507:18: undefined: NewAlertMonitor (typecheck)
2025-08-31T14:28:27.7172921Z 	alertMonitor := NewAlertMonitor(s.prometheusClient)
2025-08-31T14:28:27.7173243Z 	                ^
2025-08-31T14:28:27.7174404Z ##[error]tests/chaos/sla_chaos_test.go:512:27: s.createCascadingFailureExperiment undefined (type *SLAChaosTestSuite has no field or method createCascadingFailureExperiment) (typecheck)
2025-08-31T14:28:27.7175606Z 	cascadingExperiment := s.createCascadingFailureExperiment()
2025-08-31T14:28:27.7176018Z 	                         ^
2025-08-31T14:28:27.7177190Z ##[error]tests/chaos/sla_chaos_test.go:515:15: s.runExperimentWithAlertValidation undefined (type *SLAChaosTestSuite has no field or method runExperimentWithAlertValidation) (typecheck)
2025-08-31T14:28:27.7178480Z 	results := s.runExperimentWithAlertValidation(ctx, cascadingExperiment, alertMonitor)
2025-08-31T14:28:27.7178910Z 	             ^
2025-08-31T14:28:27.7179880Z ##[error]tests/chaos/sla_chaos_test.go:518:4: s.validateAlertAccuracy undefined (type *SLAChaosTestSuite has no field or method validateAlertAccuracy) (typecheck)
2025-08-31T14:28:27.7181015Z 	s.validateAlertAccuracy(results)
2025-08-31T14:28:27.7181239Z 	  ^
2025-08-31T14:28:27.7181711Z ##[error]tests/chaos/sla_chaos_test.go:818:28: undefined: RecoveryTracker (typecheck)
2025-08-31T14:28:27.7182501Z func NewRecoveryTracker() *RecoveryTracker {
2025-08-31T14:28:27.7182857Z                            ^
2025-08-31T14:28:27.7184517Z ##[error]tests/utils/mocks.go:92:9: cannot use m.llmClient (variable of type *MockLLMClient) as shared.ClientInterface value in return statement: *MockLLMClient does not implement shared.ClientInterface (missing method GetEndpoint) (typecheck)
2025-08-31T14:28:27.7185782Z 	return m.llmClient
2025-08-31T14:28:27.7185981Z 	       ^
2025-08-31T14:28:27.7187083Z ##[error]tools/test_import_cycle.go:10:2: could not import github.com/thc1006/nephoran-intent-operator/pkg/config (-: # github.com/thc1006/nephoran-intent-operator/pkg/config
2025-08-31T14:28:27.7188404Z ##[error]pkg/config/kubernetes_secrets_example.go:16:24: undefined: NewSecretManager
2025-08-31T14:28:27.7189499Z ##[error]pkg/config/kubernetes_secrets_example.go:79:24: undefined: NewSecretManager) (typecheck)
2025-08-31T14:28:27.7190376Z 	"github.com/thc1006/nephoran-intent-operator/pkg/config"
2025-08-31T14:28:27.7190775Z 	^
2025-08-31T14:28:27.7190866Z 
2025-08-31T14:28:27.7198864Z ##[error]issues found
2025-08-31T14:28:27.7199657Z Ran golangci-lint in 247431ms
2025-08-31T14:28:27.7200048Z ##[endgroup]
2025-08-31T14:28:27.7258031Z Post job cleanup.
2025-08-31T14:28:27.9058264Z Cache hit occurred on the primary key golangci-lint.cache-Linux-2904-fb1adf97a90046df847e117415ef3e0902296db6, not saving cache.
2025-08-31T14:28:27.9182422Z Post job cleanup.
2025-08-31T14:28:28.0148695Z [command]/usr/bin/git version
2025-08-31T14:28:28.0190066Z git version 2.51.0
2025-08-31T14:28:28.0233749Z Temporarily overriding HOME='/home/runner/work/_temp/dac82e19-5560-451d-9deb-e553164313ac' before making global git config changes
2025-08-31T14:28:28.0235110Z Adding repository directory to the temporary git global config as a safe directory
2025-08-31T14:28:28.0240037Z [command]/usr/bin/git config --global --add safe.directory /home/runner/work/nephoran-intent-operator/nephoran-intent-operator
2025-08-31T14:28:28.0273728Z [command]/usr/bin/git config --local --name-only --get-regexp core\.sshCommand
2025-08-31T14:28:28.0306153Z [command]/usr/bin/git submodule foreach --recursive sh -c "git config --local --name-only --get-regexp 'core\.sshCommand' && git config --local --unset-all 'core.sshCommand' || :"
2025-08-31T14:28:28.0536936Z [command]/usr/bin/git config --local --name-only --get-regexp http\.https\:\/\/github\.com\/\.extraheader
2025-08-31T14:28:28.0557762Z http.https://github.com/.extraheader
2025-08-31T14:28:28.0570220Z [command]/usr/bin/git config --local --unset-all http.https://github.com/.extraheader
2025-08-31T14:28:28.0600933Z [command]/usr/bin/git submodule foreach --recursive sh -c "git config --local --name-only --get-regexp 'http\.https\:\/\/github\.com\/\.extraheader' && git config --local --unset-all 'http.https://github.com/.extraheader' || :"
2025-08-31T14:28:28.0942652Z Cleaning up orphan processes
