2025-08-29T18:49:04.4516985Z Current runner version: '2.328.0'
2025-08-29T18:49:04.4540870Z ##[group]Runner Image Provisioner
2025-08-29T18:49:04.4542054Z Hosted Compute Agent
2025-08-29T18:49:04.4542558Z Version: 20250829.383
2025-08-29T18:49:04.4543253Z Commit: 27cb235aab5b0e52e153a26cd86b4742e89dac5d
2025-08-29T18:49:04.4543951Z Build Date: 2025-08-29T13:48:48Z
2025-08-29T18:49:04.4544526Z ##[endgroup]
2025-08-29T18:49:04.4545075Z ##[group]Operating System
2025-08-29T18:49:04.4545635Z Ubuntu
2025-08-29T18:49:04.4546072Z 24.04.3
2025-08-29T18:49:04.4546580Z LTS
2025-08-29T18:49:04.4547028Z ##[endgroup]
2025-08-29T18:49:04.4547520Z ##[group]Runner Image
2025-08-29T18:49:04.4548087Z Image: ubuntu-24.04
2025-08-29T18:49:04.4548554Z Version: 20250824.1.0
2025-08-29T18:49:04.4549538Z Included Software: https://github.com/actions/runner-images/blob/ubuntu24/20250824.1/images/ubuntu/Ubuntu2404-Readme.md
2025-08-29T18:49:04.4551359Z Image Release: https://github.com/actions/runner-images/releases/tag/ubuntu24%2F20250824.1
2025-08-29T18:49:04.4552417Z ##[endgroup]
2025-08-29T18:49:04.4553549Z ##[group]GITHUB_TOKEN Permissions
2025-08-29T18:49:04.4555373Z Contents: read
2025-08-29T18:49:04.4556364Z Metadata: read
2025-08-29T18:49:04.4556861Z Packages: read
2025-08-29T18:49:04.4557344Z ##[endgroup]
2025-08-29T18:49:04.4559335Z Secret source: Actions
2025-08-29T18:49:04.4560132Z Prepare workflow directory
2025-08-29T18:49:04.5164122Z Prepare all required actions
2025-08-29T18:49:04.5202293Z Getting action download info
2025-08-29T18:49:04.9966552Z Download action repository 'actions/checkout@v4' (SHA:08eba0b27e820071cde6df949e0beb9ba4906955)
2025-08-29T18:49:05.0670940Z Download action repository 'actions/setup-go@v5' (SHA:d35c59abb061a4a6fb18e82ac0862c26744d6ab5)
2025-08-29T18:49:05.6364425Z Download action repository 'actions/cache@v4' (SHA:0400d5f644dc74513175e3cd8d07132dd4860809)
2025-08-29T18:49:05.7915653Z Download action repository 'golangci/golangci-lint-action@v6' (SHA:55c2c1448f86e01eaae002a5a3a9624417608d84)
2025-08-29T18:49:06.5938302Z Download action repository 'actions/upload-artifact@v4' (SHA:ea165f8d65b6e75b540449e92b4886f43607fa02)
2025-08-29T18:49:06.7880729Z Complete job name: Code Quality
2025-08-29T18:49:06.8549350Z ##[group]Run actions/checkout@v4
2025-08-29T18:49:06.8550220Z with:
2025-08-29T18:49:06.8550605Z   fetch-depth: 0
2025-08-29T18:49:06.8551396Z   repository: thc1006/nephoran-intent-operator
2025-08-29T18:49:06.8552269Z   token: ***
2025-08-29T18:49:06.8552670Z   ssh-strict: true
2025-08-29T18:49:06.8553075Z   ssh-user: git
2025-08-29T18:49:06.8553489Z   persist-credentials: true
2025-08-29T18:49:06.8553951Z   clean: true
2025-08-29T18:49:06.8554354Z   sparse-checkout-cone-mode: true
2025-08-29T18:49:06.8554852Z   fetch-tags: false
2025-08-29T18:49:06.8555262Z   show-progress: true
2025-08-29T18:49:06.8555688Z   lfs: false
2025-08-29T18:49:06.8556075Z   submodules: false
2025-08-29T18:49:06.8556498Z   set-safe-directory: true
2025-08-29T18:49:06.8557600Z env:
2025-08-29T18:49:06.8558029Z   GO_VERSION_FILE: go.mod
2025-08-29T18:49:06.8558527Z   REGISTRY_BASE: ghcr.io/thc1006
2025-08-29T18:49:06.8559038Z   PLATFORMS: linux/amd64,linux/arm64
2025-08-29T18:49:06.8559583Z   GOLANGCI_LINT_VERSION: 1.64.3
2025-08-29T18:49:06.8560056Z   GOVULNCHECK_VERSION: 1.1.4
2025-08-29T18:49:06.8560565Z   GOPROXY: https://proxy.golang.org,direct
2025-08-29T18:49:06.8561243Z   GOSUMDB: sum.golang.org
2025-08-29T18:49:06.8561689Z   GO111MODULE: on
2025-08-29T18:49:06.8562085Z   CGO_ENABLED: 0
2025-08-29T18:49:06.8562474Z ##[endgroup]
2025-08-29T18:49:06.9679454Z Syncing repository: thc1006/nephoran-intent-operator
2025-08-29T18:49:06.9681638Z ##[group]Getting Git version info
2025-08-29T18:49:06.9682757Z Working directory is '/home/runner/work/nephoran-intent-operator/nephoran-intent-operator'
2025-08-29T18:49:06.9683948Z [command]/usr/bin/git version
2025-08-29T18:49:06.9723492Z git version 2.51.0
2025-08-29T18:49:06.9749220Z ##[endgroup]
2025-08-29T18:49:06.9769994Z Temporarily overriding HOME='/home/runner/work/_temp/9b49fc18-f38f-440e-89eb-faa3655850c0' before making global git config changes
2025-08-29T18:49:06.9775846Z Adding repository directory to the temporary git global config as a safe directory
2025-08-29T18:49:06.9777197Z [command]/usr/bin/git config --global --add safe.directory /home/runner/work/nephoran-intent-operator/nephoran-intent-operator
2025-08-29T18:49:06.9812657Z Deleting the contents of '/home/runner/work/nephoran-intent-operator/nephoran-intent-operator'
2025-08-29T18:49:06.9816613Z ##[group]Initializing the repository
2025-08-29T18:49:06.9822080Z [command]/usr/bin/git init /home/runner/work/nephoran-intent-operator/nephoran-intent-operator
2025-08-29T18:49:06.9882797Z hint: Using 'master' as the name for the initial branch. This default branch name
2025-08-29T18:49:06.9884231Z hint: is subject to change. To configure the initial branch name to use in all
2025-08-29T18:49:06.9885703Z hint: of your new repositories, which will suppress this warning, call:
2025-08-29T18:49:06.9886470Z hint:
2025-08-29T18:49:06.9887329Z hint: 	git config --global init.defaultBranch <name>
2025-08-29T18:49:06.9888423Z hint:
2025-08-29T18:49:06.9889489Z hint: Names commonly chosen instead of 'master' are 'main', 'trunk' and
2025-08-29T18:49:06.9891349Z hint: 'development'. The just-created branch can be renamed via this command:
2025-08-29T18:49:06.9892901Z hint:
2025-08-29T18:49:06.9893732Z hint: 	git branch -m <name>
2025-08-29T18:49:06.9894506Z hint:
2025-08-29T18:49:06.9895500Z hint: Disable this message with "git config set advice.defaultBranchName false"
2025-08-29T18:49:06.9897580Z Initialized empty Git repository in /home/runner/work/nephoran-intent-operator/nephoran-intent-operator/.git/
2025-08-29T18:49:06.9901264Z [command]/usr/bin/git remote add origin https://github.com/thc1006/nephoran-intent-operator
2025-08-29T18:49:06.9936398Z ##[endgroup]
2025-08-29T18:49:06.9937597Z ##[group]Disabling automatic garbage collection
2025-08-29T18:49:06.9941622Z [command]/usr/bin/git config --local gc.auto 0
2025-08-29T18:49:06.9972520Z ##[endgroup]
2025-08-29T18:49:06.9973817Z ##[group]Setting up auth
2025-08-29T18:49:06.9980502Z [command]/usr/bin/git config --local --name-only --get-regexp core\.sshCommand
2025-08-29T18:49:07.0012792Z [command]/usr/bin/git submodule foreach --recursive sh -c "git config --local --name-only --get-regexp 'core\.sshCommand' && git config --local --unset-all 'core.sshCommand' || :"
2025-08-29T18:49:07.0279526Z [command]/usr/bin/git config --local --name-only --get-regexp http\.https\:\/\/github\.com\/\.extraheader
2025-08-29T18:49:07.0311441Z [command]/usr/bin/git submodule foreach --recursive sh -c "git config --local --name-only --get-regexp 'http\.https\:\/\/github\.com\/\.extraheader' && git config --local --unset-all 'http.https://github.com/.extraheader' || :"
2025-08-29T18:49:07.0532725Z [command]/usr/bin/git config --local http.https://github.com/.extraheader AUTHORIZATION: basic ***
2025-08-29T18:49:07.0583107Z ##[endgroup]
2025-08-29T18:49:07.0584475Z ##[group]Fetching the repository
2025-08-29T18:49:07.0593353Z [command]/usr/bin/git -c protocol.version=2 fetch --prune --no-recurse-submodules origin +refs/heads/*:refs/remotes/origin/* +refs/tags/*:refs/tags/*
2025-08-29T18:49:17.3916238Z From https://github.com/thc1006/nephoran-intent-operator
2025-08-29T18:49:17.3917808Z  * [new branch]        chore/ci-autofix-setup  -> origin/chore/ci-autofix-setup
2025-08-29T18:49:17.3919228Z  * [new branch]        chore/claude-commands-and-hooks -> origin/chore/claude-commands-and-hooks
2025-08-29T18:49:17.3920869Z  * [new branch]        chore/conductor-governance -> origin/chore/conductor-governance
2025-08-29T18:49:17.3922488Z  * [new branch]        chore/conductor-setup   -> origin/chore/conductor-setup
2025-08-29T18:49:17.3923671Z  * [new branch]        chore/repo-hygiene      -> origin/chore/repo-hygiene
2025-08-29T18:49:17.3924847Z  * [new branch]        ci/fix-safety-docs-scan -> origin/ci/fix-safety-docs-scan
2025-08-29T18:49:17.3926168Z  * [new branch]        claude/issue-99-20250824-0007 -> origin/claude/issue-99-20250824-0007
2025-08-29T18:49:17.3927850Z  * [new branch]        clean-feat-conductor-loop -> origin/clean-feat-conductor-loop
2025-08-29T18:49:17.3929442Z  * [new branch]        dependabot/github_actions/actions/checkout-5 -> origin/dependabot/github_actions/actions/checkout-5
2025-08-29T18:49:17.3931709Z  * [new branch]        dependabot/github_actions/actions/configure-pages-5 -> origin/dependabot/github_actions/actions/configure-pages-5
2025-08-29T18:49:17.3933468Z  * [new branch]        dependabot/github_actions/codecov/codecov-action-5 -> origin/dependabot/github_actions/codecov/codecov-action-5
2025-08-29T18:49:17.3935148Z  * [new branch]        dependabot/github_actions/golangci/golangci-lint-action-8 -> origin/dependabot/github_actions/golangci/golangci-lint-action-8
2025-08-29T18:49:17.3937027Z  * [new branch]        dependabot/github_actions/helm/kind-action-1.12.0 -> origin/dependabot/github_actions/helm/kind-action-1.12.0
2025-08-29T18:49:17.3938780Z  * [new branch]        dependabot/go_modules/cloud.google.com/go/compute-1.44.0 -> origin/dependabot/go_modules/cloud.google.com/go/compute-1.44.0
2025-08-29T18:49:17.3940537Z  * [new branch]        dependabot/go_modules/cloud.google.com/go/container-1.44.0 -> origin/dependabot/go_modules/cloud.google.com/go/container-1.44.0
2025-08-29T18:49:17.3942942Z  * [new branch]        dependabot/go_modules/github.com/Azure/azure-sdk-for-go/sdk/azcore-1.19.0 -> origin/dependabot/go_modules/github.com/Azure/azure-sdk-for-go/sdk/azcore-1.19.0
2025-08-29T18:49:17.3944977Z  * [new branch]        dependabot/go_modules/github.com/aws/aws-sdk-go-v2-1.38.1 -> origin/dependabot/go_modules/github.com/aws/aws-sdk-go-v2-1.38.1
2025-08-29T18:49:17.3946816Z  * [new branch]        dependabot/go_modules/github.com/aws/aws-sdk-go-v2/credentials-1.18.6 -> origin/dependabot/go_modules/github.com/aws/aws-sdk-go-v2/credentials-1.18.6
2025-08-29T18:49:17.3949038Z  * [new branch]        dependabot/go_modules/github.com/aws/aws-sdk-go-v2/service/sts-1.38.0 -> origin/dependabot/go_modules/github.com/aws/aws-sdk-go-v2/service/sts-1.38.0
2025-08-29T18:49:17.3951701Z  * [new branch]        dependabot/go_modules/go.opentelemetry.io/otel/exporters/prometheus-0.59.1 -> origin/dependabot/go_modules/go.opentelemetry.io/otel/exporters/prometheus-0.59.1
2025-08-29T18:49:17.3953619Z  * [new branch]        dependabot/go_modules/golang.org/x/net-0.43.0 -> origin/dependabot/go_modules/golang.org/x/net-0.43.0
2025-08-29T18:49:17.3955195Z  * [new branch]        dependabot/go_modules/helm.sh/helm/v3-3.18.6 -> origin/dependabot/go_modules/helm.sh/helm/v3-3.18.6
2025-08-29T18:49:17.3956751Z  * [new branch]        dependabot/go_modules/k8s.io/client-go-0.33.4 -> origin/dependabot/go_modules/k8s.io/client-go-0.33.4
2025-08-29T18:49:17.3957909Z  * [new branch]        feat/a1-policy-sim      -> origin/feat/a1-policy-sim
2025-08-29T18:49:17.3959032Z  * [new branch]        feat/admission-webhook  -> origin/feat/admission-webhook
2025-08-29T18:49:17.3959972Z  * [new branch]        feat/ci-guard           -> origin/feat/ci-guard
2025-08-29T18:49:17.3961188Z  * [new branch]        feat/conductor-file-watcher -> origin/feat/conductor-file-watcher
2025-08-29T18:49:17.3962435Z  * [new branch]        feat/conductor-loop     -> origin/feat/conductor-loop
2025-08-29T18:49:17.3963495Z  * [new branch]        feat/e2-kpm-sim         -> origin/feat/e2-kpm-sim
2025-08-29T18:49:17.3964436Z  * [new branch]        feat/e2e                -> origin/feat/e2e
2025-08-29T18:49:17.3965397Z  * [new branch]        feat/examples-mvp       -> origin/feat/examples-mvp
2025-08-29T18:49:17.3966333Z  * [new branch]        feat/ingest-llm         -> origin/feat/ingest-llm
2025-08-29T18:49:17.3967340Z  * [new branch]        feat/ingest-tests-and-errors -> origin/feat/ingest-tests-and-errors
2025-08-29T18:49:17.3968425Z  * [new branch]        feat/o1-ves-sim         -> origin/feat/o1-ves-sim
2025-08-29T18:49:17.3969360Z  * [new branch]        feat/planner            -> origin/feat/planner
2025-08-29T18:49:17.3970215Z  * [new branch]        feat/porch-direct       -> origin/feat/porch-direct
2025-08-29T18:49:17.3971690Z  * [new branch]        feat/porch-publisher    -> origin/feat/porch-publisher
2025-08-29T18:49:17.3972817Z  * [new branch]        feat/porch-structured-patch -> origin/feat/porch-structured-patch
2025-08-29T18:49:17.3973874Z  * [new branch]        feat/sim-fcaps-to-intent -> origin/feat/sim-fcaps-to-intent
2025-08-29T18:49:17.3975051Z  * [new branch]        feat/test-harness       -> origin/feat/test-harness
2025-08-29T18:49:17.3976161Z  * [new branch]        fix/graceful-shutdown-exit-codes -> origin/fix/graceful-shutdown-exit-codes
2025-08-29T18:49:17.3977393Z  * [new branch]        fix/unused-import-lint-ci -> origin/fix/unused-import-lint-ci
2025-08-29T18:49:17.3978506Z  * [new branch]        integrate/mvp           -> origin/integrate/mvp
2025-08-29T18:49:17.3979344Z  * [new branch]        main                    -> origin/main
2025-08-29T18:49:17.3980364Z  * [new branch]        wip/keep-local-20250820-164908 -> origin/wip/keep-local-20250820-164908
2025-08-29T18:49:17.3981785Z  * [new tag]           backup/pre-cleanup-20250813234213 -> backup/pre-cleanup-20250813234213
2025-08-29T18:49:17.3982855Z  * [new tag]           v0.1.0-mvp              -> v0.1.0-mvp
2025-08-29T18:49:17.4067093Z [command]/usr/bin/git branch --list --remote origin/feat/conductor-loop
2025-08-29T18:49:17.4097162Z   origin/feat/conductor-loop
2025-08-29T18:49:17.4106734Z [command]/usr/bin/git rev-parse refs/remotes/origin/feat/conductor-loop
2025-08-29T18:49:17.4127789Z bcaf40a654c2f32205a70eb49c576c50574a246d
2025-08-29T18:49:17.4133780Z ##[endgroup]
2025-08-29T18:49:17.4134640Z ##[group]Determining the checkout info
2025-08-29T18:49:17.4135691Z ##[endgroup]
2025-08-29T18:49:17.4139580Z [command]/usr/bin/git sparse-checkout disable
2025-08-29T18:49:17.6143734Z [command]/usr/bin/git config --local --unset-all extensions.worktreeConfig
2025-08-29T18:49:17.6172662Z ##[group]Checking out the ref
2025-08-29T18:49:17.6177295Z [command]/usr/bin/git checkout --progress --force -B feat/conductor-loop refs/remotes/origin/feat/conductor-loop
2025-08-29T18:49:17.8939000Z Switched to a new branch 'feat/conductor-loop'
2025-08-29T18:49:17.8942335Z branch 'feat/conductor-loop' set up to track 'origin/feat/conductor-loop'.
2025-08-29T18:49:17.8967318Z ##[endgroup]
2025-08-29T18:49:17.9015086Z [command]/usr/bin/git log -1 --format=%H
2025-08-29T18:49:17.9038619Z bcaf40a654c2f32205a70eb49c576c50574a246d
2025-08-29T18:49:17.9246550Z ##[group]Run actions/setup-go@v5
2025-08-29T18:49:17.9246996Z with:
2025-08-29T18:49:17.9247236Z   go-version-file: go.mod
2025-08-29T18:49:17.9247523Z   check-latest: true
2025-08-29T18:49:17.9247912Z   cache: true
2025-08-29T18:49:17.9248324Z   token: ***
2025-08-29T18:49:17.9248574Z env:
2025-08-29T18:49:17.9248872Z   GO_VERSION_FILE: go.mod
2025-08-29T18:49:17.9249183Z   REGISTRY_BASE: ghcr.io/thc1006
2025-08-29T18:49:17.9249480Z   PLATFORMS: linux/amd64,linux/arm64
2025-08-29T18:49:17.9249896Z   GOLANGCI_LINT_VERSION: 1.64.3
2025-08-29T18:49:17.9250219Z   GOVULNCHECK_VERSION: 1.1.4
2025-08-29T18:49:17.9250553Z   GOPROXY: https://proxy.golang.org,direct
2025-08-29T18:49:17.9250956Z   GOSUMDB: sum.golang.org
2025-08-29T18:49:17.9251376Z   GO111MODULE: on
2025-08-29T18:49:17.9251648Z   CGO_ENABLED: 0
2025-08-29T18:49:17.9319614Z ##[endgroup]
2025-08-29T18:49:18.0952411Z Setup go version spec 1.24.6
2025-08-29T18:49:18.0956720Z Attempting to resolve the latest version from the manifest...
2025-08-29T18:49:18.6873552Z matching 1.24.6...
2025-08-29T18:49:18.6907469Z Resolved as '1.24.6'
2025-08-29T18:49:18.7342408Z Found in cache @ /opt/hostedtoolcache/go/1.24.6/x64
2025-08-29T18:49:18.7346329Z Added go to the path
2025-08-29T18:49:18.7350602Z Successfully set up Go version 1.24.6
2025-08-29T18:49:19.6334384Z [command]/opt/hostedtoolcache/go/1.24.6/x64/bin/go env GOMODCACHE
2025-08-29T18:49:19.6361655Z [command]/opt/hostedtoolcache/go/1.24.6/x64/bin/go env GOCACHE
2025-08-29T18:49:19.6384886Z /home/runner/go/pkg/mod
2025-08-29T18:49:19.6405117Z /home/runner/.cache/go-build
2025-08-29T18:49:19.9357228Z Cache hit for: setup-go-Linux-x64-ubuntu24-go-1.24.6-f9cdef60c6379d5fa56874218e9302b5da77dd6db69fd0c196bbe5564a71e956
2025-08-29T18:49:21.2828002Z Received 0 of 500160812 (0.0%), 0.0 MBs/sec
2025-08-29T18:49:22.2831814Z Received 96468992 of 500160812 (19.3%), 46.0 MBs/sec
2025-08-29T18:49:23.2829180Z Received 197132288 of 500160812 (39.4%), 62.7 MBs/sec
2025-08-29T18:49:24.2881610Z Received 306184192 of 500160812 (61.2%), 72.9 MBs/sec
2025-08-29T18:49:25.2880923Z Received 423624704 of 500160812 (84.7%), 80.7 MBs/sec
2025-08-29T18:49:25.9038530Z Received 500160812 of 500160812 (100.0%), 84.9 MBs/sec
2025-08-29T18:49:25.9040639Z Cache Size: ~477 MB (500160812 B)
2025-08-29T18:49:25.9169611Z [command]/usr/bin/tar -xf /home/runner/work/_temp/33763f9e-bd98-4cab-ad71-564fc2f7633f/cache.tzst -P -C /home/runner/work/nephoran-intent-operator/nephoran-intent-operator --use-compress-program unzstd
2025-08-29T18:49:31.1206816Z Cache restored successfully
2025-08-29T18:49:31.2124345Z Cache restored from key: setup-go-Linux-x64-ubuntu24-go-1.24.6-f9cdef60c6379d5fa56874218e9302b5da77dd6db69fd0c196bbe5564a71e956
2025-08-29T18:49:31.2149233Z go version go1.24.6 linux/amd64
2025-08-29T18:49:31.2149421Z 
2025-08-29T18:49:31.2149695Z ##[group]go env
2025-08-29T18:49:31.3052272Z AR='ar'
2025-08-29T18:49:31.3052622Z CC='gcc'
2025-08-29T18:49:31.3052929Z CGO_CFLAGS='-O2 -g'
2025-08-29T18:49:31.3053214Z CGO_CPPFLAGS=''
2025-08-29T18:49:31.3053429Z CGO_CXXFLAGS='-O2 -g'
2025-08-29T18:49:31.3053785Z CGO_ENABLED='0'
2025-08-29T18:49:31.3054062Z CGO_FFLAGS='-O2 -g'
2025-08-29T18:49:31.3054272Z CGO_LDFLAGS='-O2 -g'
2025-08-29T18:49:31.3054481Z CXX='g++'
2025-08-29T18:49:31.3054670Z GCCGO='gccgo'
2025-08-29T18:49:31.3054861Z GO111MODULE='on'
2025-08-29T18:49:31.3055059Z GOAMD64='v1'
2025-08-29T18:49:31.3055247Z GOARCH='amd64'
2025-08-29T18:49:31.3055433Z GOAUTH='netrc'
2025-08-29T18:49:31.3055619Z GOBIN=''
2025-08-29T18:49:31.3055835Z GOCACHE='/home/runner/.cache/go-build'
2025-08-29T18:49:31.3056114Z GOCACHEPROG=''
2025-08-29T18:49:31.3056335Z GODEBUG=''
2025-08-29T18:49:31.3056541Z GOENV='/home/runner/.config/go/env'
2025-08-29T18:49:31.3056796Z GOEXE=''
2025-08-29T18:49:31.3056974Z GOEXPERIMENT=''
2025-08-29T18:49:31.3057173Z GOFIPS140='off'
2025-08-29T18:49:31.3057364Z GOFLAGS=''
2025-08-29T18:49:31.3058290Z GOGCCFLAGS='-fPIC -m64 -Wl,--no-gc-sections -fmessage-length=0 -ffile-prefix-map=/tmp/go-build642264352=/tmp/go-build -gno-record-gcc-switches'
2025-08-29T18:49:31.3058966Z GOHOSTARCH='amd64'
2025-08-29T18:49:31.3059179Z GOHOSTOS='linux'
2025-08-29T18:49:31.3059375Z GOINSECURE=''
2025-08-29T18:49:31.3059773Z GOMOD='/home/runner/work/nephoran-intent-operator/nephoran-intent-operator/go.mod'
2025-08-29T18:49:31.3060240Z GOMODCACHE='/home/runner/go/pkg/mod'
2025-08-29T18:49:31.3060506Z GONOPROXY=''
2025-08-29T18:49:31.3060691Z GONOSUMDB=''
2025-08-29T18:49:31.3060913Z GOOS='linux'
2025-08-29T18:49:31.3061325Z GOPATH='/home/runner/go'
2025-08-29T18:49:31.3061545Z GOPRIVATE=''
2025-08-29T18:49:31.3061815Z GOPROXY='https://proxy.golang.org,direct'
2025-08-29T18:49:31.3062164Z GOROOT='/opt/hostedtoolcache/go/1.24.6/x64'
2025-08-29T18:49:31.3062454Z GOSUMDB='sum.golang.org'
2025-08-29T18:49:31.3062685Z GOTELEMETRY='local'
2025-08-29T18:49:31.3062954Z GOTELEMETRYDIR='/home/runner/.config/go/telemetry'
2025-08-29T18:49:31.3063225Z GOTMPDIR=''
2025-08-29T18:49:31.3063406Z GOTOOLCHAIN='auto'
2025-08-29T18:49:31.3063718Z GOTOOLDIR='/opt/hostedtoolcache/go/1.24.6/x64/pkg/tool/linux_amd64'
2025-08-29T18:49:31.3064042Z GOVCS=''
2025-08-29T18:49:31.3064219Z GOVERSION='go1.24.6'
2025-08-29T18:49:31.3064408Z GOWORK=''
2025-08-29T18:49:31.3064583Z PKG_CONFIG='pkg-config'
2025-08-29T18:49:31.3064722Z 
2025-08-29T18:49:31.3065029Z ##[endgroup]
2025-08-29T18:49:31.6787403Z ##[group]Run actions/cache@v4
2025-08-29T18:49:31.6787664Z with:
2025-08-29T18:49:31.6787958Z   path: ~/.cache/golangci-lint
~/.cache/go-build
~/go/bin/golangci-lint

2025-08-29T18:49:31.6788534Z   key: Linux-golangci-lint-v1.64.3-bf51e6f9dea14baaa4c19791df217d7ed3876bbfb2d37bd2aa9a4f4a8082b793
2025-08-29T18:49:31.6789367Z   restore-keys: Linux-golangci-lint-v1.64.3-
Linux-golangci-lint-
Linux-go-build-

2025-08-29T18:49:31.6789765Z   enableCrossOsArchive: false
2025-08-29T18:49:31.6790001Z   fail-on-cache-miss: false
2025-08-29T18:49:31.6790213Z   lookup-only: false
2025-08-29T18:49:31.6790405Z   save-always: false
2025-08-29T18:49:31.6790587Z env:
2025-08-29T18:49:31.6790755Z   GO_VERSION_FILE: go.mod
2025-08-29T18:49:31.6790970Z   REGISTRY_BASE: ghcr.io/thc1006
2025-08-29T18:49:31.6791690Z   PLATFORMS: linux/amd64,linux/arm64
2025-08-29T18:49:31.6791963Z   GOLANGCI_LINT_VERSION: 1.64.3
2025-08-29T18:49:31.6792189Z   GOVULNCHECK_VERSION: 1.1.4
2025-08-29T18:49:31.6792494Z   GOPROXY: https://proxy.golang.org,direct
2025-08-29T18:49:31.6792761Z   GOSUMDB: sum.golang.org
2025-08-29T18:49:31.6792964Z   GO111MODULE: on
2025-08-29T18:49:31.6793146Z   CGO_ENABLED: 0
2025-08-29T18:49:31.6793319Z ##[endgroup]
2025-08-29T18:49:32.0990854Z Cache not found for input keys: Linux-golangci-lint-v1.64.3-bf51e6f9dea14baaa4c19791df217d7ed3876bbfb2d37bd2aa9a4f4a8082b793, Linux-golangci-lint-v1.64.3-, Linux-golangci-lint-, Linux-go-build-
2025-08-29T18:49:32.1086515Z ##[group]Run echo "=== Ultra-resilient Go module download with advanced caching ==="
2025-08-29T18:49:32.1087156Z [36;1mecho "=== Ultra-resilient Go module download with advanced caching ==="[0m
2025-08-29T18:49:32.1087512Z [36;1m[0m
2025-08-29T18:49:32.1087778Z [36;1m# Configure Go environment for maximum cache efficiency[0m
2025-08-29T18:49:32.1088186Z [36;1mexport GOPROXY="https://proxy.golang.org,direct"[0m
2025-08-29T18:49:32.1088519Z [36;1mexport GOSUMDB="sum.golang.org"[0m
2025-08-29T18:49:32.1088772Z [36;1mexport GOPRIVATE=""[0m
2025-08-29T18:49:32.1089000Z [36;1mexport GONOSUMDB=""[0m
2025-08-29T18:49:32.1089219Z [36;1mexport GONOPROXY=""[0m
2025-08-29T18:49:32.1089428Z [36;1mexport GO111MODULE=on[0m
2025-08-29T18:49:32.1089653Z [36;1mexport CGO_ENABLED=0[0m
2025-08-29T18:49:32.1089856Z [36;1m[0m
2025-08-29T18:49:32.1090070Z [36;1m# Pre-populate module cache directory[0m
2025-08-29T18:49:32.1090345Z [36;1mmkdir -p ~/go/pkg/mod[0m
2025-08-29T18:49:32.1090594Z [36;1m[0m
2025-08-29T18:49:32.1090787Z [36;1mecho "Go environment configuration:"[0m
2025-08-29T18:49:32.1091525Z [36;1mgo env | grep -E "(GOPROXY|GOSUMDB|GO111MODULE|GOMODCACHE|GOCACHE)"[0m
2025-08-29T18:49:32.1091854Z [36;1m[0m
2025-08-29T18:49:32.1092068Z [36;1m# Multi-strategy download with timeout handling[0m
2025-08-29T18:49:32.1092355Z [36;1mdownload_success=false[0m
2025-08-29T18:49:32.1092628Z [36;1mfor strategy in "cached" "direct" "fallback"; do[0m
2025-08-29T18:49:32.1092954Z [36;1m  echo "Attempting download strategy: $strategy"[0m
2025-08-29T18:49:32.1093209Z [36;1m  [0m
2025-08-29T18:49:32.1093387Z [36;1m  case "$strategy" in[0m
2025-08-29T18:49:32.1093600Z [36;1m    "cached")[0m
2025-08-29T18:49:32.1093810Z [36;1m      # Try with existing cache first[0m
2025-08-29T18:49:32.1094097Z [36;1m      if timeout 180s go mod download -x; then[0m
2025-08-29T18:49:32.1094377Z [36;1m        download_success=true[0m
2025-08-29T18:49:32.1094605Z [36;1m        break[0m
2025-08-29T18:49:32.1094791Z [36;1m      fi[0m
2025-08-29T18:49:32.1094965Z [36;1m      ;;[0m
2025-08-29T18:49:32.1095140Z [36;1m    "direct")[0m
2025-08-29T18:49:32.1095364Z [36;1m      # Force fresh download bypassing some caches[0m
2025-08-29T18:49:32.1095651Z [36;1m      export GOPROXY="direct"[0m
2025-08-29T18:49:32.1095915Z [36;1m      if timeout 240s go mod download -x; then[0m
2025-08-29T18:49:32.1096175Z [36;1m        download_success=true[0m
2025-08-29T18:49:32.1096401Z [36;1m        break[0m
2025-08-29T18:49:32.1096584Z [36;1m      fi[0m
2025-08-29T18:49:32.1096828Z [36;1m      export GOPROXY="https://proxy.golang.org,direct"[0m
2025-08-29T18:49:32.1097124Z [36;1m      ;;[0m
2025-08-29T18:49:32.1097306Z [36;1m    "fallback")[0m
2025-08-29T18:49:32.1097561Z [36;1m      # Minimal download for critical dependencies only[0m
2025-08-29T18:49:32.1098097Z [36;1m      if timeout 120s go list -m all >/dev/null 2>&1; then[0m
2025-08-29T18:49:32.1098475Z [36;1m        echo "Module list successful - proceeding with minimal cache"[0m
2025-08-29T18:49:32.1098807Z [36;1m        download_success=true[0m
2025-08-29T18:49:32.1099031Z [36;1m        break[0m
2025-08-29T18:49:32.1099229Z [36;1m      fi[0m
2025-08-29T18:49:32.1099396Z [36;1m      ;;[0m
2025-08-29T18:49:32.1099558Z [36;1m  esac[0m
2025-08-29T18:49:32.1099728Z [36;1m  [0m
2025-08-29T18:49:32.1099950Z [36;1m  echo "Strategy $strategy failed, trying next..."[0m
2025-08-29T18:49:32.1100224Z [36;1m  sleep 2[0m
2025-08-29T18:49:32.1100398Z [36;1mdone[0m
2025-08-29T18:49:32.1100568Z [36;1m[0m
2025-08-29T18:49:32.1100758Z [36;1mif [ "$download_success" = "true" ]; then[0m
2025-08-29T18:49:32.1101286Z [36;1m  echo "Dependencies download completed successfully"[0m
2025-08-29T18:49:32.1101604Z [36;1m  # Verify and report cache status[0m
2025-08-29T18:49:32.1101961Z [36;1m  cache_size=$(du -sh ~/go/pkg/mod 2>/dev/null | cut -f1 || echo "unknown")[0m
2025-08-29T18:49:32.1102488Z [36;1m  echo "Go module cache size: $cache_size"[0m
2025-08-29T18:49:32.1102738Z [36;1melse[0m
2025-08-29T18:49:32.1103061Z [36;1m  echo "WARNING: All download strategies failed - will continue with existing cache"[0m
2025-08-29T18:49:32.1103463Z [36;1m  echo "Existing cache contents:"[0m
2025-08-29T18:49:32.1103841Z [36;1m  find ~/go/pkg/mod -maxdepth 2 -type d 2>/dev/null | head -10 || echo "No cache found"[0m
2025-08-29T18:49:32.1104202Z [36;1mfi[0m
2025-08-29T18:49:32.1155128Z shell: /usr/bin/bash -e {0}
2025-08-29T18:49:32.1155438Z env:
2025-08-29T18:49:32.1155649Z   GO_VERSION_FILE: go.mod
2025-08-29T18:49:32.1155881Z   REGISTRY_BASE: ghcr.io/thc1006
2025-08-29T18:49:32.1156130Z   PLATFORMS: linux/amd64,linux/arm64
2025-08-29T18:49:32.1156379Z   GOLANGCI_LINT_VERSION: 1.64.3
2025-08-29T18:49:32.1156606Z   GOVULNCHECK_VERSION: 1.1.4
2025-08-29T18:49:32.1156858Z   GOPROXY: https://proxy.golang.org,direct
2025-08-29T18:49:32.1157140Z   GOSUMDB: sum.golang.org
2025-08-29T18:49:32.1157344Z   GO111MODULE: on
2025-08-29T18:49:32.1157531Z   CGO_ENABLED: 0
2025-08-29T18:49:32.1157706Z ##[endgroup]
2025-08-29T18:49:32.1230392Z === Ultra-resilient Go module download with advanced caching ===
2025-08-29T18:49:32.1245876Z Go environment configuration:
2025-08-29T18:49:32.1307829Z GO111MODULE='on'
2025-08-29T18:49:32.1308196Z GOCACHE='/home/runner/.cache/go-build'
2025-08-29T18:49:32.1308499Z GOCACHEPROG=''
2025-08-29T18:49:32.1308810Z GOMODCACHE='/home/runner/go/pkg/mod'
2025-08-29T18:49:32.1309300Z GOPROXY='https://proxy.golang.org,direct'
2025-08-29T18:49:32.1309790Z GOSUMDB='sum.golang.org'
2025-08-29T18:49:32.1310703Z Attempting download strategy: cached
2025-08-29T18:49:32.2063360Z Dependencies download completed successfully
2025-08-29T18:49:32.6064400Z Go module cache size: 1.7G
2025-08-29T18:49:32.6118369Z ##[group]Run golangci/golangci-lint-action@v6
2025-08-29T18:49:32.6118666Z with:
2025-08-29T18:49:32.6118853Z   version: v1.64.3
2025-08-29T18:49:32.6119192Z   args: --timeout=10m --out-format=json:golangci-lint.json,colored-line-number
2025-08-29T18:49:32.6119557Z   skip-cache: false
2025-08-29T18:49:32.6119747Z   install-mode: binary
2025-08-29T18:49:32.6120072Z   github-token: ***
2025-08-29T18:49:32.6120264Z   verify: true
2025-08-29T18:49:32.6120454Z   only-new-issues: false
2025-08-29T18:49:32.6120661Z   skip-save-cache: false
2025-08-29T18:49:32.6120870Z   problem-matchers: false
2025-08-29T18:49:32.6121245Z   cache-invalidation-interval: 7
2025-08-29T18:49:32.6121465Z env:
2025-08-29T18:49:32.6121636Z   GO_VERSION_FILE: go.mod
2025-08-29T18:49:32.6121847Z   REGISTRY_BASE: ghcr.io/thc1006
2025-08-29T18:49:32.6122075Z   PLATFORMS: linux/amd64,linux/arm64
2025-08-29T18:49:32.6122323Z   GOLANGCI_LINT_VERSION: 1.64.3
2025-08-29T18:49:32.6122549Z   GOVULNCHECK_VERSION: 1.1.4
2025-08-29T18:49:32.6122828Z   GOPROXY: https://proxy.golang.org,direct
2025-08-29T18:49:32.6123087Z   GOSUMDB: sum.golang.org
2025-08-29T18:49:32.6123474Z   GO111MODULE: on
2025-08-29T18:49:32.6123654Z   CGO_ENABLED: 0
2025-08-29T18:49:32.6123825Z ##[endgroup]
2025-08-29T18:49:32.7831551Z ##[group]prepare environment
2025-08-29T18:49:32.7836865Z Checking for go.mod: go.mod
2025-08-29T18:49:33.0804765Z Cache hit for: golangci-lint.cache-Linux-2904-662a8eda6f41c3c1d64cde6a9f871b38a4a7ed9b
2025-08-29T18:49:34.4535454Z Received 0 of 6430006 (0.0%), 0.0 MBs/sec
2025-08-29T18:49:34.6404685Z Received 6430006 of 6430006 (100.0%), 5.2 MBs/sec
2025-08-29T18:49:34.6405477Z Cache Size: ~6 MB (6430006 B)
2025-08-29T18:49:34.6438858Z [command]/usr/bin/tar -xf /home/runner/work/_temp/e7a6e40b-77d1-4474-abed-2c5dfa4ac0e2/cache.tzst -P -C /home/runner/work/nephoran-intent-operator/nephoran-intent-operator --use-compress-program unzstd
2025-08-29T18:49:36.0408478Z Cache restored successfully
2025-08-29T18:49:36.0427329Z Restored cache for golangci-lint from key 'golangci-lint.cache-Linux-2904-662a8eda6f41c3c1d64cde6a9f871b38a4a7ed9b' in 3259ms
2025-08-29T18:49:36.0428509Z Finding needed golangci-lint version...
2025-08-29T18:49:36.0431668Z Installation mode: binary
2025-08-29T18:49:36.0432819Z Installing golangci-lint binary v1.64.3...
2025-08-29T18:49:36.0434145Z Downloading binary https://github.com/golangci/golangci-lint/releases/download/v1.64.3/golangci-lint-1.64.3-linux-amd64.tar.gz ...
2025-08-29T18:49:36.4265532Z [command]/usr/bin/tar xz --overwrite --warning=no-unknown-keyword --overwrite -C /home/runner -f /home/runner/work/_temp/2c1277b1-9293-4d0e-852a-18ec2b166de8
2025-08-29T18:49:36.6494590Z Installed golangci-lint into /home/runner/golangci-lint-1.64.3-linux-amd64/golangci-lint in 606ms
2025-08-29T18:49:36.6495443Z Prepared env in 3866ms
2025-08-29T18:49:36.6496711Z ##[endgroup]
2025-08-29T18:49:36.6499384Z ##[group]run golangci-lint
2025-08-29T18:49:36.6507582Z Running [/home/runner/golangci-lint-1.64.3-linux-amd64/golangci-lint config path] in [/home/runner/work/nephoran-intent-operator/nephoran-intent-operator] ...
2025-08-29T18:49:36.7367662Z Running [/home/runner/golangci-lint-1.64.3-linux-amd64/golangci-lint config verify] in [/home/runner/work/nephoran-intent-operator/nephoran-intent-operator] ...
2025-08-29T18:49:36.8761251Z Running [/home/runner/golangci-lint-1.64.3-linux-amd64/golangci-lint run --out-format=json:golangci-lint.json,colored-line-number --timeout=10m] in [/home/runner/work/nephoran-intent-operator/nephoran-intent-operator] ...
2025-08-29T18:55:23.4741312Z ##[error]api/intent/v1alpha1/doc.go:14:1: ST1000: at least one file in a package should have a package comment (stylecheck)
2025-08-29T18:55:23.4750777Z ##[error]api/intent/v1alpha1/groupversion_info.go:1:1: File is not properly formatted (gci)
2025-08-29T18:55:23.4753118Z ##[error]api/intent/v1alpha1/groupversion_info.go:2:1: ST1000: at least one file in a package should have a package comment (stylecheck)
2025-08-29T18:55:23.4777340Z ##[error]api/intent/v1alpha1/networkintent_types.go:2:1: ST1000: at least one file in a package should have a package comment (stylecheck)
2025-08-29T18:55:23.4779041Z ##[error]api/intent/v1alpha1/networkintent_types.go:118:14: unnecessary leading newline (whitespace)
2025-08-29T18:55:23.4780320Z ##[error]api/intent/v1alpha1/networkintent_types.go:122:1: unnecessary trailing newline (whitespace)
2025-08-29T18:55:23.4781732Z ##[error]api/intent/v1alpha1/webhook.go:1:1: File is not properly formatted (gci)
2025-08-29T18:55:23.4783059Z ##[error]api/intent/v1alpha1/webhook.go:2:1: ST1000: at least one file in a package should have a package comment (stylecheck)
2025-08-29T18:55:23.4784351Z ##[error]api/intent/v1alpha1/webhook.go:56:10: unnecessary leading newline (whitespace)
2025-08-29T18:55:23.4785520Z ##[error]api/intent/v1alpha1/webhook.go:60:2: unnecessary trailing newline (whitespace)
2025-08-29T18:55:23.4786600Z ##[error]api/intent/v1alpha1/webhook.go:64:27: unnecessary leading newline (whitespace)
2025-08-29T18:55:23.4787683Z ##[error]api/intent/v1alpha1/webhook.go:68:2: unnecessary trailing newline (whitespace)
2025-08-29T18:55:23.4789761Z ##[error]api/intent/v1alpha1/webhook.go:72:1: unnecessary trailing newline (whitespace)
2025-08-29T18:55:23.4791159Z ##[error]api/intent/v1alpha1/webhook.go:92:1: unnecessary trailing newline (whitespace)
2025-08-29T18:55:23.4792392Z ##[error]api/intent/v1alpha1/webhook.go:116:77: unnecessary leading newline (whitespace)
2025-08-29T18:55:23.4793478Z ##[error]api/intent/v1alpha1/webhook.go:120:10: unnecessary leading newline (whitespace)
2025-08-29T18:55:23.4794648Z ##[error]api/v1/audittrail_types.go:1:1: File is not properly formatted (gci)
2025-08-29T18:55:23.4795880Z ##[error]api/v1/audittrail_types.go:2:1: ST1000: at least one file in a package should have a package comment (stylecheck)
2025-08-29T18:55:23.4797006Z ##[error]api/v1/cnfdeployment_types.go:31:1: File is not properly formatted (gci)
2025-08-29T18:55:23.4798033Z ##[error]api/v1/disaster_recovery_types.go:31:1: File is not properly formatted (gci)
2025-08-29T18:55:23.4799480Z ##[error]cmd/conductor-loop/main.go:454:4: exitAfterDefer: log.Fatalf will exit, and `defer processor.Stop()` will not run (gocritic)
2025-08-29T18:55:23.4800779Z ##[error]cmd/conductor-loop/main.go:622:4: ifElseChain: rewrite if-else to switch statement (gocritic)
2025-08-29T18:55:23.4802514Z ##[error]cmd/conductor-loop/main.go:690:4: ifElseChain: rewrite if-else to switch statement (gocritic)
2025-08-29T18:55:23.4803885Z ##[error]cmd/conductor/main.go:212:3: exitAfterDefer: log.Fatal will exit, and `defer cancel()` will not run (gocritic)
2025-08-29T18:55:23.4806061Z ##[error]cmd/llm-processor/service_manager.go:124:38: Function `initializeOAuth2Manager->NewOAuth2Manager->LoadAuthConfig->loadProviders->getOAuth2ClientSecret->auditSecretAccess` should pass the context parameter (contextcheck)
2025-08-29T18:55:23.4808101Z ##[error]cmd/porch-structured-patch/main.go:556:23: type assertion on error will fail on wrapped errors. Use errors.As to check for specific errors (errorlint)
2025-08-29T18:55:23.4809460Z ##[error]cmd/quality-metrics/main.go:798:33: SA5009: couldn't parse format string (staticcheck)
2025-08-29T18:55:23.4810820Z ##[error]cmd/secure-porch-patch/main.go:208:3: exitAfterDefer: os.Exit will exit, and `defer cancel()` will not run (gocritic)
2025-08-29T18:55:23.4812538Z ##[error]cmd/secure-porch-patch/main.go:506:45: Function `ExecuteSecure` should pass the context parameter (contextcheck)
2025-08-29T18:55:23.4813874Z ##[error]cmd/technical-debt-monitor/main.go:720:3: ineffectual assignment to mdWriteErr (ineffassign)
2025-08-29T18:55:23.4815481Z ##[error]internal/ingest/handler.go:212:21: sprintfQuotedString: use %q instead of "%s" for quoted strings (gocritic)
2025-08-29T18:55:23.4816885Z ##[error]internal/intent/loader.go:260:5: emptyStringTest: replace `len(name) == 0` with `name == ""` (gocritic)
2025-08-29T18:55:23.4818583Z ##[error]internal/intent/validator.go:446:26: type assertion on error will fail on wrapped errors. Use errors.As to check for specific errors (errorlint)
2025-08-29T18:55:23.4820192Z ##[error]internal/loop/adaptive_worker_pool.go:456:49: `(*AdaptiveWorkerPool).processItem` - `item` is unused (unparam)
2025-08-29T18:55:23.4821833Z ##[error]internal/loop/adaptive_worker_pool.go:650:3: for loop can be changed to use an integer range (Go 1.22+) (intrange)
2025-08-29T18:55:23.4823179Z ##[error]internal/loop/adaptive_worker_pool.go:662:3: for loop can be changed to use an integer range (Go 1.22+) (intrange)
2025-08-29T18:55:23.4824546Z ##[error]internal/loop/adaptive_worker_pool.go:876:6: builtinShadowDecl: shadowing of predeclared identifier: max (gocritic)
2025-08-29T18:55:23.4825915Z ##[error]internal/loop/adaptive_worker_pool.go:892:6: builtinShadowDecl: shadowing of predeclared identifier: min (gocritic)
2025-08-29T18:55:23.4827346Z ##[error]internal/loop/defer_patterns.go:200:3: exitAfterDefer: log.Fatalf will exit, and `defer watcher.Close()` will not run (gocritic)
2025-08-29T18:55:23.4828793Z ##[error]internal/loop/defer_patterns.go:244:3: exitAfterDefer: log.Fatalf will exit, and `defer func(){...}(...)` will not run (gocritic)
2025-08-29T18:55:23.4830483Z ##[error]internal/loop/optimized_watcher.go:16:2: dupImport: package is imported 2 times under different aliases on lines 16 and 18 (gocritic)
2025-08-29T18:55:23.4832244Z ##[error]internal/loop/optimized_watcher.go:18:2: dupImport: package is imported 2 times under different aliases on lines 16 and 18 (gocritic)
2025-08-29T18:55:23.4833552Z ##[error]internal/loop/optimized_watcher.go:238:62: G115: integer overflow conversion int -> int32 (gosec)
2025-08-29T18:55:23.4834718Z ##[error]internal/loop/optimized_watcher.go:476:17: G115: integer overflow conversion int -> int32 (gosec)
2025-08-29T18:55:23.4835887Z ##[error]internal/loop/optimized_watcher.go:496:21: G115: integer overflow conversion int -> int32 (gosec)
2025-08-29T18:55:23.4837040Z ##[error]internal/loop/optimized_watcher.go:498:21: G115: integer overflow conversion int -> int32 (gosec)
2025-08-29T18:55:23.4838217Z ##[error]internal/loop/optimized_watcher.go:722:17: G115: integer overflow conversion int64 -> uint64 (gosec)
2025-08-29T18:55:23.4839963Z ##[error]internal/loop/shutdown.go:120:2: S1008: should use 'return containsSignalKeywords(errMsg)' instead of 'if containsSignalKeywords(errMsg) { return true }; return false' (gosimple)
2025-08-29T18:55:23.4841830Z ##[error]internal/loop/state.go:314:48: (*StateManager).createBackupAndReset - result 0 (error) is always nil (unparam)
2025-08-29T18:55:23.4843140Z ##[error]internal/loop/watcher.go:132:3: ifElseChain: rewrite if-else to switch statement (gocritic)
2025-08-29T18:55:23.4844432Z ##[error]internal/loop/watcher.go:1180:40: (*Watcher).startMetricsServer - result 0 (error) is always nil (unparam)
2025-08-29T18:55:23.4845848Z ##[error]internal/loop/watcher.go:1908:73: `(*Watcher).handleIntentFileWithEnhancedDebounce` - `eventOp` is unused (unparam)
2025-08-29T18:55:23.4847175Z ##[error]internal/loop/watcher.go:2500:10: Error return value of `w.executor.Execute` is not checked (errcheck)
2025-08-29T18:55:23.4848467Z ##[error]internal/loop/watcher.go:2858:27: Error return value of `w.metricsServer.Shutdown` is not checked (errcheck)
2025-08-29T18:55:23.4849681Z ##[error]internal/loop/watcher.go:3034:11: Error return value of `file.Seek` is not checked (errcheck)
2025-08-29T18:55:23.4850836Z ##[error]internal/loop/watcher.go:3054:12: Error return value of `file.Seek` is not checked (errcheck)
2025-08-29T18:55:23.4852415Z ##[error]internal/loop/watcher.go:3494:22: regexpSimplify: can re-write `^v[0-9]+([a-z]+[0-9]*)?$` as `^v\d+([a-z]+\d*)?$` (gocritic)
2025-08-29T18:55:23.4853910Z ##[error]internal/loop/watcher.go:3496:22: regexpSimplify: can re-write `^nephoran\.com/v[0-9]+([a-z]+[0-9]*)?$` as `^nephoran\.com/v\d+([a-z]+\d*)?$` (gocritic)
2025-08-29T18:55:23.4855274Z ##[error]internal/loop/watcher.go:4374:5: emptyStringTest: replace `len(name) == 0` with `name == ""` (gocritic)
2025-08-29T18:55:23.4856685Z ##[error]internal/loop/watcher.go:4408:5: emptyStringTest: replace `len(key) == 0` with `key == ""` (gocritic)
2025-08-29T18:55:23.4858013Z ##[error]internal/loop/watcher.go:4462:5: emptyStringTest: replace `len(value) == 0` with `value == ""` (gocritic)
2025-08-29T18:55:23.4859662Z ##[error]internal/patchgen/generator/sanitization.go:22:1: exported: exported function SanitizePath should have comment or be unexported (revive)
2025-08-29T18:55:23.4861605Z ##[error]internal/patchgen/generator/sanitization.go:46:9: wrapperFunc: use strings.ReplaceAll method in `strings.Replace(path, "../", "", -1)` (gocritic)
2025-08-29T18:55:23.4863345Z ##[error]internal/patchgen/generator/sanitization.go:58:1: exported: exported function SanitizeCommand should have comment or be unexported (revive)
2025-08-29T18:55:23.4865046Z ##[error]internal/patchgen/generator/sanitization.go:92:1: exported: exported function ValidateBinaryContent should have comment or be unexported (revive)
2025-08-29T18:55:23.4866778Z ##[error]internal/pathutil/pathwin.go:30:1: exported: exported function NormalizeWindowsPath should have comment or be unexported (revive)
2025-08-29T18:55:23.4868341Z ##[error]internal/pathutil/pathwin.go:132:1: exported: exported function IsValidWindowsPath should have comment or be unexported (revive)
2025-08-29T18:55:23.4870147Z ##[error]internal/pathutil/pathwin.go:258:1: exported: exported function ResolveDriveRelativePath should have comment or be unexported (revive)
2025-08-29T18:55:23.4872093Z ##[error]internal/pathutil/pathwin.go:290:1: exported: exported function EnsureParentDirectory should have comment or be unexported (revive)
2025-08-29T18:55:23.4873736Z ##[error]internal/pathutil/pathwin.go:386:1: exported: exported function IsExtendedLengthPath should have comment or be unexported (revive)
2025-08-29T18:55:23.4875235Z ##[error]internal/pathutil/safe_path.go:182:1: exported: exported function SafeJoin should have comment or be unexported (revive)
2025-08-29T18:55:23.4876688Z ##[error]internal/pathutil/safe_path.go:194:1: exported: exported function MustSafeJoin should have comment or be unexported (revive)
2025-08-29T18:55:23.4878141Z ##[error]internal/pathutil/safe_path.go:214:1: exported: exported function IsPathSafe should have comment or be unexported (revive)
2025-08-29T18:55:23.4879613Z ##[error]internal/pathutil/windows_path.go:28:7: exported: exported const WindowsMaxPath should have comment or be unexported (revive)
2025-08-29T18:55:23.4881367Z ##[error]internal/pathutil/windows_path.go:60:1: exported: exported function ValidateWindowsPath should have comment or be unexported (revive)
2025-08-29T18:55:23.4883013Z ##[error]internal/pathutil/windows_path.go:216:1: exported: exported function NormalizeUserPath should have comment or be unexported (revive)
2025-08-29T18:55:23.4884552Z ##[error]internal/pathutil/windows_path.go:356:1: exported: exported function EnsureParentDir should have comment or be unexported (revive)
2025-08-29T18:55:23.4886107Z ##[error]internal/pathutil/windows_path.go:436:1: exported: exported function IsWindowsBatchFile should have comment or be unexported (revive)
2025-08-29T18:55:23.4887587Z ##[error]internal/pathutil/windows_path.go:454:1: exported: exported function IsUNCPath should have comment or be unexported (revive)
2025-08-29T18:55:23.4889128Z ##[error]internal/pathutil/windows_path.go:464:1: exported: exported function IsWindowsDevicePath should have comment or be unexported (revive)
2025-08-29T18:55:23.4890705Z ##[error]internal/pathutil/windows_path.go:476:1: exported: exported function IsAbsoluteWindowsPath should have comment or be unexported (revive)
2025-08-29T18:55:23.4892567Z ##[error]internal/platform/crossplatform.go:394:15: sprintfQuotedString: use %q instead of "%s" for quoted strings (gocritic)
2025-08-29T18:55:23.4893989Z ##[error]internal/platform/crossplatform.go:404:15: sprintfQuotedString: use %q instead of "%s" for quoted strings (gocritic)
2025-08-29T18:55:23.4895391Z ##[error]internal/platform/crossplatform.go:606:15: sprintfQuotedString: use %q instead of "%s" for quoted strings (gocritic)
2025-08-29T18:55:23.4896928Z ##[error]internal/platform/crossplatform.go:616:15: sprintfQuotedString: use %q instead of "%s" for quoted strings (gocritic)
2025-08-29T18:55:23.4898249Z ##[error]internal/platform/crossplatform.go:702:11: G302: Expect file permissions to be 0640 or less (gosec)
2025-08-29T18:55:23.4899450Z ##[error]internal/platform/crossplatform.go:714:9: G302: Expect file permissions to be 0640 or less (gosec)
2025-08-29T18:55:23.4900632Z ##[error]internal/porch/executor.go:344:18: `getExitCode` - `cmd` is unused (unparam)
2025-08-29T18:55:23.4902042Z ##[error]internal/porch/testutil.go:264:12: G306: Expect WriteFile permissions to be 0640 or less (gosec)
2025-08-29T18:55:23.4903594Z ##[error]internal/security/command.go:264:23: type assertion on error will fail on wrapped errors. Use errors.As to check for specific errors (errorlint)
2025-08-29T18:55:23.4905059Z ##[error]internal/security/secure_patchgen.go:982:3: emptyStringTest: replace `len(substr) > 0` with `substr != ""` (gocritic)
2025-08-29T18:55:23.4906452Z ##[error]pkg/audit/backends/splunk.go:424:2: Consider pre-allocating `splunkEvents` (prealloc)
2025-08-29T18:55:23.4907993Z ##[error]pkg/audit/compliance/retention.go:178:2: appendCombine: can combine chain of 3 appends into one (gocritic)
2025-08-29T18:55:23.4909372Z ##[error]pkg/audit/integrity.go:1136:18: Error return value of `x509.MarshalPKIXPublicKey` is not checked (errcheck)
2025-08-29T18:55:23.4910709Z ##[error]pkg/audit/integrity.go:1156:18: Error return value of `x509.MarshalPKIXPublicKey` is not checked (errcheck)
2025-08-29T18:55:23.4912331Z ##[error]pkg/audit/middleware.go:1380:57: emptyStringTest: replace `len(part) > 0` with `part != ""` (gocritic)
2025-08-29T18:55:23.4913795Z ##[error]pkg/audit/query.go:1580:3: nestingReduce: invert if cond, replace body with `continue`, move old body after the statement (gocritic)
2025-08-29T18:55:23.4915234Z ##[error]pkg/auth/config.go:636:38: (*Config).loadLDAPProviders - result 0 (error) is always nil (unparam)
2025-08-29T18:55:23.4916542Z ##[error]pkg/auth/config.go:2138:5: emptyStringTest: replace `len(provider) == 0` with `provider == ""` (gocritic)
2025-08-29T18:55:23.4917791Z ##[error]pkg/auth/config.go:2266:3: appendCombine: can combine chain of 2 appends into one (gocritic)
2025-08-29T18:55:23.4918978Z ##[error]pkg/auth/config.go:2440:3: appendCombine: can combine chain of 2 appends into one (gocritic)
2025-08-29T18:55:23.4920619Z ##[error]pkg/auth/config.go:2658:5: emptyStringTest: replace `len(strings.TrimLeft(secret, string(secret[0]))) == 0` with `strings.TrimLeft(secret, string(secret[0])) == ""` (gocritic)
2025-08-29T18:55:23.4922724Z ##[error]pkg/auth/config.go:2728:16: SA1012: do not pass a nil Context, even if a function permits it; pass context.TODO if you are unsure about which Context to use (staticcheck)
2025-08-29T18:55:23.4924141Z ##[error]pkg/auth/config.go:2880:37: filepathJoin: "/secrets/oauth2" contains a path separator (gocritic)
2025-08-29T18:55:23.4925519Z ##[error]pkg/auth/enhanced_oauth2_manager.go:244:57: `(*EnhancedOAuth2Manager).configureOAuth2Routes` - `router` is unused (unparam)
2025-08-29T18:55:23.4926803Z ##[error]pkg/auth/enhanced_oauth2_manager.go:474:2: Consider pre-allocating `allowedNetworks` (prealloc)
2025-08-29T18:55:23.4927945Z ##[error]pkg/auth/jwt_manager.go:1242:2: S1031: unnecessary nil check around range (gosimple)
2025-08-29T18:55:23.4929180Z ##[error]pkg/auth/ldap_middleware.go:932:106: `(*LDAPAuthMiddleware).createTokens` - `provider` is unused (unparam)
2025-08-29T18:55:23.4930503Z ##[error]pkg/auth/ldap_middleware.go:1100:76: `(*LDAPAuthMiddleware).requireAuthentication` - `r` is unused (unparam)
2025-08-29T18:55:23.4931938Z ##[error]pkg/auth/mfa.go:664:35: `(*MFAManager).verifyTOTP` - `ctx` is unused (unparam)
2025-08-29T18:55:23.4933057Z ##[error]pkg/auth/mfa.go:740:44: `(*MFAManager).verifyTemporaryCode` - `ctx` is unused (unparam)
2025-08-29T18:55:23.4934162Z ##[error]pkg/auth/mfa.go:894:41: `(*MFAManager).verifyBackupCode` - `ctx` is unused (unparam)
2025-08-29T18:55:23.4935519Z ##[error]pkg/auth/mfa.go:1106:66: (*MFAManager).getUserTOTPSecret - result 1 (error) is always nil (unparam)
2025-08-29T18:55:23.4936815Z ##[error]pkg/auth/providers/azuread.go:364:2: Consider pre-allocating `authOpts` (prealloc)
2025-08-29T18:55:23.4938014Z ##[error]pkg/auth/providers/azuread.go:934:15: ST1005: error strings should not be capitalized (stylecheck)
2025-08-29T18:55:23.4939166Z ##[error]pkg/auth/providers/google.go:294:2: Consider pre-allocating `authOpts` (prealloc)
2025-08-29T18:55:23.4940404Z ##[error]pkg/auth/providers/google.go:726:5: builtinShadow: shadowing of predeclared identifier: error (gocritic)
2025-08-29T18:55:23.4941987Z ##[error]pkg/auth/providers/ldap.go:346:3: dupBranchBody: both branches in if statement have same body (gocritic)
2025-08-29T18:55:23.4943287Z ##[error]pkg/auth/providers/ldap.go:362:3: dupBranchBody: both branches in if statement have same body (gocritic)
2025-08-29T18:55:23.4944424Z ##[error]pkg/auth/providers/ldap.go:1408:2: Consider pre-allocating `groups` (prealloc)
2025-08-29T18:55:23.4945667Z ##[error]pkg/auth/providers/ldap_pool.go:672:47: `(*LDAPConnectionPool).createConnection` - `ctx` is unused (unparam)
2025-08-29T18:55:23.4947237Z ##[error]pkg/auth/providers/ldap_pool.go:1080:48: `(*LDAPHealthChecker).performHealthCheck` - `ctx` is unused (unparam)
2025-08-29T18:55:23.4948459Z ##[error]pkg/auth/rbac.go:1438:40: `(*RBACManager).evaluatePolicies` - `ctx` is unused (unparam)
2025-08-29T18:55:23.4949871Z ##[error]pkg/auth/testutil/fixtures.go:474:13: Error return value of `providers.GeneratePKCEChallenge` is not checked (errcheck)
2025-08-29T18:55:23.4951335Z ##[error]pkg/auth/testutil/fixtures.go:812:2: Consider pre-allocating `permissions` (prealloc)
2025-08-29T18:55:23.4952586Z ##[error]pkg/auth/testutil/mocks.go:980:15: Error return value of `url.Parse` is not checked (errcheck)
2025-08-29T18:55:23.4953900Z ##[error]pkg/auth/testutil/mocks.go:1074:27: Error return value of `(*encoding/json.Encoder).Encode` is not checked (errcheck)
2025-08-29T18:55:23.4955273Z ##[error]pkg/auth/testutil/mocks.go:1134:27: Error return value of `(*encoding/json.Encoder).Encode` is not checked (errcheck)
2025-08-29T18:55:23.4956566Z ##[error]pkg/auth/testutil/testing.go:1652:8: Error return value of `r.CreateRole` is not checked (errcheck)
2025-08-29T18:55:23.4957845Z ##[error]pkg/auth/testutil/testing.go:1654:22: Error return value of `r.GrantRoleToUser` is not checked (errcheck)
2025-08-29T18:55:23.4959028Z ##[error]pkg/auth/testutil/testing.go:2154:2: S1031: unnecessary nil check around range (gosimple)
2025-08-29T18:55:23.4960339Z ##[error]pkg/auth/token_blacklist.go:368:3: Function `removeExpiredToken` should pass the context parameter (contextcheck)
2025-08-29T18:55:23.4962021Z ##[error]pkg/auth/token_blacklist.go:810:79: (*TokenBlacklistManager).marshalEntry - result 1 (error) is always nil (unparam)
2025-08-29T18:55:23.4963179Z ##[error]pkg/auth/token_blacklist.go:812:2: SA9003: empty branch (staticcheck)
2025-08-29T18:55:23.4964365Z ##[error]pkg/automation/failure_prediction.go:966:2: Consider pre-allocating `errorRates` (prealloc)
2025-08-29T18:55:23.4965708Z ##[error]pkg/automation/failure_prediction.go:1042:6: builtinShadowDecl: shadowing of predeclared identifier: max (gocritic)
2025-08-29T18:55:23.4967183Z ##[error]pkg/automation/health_monitor.go:254:27: Function `updateComponentMetrics` should pass the context parameter (contextcheck)
2025-08-29T18:55:23.4968715Z ##[error]pkg/blueprints/blueprint_rendering_engine.go:1186:2: ptrToRefParam: consider `metadata' to be of non-pointer type (gocritic)
2025-08-29T18:55:23.4970360Z ##[error]pkg/chaos/engine.go:1124:27: Function `handleSLAViolation->rollbackExperiment` should pass the context parameter (contextcheck)
2025-08-29T18:55:23.4971979Z ##[error]pkg/chaos/experiments.go:1580:6: for loop can be changed to `range experiments` (intrange)
2025-08-29T18:55:23.4973407Z ##[error]pkg/chaos/failure_injection.go:788:41: Function `injectNetworkPartition$1` should pass the context parameter (contextcheck)
2025-08-29T18:55:23.4974901Z ##[error]pkg/chaos/failure_injection.go:818:10: Error return value of `strconv.Atoi` is not checked (errcheck)
2025-08-29T18:55:23.4976230Z ##[error]pkg/chaos/failure_injection.go:824:12: Error return value of `strconv.ParseFloat` is not checked (errcheck)
2025-08-29T18:55:23.4977711Z ##[error]pkg/chaos/failure_injection.go:1254:41: Function `injectDatabaseConnectionDrop$1` should pass the context parameter (contextcheck)
2025-08-29T18:55:23.4979056Z ##[error]pkg/chaos/failure_injection.go:1262:15: Error return value of `f.execInPod` is not checked (errcheck)
2025-08-29T18:55:23.4980394Z ##[error]pkg/chaos/failure_injection.go:1576:41: Function `injectLoadChaos$1` should pass the context parameter (contextcheck)
2025-08-29T18:55:23.4982040Z ##[error]pkg/chaos/failure_injection.go:1816:41: Function `injectDNSFailure$1` should pass the context parameter (contextcheck)
2025-08-29T18:55:23.4983342Z ##[error]pkg/chaos/failure_injection.go:1822:15: Error return value of `f.execInPod` is not checked (errcheck)
2025-08-29T18:55:23.4984623Z ##[error]pkg/chaos/failure_injection.go:1846:16: Error return value of `time.ParseDuration` is not checked (errcheck)
2025-08-29T18:55:23.4987564Z ##[error]pkg/chaos/recovery_tester.go:1196:9: SA1019: wait.PollImmediate is deprecated: This method does not return errors from context, use PollUntilContextTimeout. Note that the new method will no longer return ErrWaitTimeout and instead return errors defined by the context package. Will be removed in a future release. (staticcheck)
2025-08-29T18:55:23.4989886Z ##[error]pkg/chaos/recovery_tester.go:1542:17: SA1019: corev1.Endpoints is deprecated: This API is deprecated in v1.33+. Use discoveryv1.EndpointSlice. (staticcheck)
2025-08-29T18:55:23.4991751Z ##[error]pkg/chaos/recovery_tester.go:1720:17: SA1019: corev1.Endpoints is deprecated: This API is deprecated in v1.33+. Use discoveryv1.EndpointSlice. (staticcheck)
2025-08-29T18:55:23.4994598Z ##[error]pkg/chaos/recovery_tester.go:2006:9: SA1019: wait.PollImmediate is deprecated: This method does not return errors from context, use PollUntilContextTimeout. Note that the new method will no longer return ErrWaitTimeout and instead return errors defined by the context package. Will be removed in a future release. (staticcheck)
2025-08-29T18:55:23.4996747Z ##[error]pkg/clients/mtls_git_client.go:92:15: SA4010: this result of append is never used, except maybe in other appends (staticcheck)
2025-08-29T18:55:23.4998797Z ##[error]pkg/cnf/intent_processor.go:1740:41: emptyStringTest: replace `len(intentContext.LLMResponse.ProcessedParameters) > 0` with `intentContext.LLMResponse.ProcessedParameters != ""` (gocritic)
2025-08-29T18:55:23.5000345Z ##[error]pkg/cnf/orchestrator.go:710:11: ST1005: error strings should not be capitalized (stylecheck)
2025-08-29T18:55:23.5001665Z ##[error]pkg/cnf/orchestrator.go:718:11: ST1005: error strings should not be capitalized (stylecheck)
2025-08-29T18:55:23.5002920Z ##[error]pkg/config/constants.go:686:10: ST1005: error strings should not be capitalized (stylecheck)
2025-08-29T18:55:23.5004223Z ##[error]pkg/config/example_usage.go:108:2: unnecessaryDefer: defer func(){...}(...) is placed just before return (gocritic)
2025-08-29T18:55:23.5005532Z ##[error]pkg/config/llm_processor.go:760:9: elseif: can replace 'else {if cond {}}' with 'else if cond {}' (gocritic)
2025-08-29T18:55:23.5006613Z ##[error]pkg/config/llm_processor.go:958:3: SA9003: empty branch (staticcheck)
2025-08-29T18:55:23.5007739Z ##[error]pkg/config/llm_processor.go:1236:2: ifElseChain: rewrite if-else to switch statement (gocritic)
2025-08-29T18:55:23.5008879Z ##[error]pkg/config/llm_processor.go:1338:2: Consider pre-allocating `validOrigins` (prealloc)
2025-08-29T18:55:23.5010035Z ##[error]pkg/config/llm_processor.go:1556:3: ifElseChain: rewrite if-else to switch statement (gocritic)
2025-08-29T18:55:23.5011280Z ##[error]pkg/config/llm_processor.go:1686:2: Consider pre-allocating `validCIDRs` (prealloc)
2025-08-29T18:55:23.5012540Z ##[error]pkg/config/llm_processor.go:1968:2: Consider pre-allocating `validIPs` (prealloc)
2025-08-29T18:55:23.5013654Z ##[error]pkg/config/validation.go:228:2: Consider pre-allocating `rules` (prealloc)
2025-08-29T18:55:23.5015029Z ##[error]pkg/config/validation.go:568:40: regexpSimplify: can re-write `^[0-9]+(\.[0-9]+)?([mM]?[i]?|[KMGTPE]i?)$` as `^\d+(\.\d+)?([mM]?i?|[KMGTPE]i?)$` (gocritic)
2025-08-29T18:55:23.5016659Z ##[error]pkg/config/validation.go:672:35: regexpSimplify: can re-write `^https?://[a-zA-Z0-9.-]+(\.[a-zA-Z]{2,})(:[0-9]+)?(/.*)?$` as `^https?://[a-zA-Z0-9.-]+(\.[a-zA-Z]{2,})(:\d+)?(/.*)?$` (gocritic)
2025-08-29T18:55:23.5017992Z ##[error]pkg/context/enhanced_context.go:80:2: field `resourceType` is unused (unused)
2025-08-29T18:55:23.5019055Z ##[error]pkg/context/enhanced_context.go:82:2: field `resourceID` is unused (unused)
2025-08-29T18:55:23.5020097Z ##[error]pkg/context/enhanced_context.go:84:2: field `resourceName` is unused (unused)
2025-08-29T18:55:23.5021441Z ##[error]pkg/controllers/audittrail_controller.go:690:2: ineffectual assignment to phase (ineffassign)
2025-08-29T18:55:23.5023380Z ##[error]pkg/controllers/certificate_controller.go:600:49: Function `ProcessManualRequest->processProvisioningRequest->generateServiceCertificate` should pass the context parameter (contextcheck)
2025-08-29T18:55:23.5025882Z ##[error]pkg/controllers/certificate_controller.go:920:49: Function `ProcessManualRequest->processProvisioningRequest->generateServiceCertificate` should pass the context parameter (contextcheck)
2025-08-29T18:55:23.5027702Z ##[error]pkg/controllers/e2nodeset_controller.go:1660:11: G109: Potential Integer overflow made by strconv.Atoi result conversion to int16/32 (gosec)
2025-08-29T18:55:23.5029063Z ##[error]pkg/controllers/e2nodeset_controller.go:2000:2: Consider pre-allocating `e2NodeStatuses` (prealloc)
2025-08-29T18:55:23.5030225Z ##[error]pkg/controllers/gitops_handler.go:662:2: Consider pre-allocating `names` (prealloc)
2025-08-29T18:55:23.5031535Z ##[error]pkg/controllers/networkintent_controller.go:1502:2: Consider pre-allocating `pairs` (prealloc)
2025-08-29T18:55:23.5033005Z ##[error]pkg/controllers/optimization/cache_manager.go:946:9: emptyStringTest: replace `len(key) > 0` with `key != ""` (gocritic)
2025-08-29T18:55:23.5034557Z ##[error]pkg/controllers/optimized/backoff_manager.go:350:3: assignOp: replace `delay = delay + jitter` with `delay += jitter` (gocritic)
2025-08-29T18:55:23.5036038Z ##[error]pkg/controllers/optimized/backoff_manager.go:644:6: emptyStringTest: replace `len(substr) > 0` with `substr != ""` (gocritic)
2025-08-29T18:55:23.5037847Z ##[error]pkg/controllers/orchestration/components.go:82:14: SA1019: workqueue.RateLimitingInterface is deprecated: Use TypedRateLimitingInterface instead. (staticcheck)
2025-08-29T18:55:23.5039712Z ##[error]pkg/controllers/orchestration/components.go:114:12: SA1019: workqueue.RateLimitingInterface is deprecated: Use TypedRateLimitingInterface instead. (staticcheck)
2025-08-29T18:55:23.5041314Z ##[error]pkg/controllers/orchestration/event_driven_coordinator.go:1318:2: Consider pre-allocating `events` (prealloc)
2025-08-29T18:55:23.5042851Z ##[error]pkg/controllers/orchestration/intent_processing_controller.go:800:5: S1009: should omit nil check; len() for nil maps is defined as zero (gosimple)
2025-08-29T18:55:23.5044382Z ##[error]pkg/controllers/orchestration/phase_tracker.go:214:3: builtinShadow: shadowing of predeclared identifier: copy (gocritic)
2025-08-29T18:55:23.5045806Z ##[error]pkg/controllers/orchestration/resource_planning_controller.go:1284:2: Consider pre-allocating `complianceResults` (prealloc)
2025-08-29T18:55:23.5047240Z ##[error]pkg/controllers/orchestration/resource_planning_controller.go:1286:2: Consider pre-allocating `validationResults` (prealloc)
2025-08-29T18:55:23.5048663Z ##[error]pkg/controllers/orchestration/resource_planning_controller.go:2272:2: Consider pre-allocating `plannedResources` (prealloc)
2025-08-29T18:55:23.5050522Z ##[error]pkg/controllers/orchestration/specialized_intent_processing_controller.go:1688:4: SA4011: ineffective break statement. Did you mean to break out of the outer loop? (staticcheck)
2025-08-29T18:55:23.5052419Z ##[error]pkg/controllers/orchestration/specialized_manifest_generation_controller.go:866:2: ineffectual assignment to generatedManifests (ineffassign)
2025-08-29T18:55:23.5053999Z ##[error]pkg/controllers/orchestration/specialized_manifest_generation_controller.go:868:2: ineffectual assignment to manifestMetadata (ineffassign)
2025-08-29T18:55:23.5055510Z ##[error]pkg/controllers/orchestration/specialized_manifest_generation_controller.go:1980:2: Consider pre-allocating `hashComponents` (prealloc)
2025-08-29T18:55:23.5057315Z ##[error]pkg/controllers/orchestration/work_queue_manager.go:112:40: SA1019: workqueue.RateLimitingInterface is deprecated: Use TypedRateLimitingInterface instead. (staticcheck)
2025-08-29T18:55:23.5059201Z ##[error]pkg/controllers/orchestration/work_queue_manager.go:164:54: SA1019: workqueue.RateLimitingInterface is deprecated: Use TypedRateLimitingInterface instead. (staticcheck)
2025-08-29T18:55:23.5061332Z ##[error]pkg/controllers/orchestration/work_queue_manager.go:222:4: SA1019: workqueue.DefaultControllerRateLimiter is deprecated: Use DefaultTypedControllerRateLimiter instead. (staticcheck)
2025-08-29T18:55:23.5063840Z ##[error]pkg/controllers/parallel/processing_engine.go:2188:2: S1008: should use 'return bm.currentLoad > bm.thresholds["high"]' instead of 'if bm.currentLoad > bm.thresholds["high"] { return true }; return false' (gosimple)
2025-08-29T18:55:23.5065552Z ##[error]pkg/controllers/reconciler.go:252:5: SA1019: result.Requeue is deprecated: Use `RequeueAfter` instead. (staticcheck)
2025-08-29T18:55:23.5066954Z ##[error]pkg/controllers/reconciler.go:254:71: SA1019: result.Requeue is deprecated: Use `RequeueAfter` instead. (staticcheck)
2025-08-29T18:55:23.5068344Z ##[error]pkg/controllers/reconciler.go:368:20: SA1019: result.Requeue is deprecated: Use `RequeueAfter` instead. (staticcheck)
2025-08-29T18:55:23.5069738Z ##[error]pkg/controllers/reconciler.go:406:20: SA1019: result.Requeue is deprecated: Use `RequeueAfter` instead. (staticcheck)
2025-08-29T18:55:23.5071232Z ##[error]pkg/controllers/reconciler.go:444:20: SA1019: result.Requeue is deprecated: Use `RequeueAfter` instead. (staticcheck)
2025-08-29T18:55:23.5072789Z ##[error]pkg/controllers/resilience/timeout_manager.go:444:5: emptyStringTest: replace `len(pattern) > 0` with `pattern != ""` (gocritic)
2025-08-29T18:55:23.5074116Z ##[error]pkg/controllers/resource_planner.go:674:2: Consider pre-allocating `healthChecks` (prealloc)
2025-08-29T18:55:23.5075398Z ##[error]pkg/controllers/resource_planner.go:1476:2: appendCombine: can combine chain of 4 appends into one (gocritic)
2025-08-29T18:55:23.5076594Z ##[error]pkg/controllers/resource_planner.go:1594:2: Consider pre-allocating `ports` (prealloc)
2025-08-29T18:55:23.5077769Z ##[error]pkg/disaster/backup_manager.go:900:2: Consider pre-allocating `errors` (prealloc)
2025-08-29T18:55:23.5078899Z ##[error]pkg/disaster/failover_manager.go:1610:26: (*net/http.Client).Get must not be called (noctx)
2025-08-29T18:55:23.5080034Z ##[error]pkg/disaster/failover_manager.go:1916:26: (*net/http.Client).Get must not be called (noctx)
2025-08-29T18:55:23.5081428Z ##[error]pkg/disaster/recovery_manager.go:972:28: Error return value of `drm.recoverComponent` is not checked (errcheck)
2025-08-29T18:55:23.5082741Z ##[error]pkg/disaster/restore_manager.go:1408:12: Error return value of `filepath.Rel` is not checked (errcheck)
2025-08-29T18:55:23.5083989Z ##[error]pkg/disaster/restore_manager.go:1936:13: G305: File traversal when extracting zip/tar archive (gosec)
2025-08-29T18:55:23.5085189Z ##[error]pkg/disaster/restore_manager.go:1944:45: G115: integer overflow conversion int64 -> uint32 (gosec)
2025-08-29T18:55:23.5086364Z ##[error]pkg/disaster/restore_manager.go:1960:68: G115: integer overflow conversion int64 -> uint32 (gosec)
2025-08-29T18:55:23.5087610Z ##[error]pkg/disaster/restore_manager.go:1970:13: G110: Potential DoS vulnerability via decompression bomb (gosec)
2025-08-29T18:55:23.5088922Z ##[error]pkg/disaster/restore_manager.go:2232:25: (*net/http.Client).Get must not be called (noctx)
2025-08-29T18:55:23.5090170Z ##[error]pkg/errors/aggregation.go:1482:2: Consider pre-allocating `messages` (prealloc)
2025-08-29T18:55:23.5091523Z ##[error]pkg/errors/errors.go:542:20: Function `newError` should pass the context parameter (contextcheck)
2025-08-29T18:55:23.5092900Z ##[error]pkg/errors/recovery.go:982:3: assignOp: replace `nextDelay = nextDelay + jitter` with `nextDelay += jitter` (gocritic)
2025-08-29T18:55:23.5094242Z ##[error]pkg/errors/stack.go:154:27: SA6002: argument should be pointer-like to avoid allocations (staticcheck)
2025-08-29T18:55:23.5097035Z ##[error]pkg/errors/stack.go:502:15: SA1019: runtime.GOROOT has been deprecated since Go 1.24: The root used during the Go build will not be meaningful if the binary is copied to another machine. Use the system path to locate the “go” binary, and use “go env GOROOT” to find its GOROOT. (staticcheck)
2025-08-29T18:55:23.5098860Z ##[error]pkg/generics/clients.go:398:36: G115: integer overflow conversion int -> uint (gosec)
2025-08-29T18:55:23.5099981Z ##[error]pkg/generics/clients.go:698:3: ineffectual assignment to opts (ineffassign)
2025-08-29T18:55:23.5101410Z ##[error]pkg/generics/config.go:242:7: ineffectual assignment to lastErr (ineffassign)
2025-08-29T18:55:23.5102554Z ##[error]pkg/generics/config.go:262:7: ineffectual assignment to lastErr (ineffassign)
2025-08-29T18:55:23.5103606Z ##[error]pkg/generics/config.go:270:7: ineffectual assignment to lastErr (ineffassign)
2025-08-29T18:55:23.5104858Z ##[error]pkg/generics/config.go:1156:6: builtinShadow: shadowing of predeclared identifier: copy (gocritic)
2025-08-29T18:55:23.5106132Z ##[error]pkg/generics/config.go:1262:42: builtinShadow: shadowing of predeclared identifier: min (gocritic)
2025-08-29T18:55:23.5107288Z ##[error]pkg/generics/validation.go:138:2: Consider pre-allocating `messages` (prealloc)
2025-08-29T18:55:23.5108523Z ##[error]pkg/generics/validation.go:1148:51: builtinShadow: shadowing of predeclared identifier: min (gocritic)
2025-08-29T18:55:23.5109816Z ##[error]pkg/generics/validation.go:1182:51: builtinShadow: shadowing of predeclared identifier: max (gocritic)
2025-08-29T18:55:23.5111145Z ##[error]pkg/generics/validation.go:1440:34: regexpSimplify: can re-write `[0-9]` as `\d` (gocritic)
2025-08-29T18:55:23.5112518Z ##[error]pkg/generics/validation.go:1442:36: regexpSimplify: can re-write `[!@#$%^&*()_+\-=\[\]{};':"\\|,.<>\/?]` as `[!@#$%^&*()_+\-=\[\]{};':"\\|,.<>/?]` (gocritic)
2025-08-29T18:55:23.5113783Z ##[error]pkg/global/traffic_controller.go:516:25: response body must be closed (bodyclose)
2025-08-29T18:55:23.5115178Z ##[error]pkg/interfaces/interfaces.go:20:6: exported: exported type AuditLevel should have comment or be unexported (revive)
2025-08-29T18:55:23.5116813Z ##[error]pkg/interfaces/interfaces.go:28:2: exported: exported const AuditLevelInfo should have comment (or a comment on this block) or be unexported (revive)
2025-08-29T18:55:23.5118357Z ##[error]pkg/interfaces/interfaces.go:48:6: exported: exported type SecretManager should have comment or be unexported (revive)
2025-08-29T18:55:23.5119783Z ##[error]pkg/interfaces/interfaces.go:90:6: exported: exported type AuditLogger should have comment or be unexported (revive)
2025-08-29T18:55:23.5121350Z ##[error]pkg/interfaces/interfaces.go:150:6: exported: exported type ConfigProvider should have comment or be unexported (revive)
2025-08-29T18:55:23.5122799Z ##[error]pkg/interfaces/interfaces.go:234:6: exported: exported type APIKeys should have comment or be unexported (revive)
2025-08-29T18:55:23.5124262Z ##[error]pkg/interfaces/interfaces.go:250:1: exported: exported method APIKeys.IsEmpty should have comment or be unexported (revive)
2025-08-29T18:55:23.5125729Z ##[error]pkg/interfaces/interfaces.go:260:6: exported: exported type RotationResult should have comment or be unexported (revive)
2025-08-29T18:55:23.5126969Z ##[error]pkg/knowledge/knowledge_adapter.go:28:2: field `mu` is unused (unused)
2025-08-29T18:55:23.5128210Z ##[error]pkg/knowledge/lazy_loader.go:1464:2: Consider pre-allocating `results` (prealloc)
2025-08-29T18:55:23.5129434Z ##[error]pkg/llm/advanced_circuit_breaker.go:156:2: ineffectual assignment to ctx (ineffassign)
2025-08-29T18:55:23.5130634Z ##[error]pkg/llm/batch_processor.go:918:43: `(*BatchWorker).processRequest` - `ctx` is unused (unparam)
2025-08-29T18:55:23.5132188Z ##[error]pkg/llm/cache.go:14:2: G501: Blocklisted import crypto/md5: weak cryptographic primitive (gosec)
2025-08-29T18:55:23.5133391Z ##[error]pkg/llm/cache.go:586:42: `(*ResponseCache).promoteToL1` - `response` is unused (unparam)
2025-08-29T18:55:23.5134697Z ##[error]pkg/llm/dynamic_context_manager.go:1152:6: builtinShadowDecl: shadowing of predeclared identifier: min (gocritic)
2025-08-29T18:55:23.5136111Z ##[error]pkg/llm/dynamic_context_manager.go:1694:49: `(*ORANContextStrategy).selectORANContext` - `request` is unused (unparam)
2025-08-29T18:55:23.5137587Z ##[error]pkg/llm/dynamic_context_manager.go:1770:56: `(*FiveGCoreContextStrategy).select5GCoreContext` - `request` is unused (unparam)
2025-08-29T18:55:23.5139154Z ##[error]pkg/llm/enhanced_performance_client.go:1120:32: Function `RecordLatency->updateMetrics` should pass the context parameter (contextcheck)
2025-08-29T18:55:23.5140845Z ##[error]pkg/llm/enhanced_performance_client.go:1126:17: Function `updateMetrics` should pass the context parameter (contextcheck)
2025-08-29T18:55:23.5142473Z ##[error]pkg/llm/enhanced_performance_client.go:1136:20: Function `trackTokenUsage` should pass the context parameter (contextcheck)
2025-08-29T18:55:23.5143936Z ##[error]pkg/llm/enhanced_performance_client.go:1142:21: Function `trackTokenCosts` should pass the context parameter (contextcheck)
2025-08-29T18:55:23.5145199Z ##[error]pkg/llm/intelligent_cache.go:1096:6: for loop can be changed to `i := range a` (intrange)
2025-08-29T18:55:23.5146420Z ##[error]pkg/llm/intelligent_cache.go:1178:2: S1000: should use for range instead of for { select {} } (gosimple)
2025-08-29T18:55:23.5147666Z ##[error]pkg/llm/intelligent_cache.go:1202:2: S1000: should use for range instead of for { select {} } (gosimple)
2025-08-29T18:55:23.5148921Z ##[error]pkg/llm/intelligent_cache.go:1226:2: S1000: should use for range instead of for { select {} } (gosimple)
2025-08-29T18:55:23.5150373Z ##[error]pkg/llm/intelligent_cache.go:1552:1: typeDefFirst: definition of type 'DependencyGraph' should appear before its methods (gocritic)
2025-08-29T18:55:23.5151919Z ##[error]pkg/llm/metrics.go:210:2: singleCaseSwitch: should rewrite switch statement to if statement (gocritic)
2025-08-29T18:55:23.5153223Z ##[error]pkg/llm/multi_level_cache.go:414:11: elseif: can replace 'else {if cond {}}' with 'else if cond {}' (gocritic)
2025-08-29T18:55:23.5154727Z ##[error]pkg/llm/optimized_controller.go:760:2: `(*OptimizedControllerIntegration).buildOptimizedRequest` - `parameters` is unused (unparam)
2025-08-29T18:55:23.5156179Z ##[error]pkg/llm/optimized_controller.go:770:27: SA6002: argument should be pointer-like to avoid allocations (staticcheck)
2025-08-29T18:55:23.5157417Z ##[error]pkg/llm/optimized_controller.go:1052:6: for loop can be changed to `i := range a` (intrange)
2025-08-29T18:55:23.5158648Z ##[error]pkg/llm/optimized_controller.go:1108:2: S1000: should use for range instead of for { select {} } (gosimple)
2025-08-29T18:55:23.5159990Z ##[error]pkg/llm/optimized_http_client.go:706:25: SA6002: argument should be pointer-like to avoid allocations (staticcheck)
2025-08-29T18:55:23.5161459Z ##[error]pkg/llm/optimized_http_client.go:802:25: SA6002: argument should be pointer-like to avoid allocations (staticcheck)
2025-08-29T18:55:23.5163020Z ##[error]pkg/llm/performance_benchmarks.go:376:18: (*PerformanceBenchmarks).benchmarkOriginal - result 1 (error) is always nil (unparam)
2025-08-29T18:55:23.5164583Z ##[error]pkg/llm/performance_benchmarks.go:520:18: (*PerformanceBenchmarks).benchmarkOptimized - result 1 (error) is always nil (unparam)
2025-08-29T18:55:23.5166253Z ##[error]pkg/llm/performance_benchmarks.go:670:61: `(*PerformanceBenchmarks).benchmarkHTTPOptimizations` - `ctx` is unused (unparam)
2025-08-29T18:55:23.5167809Z ##[error]pkg/llm/performance_benchmarks.go:748:62: `(*PerformanceBenchmarks).benchmarkCacheOptimizations` - `ctx` is unused (unparam)
2025-08-29T18:55:23.5169320Z ##[error]pkg/llm/performance_benchmarks.go:822:61: `(*PerformanceBenchmarks).benchmarkJSONOptimizations` - `ctx` is unused (unparam)
2025-08-29T18:55:23.5170811Z ##[error]pkg/llm/performance_benchmarks.go:908:59: `(*PerformanceBenchmarks).benchmarkBatchProcessing` - `ctx` is unused (unparam)
2025-08-29T18:55:23.5172432Z ##[error]pkg/llm/performance_benchmarks.go:1102:52: `(*PerformanceBenchmarks).parseJSONStandard` - `data` is unused (unparam)
2025-08-29T18:55:23.5173885Z ##[error]pkg/llm/performance_benchmarks.go:1116:55: `(*OriginalController).processLLMPhaseOriginal` - `ctx` is unused (unparam)
2025-08-29T18:55:23.5175266Z ##[error]pkg/llm/processing.go:1092:101: `(*ProcessingEngine).processBatchGroup` - `results` is unused (unparam)
2025-08-29T18:55:23.5176656Z ##[error]pkg/llm/processing_pipeline.go:784:45: `(*ProcessingPipeline).updateMetrics` - `processingTime` is unused (unparam)
2025-08-29T18:55:23.5178210Z ##[error]pkg/llm/processing_pipeline.go:1256:49: `(*ContextEnricher).buildNetworkTopology` - `ctx` is unused (unparam)
2025-08-29T18:55:23.5179572Z ##[error]pkg/llm/processing_pipeline.go:1290:51: `(*ContextEnricher).buildDeploymentContext` - `ctx` is unused (unparam)
2025-08-29T18:55:23.5180916Z ##[error]pkg/llm/processing_pipeline.go:1324:47: `(*ContextEnricher).buildPolicyContext` - `ctx` is unused (unparam)
2025-08-29T18:55:23.5182411Z ##[error]pkg/llm/processing_pipeline.go:1350:48: `(*ContextEnricher).buildHistoricalData` - `ctx` is unused (unparam)
2025-08-29T18:55:23.5183779Z ##[error]pkg/llm/processing_pipeline.go:1430:37: SA1000: error parsing regexp: invalid repeat count: `{1,2048}` (staticcheck)
2025-08-29T18:55:23.5185136Z ##[error]pkg/llm/processing_pipeline.go:1478:4: builtinShadow: shadowing of predeclared identifier: error (gocritic)
2025-08-29T18:55:23.5186378Z ##[error]pkg/llm/prompt_engine.go:1064:2: Consider pre-allocating `relevantExamples` (prealloc)
2025-08-29T18:55:23.5187817Z ##[error]pkg/llm/prompt_engine.go:1194:64: `(*TelecomPromptEngine).generateIntentSpecificGuidelines` - `intentType` is unused (unparam)
2025-08-29T18:55:23.5189306Z ##[error]pkg/llm/rag_aware_prompt_builder.go:884:87: `(*RAGAwarePromptBuilder).processRAGContext` - `modelName` is unused (unparam)
2025-08-29T18:55:23.5190564Z ##[error]pkg/llm/rag_aware_prompt_builder.go:896:2: Consider pre-allocating `contextParts` (prealloc)
2025-08-29T18:55:23.5191837Z ##[error]pkg/llm/rag_aware_prompt_builder.go:898:2: Consider pre-allocating `sources` (prealloc)
2025-08-29T18:55:23.5193108Z ##[error]pkg/llm/rag_aware_prompt_builder.go:1028:2: appendCombine: can combine chain of 3 appends into one (gocritic)
2025-08-29T18:55:23.5194338Z ##[error]pkg/llm/rag_aware_prompt_builder.go:1068:2: Consider pre-allocating `scoredExamples` (prealloc)
2025-08-29T18:55:23.5195608Z ##[error]pkg/llm/rag_aware_prompt_builder.go:1198:4: appendCombine: can combine chain of 3 appends into one (gocritic)
2025-08-29T18:55:23.5196916Z ##[error]pkg/llm/rag_aware_prompt_builder.go:1216:3: appendCombine: can combine chain of 2 appends into one (gocritic)
2025-08-29T18:55:23.5198205Z ##[error]pkg/llm/rag_aware_prompt_builder.go:1228:3: appendCombine: can combine chain of 3 appends into one (gocritic)
2025-08-29T18:55:23.5199497Z ##[error]pkg/llm/rag_aware_prompt_builder.go:1240:2: appendCombine: can combine chain of 2 appends into one (gocritic)
2025-08-29T18:55:23.5200944Z ##[error]pkg/llm/rag_aware_prompt_builder.go:1284:149: (*RAGAwarePromptBuilder).optimizeForTokens - result 2 (error) is always nil (unparam)
2025-08-29T18:55:23.5202481Z ##[error]pkg/llm/retry_engine.go:838:96: `(*RetryEngine).applyAdaptiveAdjustment` - `ctx` is unused (unparam)
2025-08-29T18:55:23.5203802Z ##[error]pkg/llm/security_validator.go:1546:5: emptyStringTest: replace `len(input) > 0` with `input != ""` (gocritic)
2025-08-29T18:55:23.5205228Z ##[error]pkg/llm/worker_pool.go:1056:35: (*WorkerPool).addWorker - result 0 (error) is always nil (unparam)
2025-08-29T18:55:23.5207044Z ##[error]pkg/llm/worker_pool.go:1384:33: `(*Worker).processLLMTask` - `ctx` is unused (unparam)
2025-08-29T18:55:23.5208551Z ##[error]pkg/llm/worker_pool.go:1586:33: `(*Worker).processRAGTask` - `ctx` is unused (unparam)
2025-08-29T18:55:23.5210112Z ##[error]pkg/middleware/rate_limit.go:184:18: Error return value is not checked (errcheck)
2025-08-29T18:55:23.5211837Z ##[error]pkg/middleware/rate_limit.go:216:17: Error return value is not checked (errcheck)
2025-08-29T18:55:23.5213460Z ##[error]pkg/middleware/rate_limit.go:366:39: unnecessary conversion (unconvert)
2025-08-29T18:55:23.5215019Z ##[error]pkg/middleware/rate_limit.go:420:9: Error return value is not checked (errcheck)
2025-08-29T18:55:23.5216491Z ##[error]pkg/middleware/rate_limit.go:422:18: Error return value is not checked (errcheck)
2025-08-29T18:55:23.5218220Z ##[error]pkg/middleware/rate_limit_example.go:94:12: G114: Use of net/http serve function that has no support for setting timeouts (gosec)
2025-08-29T18:55:23.5220234Z ##[error]pkg/middleware/rate_limit_example.go:190:12: G114: Use of net/http serve function that has no support for setting timeouts (gosec)
2025-08-29T18:55:23.5222012Z ##[error]pkg/middleware/redact_logger.go:1204:2: Consider pre-allocating `skipPatterns` (prealloc)
2025-08-29T18:55:23.5268568Z ##[error]pkg/monitoring/alerting.go:378:30: Function `registerDefaultAlertRules->RegisterAlertRule` should pass the context parameter (contextcheck)
2025-08-29T18:55:23.5270297Z ##[error]pkg/monitoring/alerting.go:804:34: wrapperFunc: use strings.ReplaceAll method in `strings.Replace(filter.Value, "*", "", -1)` (gocritic)
2025-08-29T18:55:23.5271795Z ##[error]pkg/monitoring/alerting.go:968:33: (*net/http.Client).Post must not be called (noctx)
2025-08-29T18:55:23.5272952Z ##[error]pkg/monitoring/alerting.go:1054:33: (*net/http.Client).Post must not be called (noctx)
2025-08-29T18:55:23.5274227Z ##[error]pkg/monitoring/alerting.go:1410:2: builtinShadow: shadowing of predeclared identifier: copy (gocritic)
2025-08-29T18:55:23.5275731Z ##[error]pkg/monitoring/alerting/alert_router.go:14:2: G501: Blocklisted import crypto/md5: weak cryptographic primitive (gosec)
2025-08-29T18:55:23.5277051Z ##[error]pkg/monitoring/alerting/alert_router.go:1480:44: G401: Use of weak cryptographic primitive (gosec)
2025-08-29T18:55:23.5278277Z ##[error]pkg/monitoring/alerting/alert_router.go:1532:43: G401: Use of weak cryptographic primitive (gosec)
2025-08-29T18:55:23.5279473Z ##[error]pkg/monitoring/alerting/alert_router.go:1594:27: G401: Use of weak cryptographic primitive (gosec)
2025-08-29T18:55:23.5280946Z ##[error]pkg/monitoring/alerting/alert_router.go:2068:5: SA4011: ineffective break statement. Did you mean to break out of the outer loop? (staticcheck)
2025-08-29T18:55:23.5282801Z ##[error]pkg/monitoring/alerting/alert_router.go:2078:5: SA4011: ineffective break statement. Did you mean to break out of the outer loop? (staticcheck)
2025-08-29T18:55:23.5284397Z ##[error]pkg/monitoring/alerting/alert_router.go:2090:5: SA4011: ineffective break statement. Did you mean to break out of the outer loop? (staticcheck)
2025-08-29T18:55:23.5285796Z ##[error]pkg/monitoring/alerting/escalation_engine.go:2048:2: ineffectual assignment to basePriority (ineffassign)
2025-08-29T18:55:23.5287054Z ##[error]pkg/monitoring/alerting/predictive_alerting.go:1558:2: Consider pre-allocating `features` (prealloc)
2025-08-29T18:55:23.5288289Z ##[error]pkg/monitoring/alerting/predictive_alerting.go:1936:2: Consider pre-allocating `features` (prealloc)
2025-08-29T18:55:23.5289530Z ##[error]pkg/monitoring/alerting/predictive_alerting.go:1938:2: Consider pre-allocating `labels` (prealloc)
2025-08-29T18:55:23.5290815Z ##[error]pkg/monitoring/alerting/predictive_alerting.go:2014:8: for loop can be changed to `i := range features` (intrange)
2025-08-29T18:55:23.5292694Z ##[error]pkg/monitoring/alerting/predictive_alerting.go:2042:9: for loop can be changed to `i := range features` (intrange)
2025-08-29T18:55:23.5294214Z ##[error]pkg/monitoring/alerting/sla_alert_manager.go:16:2: G501: Blocklisted import crypto/md5: weak cryptographic primitive (gosec)
2025-08-29T18:55:23.5295527Z ##[error]pkg/monitoring/alerting/sla_alert_manager.go:1710:27: G401: Use of weak cryptographic primitive (gosec)
2025-08-29T18:55:23.5296758Z ##[error]pkg/monitoring/alerting/sla_alert_manager.go:1722:27: G401: Use of weak cryptographic primitive (gosec)
2025-08-29T18:55:23.5298059Z ##[error]pkg/monitoring/availability/calculator.go:704:2: ineffectual assignment to ctx (ineffassign)
2025-08-29T18:55:23.5299265Z ##[error]pkg/monitoring/availability/tracker.go:1308:2: ineffectual assignment to status (ineffassign)
2025-08-29T18:55:23.5300450Z ##[error]pkg/monitoring/availability/tracker.go:1498:2: ineffectual assignment to status (ineffassign)
2025-08-29T18:55:23.5301912Z ##[error]pkg/monitoring/availability/tracker.go:1500:2: ineffectual assignment to metadata (ineffassign)
2025-08-29T18:55:23.5305341Z ##[error]pkg/monitoring/distributed_tracing.go:30:2: SA1019: "go.opentelemetry.io/otel/exporters/jaeger" is deprecated: This module is no longer supported. OpenTelemetry dropped support for Jaeger exporter in July 2023. Jaeger officially accepts and recommends using OTLP. Use [go.opentelemetry.io/otel/exporters/otlp/otlptrace/otlptracehttp] or [go.opentelemetry.io/otel/exporters/otlp/otlptrace/otlptracegrpc] instead. (staticcheck)
2025-08-29T18:55:23.5307835Z ##[error]pkg/monitoring/distributed_tracing.go:1738:2: ineffectual assignment to message (ineffassign)
2025-08-29T18:55:23.5309283Z ##[error]pkg/monitoring/health/dependency_health.go:1804:24: Error return value of `dht.RegisterDependency` is not checked (errcheck)
2025-08-29T18:55:23.5310726Z ##[error]pkg/monitoring/health/dependency_health.go:1876:24: Error return value of `dht.RegisterDependency` is not checked (errcheck)
2025-08-29T18:55:23.5312339Z ##[error]pkg/monitoring/health/dependency_health.go:1922:24: Error return value of `dht.RegisterDependency` is not checked (errcheck)
2025-08-29T18:55:23.5313776Z ##[error]pkg/monitoring/health/dependency_health.go:1968:24: Error return value of `dht.RegisterDependency` is not checked (errcheck)
2025-08-29T18:55:23.5315104Z ##[error]pkg/monitoring/health/dependency_health.go:2212:31: G115: integer overflow conversion int -> uint (gosec)
2025-08-29T18:55:23.5316375Z ##[error]pkg/monitoring/health/dependency_health.go:2220:32: G115: integer overflow conversion int -> uint (gosec)
2025-08-29T18:55:23.5317663Z ##[error]pkg/monitoring/health/health_aggregator.go:1658:2: Consider pre-allocating `businessScores` (prealloc)
2025-08-29T18:55:23.5318919Z ##[error]pkg/monitoring/health/health_aggregator.go:1660:2: Consider pre-allocating `technicalScores` (prealloc)
2025-08-29T18:55:23.5320187Z ##[error]pkg/monitoring/health/health_aggregator.go:1662:2: Consider pre-allocating `performanceScores` (prealloc)
2025-08-29T18:55:23.5321619Z ##[error]pkg/monitoring/health/health_aggregator.go:1664:2: Consider pre-allocating `businessWeights` (prealloc)
2025-08-29T18:55:23.5322920Z ##[error]pkg/monitoring/health/health_aggregator.go:1666:2: Consider pre-allocating `technicalWeights` (prealloc)
2025-08-29T18:55:23.5324233Z ##[error]pkg/monitoring/health/health_aggregator.go:1668:2: Consider pre-allocating `performanceWeights` (prealloc)
2025-08-29T18:55:23.5325432Z ##[error]pkg/monitoring/health/health_aggregator.go:2116:2: Consider pre-allocating `x` (prealloc)
2025-08-29T18:55:23.5326812Z ##[error]pkg/monitoring/health/health_aggregator.go:3334:2: singleCaseSwitch: should rewrite switch statement to if statement (gocritic)
2025-08-29T18:55:23.5328275Z ##[error]pkg/monitoring/health/health_predictor.go:1904:3: builtinShadow: shadowing of predeclared identifier: error (gocritic)
2025-08-29T18:55:23.5329643Z ##[error]pkg/monitoring/latency/analyzer.go:2210:2: Consider pre-allocating `recommendations` (prealloc)
2025-08-29T18:55:23.5330951Z ##[error]pkg/monitoring/latency/analyzer.go:2286:2: Consider pre-allocating `all` (prealloc)
2025-08-29T18:55:23.5332495Z ##[error]pkg/monitoring/latency/bottleneck_detector.go:996:2: Consider pre-allocating `bottlenecks` (prealloc)
2025-08-29T18:55:23.5333736Z ##[error]pkg/monitoring/latency/bottleneck_detector.go:1120:2: Consider pre-allocating `active` (prealloc)
2025-08-29T18:55:23.5334969Z ##[error]pkg/monitoring/latency/bottleneck_detector.go:1448:2: Consider pre-allocating `evidence` (prealloc)
2025-08-29T18:55:23.5336202Z ##[error]pkg/monitoring/latency/bottleneck_detector.go:1542:2: Consider pre-allocating `evidence` (prealloc)
2025-08-29T18:55:23.5337431Z ##[error]pkg/monitoring/latency/bottleneck_detector.go:1764:2: Consider pre-allocating `impactors` (prealloc)
2025-08-29T18:55:23.5338721Z ##[error]pkg/monitoring/latency/component_monitor.go:1360:33: G115: integer overflow conversion uint64 -> int64 (gosec)
2025-08-29T18:55:23.5339982Z ##[error]pkg/monitoring/latency/profiler.go:1048:24: G115: integer overflow conversion uint64 -> int64 (gosec)
2025-08-29T18:55:23.5341317Z ##[error]pkg/monitoring/latency/profiler.go:1052:32: G115: integer overflow conversion uint64 -> int64 (gosec)
2025-08-29T18:55:23.5342729Z ##[error]pkg/monitoring/latency/profiler.go:1108:2: Consider pre-allocating `components` (prealloc)
2025-08-29T18:55:23.5343895Z ##[error]pkg/monitoring/latency/profiler.go:1498:2: Consider pre-allocating `profiles` (prealloc)
2025-08-29T18:55:23.5345239Z ##[error]pkg/monitoring/predictive_sla_analyzer.go:940:4: builtinShadow: shadowing of predeclared identifier: error (gocritic)
2025-08-29T18:55:23.5346849Z ##[error]pkg/monitoring/predictive_sla_analyzer.go:1890:3: nestingReduce: invert if cond, replace body with `continue`, move old body after the statement (gocritic)
2025-08-29T18:55:23.5348395Z ##[error]pkg/monitoring/reporting/metrics_exporter.go:1538:11: Error return value of `gz.Write` is not checked (errcheck)
2025-08-29T18:55:23.5349887Z ##[error]pkg/monitoring/reporting/sla_reporter.go:1322:27: Error return value of `(*encoding/json.Encoder).Encode` is not checked (errcheck)
2025-08-29T18:55:23.5351455Z ##[error]pkg/monitoring/reporting/sla_reporter.go:1412:11: Error return value of `w.Write` is not checked (errcheck)
2025-08-29T18:55:23.5352807Z ##[error]pkg/monitoring/reporting/sla_reporter.go:1436:11: Error return value of `w.Write` is not checked (errcheck)
2025-08-29T18:55:23.5354081Z ##[error]pkg/monitoring/reporting/sla_reporter.go:1460:11: Error return value of `w.Write` is not checked (errcheck)
2025-08-29T18:55:23.5355506Z ##[error]pkg/monitoring/reporting/sla_reporter.go:1472:28: Error return value of `(*encoding/json.Encoder).Encode` is not checked (errcheck)
2025-08-29T18:55:23.5356967Z ##[error]pkg/monitoring/reporting/sla_reporter.go:1526:27: Error return value of `(*encoding/json.Encoder).Encode` is not checked (errcheck)
2025-08-29T18:55:23.5358350Z ##[error]pkg/monitoring/sla/calculator.go:2046:31: G115: integer overflow conversion int -> uint64 (gosec)
2025-08-29T18:55:23.5359923Z ##[error]pkg/monitoring/sla/calculator.go:2226:20: ST1023: should omit type time.Duration from declaration; it will be inferred from the right-hand side (stylecheck)
2025-08-29T18:55:23.5361411Z ##[error]pkg/monitoring/sla/collector.go:1292:22: G115: integer overflow conversion uint64 -> int (gosec)
2025-08-29T18:55:23.5362669Z ##[error]pkg/monitoring/sla/collector.go:1548:25: G115: integer overflow conversion int -> uint64 (gosec)
2025-08-29T18:55:23.5363845Z ##[error]pkg/monitoring/sla/collector.go:1594:25: G115: integer overflow conversion int -> uint64 (gosec)
2025-08-29T18:55:23.5365033Z ##[error]pkg/monitoring/sla/collector.go:1804:6: for loop can be changed to `range samples` (intrange)
2025-08-29T18:55:23.5366224Z ##[error]pkg/monitoring/sla/storage.go:2046:15: G302: Expect file permissions to be 0640 or less (gosec)
2025-08-29T18:55:23.5367397Z ##[error]pkg/monitoring/sla/storage.go:2136:22: G115: integer overflow conversion int -> uint32 (gosec)
2025-08-29T18:55:23.5368753Z ##[error]pkg/monitoring/sla/storage.go:2148:19: G115: integer overflow conversion int -> uint32 (gosec)
2025-08-29T18:55:23.5369981Z ##[error]pkg/monitoring/sla/storage.go:2150:21: G115: integer overflow conversion int -> uint32 (gosec)
2025-08-29T18:55:23.5371839Z ##[error]pkg/monitoring/sla_components.go:366:2: unnecessaryDefer: defer func(){...}(...) is placed just before return (gocritic)
2025-08-29T18:55:23.5373623Z ##[error]pkg/monitoring/structured_logging.go:220:17: G302: Expect file permissions to be 0640 or less (gosec)
2025-08-29T18:55:23.5375140Z ##[error]pkg/monitoring/throughput/load_tester.go:322:18: SA4008: variable in loop condition never changes (staticcheck)
2025-08-29T18:55:23.5376578Z ##[error]pkg/mvp/doc.go:12:7: exported: exported const Version should have comment or be unexported (revive)
2025-08-29T18:55:23.5377876Z ##[error]pkg/mvp/doc.go:18:7: exported: exported const DemoPath should have comment or be unexported (revive)
2025-08-29T18:55:23.5379438Z ##[error]pkg/nephio/blueprint/catalog.go:902:34: Function `validateDependencies` should pass the context parameter (contextcheck)
2025-08-29T18:55:23.5380679Z ##[error]pkg/nephio/blueprint/catalog.go:2384:2: Consider pre-allocating `deps` (prealloc)
2025-08-29T18:55:23.5382300Z ##[error]pkg/nephio/configsync_client.go:402:2: Consider pre-allocating `resources` (prealloc)
2025-08-29T18:55:23.5383409Z ##[error]pkg/nephio/configsync_client.go:512:2: ineffectual assignment to ctx (ineffassign)
2025-08-29T18:55:23.5384498Z ##[error]pkg/nephio/configsync_client.go:994:2: ineffectual assignment to ctx (ineffassign)
2025-08-29T18:55:23.5385719Z ##[error]pkg/nephio/dependencies/types.go:10962:3: ineffectual assignment to config (ineffassign)
2025-08-29T18:55:23.5386950Z ##[error]pkg/nephio/krm/function_manager.go:1024:2: Consider pre-allocating `functions` (prealloc)
2025-08-29T18:55:23.5388230Z ##[error]pkg/nephio/krm/functions/network-slice-config.go:1786:2: Consider pre-allocating `nfTypes` (prealloc)
2025-08-29T18:55:23.5389517Z ##[error]pkg/nephio/krm/functions/o-ran-interface.go:2494:2: Consider pre-allocating `interfaceTypes` (prealloc)
2025-08-29T18:55:23.5390669Z ##[error]pkg/nephio/krm/pipeline.go:2676:2: Consider pre-allocating `result` (prealloc)
2025-08-29T18:55:23.5392207Z ##[error]pkg/nephio/multicluster/propagator.go:198:25: Error return value of `p.rollbackDeployment` is not checked (errcheck)
2025-08-29T18:55:23.5393518Z ##[error]pkg/nephio/multicluster/sync_engine.go:300:35: G115: integer overflow conversion int -> uint (gosec)
2025-08-29T18:55:23.5394804Z ##[error]pkg/nephio/porch/client.go:3520:2: Consider pre-allocating `interfaceResources` (prealloc)
2025-08-29T18:55:23.5395978Z ##[error]pkg/nephio/porch/client.go:3634:2: Consider pre-allocating `currentResources` (prealloc)
2025-08-29T18:55:23.5397122Z ##[error]pkg/nephio/porch/client.go:4608:43: G115: integer overflow conversion int -> uint32 (gosec)
2025-08-29T18:55:23.5398259Z ##[error]pkg/nephio/porch/client.go:4622:34: G115: integer overflow conversion int -> uint32 (gosec)
2025-08-29T18:55:23.5399724Z ##[error]pkg/nephio/porch/client.go:5752:4: nestingReduce: invert if cond, replace body with `continue`, move old body after the statement (gocritic)
2025-08-29T18:55:23.5401268Z ##[error]pkg/nephio/porch/config.go:3664:2: builtinShadow: shadowing of predeclared identifier: copy (gocritic)
2025-08-29T18:55:23.5403225Z ##[error]pkg/nephio/porch/dependency_context_selector.go:1136:4: SA4018: self-assignment of dep.ResourceRequests.Requests[corev1.ResourceCPU] to dep.ResourceRequests.Requests[corev1.ResourceCPU] (staticcheck)
2025-08-29T18:55:23.5404955Z ##[error]pkg/nephio/porch/dependency_graph_analyzer.go:1834:6: builtinShadowDecl: shadowing of predeclared identifier: min (gocritic)
2025-08-29T18:55:23.5406309Z ##[error]pkg/nephio/porch/dependency_sat_solver.go:530:6: for loop can be changed to `i := range literals` (intrange)
2025-08-29T18:55:23.5407728Z ##[error]pkg/nephio/porch/function_runner.go:896:41: Error return value of `fr.quotaManager.ReleaseResources` is not checked (errcheck)
2025-08-29T18:55:23.5409319Z ##[error]pkg/nephio/porch/function_runner.go:906:29: Error return value of `fr.profiler.StartProfiling` is not checked (errcheck)
2025-08-29T18:55:23.5410777Z ##[error]pkg/nephio/porch/function_runner.go:908:34: Error return value of `fr.profiler.StopProfiling` is not checked (errcheck)
2025-08-29T18:55:23.5412261Z ##[error]pkg/nephio/porch/function_runner.go:1516:14: Error return value of `json.Marshal` is not checked (errcheck)
2025-08-29T18:55:23.5413629Z ##[error]pkg/nephio/porch/lifecycle_manager.go:894:31: Error return value of `lm.ReleaseLifecycleLock` is not checked (errcheck)
2025-08-29T18:55:23.5414967Z ##[error]pkg/nephio/porch/lifecycle_manager.go:916:17: Error return value of `lm.TriggerEvent` is not checked (errcheck)
2025-08-29T18:55:23.5416209Z ##[error]pkg/nephio/porch/lifecycle_manager.go:1896:6: for loop can be changed to `range refs` (intrange)
2025-08-29T18:55:23.5417558Z ##[error]pkg/nephio/porch/workflow_engine.go:1232:5: Function `StartWorkflow$1` should pass the context parameter (contextcheck)
2025-08-29T18:55:23.5418994Z ##[error]pkg/nephio/webui/api_server.go:388:21: Function `Shutdown` should pass the context parameter (contextcheck)
2025-08-29T18:55:23.5420485Z ##[error]pkg/nephio/webui/api_server.go:392:21: Function `Shutdown` should pass the context parameter (contextcheck)
2025-08-29T18:55:23.5421898Z ##[error]pkg/nephio/webui/handlers.go:66:8: Error return value of `strconv.Atoi` is not checked (errcheck)
2025-08-29T18:55:23.5423136Z ##[error]pkg/nephio/webui/handlers.go:68:12: Error return value of `strconv.Atoi` is not checked (errcheck)
2025-08-29T18:55:23.5424352Z ##[error]pkg/nephio/webui/handlers.go:352:8: Error return value of `strconv.Atoi` is not checked (errcheck)
2025-08-29T18:55:23.5425561Z ##[error]pkg/nephio/webui/handlers.go:354:12: Error return value of `strconv.Atoi` is not checked (errcheck)
2025-08-29T18:55:23.5426809Z ##[error]pkg/nephio/webui/websocket.go:210:17: Error return value of `ws.sendMessage` is not checked (errcheck)
2025-08-29T18:55:23.5427978Z ##[error]pkg/nephio/workflow_orchestrator.go:1322:2: ineffectual assignment to ctx (ineffassign)
2025-08-29T18:55:23.5429317Z ##[error]pkg/nephio/workload/config_sync.go:1210:25: Error return value of `csm.syncToCluster` is not checked (errcheck)
2025-08-29T18:55:23.5430777Z ##[error]pkg/nephio/workload/config_sync.go:1838:49: SA1019: client.Apply is deprecated: Use client.Client.Apply() instead. (staticcheck)
2025-08-29T18:55:23.5432270Z ##[error]pkg/nephio/workload/config_sync.go:1916:8: Error return value of `json.Marshal` is not checked (errcheck)
2025-08-29T18:55:23.5433679Z ##[error]pkg/nephio/workload/config_sync.go:2314:11: SA4010: this result of append is never used, except maybe in other appends (staticcheck)
2025-08-29T18:55:23.5435042Z ##[error]pkg/nephio/workload/fleet_manager.go:1756:17: Error return value of `fm.scaleFleet` is not checked (errcheck)
2025-08-29T18:55:23.5436326Z ##[error]pkg/nephio/workload/fleet_manager.go:1774:17: Error return value of `fm.scaleFleet` is not checked (errcheck)
2025-08-29T18:55:23.5437557Z ##[error]pkg/nephio/workload/fleet_manager.go:2942:3: ineffectual assignment to healthScore (ineffassign)
2025-08-29T18:55:23.5439142Z ##[error]pkg/nephio/workload/monitor.go:2956:13: Error return value of `(k8s.io/client-go/kubernetes/typed/core/v1.PodInterface).List` is not checked (errcheck)
2025-08-29T18:55:23.5440862Z ##[error]pkg/nephio/workload/monitor.go:3010:12: Error return value of `(k8s.io/client-go/kubernetes/typed/core/v1.PodInterface).List` is not checked (errcheck)
2025-08-29T18:55:23.5442565Z ##[error]pkg/optimization/performance_analysis_engine.go:1638:7: SA4006: this value of `threshold` is never used (staticcheck)
2025-08-29T18:55:23.5443878Z ##[error]pkg/optimization/performance_analysis_engine.go:2746:2: Consider pre-allocating `dataPoints` (prealloc)
2025-08-29T18:55:23.5445175Z ##[error]pkg/oran/a1/a1_adaptor.go:708:2: Consider pre-allocating `policyTypes` (prealloc)
2025-08-29T18:55:23.5446262Z ##[error]pkg/oran/a1/a1_adaptor.go:976:2: Consider pre-allocating `instances` (prealloc)
2025-08-29T18:55:23.5447703Z ##[error]pkg/oran/a1/a1_adaptor.go:2138:2: Non-inherited new context, use function like `context.WithXXX` instead (contextcheck)
2025-08-29T18:55:23.5448946Z ##[error]pkg/oran/a1/a1_ei_interface.go:322:2: Consider pre-allocating `eiTypes` (prealloc)
2025-08-29T18:55:23.5450013Z ##[error]pkg/oran/a1/a1_ei_interface.go:598:2: Consider pre-allocating `eiJobs` (prealloc)
2025-08-29T18:55:23.5451349Z ##[error]pkg/oran/a1/errors.go:1206:6: typeAssertChain: rewrite if-else to type switch statement (gocritic)
2025-08-29T18:55:23.5452961Z ##[error]pkg/oran/a1/security/ratelimit.go:1728:5: comparing with == will fail on wrapped errors. Use errors.Is to check for a specific error (errorlint)
2025-08-29T18:55:23.5454458Z ##[error]pkg/oran/a1/server.go:384:31: Non-inherited new context, use function like `context.WithXXX` instead (contextcheck)
2025-08-29T18:55:23.5455727Z ##[error]pkg/oran/a1/server.go:524:2: appendCombine: can combine chain of 3 appends into one (gocritic)
2025-08-29T18:55:23.5456935Z ##[error]pkg/oran/a1/server.go:562:2: appendCombine: can combine chain of 4 appends into one (gocritic)
2025-08-29T18:55:23.5458399Z ##[error]pkg/oran/a1/server.go:800:26: Function `LogHTTPRequest` should pass the context parameter (contextcheck)
2025-08-29T18:55:23.5459573Z ##[error]pkg/oran/a1/validation.go:730:2: Consider pre-allocating `schemaIDs` (prealloc)
2025-08-29T18:55:23.5460728Z ##[error]pkg/oran/e2/asn1_codec.go:52:54: G115: integer overflow conversion int32 -> uint16 (gosec)
2025-08-29T18:55:23.5462023Z ##[error]pkg/oran/e2/asn1_codec.go:62:26: G115: integer overflow conversion int -> uint8 (gosec)
2025-08-29T18:55:23.5463155Z ##[error]pkg/oran/e2/asn1_codec.go:74:53: G115: integer overflow conversion int32 -> uint8 (gosec)
2025-08-29T18:55:23.5464269Z ##[error]pkg/oran/e2/asn1_codec.go:448:54: G115: integer overflow conversion int32 -> uint16 (gosec)
2025-08-29T18:55:23.5465370Z ##[error]pkg/oran/e2/asn1_codec.go:574:54: G115: integer overflow conversion int32 -> uint16 (gosec)
2025-08-29T18:55:23.5466483Z ##[error]pkg/oran/e2/asn1_codec.go:584:54: G115: integer overflow conversion int32 -> uint16 (gosec)
2025-08-29T18:55:23.5467584Z ##[error]pkg/oran/e2/asn1_codec.go:596:55: G115: integer overflow conversion int32 -> uint32 (gosec)
2025-08-29T18:55:23.5468678Z ##[error]pkg/oran/e2/asn1_codec.go:716:25: G115: integer overflow conversion uint32 -> int32 (gosec)
2025-08-29T18:55:23.5469779Z ##[error]pkg/oran/e2/asn1_codec.go:800:51: G115: integer overflow conversion int -> uint8 (gosec)
2025-08-29T18:55:23.5470887Z ##[error]pkg/oran/e2/asn1_codec.go:1094:49: G115: integer overflow conversion int -> uint8 (gosec)
2025-08-29T18:55:23.5472148Z ##[error]pkg/oran/e2/asn1_codec.go:1106:50: G115: integer overflow conversion int -> uint16 (gosec)
2025-08-29T18:55:23.5473274Z ##[error]pkg/oran/e2/asn1_codec.go:1462:52: G115: integer overflow conversion int32 -> uint16 (gosec)
2025-08-29T18:55:23.5474521Z ##[error]pkg/oran/e2/asn1_codec.go:1578:5: emptyStringTest: replace `len(oidStr) > 0` with `oidStr != ""` (gocritic)
2025-08-29T18:55:23.5475706Z ##[error]pkg/oran/e2/asn1_codec.go:1668:51: G115: integer overflow conversion int -> uint8 (gosec)
2025-08-29T18:55:23.5476819Z ##[error]pkg/oran/e2/asn1_codec.go:2072:53: G115: integer overflow conversion int -> uint16 (gosec)
2025-08-29T18:55:23.5477926Z ##[error]pkg/oran/e2/asn1_codec.go:2154:51: G115: integer overflow conversion int -> uint8 (gosec)
2025-08-29T18:55:23.5479023Z ##[error]pkg/oran/e2/asn1_codec.go:2164:49: G115: integer overflow conversion int -> uint16 (gosec)
2025-08-29T18:55:23.5480124Z ##[error]pkg/oran/e2/asn1_codec.go:2978:53: G115: integer overflow conversion int -> uint16 (gosec)
2025-08-29T18:55:23.5481365Z ##[error]pkg/oran/e2/e2_adaptor.go:1738:2: Consider pre-allocating `ranFunctions` (prealloc)
2025-08-29T18:55:23.5482619Z ##[error]pkg/oran/e2/e2_manager.go:2052:12: elseif: can replace 'else {if cond {}}' with 'else if cond {}' (gocritic)
2025-08-29T18:55:23.5483977Z ##[error]pkg/oran/e2/e2ap_messages.go:1430:48: G115: integer overflow conversion int32 -> uint32 (gosec)
2025-08-29T18:55:23.5485171Z ##[error]pkg/oran/e2/e2ap_messages.go:1432:49: G115: integer overflow conversion int32 -> uint32 (gosec)
2025-08-29T18:55:23.5486322Z ##[error]pkg/oran/e2/e2ap_messages.go:1468:24: G115: integer overflow conversion uint32 -> int32 (gosec)
2025-08-29T18:55:23.5487458Z ##[error]pkg/oran/e2/e2ap_messages.go:1470:24: G115: integer overflow conversion uint32 -> int32 (gosec)
2025-08-29T18:55:23.5488930Z ##[error]pkg/oran/e2/sctp_transport.go:676:22: type assertion on error will fail on wrapped errors. Use errors.As to check for specific errors (errorlint)
2025-08-29T18:55:23.5490543Z ##[error]pkg/oran/e2/sctp_transport.go:852:21: type assertion on error will fail on wrapped errors. Use errors.As to check for specific errors (errorlint)
2025-08-29T18:55:23.5492227Z ##[error]pkg/oran/e2/service_models.go:1084:28: SA4010: this result of append is never used, except maybe in other appends (staticcheck)
2025-08-29T18:55:23.5493605Z ##[error]pkg/oran/e2/xapp_sdk.go:526:37: Function `SubscribeE2` should pass the context parameter (contextcheck)
2025-08-29T18:55:23.5494896Z ##[error]pkg/oran/o1/fault_manager.go:1032:2: S1031: unnecessary nil check around range (gosimple)
2025-08-29T18:55:23.5496250Z ##[error]pkg/oran/o1/fault_manager.go:1416:15: G115: integer overflow conversion int64 -> uint32 (gosec)
2025-08-29T18:55:23.5497380Z ##[error]pkg/oran/o1/fault_manager.go:1540:2: Consider pre-allocating `allAlarms` (prealloc)
2025-08-29T18:55:23.5498581Z ##[error]pkg/oran/o1/netconf_client.go:306:20: G106: Use of ssh InsecureIgnoreHostKey should be audited (gosec)
2025-08-29T18:55:23.5499961Z ##[error]pkg/oran/o1/netconf_server.go:274:26: SA5008: invalid XML tag: cannot specify name together with option ,innerxml (staticcheck)
2025-08-29T18:55:23.5501600Z ##[error]pkg/oran/o1/netconf_server.go:290:25: SA5008: invalid XML tag: cannot specify name together with option ,innerxml (staticcheck)
2025-08-29T18:55:23.5503180Z ##[error]pkg/oran/o1/netconf_server.go:1036:7: comparing with == will fail on wrapped errors. Use errors.Is to check for a specific error (errorlint)
2025-08-29T18:55:23.5504475Z ##[error]pkg/oran/o1/o1_controller.go:1746:21: G115: integer overflow conversion int -> int32 (gosec)
2025-08-29T18:55:23.5505740Z ##[error]pkg/oran/o1/o1_helpers.go:726:6: builtinShadowDecl: shadowing of predeclared identifier: min (gocritic)
2025-08-29T18:55:23.5506982Z ##[error]pkg/oran/o1/o1_streaming.go:816:2: S1000: should use for range instead of for { select {} } (gosimple)
2025-08-29T18:55:23.5508446Z ##[error]pkg/oran/o1/security/security_types.go:20:6: exported: exported type StreamFilter should have comment or be unexported (revive)
2025-08-29T18:55:23.5509896Z ##[error]pkg/oran/o1/security/security_types.go:56:6: exported: exported type Range should have comment or be unexported (revive)
2025-08-29T18:55:23.5511451Z ##[error]pkg/oran/o1/security/security_types.go:68:6: exported: exported type TimeRange should have comment or be unexported (revive)
2025-08-29T18:55:23.5512950Z ##[error]pkg/oran/o1/security/security_types.go:80:6: exported: exported type PushProvider should have comment or be unexported (revive)
2025-08-29T18:55:23.5514437Z ##[error]pkg/oran/o1/security/security_types.go:100:6: exported: exported type PushMessage should have comment or be unexported (revive)
2025-08-29T18:55:23.5515907Z ##[error]pkg/oran/o1/security/security_types.go:120:6: exported: exported type PushConfig should have comment or be unexported (revive)
2025-08-29T18:55:23.5517352Z ##[error]pkg/oran/o1/security/security_types.go:138:6: exported: exported type RateLimit should have comment or be unexported (revive)
2025-08-29T18:55:23.5518823Z ##[error]pkg/oran/o1/security/security_types.go:152:6: exported: exported type SAMLProvider should have comment or be unexported (revive)
2025-08-29T18:55:23.5520306Z ##[error]pkg/oran/o1/security/security_types.go:182:6: exported: exported type OIDCProvider should have comment or be unexported (revive)
2025-08-29T18:55:23.5522069Z ##[error]pkg/oran/o1/security/security_types.go:220:6: exported: exported type OAuth2Config should have comment or be unexported (revive)
2025-08-29T18:55:23.5523633Z ##[error]pkg/oran/o1/security/security_types.go:256:6: exported: exported type OAuth2Endpoint should have comment or be unexported (revive)
2025-08-29T18:55:23.5525178Z ##[error]pkg/oran/o1/security/security_types.go:272:6: exported: exported type AccessControlRule should have comment or be unexported (revive)
2025-08-29T18:55:23.5526667Z ##[error]pkg/oran/o1/security/security_types.go:306:6: exported: exported type Subject should have comment or be unexported (revive)
2025-08-29T18:55:23.5528112Z ##[error]pkg/oran/o1/security/security_types.go:320:6: exported: exported type Resource should have comment or be unexported (revive)
2025-08-29T18:55:23.5529560Z ##[error]pkg/oran/o1/security/security_types.go:336:6: exported: exported type Condition should have comment or be unexported (revive)
2025-08-29T18:55:23.5531299Z ##[error]pkg/oran/o1/security/security_types.go:354:6: exported: exported type RotationPolicy should have comment or be unexported (revive)
2025-08-29T18:55:23.5533025Z ##[error]pkg/oran/o1/security/security_types.go:398:6: exported: exported type RotationCondition should have comment or be unexported (revive)
2025-08-29T18:55:23.5534919Z ##[error]pkg/oran/o1/security/security_types.go:416:6: exported: exported type SecurityPolicyEngine should have comment or be unexported (revive)
2025-08-29T18:55:23.5536458Z ##[error]pkg/oran/o1/security/security_types.go:458:6: exported: exported type SecurityPolicy should have comment or be unexported (revive)
2025-08-29T18:55:23.5537987Z ##[error]pkg/oran/o1/security/security_types.go:518:6: exported: exported type PolicyException should have comment or be unexported (revive)
2025-08-29T18:55:23.5539505Z ##[error]pkg/oran/o1/security/security_types.go:546:6: exported: exported type ExceptionScope should have comment or be unexported (revive)
2025-08-29T18:55:23.5541188Z ##[error]pkg/oran/o1/security/security_types.go:566:6: exported: exported type AuditSettings should have comment or be unexported (revive)
2025-08-29T18:55:23.5542722Z ##[error]pkg/oran/o1/security/security_types.go:586:6: exported: exported type PolicyRequest should have comment or be unexported (revive)
2025-08-29T18:55:23.5544234Z ##[error]pkg/oran/o1/security/security_types.go:608:6: exported: exported type RequestContext should have comment or be unexported (revive)
2025-08-29T18:55:23.5545719Z ##[error]pkg/oran/o1/security/security_types.go:634:6: exported: exported type Geolocation should have comment or be unexported (revive)
2025-08-29T18:55:23.5547191Z ##[error]pkg/oran/o1/security/security_types.go:654:6: exported: exported type DeviceInfo should have comment or be unexported (revive)
2025-08-29T18:55:23.5548635Z ##[error]pkg/oran/o1/security/security_types.go:676:6: exported: exported type TLSInfo should have comment or be unexported (revive)
2025-08-29T18:55:23.5550119Z ##[error]pkg/oran/o1/security/security_types.go:700:6: exported: exported type PolicyDecision should have comment or be unexported (revive)
2025-08-29T18:55:23.5551731Z ##[error]pkg/oran/o1/security/security_types.go:730:6: exported: exported type Obligation should have comment or be unexported (revive)
2025-08-29T18:55:23.5553195Z ##[error]pkg/oran/o1/security/security_types.go:750:6: exported: exported type Advice should have comment or be unexported (revive)
2025-08-29T18:55:23.5554662Z ##[error]pkg/oran/o1/security/security_types.go:768:6: exported: exported type PolicyFilter should have comment or be unexported (revive)
2025-08-29T18:55:23.5556214Z ##[error]pkg/oran/o1/security/security_types.go:796:6: exported: exported type NotificationChannel should have comment or be unexported (revive)
2025-08-29T18:55:23.5557785Z ##[error]pkg/oran/o1/security/security_types.go:820:6: exported: exported type NotificationMessage should have comment or be unexported (revive)
2025-08-29T18:55:23.5559454Z ##[error]pkg/oran/o1/security/security_types.go:844:6: exported: exported type EscalationRule should have comment or be unexported (revive)
2025-08-29T18:55:23.5561200Z ##[error]pkg/oran/o1/security/security_types.go:874:6: exported: exported type ValidationResult should have comment or be unexported (revive)
2025-08-29T18:55:23.5562860Z ##[error]pkg/oran/o1/security/security_types.go:890:6: exported: exported type SecurityStatus should have comment or be unexported (revive)
2025-08-29T18:55:23.5564399Z ##[error]pkg/oran/o1/security/security_types.go:916:6: exported: exported type CertificateStatus should have comment or be unexported (revive)
2025-08-29T18:55:23.5565911Z ##[error]pkg/oran/o1/security/security_types.go:938:6: exported: exported type PolicyStatus should have comment or be unexported (revive)
2025-08-29T18:55:23.5567400Z ##[error]pkg/oran/o1/security/security_types.go:960:6: exported: exported type SecurityAlert should have comment or be unexported (revive)
2025-08-29T18:55:23.5568888Z ##[error]pkg/oran/o1/security/security_types.go:998:6: exported: exported type AlertAction should have comment or be unexported (revive)
2025-08-29T18:55:23.5570420Z ##[error]pkg/oran/o1/security/security_types.go:1020:6: exported: exported type StatisticalSummary should have comment or be unexported (revive)
2025-08-29T18:55:23.5572338Z ##[error]pkg/oran/o1/security/security_types.go:1046:6: exported: exported type AuditPolicy should have comment or be unexported (revive)
2025-08-29T18:55:23.5573877Z ##[error]pkg/oran/o1/security/security_types.go:1082:6: exported: exported type ExpirationPolicy should have comment or be unexported (revive)
2025-08-29T18:55:23.5575401Z ##[error]pkg/oran/o1/security/security_types.go:1126:6: exported: exported type EscrowPolicy should have comment or be unexported (revive)
2025-08-29T18:55:23.5576918Z ##[error]pkg/oran/o1/security/security_types.go:1172:6: exported: exported type EscrowAccessRule should have comment or be unexported (revive)
2025-08-29T18:55:23.5578458Z ##[error]pkg/oran/o1/security/security_types.go:1206:6: exported: exported type TimeRestriction should have comment or be unexported (revive)
2025-08-29T18:55:23.5579977Z ##[error]pkg/oran/o1/security/security_types.go:1222:6: exported: exported type RetentionRule should have comment or be unexported (revive)
2025-08-29T18:55:23.5581615Z ##[error]pkg/oran/o1/security/security_types.go:1264:6: exported: exported type EscrowApprover should have comment or be unexported (revive)
2025-08-29T18:55:23.5583205Z ##[error]pkg/oran/o1/security/security_types.go:1296:6: exported: exported type EscrowAccessRequest should have comment or be unexported (revive)
2025-08-29T18:55:23.5584736Z ##[error]pkg/oran/o1/security/security_types.go:1328:6: exported: exported type ApprovalStep should have comment or be unexported (revive)
2025-08-29T18:55:23.5586214Z ##[error]pkg/oran/o1/security/security_types.go:1352:6: exported: exported type AuditEntry should have comment or be unexported (revive)
2025-08-29T18:55:23.5587825Z ##[error]pkg/oran/o1/security/security_types.go:1374:6: exported: exported type ComplianceReportGenerator should have comment or be unexported (revive)
2025-08-29T18:55:23.5589443Z ##[error]pkg/oran/o1/security/security_types.go:1388:6: exported: exported type ComplianceAssessment should have comment or be unexported (revive)
2025-08-29T18:55:23.5591123Z ##[error]pkg/oran/o1/security/security_types.go:1416:6: exported: exported type ComplianceFinding should have comment or be unexported (revive)
2025-08-29T18:55:23.5592729Z ##[error]pkg/oran/o1/security/security_types.go:1434:6: exported: exported type ComplianceEvidence should have comment or be unexported (revive)
2025-08-29T18:55:23.5594285Z ##[error]pkg/oran/o1/security/security_types.go:1452:6: exported: exported type ComplianceReport should have comment or be unexported (revive)
2025-08-29T18:55:23.5595783Z ##[error]pkg/oran/o1/security/security_types.go:1476:6: exported: exported type VPNConfig should have comment or be unexported (revive)
2025-08-29T18:55:23.5597412Z ##[error]pkg/oran/o1/security/security_types.go:1506:6: exported: exported type TunnelConfig should have comment or be unexported (revive)
2025-08-29T18:55:23.5598926Z ##[error]pkg/oran/o1/security/security_types.go:1532:6: exported: exported type TLSConfig should have comment or be unexported (revive)
2025-08-29T18:55:23.5600422Z ##[error]pkg/oran/o1/security/security_types.go:1554:6: exported: exported type ScanScheduler should have comment or be unexported (revive)
2025-08-29T18:55:23.5602092Z ##[error]pkg/oran/o1/security/security_types.go:1572:6: exported: exported type ScanSchedule should have comment or be unexported (revive)
2025-08-29T18:55:23.5603612Z ##[error]pkg/oran/o1/security/security_types.go:1596:6: exported: exported type ScheduledScan should have comment or be unexported (revive)
2025-08-29T18:55:23.5605161Z ##[error]pkg/oran/o1/security/security_types.go:1612:6: exported: exported type VulnReportTemplate should have comment or be unexported (revive)
2025-08-29T18:55:23.5606695Z ##[error]pkg/oran/o1/security/security_types.go:1646:6: exported: exported type ReportSection should have comment or be unexported (revive)
2025-08-29T18:55:23.5608260Z ##[error]pkg/oran/o1/security/security_types.go:1666:6: exported: exported type VulnReportGenerator should have comment or be unexported (revive)
2025-08-29T18:55:23.5609974Z ##[error]pkg/oran/o1/security/security_types.go:1680:6: exported: exported type VulnReport should have comment or be unexported (revive)
2025-08-29T18:55:23.5611642Z ##[error]pkg/oran/o1/security/security_types.go:1704:6: exported: exported type VulnReportSummary should have comment or be unexported (revive)
2025-08-29T18:55:23.5613268Z ##[error]pkg/oran/o1/security/security_types.go:1726:6: exported: exported type VulnReportDistributor should have comment or be unexported (revive)
2025-08-29T18:55:23.5614848Z ##[error]pkg/oran/o1/security/security_types.go:1740:6: exported: exported type ResponseChecklist should have comment or be unexported (revive)
2025-08-29T18:55:23.5616373Z ##[error]pkg/oran/o1/security/security_types.go:1774:6: exported: exported type ChecklistItem should have comment or be unexported (revive)
2025-08-29T18:55:23.5617897Z ##[error]pkg/oran/o1/security/security_types.go:1816:6: exported: exported type VerificationStep should have comment or be unexported (revive)
2025-08-29T18:55:23.5619161Z ##[error]pkg/oran/o1/security_manager.go:5736:2: Consider pre-allocating `result` (prealloc)
2025-08-29T18:55:23.5620391Z ##[error]pkg/oran/o1/yang_models.go:1348:3: typeAssertChain: rewrite if-else to type switch statement (gocritic)
2025-08-29T18:55:23.5621887Z ##[error]pkg/oran/o1/yang_models.go:1360:13: elseif: can replace 'else {if cond {}}' with 'else if cond {}' (gocritic)
2025-08-29T18:55:23.5623395Z ##[error]pkg/oran/o2/api_server.go:664:19: Non-inherited new context, use function like `context.WithXXX` instead (contextcheck)
2025-08-29T18:55:23.5624591Z ##[error]pkg/oran/o2/health_checker.go:164:2: Consider pre-allocating `checks` (prealloc)
2025-08-29T18:55:23.5625984Z ##[error]pkg/oran/o2/ims/catalog.go:714:48: Non-inherited new context, use function like `context.WithXXX` instead (contextcheck)
2025-08-29T18:55:23.5627188Z ##[error]pkg/oran/o2/ims/ims_services.go:454:2: Consider pre-allocating `o2Nodes` (prealloc)
2025-08-29T18:55:23.5628270Z ##[error]pkg/oran/o2/ims/ims_services.go:978:2: Consider pre-allocating `alarms` (prealloc)
2025-08-29T18:55:23.5629690Z ##[error]pkg/oran/o2/inventory_management.go:616:3: Function `discoveryLoop->performDiscovery` should pass the context parameter (contextcheck)
2025-08-29T18:55:23.5631415Z ##[error]pkg/oran/o2/providers/integration_manager.go:126:40: Function `RegisterProvider` should pass the context parameter (contextcheck)
2025-08-29T18:55:23.5632988Z ##[error]pkg/oran/o2/providers/integration_manager.go:250:40: Function `RegisterProvider` should pass the context parameter (contextcheck)
2025-08-29T18:55:23.5634482Z ##[error]pkg/oran/o2/providers/integration_manager.go:272:28: Error return value of `provider.SubscribeToEvents` is not checked (errcheck)
2025-08-29T18:55:23.5636152Z ##[error]pkg/oran/o2/providers/integration_manager.go:318:33: Error return value of `provider.UnsubscribeFromEvents` is not checked (errcheck)
2025-08-29T18:55:23.5637763Z ##[error]pkg/oran/o2/providers/integration_manager.go:326:42: Function `UnregisterProvider` should pass the context parameter (contextcheck)
2025-08-29T18:55:23.5639542Z ##[error]pkg/oran/o2/providers/kubernetes.go:946:51: Error return value of `(k8s.io/client-go/kubernetes/typed/core/v1.ServiceInterface).Delete` is not checked (errcheck)
2025-08-29T18:55:23.5640942Z ##[error]pkg/oran/o2/providers/kubernetes.go:2882:2: ineffectual assignment to status (ineffassign)
2025-08-29T18:55:23.5642274Z ##[error]pkg/oran/o2/providers/kubernetes.go:2884:2: ineffectual assignment to health (ineffassign)
2025-08-29T18:55:23.5643451Z ##[error]pkg/oran/o2/providers/kubernetes.go:3046:2: ineffectual assignment to health (ineffassign)
2025-08-29T18:55:23.5644619Z ##[error]pkg/oran/o2/providers/kubernetes.go:3144:2: ineffectual assignment to status (ineffassign)
2025-08-29T18:55:23.5645786Z ##[error]pkg/oran/o2/providers/kubernetes.go:3146:2: ineffectual assignment to phase (ineffassign)
2025-08-29T18:55:23.5647144Z ##[error]pkg/oran/o2/providers/openstack.go:1200:2: Consider pre-allocating `deployments` (prealloc)
2025-08-29T18:55:23.5648292Z ##[error]pkg/oran/o2/providers/openstack.go:2352:2: Consider pre-allocating `tags` (prealloc)
2025-08-29T18:55:23.5649643Z ##[error]pkg/oran/o2/service_implementations.go:1034:6: Function `CreateResource$1` should pass the context parameter (contextcheck)
2025-08-29T18:55:23.5651208Z ##[error]pkg/oran/o2/service_implementations.go:1166:6: Function `UpdateResource$1` should pass the context parameter (contextcheck)
2025-08-29T18:55:23.5652502Z ##[error]pkg/oran/o2/service_implementations.go:1470:2: Consider pre-allocating `configs` (prealloc)
2025-08-29T18:55:23.5653888Z ##[error]pkg/oran/o2/service_implementations.go:1598:46: Function `UnregisterProvider` should pass the context parameter (contextcheck)
2025-08-29T18:55:23.5655384Z ##[error]pkg/oran/o2/service_implementations.go:1608:46: Function `UnregisterProvider` should pass the context parameter (contextcheck)
2025-08-29T18:55:23.5656610Z ##[error]pkg/oran/o2/storage.go:706:2: Consider pre-allocating `templates` (prealloc)
2025-08-29T18:55:23.5657676Z ##[error]pkg/oran/o2/storage.go:828:2: Consider pre-allocating `deployments` (prealloc)
2025-08-29T18:55:23.5658755Z ##[error]pkg/oran/o2/storage.go:950:2: Consider pre-allocating `subscriptions` (prealloc)
2025-08-29T18:55:23.5659815Z ##[error]pkg/oran/o2/storage.go:1072:2: Consider pre-allocating `providers` (prealloc)
2025-08-29T18:55:23.5661198Z ##[error]pkg/oran/security/security.go:1108:17: Error return value of `m.refreshJWKS` is not checked (errcheck)
2025-08-29T18:55:23.5662379Z ##[error]pkg/oran/smo_manager.go:288:2: field `failures` is unused (unused)
2025-08-29T18:55:23.5663944Z ##[error]pkg/packagerevision/factory.go:878:52: Function `NewLifecycleManager->eventWorker->processEvent` should pass the context parameter (contextcheck)
2025-08-29T18:55:23.5665661Z ##[error]pkg/packagerevision/factory.go:904:52: Function `NewTemplateEngine->catalogRefreshWorker` should pass the context parameter (contextcheck)
2025-08-29T18:55:23.5667009Z ##[error]pkg/packagerevision/manager.go:1406:6: for loop can be changed to `range intents` (intrange)
2025-08-29T18:55:23.5668431Z ##[error]pkg/packagerevision/manager.go:1436:4: SA4011: ineffective break statement. Did you mean to break out of the outer loop? (staticcheck)
2025-08-29T18:55:23.5669743Z ##[error]pkg/performance/benchmark_runner.go:1180:21: unnecessary conversion (unconvert)
2025-08-29T18:55:23.5670821Z ##[error]pkg/performance/benchmark_runner.go:1182:21: unnecessary conversion (unconvert)
2025-08-29T18:55:23.5672516Z ##[error]pkg/performance/benchmark_suite.go:50:14: SA1019: workqueue.RateLimiter is deprecated: RateLimiter is deprecated, use TypedRateLimiter instead. (staticcheck)
2025-08-29T18:55:23.5675108Z ##[error]pkg/performance/benchmark_suite.go:202:16: SA1019: workqueue.NewItemExponentialFailureRateLimiter is deprecated: NewItemExponentialFailureRateLimiter is deprecated, use NewTypedItemExponentialFailureRateLimiter instead. (staticcheck)
2025-08-29T18:55:23.5676912Z ##[error]pkg/performance/cache_optimized.go:514:29: G115: integer overflow conversion int -> uint64 (gosec)
2025-08-29T18:55:23.5678178Z ##[error]pkg/performance/db_optimized.go:886:19: Error return value of `txn.tx.Rollback` is not checked (errcheck)
2025-08-29T18:55:23.5679339Z ##[error]pkg/performance/db_optimized.go:1748:2: Consider pre-allocating `result` (prealloc)
2025-08-29T18:55:23.5680967Z ##[error]pkg/performance/db_optimized.go:1796:18: Error return value of `result.RowsAffected` is not checked (errcheck)
2025-08-29T18:55:23.5682397Z ##[error]pkg/performance/example_integration.go:230:14: G115: integer overflow conversion int -> uint64 (gosec)
2025-08-29T18:55:23.5683623Z ##[error]pkg/performance/example_integration.go:334:20: SA4006: this value of `b` is never used (staticcheck)
2025-08-29T18:55:23.5684835Z ##[error]pkg/performance/example_integration.go:1012:23: SA4006: this value of `b` is never used (staticcheck)
2025-08-29T18:55:23.5686330Z ##[error]pkg/performance/example_integration.go:1278:23: Error return value of `system.Shutdown` is not checked (errcheck)
2025-08-29T18:55:23.5687667Z ##[error]pkg/performance/goroutine_pools.go:1382:20: Error return value of `pool.SubmitTask` is not checked (errcheck)
2025-08-29T18:55:23.5688818Z ##[error]pkg/performance/goroutine_pools.go:1612:28: unnecessary conversion (unconvert)
2025-08-29T18:55:23.5690094Z ##[error]pkg/performance/http_optimized.go:308:27: Error return value of `http2.ConfigureTransport` is not checked (errcheck)
2025-08-29T18:55:23.5691829Z ##[error]pkg/performance/http_optimized.go:552:23: SA6002: argument should be pointer-like to avoid allocations (staticcheck)
2025-08-29T18:55:23.5693671Z ##[error]pkg/performance/http_optimized.go:734:26: Function `performHealthChecks->performHealthChecks$1->checkEndpoint` should pass the context parameter (contextcheck)
2025-08-29T18:55:23.5695056Z ##[error]pkg/performance/http_optimized.go:924:27: response body must be closed (bodyclose)
2025-08-29T18:55:23.5696337Z ##[error]pkg/performance/load-testing/framework.go:1844:2: Consider pre-allocating `reports` (prealloc)
2025-08-29T18:55:23.5697695Z ##[error]pkg/performance/load-testing/monitoring.go:578:26: Function `Collect` should pass the context parameter (contextcheck)
2025-08-29T18:55:23.5699107Z ##[error]pkg/performance/memory_pools.go:1244:28: Error return value of `mpm.mmapManager.UnmapFile` is not checked (errcheck)
2025-08-29T18:55:23.5700788Z ##[error]pkg/performance/optimization_engine.go:48:29: SA1019: workqueue.RateLimiter is deprecated: RateLimiter is deprecated, use TypedRateLimiter instead. (staticcheck)
2025-08-29T18:55:23.5742269Z ##[error]pkg/performance/optimization_engine.go:186:36: SA1019: workqueue.RateLimiter is deprecated: RateLimiter is deprecated, use TypedRateLimiter instead. (staticcheck)
2025-08-29T18:55:23.5744224Z ##[error]pkg/performance/optimization_engine.go:970:10: Error return value of `bp.flush` is not checked (errcheck)
2025-08-29T18:55:23.5746596Z ##[error]pkg/performance/optimization_engine.go:1278:26: SA1019: workqueue.NewItemExponentialFailureRateLimiter is deprecated: NewItemExponentialFailureRateLimiter is deprecated, use NewTypedItemExponentialFailureRateLimiter instead. (staticcheck)
2025-08-29T18:55:23.5749408Z ##[error]pkg/performance/optimization_engine.go:1290:31: SA1019: workqueue.NewItemExponentialFailureRateLimiter is deprecated: NewItemExponentialFailureRateLimiter is deprecated, use NewTypedItemExponentialFailureRateLimiter instead. (staticcheck)
2025-08-29T18:55:23.5752399Z ##[error]pkg/performance/optimization_engine.go:1302:26: SA1019: workqueue.NewItemExponentialFailureRateLimiter is deprecated: NewItemExponentialFailureRateLimiter is deprecated, use NewTypedItemExponentialFailureRateLimiter instead. (staticcheck)
2025-08-29T18:55:23.5754317Z ##[error]pkg/performance/optimization_engine.go:1414:19: response body must be closed (bodyclose)
2025-08-29T18:55:23.5755540Z ##[error]pkg/performance/optimization_engine.go:1508:2: Consider pre-allocating `errs` (prealloc)
2025-08-29T18:55:23.5756841Z ##[error]pkg/performance/performance_analyzer.go:402:9: Error return value of `json.Marshal` is not checked (errcheck)
2025-08-29T18:55:23.5758190Z ##[error]pkg/performance/performance_analyzer.go:406:17: Error return value of `json.Unmarshal` is not checked (errcheck)
2025-08-29T18:55:23.5759581Z ##[error]pkg/performance/profiler_enhanced.go:18:2: G108: Profiling endpoint is automatically exposed on /debug/pprof (gosec)
2025-08-29T18:55:23.5761256Z ##[error]pkg/performance/profiler_enhanced.go:1452:38: Error return value of `ep.metricsCollector.registry.Gather` is not checked (errcheck)
2025-08-29T18:55:23.5762825Z ##[error]pkg/performance/regression/api_integration.go:196:2: field `metricStore` is unused (unused)
2025-08-29T18:55:23.5764032Z ##[error]pkg/performance/regression/api_integration.go:1186:4: Error return value is not checked (errcheck)
2025-08-29T18:55:23.5765463Z ##[error]pkg/performance/regression/api_integration.go:1650:42: Function `CreateDashboard` should pass the context parameter (contextcheck)
2025-08-29T18:55:23.5767085Z ##[error]pkg/performance/regression/api_integration.go:1708:15: Error return value of `json.Marshal` is not checked (errcheck)
2025-08-29T18:55:23.5768815Z ##[error]pkg/performance/regression/api_integration.go:1770:30: Function `performConnectionTests->testPrometheusConnection` should pass the context parameter (contextcheck)
2025-08-29T18:55:23.5770242Z ##[error]pkg/performance/regression/intelligent_alert_manager.go:156:2: field `config` is unused (unused)
2025-08-29T18:55:23.5771816Z ##[error]pkg/performance/regression/intelligent_alert_manager.go:160:2: field `timeSeriesAnalyzer` is unused (unused)
2025-08-29T18:55:23.5773205Z ##[error]pkg/performance/regression/intelligent_alert_manager.go:162:2: field `patternMatcher` is unused (unused)
2025-08-29T18:55:23.5774501Z ##[error]pkg/performance/regression/intelligent_alert_manager.go:176:2: field `correlationMetrics` is unused (unused)
2025-08-29T18:55:23.5775726Z ##[error]pkg/performance/regression/intelligent_alert_manager.go:330:2: field `config` is unused (unused)
2025-08-29T18:55:23.5776974Z ##[error]pkg/performance/regression/intelligent_alert_manager.go:332:2: field `feedbackProcessor` is unused (unused)
2025-08-29T18:55:23.5778238Z ##[error]pkg/performance/regression/intelligent_alert_manager.go:334:2: field `patternRecognizer` is unused (unused)
2025-08-29T18:55:23.5779501Z ##[error]pkg/performance/regression/intelligent_alert_manager.go:336:2: field `thresholdOptimizer` is unused (unused)
2025-08-29T18:55:23.5780928Z ##[error]pkg/performance/regression/intelligent_alert_manager.go:342:2: field `historicalAlerts` is unused (unused)
2025-08-29T18:55:23.5782500Z ##[error]pkg/performance/regression/intelligent_alert_manager.go:344:2: field `alertOutcomes` is unused (unused)
2025-08-29T18:55:23.5783751Z ##[error]pkg/performance/regression/intelligent_alert_manager.go:346:2: field `humanFeedback` is unused (unused)
2025-08-29T18:55:23.5785027Z ##[error]pkg/performance/regression/intelligent_alert_manager.go:352:2: field `falsePositiveModel` is unused (unused)
2025-08-29T18:55:23.5786288Z ##[error]pkg/performance/regression/intelligent_alert_manager.go:354:2: field `severityModel` is unused (unused)
2025-08-29T18:55:23.5787525Z ##[error]pkg/performance/regression/intelligent_alert_manager.go:356:2: field `escalationModel` is unused (unused)
2025-08-29T18:55:23.5788776Z ##[error]pkg/performance/regression/intelligent_alert_manager.go:362:2: field `learningMetrics` is unused (unused)
2025-08-29T18:55:23.5789993Z ##[error]pkg/performance/regression/intelligent_alert_manager.go:394:2: field `channel` is unused (unused)
2025-08-29T18:55:23.5791306Z ##[error]pkg/performance/regression/intelligent_alert_manager.go:396:2: field `username` is unused (unused)
2025-08-29T18:55:23.5792705Z ##[error]pkg/performance/regression/intelligent_alert_manager.go:398:2: field `iconEmoji` is unused (unused)
2025-08-29T18:55:23.5793944Z ##[error]pkg/performance/regression/intelligent_alert_manager.go:410:2: field `name` is unused (unused)
2025-08-29T18:55:23.5795153Z ##[error]pkg/performance/regression/intelligent_alert_manager.go:412:2: field `smtpServer` is unused (unused)
2025-08-29T18:55:23.5796353Z ##[error]pkg/performance/regression/intelligent_alert_manager.go:414:2: field `smtpPort` is unused (unused)
2025-08-29T18:55:23.5797547Z ##[error]pkg/performance/regression/intelligent_alert_manager.go:416:2: field `username` is unused (unused)
2025-08-29T18:55:23.5798732Z ##[error]pkg/performance/regression/intelligent_alert_manager.go:418:2: field `password` is unused (unused)
2025-08-29T18:55:23.5799943Z ##[error]pkg/performance/regression/intelligent_alert_manager.go:420:2: field `fromAddress` is unused (unused)
2025-08-29T18:55:23.5801304Z ##[error]pkg/performance/regression/intelligent_alert_manager.go:422:2: field `toAddresses` is unused (unused)
2025-08-29T18:55:23.5802571Z ##[error]pkg/performance/regression/intelligent_alert_manager.go:424:2: field `config` is unused (unused)
2025-08-29T18:55:23.5804212Z ##[error]pkg/performance/regression/intelligent_alert_manager.go:434:2: field `name` is unused (unused)
2025-08-29T18:55:23.5805491Z ##[error]pkg/performance/regression/intelligent_alert_manager.go:436:2: field `url` is unused (unused)
2025-08-29T18:55:23.5806678Z ##[error]pkg/performance/regression/intelligent_alert_manager.go:438:2: field `headers` is unused (unused)
2025-08-29T18:55:23.5807881Z ##[error]pkg/performance/regression/intelligent_alert_manager.go:440:2: field `timeout` is unused (unused)
2025-08-29T18:55:23.5809076Z ##[error]pkg/performance/regression/intelligent_alert_manager.go:442:2: field `retries` is unused (unused)
2025-08-29T18:55:23.5810260Z ##[error]pkg/performance/regression/intelligent_alert_manager.go:444:2: field `config` is unused (unused)
2025-08-29T18:55:23.5811776Z ##[error]pkg/performance/regression/intelligent_alert_manager.go:454:2: field `name` is unused (unused)
2025-08-29T18:55:23.5813062Z ##[error]pkg/performance/regression/intelligent_alert_manager.go:456:2: field `routingKey` is unused (unused)
2025-08-29T18:55:23.5814286Z ##[error]pkg/performance/regression/intelligent_alert_manager.go:458:2: field `apiUrl` is unused (unused)
2025-08-29T18:55:23.5815489Z ##[error]pkg/performance/regression/intelligent_alert_manager.go:460:2: field `severityMap` is unused (unused)
2025-08-29T18:55:23.5816673Z ##[error]pkg/performance/regression/intelligent_alert_manager.go:462:2: field `config` is unused (unused)
2025-08-29T18:55:23.5818009Z ##[error]pkg/performance/regression/intelligent_alert_manager.go:1140:15: Error return value of `json.Marshal` is not checked (errcheck)
2025-08-29T18:55:23.5819503Z ##[error]pkg/performance/regression/intelligent_alert_manager.go:1312:37: func `(*IntelligentAlertManager).buildSlackPayload` is unused (unused)
2025-08-29T18:55:23.5821299Z ##[error]pkg/performance/regression/intelligent_alert_manager.go:1400:37: func `(*IntelligentAlertManager).getSeverityColor` is unused (unused)
2025-08-29T18:55:23.5822670Z ##[error]pkg/performance/regression/intelligent_regression_engine.go:76:2: field `mutex` is unused (unused)
2025-08-29T18:55:23.5823939Z ##[error]pkg/performance/regression/intelligent_regression_engine.go:206:2: field `baselineHistory` is unused (unused)
2025-08-29T18:55:23.5825231Z ##[error]pkg/performance/regression/intelligent_regression_engine.go:310:2: field `historicalData` is unused (unused)
2025-08-29T18:55:23.5826496Z ##[error]pkg/performance/regression/intelligent_regression_engine.go:338:2: field `name` is unused (unused)
2025-08-29T18:55:23.5827736Z ##[error]pkg/performance/regression/intelligent_regression_engine.go:340:2: field `parameters` is unused (unused)
2025-08-29T18:55:23.5828951Z ##[error]pkg/performance/regression/intelligent_regression_engine.go:350:2: field `name` is unused (unused)
2025-08-29T18:55:23.5830319Z ##[error]pkg/performance/regression/intelligent_regression_engine.go:352:2: field `parameters` is unused (unused)
2025-08-29T18:55:23.5831732Z ##[error]pkg/performance/regression/intelligent_regression_engine.go:354:2: field `trees` is unused (unused)
2025-08-29T18:55:23.5832976Z ##[error]pkg/performance/regression/intelligent_regression_engine.go:366:2: field `parameters` is unused (unused)
2025-08-29T18:55:23.5834215Z ##[error]pkg/performance/regression/intelligent_regression_engine.go:368:2: field `neighbors` is unused (unused)
2025-08-29T18:55:23.5835483Z ##[error]pkg/performance/regression/intelligent_regression_engine.go:384:2: field `historicalChanges` is unused (unused)
2025-08-29T18:55:23.5836731Z ##[error]pkg/performance/regression/intelligent_regression_engine.go:408:2: field `priorProb` is unused (unused)
2025-08-29T18:55:23.5837959Z ##[error]pkg/performance/regression/intelligent_regression_engine.go:410:2: field `hazardRate` is unused (unused)
2025-08-29T18:55:23.5839211Z ##[error]pkg/performance/regression/intelligent_regression_engine.go:428:2: field `historicalData` is unused (unused)
2025-08-29T18:55:23.5840530Z ##[error]pkg/performance/regression/intelligent_regression_engine.go:430:2: field `predictionCache` is unused (unused)
2025-08-29T18:55:23.5842240Z ##[error]pkg/performance/regression/intelligent_regression_engine.go:458:2: field `p` is unused (unused)
2025-08-29T18:55:23.5843548Z ##[error]pkg/performance/regression/intelligent_regression_engine.go:460:2: field `parameters` is unused (unused)
2025-08-29T18:55:23.5844794Z ##[error]pkg/performance/regression/intelligent_regression_engine.go:462:2: field `residuals` is unused (unused)
2025-08-29T18:55:23.5846020Z ##[error]pkg/performance/regression/intelligent_regression_engine.go:464:2: field `accuracy` is unused (unused)
2025-08-29T18:55:23.5847264Z ##[error]pkg/performance/regression/intelligent_regression_engine.go:476:2: field `alpha` is unused (unused)
2025-08-29T18:55:23.5848463Z ##[error]pkg/performance/regression/intelligent_regression_engine.go:478:2: field `beta` is unused (unused)
2025-08-29T18:55:23.5849676Z ##[error]pkg/performance/regression/intelligent_regression_engine.go:480:2: field `gamma` is unused (unused)
2025-08-29T18:55:23.5850895Z ##[error]pkg/performance/regression/intelligent_regression_engine.go:482:2: field `seasonal` is unused (unused)
2025-08-29T18:55:23.5852464Z ##[error]pkg/performance/regression/intelligent_regression_engine.go:484:2: field `accuracy` is unused (unused)
2025-08-29T18:55:23.5853739Z ##[error]pkg/performance/regression/intelligent_regression_engine.go:620:2: field `feedbackStore` is unused (unused)
2025-08-29T18:55:23.5855029Z ##[error]pkg/performance/regression/intelligent_regression_engine.go:622:2: field `modelRepository` is unused (unused)
2025-08-29T18:55:23.5856318Z ##[error]pkg/performance/regression/intelligent_regression_engine.go:624:2: field `trainingScheduler` is unused (unused)
2025-08-29T18:55:23.5857617Z ##[error]pkg/performance/regression/intelligent_regression_engine.go:626:2: field `performanceTracker` is unused (unused)
2025-08-29T18:55:23.5858922Z ##[error]pkg/performance/regression/intelligent_regression_engine.go:632:2: field `feedbackProcessor` is unused (unused)
2025-08-29T18:55:23.5860218Z ##[error]pkg/performance/regression/intelligent_regression_engine.go:634:2: field `featureExtractor` is unused (unused)
2025-08-29T18:55:23.5861635Z ##[error]pkg/performance/regression/intelligent_regression_engine.go:636:2: field `modelOptimizer` is unused (unused)
2025-08-29T18:55:23.5862964Z ##[error]pkg/performance/regression/intelligent_regression_engine.go:638:2: field `knowledgeBase` is unused (unused)
2025-08-29T18:55:23.5864240Z ##[error]pkg/performance/regression/intelligent_regression_engine.go:648:2: field `feedbackEntries` is unused (unused)
2025-08-29T18:55:23.5865490Z ##[error]pkg/performance/regression/intelligent_regression_engine.go:650:2: field `outcomes` is unused (unused)
2025-08-29T18:55:23.5866740Z ##[error]pkg/performance/regression/intelligent_regression_engine.go:652:2: field `annotations` is unused (unused)
2025-08-29T18:55:23.5868141Z ##[error]pkg/performance/regression/intelligent_regression_engine.go:688:2: field `slaViolations` is unused (unused)
2025-08-29T18:55:23.5869445Z ##[error]pkg/performance/regression/intelligent_regression_engine.go:742:2: field `metricStore` is unused (unused)
2025-08-29T18:55:23.5870753Z ##[error]pkg/performance/regression/intelligent_regression_engine.go:744:2: field `externalDataSources` is unused (unused)
2025-08-29T18:55:23.5872190Z ##[error]pkg/performance/regression/intelligent_regression_engine.go:748:2: field `lagAnalyzer` is unused (unused)
2025-08-29T18:55:23.5873465Z ##[error]pkg/performance/regression/intelligent_regression_engine.go:750:2: field `causalityAnalyzer` is unused (unused)
2025-08-29T18:55:23.5874735Z ##[error]pkg/performance/regression/intelligent_regression_engine.go:786:2: field `timeSeriesDB` is unused (unused)
2025-08-29T18:55:23.5875973Z ##[error]pkg/performance/regression/intelligent_regression_engine.go:788:2: field `aggregator` is unused (unused)
2025-08-29T18:55:23.5877207Z ##[error]pkg/performance/regression/intelligent_regression_engine.go:790:2: field `compressor` is unused (unused)
2025-08-29T18:55:23.5878623Z ##[error]pkg/performance/regression/intelligent_regression_engine.go:792:2: field `indexer` is unused (unused)
2025-08-29T18:55:23.5879879Z ##[error]pkg/performance/regression/intelligent_regression_engine.go:794:2: field `retentionPolicy` is unused (unused)
2025-08-29T18:55:23.5881237Z ##[error]pkg/performance/regression/intelligent_regression_engine.go:804:2: field `mutex` is unused (unused)
2025-08-29T18:55:23.5882477Z ##[error]pkg/performance/regression/nwdaf_analyzer.go:62:2: field `correlationMatrix` is unused (unused)
2025-08-29T18:55:23.5883653Z ##[error]pkg/performance/regression/nwdaf_analyzer.go:68:2: field `streamingProcessor` is unused (unused)
2025-08-29T18:55:23.5884823Z ##[error]pkg/performance/regression/nwdaf_analyzer.go:70:2: field `eventCorrelator` is unused (unused)
2025-08-29T18:55:23.5886065Z ##[error]pkg/porch/client.go:238:32: (*net/http.Client).Post must not be called (noctx)
2025-08-29T18:55:23.5887184Z ##[error]pkg/porch/client.go:252:9: Error return value of `io.ReadAll` is not checked (errcheck)
2025-08-29T18:55:23.5888408Z ##[error]pkg/porch/client.go:322:9: Error return value of `io.ReadAll` is not checked (errcheck)
2025-08-29T18:55:23.5889476Z ##[error]pkg/porch/client.go:344:31: (*net/http.Client).Get must not be called (noctx)
2025-08-29T18:55:23.5890564Z ##[error]pkg/porch/client.go:366:9: Error return value of `io.ReadAll` is not checked (errcheck)
2025-08-29T18:55:23.5891786Z ##[error]pkg/porch/client.go:428:32: (*net/http.Client).Post must not be called (noctx)
2025-08-29T18:55:23.5892892Z ##[error]pkg/porch/client.go:442:9: Error return value of `io.ReadAll` is not checked (errcheck)
2025-08-29T18:55:23.5894006Z ##[error]pkg/porch/client.go:528:9: Error return value of `io.ReadAll` is not checked (errcheck)
2025-08-29T18:55:23.5895177Z ##[error]pkg/porch/client.go:648:14: Error return value of `json.MarshalIndent` is not checked (errcheck)
2025-08-29T18:55:23.5896462Z ##[error]pkg/rag/enhanced_rag_integration.go:610:6: for loop can be changed to `range providers` (intrange)
2025-08-29T18:55:23.5897608Z ##[error]pkg/rag/enhanced_rag_integration.go:888:2: Consider pre-allocating `scores` (prealloc)
2025-08-29T18:55:23.5898713Z ##[error]pkg/rag/enhanced_rag_integration.go:1454:2: Consider pre-allocating `results` (prealloc)
2025-08-29T18:55:23.5899851Z ##[error]pkg/rag/enhanced_rag_integration.go:1566:6: for loop can be changed to `i := range a` (intrange)
2025-08-29T18:55:23.5901165Z ##[error]pkg/recovery/disaster_recovery.go:670:2: Consider pre-allocating `errors` (prealloc)
2025-08-29T18:55:23.5902323Z ##[error]pkg/recovery/disaster_recovery.go:1932:2: Consider pre-allocating `backups` (prealloc)
2025-08-29T18:55:23.5903857Z ##[error]pkg/resilience/timeout_manager.go:746:5: comparing with == will fail on wrapped errors. Use errors.Is to check for a specific error (errorlint)
2025-08-29T18:55:23.5906178Z ##[error]pkg/security/ca/automation_engine.go:1220:4: Function `processAutomationRequest->processProvisioningRequest->generateServiceCertificate` should pass the context parameter (contextcheck)
2025-08-29T18:55:23.5908107Z ##[error]pkg/security/ca/automation_engine.go:1356:53: Function `PerformHealthCheck->performGRPCCheck` should pass the context parameter (contextcheck)
2025-08-29T18:55:23.5910619Z ##[error]pkg/security/ca/automation_integration.go:166:34: Function `initializeCAManager->NewCAManager->NewCertificatePool->runMaintenanceTasks->performMaintenance->cleanupExpiredCertificates->removeFromKubernetes` should pass the context parameter (contextcheck)
2025-08-29T18:55:23.5912905Z ##[error]pkg/security/ca/automation_integration.go:744:26: Function `performHealthChecks->GetHealthStatus` should pass the context parameter (contextcheck)
2025-08-29T18:55:23.5914224Z ##[error]pkg/security/ca/distributor.go:1120:2: Consider pre-allocating `targets` (prealloc)
2025-08-29T18:55:23.5915363Z ##[error]pkg/security/ca/distributor.go:1566:28: (*net/http.Client).Post must not be called (noctx)
2025-08-29T18:55:23.5917232Z ##[error]pkg/security/ca/enhanced_revocation_system.go:1554:2: S1008: should use 'return time.Since(dp.LastUpdate) > updateWindow*3' instead of 'if time.Since(dp.LastUpdate) > updateWindow*3 { return true }; return false' (gosimple)
2025-08-29T18:55:23.5919301Z ##[error]pkg/security/ca/enhanced_revocation_system.go:1664:14: SA1019: x509.ParseCRL has been deprecated since Go 1.19: Use [ParseRevocationList] instead. (staticcheck)
2025-08-29T18:55:23.5920943Z ##[error]pkg/security/ca/enhanced_revocation_system.go:2210:3: Function `runCRLUpdater->updateAllCRLs` should pass the context parameter (contextcheck)
2025-08-29T18:55:23.5922778Z ##[error]pkg/security/ca/enhanced_revocation_system.go:2224:4: Function `runAsyncWorker->processAsyncRequest` should pass the context parameter (contextcheck)
2025-08-29T18:55:23.5924581Z ##[error]pkg/security/ca/enhanced_revocation_system.go:2238:3: Function `runBatchProcessor->processBatch->processBatch$1` should pass the context parameter (contextcheck)
2025-08-29T18:55:23.5926432Z ##[error]pkg/security/ca/enhanced_revocation_system.go:2250:3: Function `runAutomaticReplacer->processReplacementRequest` should pass the context parameter (contextcheck)
2025-08-29T18:55:23.5928574Z ##[error]pkg/security/ca/enhanced_revocation_system.go:2972:4: assignOp: replace `score = score / float64(responder.ResponseTime.Milliseconds())` with `score /= float64(responder.ResponseTime.Milliseconds())` (gocritic)
2025-08-29T18:55:23.5930425Z ##[error]pkg/security/ca/external_backend.go:1878:11: SA1019: x509.ParseCRL has been deprecated since Go 1.19: Use [ParseRevocationList] instead. (staticcheck)
2025-08-29T18:55:23.5932192Z ##[error]pkg/security/ca/external_backend.go:1888:9: SA1019: x509.ParseCRL has been deprecated since Go 1.19: Use [ParseRevocationList] instead. (staticcheck)
2025-08-29T18:55:23.5933834Z ##[error]pkg/security/ca/health_checker.go:818:15: SA1019: grpc.Dial is deprecated: use NewClient instead.  Will be supported throughout 1.x. (staticcheck)
2025-08-29T18:55:23.5935633Z ##[error]pkg/security/ca/health_checker.go:822:3: SA1019: grpc.WithTimeout is deprecated: this DialOption is not supported by NewClient. Will be supported throughout 1.x. (staticcheck)
2025-08-29T18:55:23.5937353Z ##[error]pkg/security/ca/manager.go:880:46: Function `StoreCertificate->persistToKubernetes` should pass the context parameter (contextcheck)
2025-08-29T18:55:23.5938908Z ##[error]pkg/security/ca/manager.go:944:47: Function `GetCertificate->loadFromStorage` should pass the context parameter (contextcheck)
2025-08-29T18:55:23.5940491Z ##[error]pkg/security/ca/manager.go:990:47: Function `UpdateCertificate->persistToKubernetes` should pass the context parameter (contextcheck)
2025-08-29T18:55:23.5942191Z ##[error]pkg/security/ca/manager.go:1026:55: Function `GetCertificate->loadFromStorage` should pass the context parameter (contextcheck)
2025-08-29T18:55:23.5943920Z ##[error]pkg/security/ca/manager.go:1102:46: Function `StoreCertificate->persistToKubernetes` should pass the context parameter (contextcheck)
2025-08-29T18:55:23.5945413Z ##[error]pkg/security/ca/policy_engine.go:1056:5: S1009: should omit nil check; len() for nil slices is defined as zero (gosimple)
2025-08-29T18:55:23.5946983Z ##[error]pkg/security/ca/revocation_checker.go:1222:14: SA1019: x509.ParseCRL has been deprecated since Go 1.19: Use [ParseRevocationList] instead. (staticcheck)
2025-08-29T18:55:23.5948638Z ##[error]pkg/security/ca/rotation_coordinator.go:924:15: SA1019: grpc.Dial is deprecated: use NewClient instead.  Will be supported throughout 1.x. (staticcheck)
2025-08-29T18:55:23.5950481Z ##[error]pkg/security/ca/rotation_coordinator.go:928:3: SA1019: grpc.WithTimeout is deprecated: this DialOption is not supported by NewClient. Will be supported throughout 1.x. (staticcheck)
2025-08-29T18:55:23.5952605Z ##[error]pkg/security/ca/self_signed_backend.go:884:3: SA1019: template.RevokedCertificates has been deprecated since Go 1.21: Use RevokedCertificateEntries instead. (staticcheck)
2025-08-29T18:55:23.5954313Z ##[error]pkg/security/ca/self_signed_backend.go:948:9: SA1019: x509.ParseCRL has been deprecated since Go 1.19: Use [ParseRevocationList] instead. (staticcheck)
2025-08-29T18:55:23.5957096Z ##[error]pkg/security/ca/service_discovery.go:334:3: Function `watchServices->watchServices$1->handleServiceAdded->provisionCertificateForService->ProcessManualRequest->processProvisioningRequest->generateServiceCertificate` should pass the context parameter (contextcheck)
2025-08-29T18:55:23.5960131Z ##[error]pkg/security/ca/service_discovery.go:346:3: Function `runPreProvisioning->performPreProvisioning->provisionCertificateForService->ProcessManualRequest->processProvisioningRequest->generateServiceCertificate` should pass the context parameter (contextcheck)
2025-08-29T18:55:23.5962404Z ##[error]pkg/security/ca/service_discovery.go:420:19: SA1019: cache.NewInformer is deprecated: Use NewInformerWithOptions instead. (staticcheck)
2025-08-29T18:55:23.5963729Z ##[error]pkg/security/ca/service_discovery.go:1054:2: Consider pre-allocating `dnsNames` (prealloc)
2025-08-29T18:55:23.5965393Z ##[error]pkg/security/ca/service_discovery.go:1156:2: S1008: should use 'return existingDNS != updatedDNS' instead of 'if existingDNS != updatedDNS { return true }; return false' (gosimple)
2025-08-29T18:55:23.5966795Z ##[error]pkg/security/ca/service_discovery.go:1516:2: Consider pre-allocating `result` (prealloc)
2025-08-29T18:55:23.5967940Z ##[error]pkg/security/cert_manager.go:1010:2: Consider pre-allocating `revokedCerts` (prealloc)
2025-08-29T18:55:23.5969204Z ##[error]pkg/security/compliance_manager.go:260:2: appendCombine: can combine chain of 10 appends into one (gocritic)
2025-08-29T18:55:23.5970520Z ##[error]pkg/security/compliance_manager.go:416:2: appendCombine: can combine chain of 5 appends into one (gocritic)
2025-08-29T18:55:23.5971966Z ##[error]pkg/security/compliance_manager.go:590:2: appendCombine: can combine chain of 4 appends into one (gocritic)
2025-08-29T18:55:23.5973365Z ##[error]pkg/security/compliance_manager.go:760:52: `(*ComplianceManager).checkInterfaceSecurity` - `ctx` is unused (unparam)
2025-08-29T18:55:23.5974734Z ##[error]pkg/security/compliance_manager.go:876:3: appendCombine: can combine chain of 2 appends into one (gocritic)
2025-08-29T18:55:23.5976119Z ##[error]pkg/security/compliance_manager.go:906:53: `(*ComplianceManager).checkSecurityMonitoring` - `ctx` is unused (unparam)
2025-08-29T18:55:23.5977502Z ##[error]pkg/security/compliance_manager.go:992:51: `(*ComplianceManager).checkIncidentResponse` - `ctx` is unused (unparam)
2025-08-29T18:55:23.5978882Z ##[error]pkg/security/compliance_manager.go:1028:50: `(*ComplianceManager).checkSecurityTesting` - `ctx` is unused (unparam)
2025-08-29T18:55:23.5980280Z ##[error]pkg/security/compliance_manager.go:1064:54: `(*ComplianceManager).checkSupplyChainSecurity` - `ctx` is unused (unparam)
2025-08-29T18:55:23.5982062Z ##[error]pkg/security/compliance_manager.go:1100:56: `(*ComplianceManager).checkCryptographicControls` - `ctx` is unused (unparam)
2025-08-29T18:55:23.5983557Z ##[error]pkg/security/compliance_manager.go:1254:54: `(*ComplianceManager).performVulnerabilityScan` - `ctx` is unused (unparam)
2025-08-29T18:55:23.5984742Z ##[error]pkg/security/crypto_utils.go:798:3: SA9003: empty branch (staticcheck)
2025-08-29T18:55:23.5985945Z ##[error]pkg/security/incident_response.go:1356:43: `(*IncidentResponse).isolateSystem` - `ctx` is unused (unparam)
2025-08-29T18:55:23.5987193Z ##[error]pkg/security/incident_response.go:1368:37: `(*IncidentResponse).blockIP` - `ctx` is unused (unparam)
2025-08-29T18:55:23.5988428Z ##[error]pkg/security/incident_response.go:1380:41: `(*IncidentResponse).disableUser` - `ctx` is unused (unparam)
2025-08-29T18:55:23.5989681Z ##[error]pkg/security/incident_response.go:1392:42: `(*IncidentResponse).createTicket` - `ctx` is unused (unparam)
2025-08-29T18:55:23.5991092Z ##[error]pkg/security/incident_response.go:1404:46: `(*IncidentResponse).sendNotification` - `ctx` is unused (unparam)
2025-08-29T18:55:23.5992503Z ##[error]pkg/security/incident_response.go:1604:51: `(*IncidentResponse).sendEmailNotification` - `ctx` is unused (unparam)
2025-08-29T18:55:23.5994063Z ##[error]pkg/security/incident_response.go:1614:51: `(*IncidentResponse).sendSlackNotification` - `ctx` is unused (unparam)
2025-08-29T18:55:23.5995422Z ##[error]pkg/security/incident_response.go:1624:49: `(*IncidentResponse).sendSMSNotification` - `ctx` is unused (unparam)
2025-08-29T18:55:23.5996787Z ##[error]pkg/security/incident_response.go:1634:48: `(*IncidentResponse).sendPagerDutyAlert` - `ctx` is unused (unparam)
2025-08-29T18:55:23.5998148Z ##[error]pkg/security/incident_response.go:1984:51: `(*ForensicsCollector).collectEvidenceType` - `ctx` is unused (unparam)
2025-08-29T18:55:23.5999539Z ##[error]pkg/security/incident_response.go:2338:55: `(*IncidentResponse).processThreatIntelligence` - `ctx` is unused (unparam)
2025-08-29T18:55:23.6000925Z ##[error]pkg/security/incident_response.go:2372:51: `(*IncidentResponse).processGenericWebhook` - `ctx` is unused (unparam)
2025-08-29T18:55:23.6002649Z ##[error]pkg/security/llm_sanitizer.go:168:22: regexpSimplify: can re-write `(?i)https?://[0-9]{1,3}\.[0-9]{1,3}\.[0-9]{1,3}\.[0-9]{1,3}` as `(?i)https?://\d{1,3}\.\d{1,3}\.\d{1,3}\.\d{1,3}` (gocritic)
2025-08-29T18:55:23.6004274Z ##[error]pkg/security/llm_sanitizer.go:376:3: nestingReduce: invert if cond, replace body with `continue`, move old body after the statement (gocritic)
2025-08-29T18:55:23.6006056Z ##[error]pkg/security/llm_sanitizer.go:716:10: ST1018: string literal contains the Unicode format character U+200B, consider using the '\u200b' escape sequence instead (stylecheck)
2025-08-29T18:55:23.6007896Z ##[error]pkg/security/llm_sanitizer.go:718:10: ST1018: string literal contains the Unicode format character U+200B, consider using the '\u200b' escape sequence instead (stylecheck)
2025-08-29T18:55:23.6009726Z ##[error]pkg/security/llm_sanitizer.go:720:10: ST1018: string literal contains the Unicode format character U+200B, consider using the '\u200b' escape sequence instead (stylecheck)
2025-08-29T18:55:23.6011660Z ##[error]pkg/security/llm_sanitizer.go:724:10: ST1018: string literal contains the Unicode format character U+200B, consider using the '\u200b' escape sequence instead (stylecheck)
2025-08-29T18:55:23.6013522Z ##[error]pkg/security/llm_sanitizer.go:726:10: ST1018: string literal contains the Unicode format character U+200B, consider using the '\u200b' escape sequence instead (stylecheck)
2025-08-29T18:55:23.6015055Z ##[error]pkg/security/llm_security_headers.go:594:5: emptyStringTest: replace `len(substr) == 0` with `substr == ""` (gocritic)
2025-08-29T18:55:23.6016639Z ##[error]pkg/security/mtls/integration_example.go:880:49: Function `RotateServiceIdentity` should pass the context parameter (contextcheck)
2025-08-29T18:55:23.6018031Z ##[error]pkg/security/mtls/metric_collectors.go:838:2: Consider pre-allocating `connectionDurations` (prealloc)
2025-08-29T18:55:23.6019589Z ##[error]pkg/security/mtls/metric_collectors.go:848:25: SA4010: this result of append is never used, except maybe in other appends (staticcheck)
2025-08-29T18:55:23.6021233Z ##[error]pkg/security/mtls/server.go:1210:19: Non-inherited new context, use function like `context.WithXXX` instead (contextcheck)
2025-08-29T18:55:23.6022523Z ##[error]pkg/security/network_policy_manager.go:1160:2: Consider pre-allocating `peers` (prealloc)
2025-08-29T18:55:23.6023712Z ##[error]pkg/security/rotation.go:694:11: ST1005: error strings should not be capitalized (stylecheck)
2025-08-29T18:55:23.6024867Z ##[error]pkg/security/scanner.go:660:37: `(*SecurityScanner).scanPort` - `ctx` is unused (unparam)
2025-08-29T18:55:23.6026069Z ##[error]pkg/security/scanner.go:788:11: `(*SecurityScanner).runOWASPTests$1` - `rank` is unused (unparam)
2025-08-29T18:55:23.6027352Z ##[error]pkg/security/scanner.go:1064:52: `(*SecurityScanner).testEndpointWithPayload` - `ctx` is unused (unparam)
2025-08-29T18:55:23.6028519Z ##[error]pkg/security/scanner.go:1074:28: (*net/http.Client).Get must not be called (noctx)
2025-08-29T18:55:23.6029625Z ##[error]pkg/security/scanner.go:1096:32: (*net/http.Client).PostForm must not be called (noctx)
2025-08-29T18:55:23.6031210Z ##[error]pkg/security/scanner.go:1116:62: `(*SecurityScanner).analyzeInjectionResponse` - `method` is unused (unparam)
2025-08-29T18:55:23.6032772Z ##[error]pkg/security/scanner.go:1168:3: nestingReduce: invert if cond, replace body with `continue`, move old body after the statement (gocritic)
2025-08-29T18:55:23.6034169Z ##[error]pkg/security/scanner.go:1208:51: `(*SecurityScanner).testDefaultCredentials` - `ctx` is unused (unparam)
2025-08-29T18:55:23.6035357Z ##[error]pkg/security/scanner.go:1226:34: (*net/http.Client).PostForm must not be called (noctx)
2025-08-29T18:55:23.6036665Z ##[error]pkg/security/scanner.go:1234:3: deferInLoop: Possible resource leak, 'defer' is called in the 'for' loop (gocritic)
2025-08-29T18:55:23.6037978Z ##[error]pkg/security/scanner.go:1308:49: `(*SecurityScanner).testTLSConfiguration` - `ctx` is unused (unparam)
2025-08-29T18:55:23.6040059Z ##[error]pkg/security/scanner.go:1314:3: SA1019: tls.VersionSSL30 has been deprecated since Go 1.13 because it shouldn't be used: SSLv3 is cryptographically broken, and is no longer supported by this package. See golang.org/issue/32716. (staticcheck)
2025-08-29T18:55:23.6041735Z ##[error]pkg/security/scanner.go:1336:25: G402: TLS InsecureSkipVerify set true. (gosec)
2025-08-29T18:55:23.6042937Z ##[error]pkg/security/scanner.go:1376:44: `(*SecurityScanner).testCertificate` - `ctx` is unused (unparam)
2025-08-29T18:55:23.6044017Z ##[error]pkg/security/scanner.go:1380:26: G402: TLS MinVersion too low. (gosec)
2025-08-29T18:55:23.6045985Z ##[error]pkg/security/scanner.go:1714:3: SA1019: tls.VersionSSL30 has been deprecated since Go 1.13 because it shouldn't be used: SSLv3 is cryptographically broken, and is no longer supported by this package. See golang.org/issue/32716. (staticcheck)
2025-08-29T18:55:23.6047679Z ##[error]pkg/security/scanner.go:1872:6: builtinShadowDecl: shadowing of predeclared identifier: min (gocritic)
2025-08-29T18:55:23.6048925Z ##[error]pkg/security/secure_channels.go:544:35: `(*SecureChannel).setupPFS` - `config` is unused (unparam)
2025-08-29T18:55:23.6050125Z ##[error]pkg/security/secure_channels.go:1002:25: G115: integer overflow conversion uint64 -> uint32 (gosec)
2025-08-29T18:55:23.6051459Z ##[error]pkg/security/secure_channels.go:1022:21: G115: integer overflow conversion uint64 -> uint32 (gosec)
2025-08-29T18:55:23.6052705Z ##[error]pkg/security/secure_channels.go:1030:18: G115: integer overflow conversion uint64 -> uint32 (gosec)
2025-08-29T18:55:23.6054039Z ##[error]pkg/security/secure_channels.go:1140:69: (*SecureChannel).encodeMessage - result 1 (error) is always nil (unparam)
2025-08-29T18:55:23.6055300Z ##[error]pkg/security/secure_channels.go:1192:49: G115: integer overflow conversion int64 -> uint64 (gosec)
2025-08-29T18:55:23.6056448Z ##[error]pkg/security/secure_channels.go:1304:13: ineffectual assignment to offset (ineffassign)
2025-08-29T18:55:23.6057890Z ##[error]pkg/security/security_validator.go:436:8: S1009: should omit nil check; len() for nil slices is defined as zero (gosimple)
2025-08-29T18:55:23.6060743Z ##[error]pkg/security/security_validator.go:1560:6: SA1019: x509.IsEncryptedPEMBlock has been deprecated since Go 1.16 because it shouldn't be used: Legacy PEM encryption as specified in RFC 1423 is insecure by design. Since it does not authenticate the ciphertext, it is vulnerable to padding oracle attacks that can let an attacker recover the plaintext. (staticcheck)
2025-08-29T18:55:23.6062781Z ##[error]pkg/security/tls_enhanced.go:328:16: G402: TLS MinVersion too low. (gosec)
2025-08-29T18:55:23.6064014Z ##[error]pkg/security/tls_enhanced.go:468:69: `(*TLSEnhancedConfig).checkOCSPStatus` - `rawCerts` is unused (unparam)
2025-08-29T18:55:23.6065128Z ##[error]pkg/security/tls_enhanced.go:660:2: SA9003: empty branch (staticcheck)
2025-08-29T18:55:23.6066129Z ##[error]pkg/security/tls_manager.go:396:18: G402: TLS MinVersion too low. (gosec)
2025-08-29T18:55:23.6067298Z ##[error]pkg/security/vuln_manager.go:678:42: `(*VulnerabilityManager).scanCVEs` - `ctx` is unused (unparam)
2025-08-29T18:55:23.6068725Z ##[error]pkg/security/vuln_manager.go:814:42: `(*VulnerabilityManager).scanCode` - `ctx` is unused (unparam)
2025-08-29T18:55:23.6070018Z ##[error]pkg/security/vuln_manager.go:1234:48: `(*VulnerabilityManager).processResults` - `ctx` is unused (unparam)
2025-08-29T18:55:23.6071446Z ##[error]pkg/security/vuln_manager.go:1628:48: `(*VulnerabilityManager).sendSlackAlert` - `ctx` is unused (unparam)
2025-08-29T18:55:23.6072777Z ##[error]pkg/security/vuln_manager.go:1638:48: `(*VulnerabilityManager).sendEmailAlert` - `ctx` is unused (unparam)
2025-08-29T18:55:23.6074090Z ##[error]pkg/security/vuln_manager.go:1648:50: `(*VulnerabilityManager).sendWebhookAlert` - `ctx` is unused (unparam)
2025-08-29T18:55:23.6075416Z ##[error]pkg/security/vuln_manager.go:1658:50: `(*VulnerabilityManager).createJiraTicket` - `ctx` is unused (unparam)
2025-08-29T18:55:23.6076771Z ##[error]pkg/servicemesh/abstraction/factory.go:146:57: unnecessary conversion (unconvert)
2025-08-29T18:55:23.6078175Z ##[error]pkg/servicemesh/abstraction/factory.go:234:18: Error return value of `f.detector.GetServiceMeshVersion` is not checked (errcheck)
2025-08-29T18:55:23.6079852Z ##[error]pkg/servicemesh/controller.go:192:27: Function `shouldManageService->isNamespaceMeshEnabled` should pass the context parameter (contextcheck)
2025-08-29T18:55:23.6081364Z ##[error]pkg/servicemesh/istio/istio.go:1296:2: ineffectual assignment to svc (ineffassign)
2025-08-29T18:55:23.6082881Z ##[error]pkg/shared/coordination_manager.go:1130:100: (*CoordinationManager).determineNextPhase - result 1 (error) is always nil (unparam)
2025-08-29T18:55:23.6084298Z ##[error]pkg/shared/coordination_manager.go:1420:97: `(*CoordinationManager).retryPhase` - `phase` is unused (unparam)
2025-08-29T18:55:23.6085742Z ##[error]pkg/shared/coordination_manager.go:1542:88: (*CoordinationManager).parseIntentName - result 1 (error) is always nil (unparam)
2025-08-29T18:55:23.6087175Z ##[error]pkg/shared/enhanced_event_bus.go:1060:19: Function `processBatch` should pass the context parameter (contextcheck)
2025-08-29T18:55:23.6088549Z ##[error]pkg/shared/enhanced_event_bus.go:1070:20: Function `processBatch` should pass the context parameter (contextcheck)
2025-08-29T18:55:23.6089791Z ##[error]pkg/shared/event_components.go:628:15: G302: Expect file permissions to be 0640 or less (gosec)
2025-08-29T18:55:23.6091307Z ##[error]pkg/shared/integration_manager.go:384:54: (*IntegrationManager).initializeComponents - result 0 (error) is always nil (unparam)
2025-08-29T18:55:23.6092774Z ##[error]pkg/shared/integration_manager.go:1018:50: `(*IntegrationManager).updateSystemHealth` - `ctx` is unused (unparam)
2025-08-29T18:55:23.6094142Z ##[error]pkg/shared/integration_manager.go:1140:46: `(*IntegrationManager).collectMetrics` - `ctx` is unused (unparam)
2025-08-29T18:55:23.6095832Z ##[error]pkg/shared/main_integration.go:700:70: `(*ConfigurationChangeHandler).handleIntegrationConfigChange` - `oldConfig` is unused (unparam)
2025-08-29T18:55:23.6097524Z ##[error]pkg/shared/main_integration.go:712:71: `(*ConfigurationChangeHandler).handleStateManagerConfigChange` - `oldConfig` is unused (unparam)
2025-08-29T18:55:23.6099130Z ##[error]pkg/shared/main_integration.go:724:67: `(*ConfigurationChangeHandler).handleEventBusConfigChange` - `oldConfig` is unused (unparam)
2025-08-29T18:55:23.6100748Z ##[error]pkg/shared/main_integration.go:736:71: `(*ConfigurationChangeHandler).handleCoordinationConfigChange` - `oldConfig` is unused (unparam)
2025-08-29T18:55:23.6102538Z ##[error]pkg/shared/main_integration.go:748:70: `(*ConfigurationChangeHandler).handlePerformanceConfigChange` - `oldConfig` is unused (unparam)
2025-08-29T18:55:23.6104139Z ##[error]pkg/shared/main_integration.go:760:67: `(*ConfigurationChangeHandler).handleRecoveryConfigChange` - `oldConfig` is unused (unparam)
2025-08-29T18:55:23.6105404Z ##[error]pkg/shared/performance_optimizer.go:1230:2: SA9003: empty branch (staticcheck)
2025-08-29T18:55:23.6106746Z ##[error]pkg/shared/performance_optimizer.go:1298:57: `(*PerformanceMonitor).recordMetric` - `value` always receives `0.0` (`0`) (unparam)
2025-08-29T18:55:23.6108412Z ##[error]pkg/shared/performance_optimizer.go:1300:23: `(*PerformanceMonitor).recordMetric` - `tags` always receives `nil` (unparam)
2025-08-29T18:55:23.6109874Z ##[error]pkg/shared/performance_optimizer.go:1678:91: `(*BatchProcessor).updatePerformanceMetrics` - `success` is unused (unparam)
2025-08-29T18:55:23.6111465Z ##[error]pkg/shared/recovery_manager.go:1024:75: `(*RecoveryManager).evaluateCondition` - `intentName` is unused (unparam)
2025-08-29T18:55:23.6112916Z ##[error]pkg/shared/recovery_manager.go:1452:84: (*RecoveryManager).parseIntentName - result 1 (error) is always nil (unparam)
2025-08-29T18:55:23.6114302Z ##[error]pkg/shared/recovery_manager.go:1468:51: `(*RecoveryManager).restoreStateFromBackup` - `ctx` is unused (unparam)
2025-08-29T18:55:23.6115640Z ##[error]pkg/shared/recovery_manager.go:1480:48: `(*RecoveryManager).recreateIntentState` - `ctx` is unused (unparam)
2025-08-29T18:55:23.6116973Z ##[error]pkg/shared/recovery_manager.go:1492:48: `(*RecoveryManager).sendCorruptionAlert` - `ctx` is unused (unparam)
2025-08-29T18:55:23.6118259Z ##[error]pkg/shared/state_manager.go:1174:42: `(*StateManager).performStateSync` - `ctx` is unused (unparam)
2025-08-29T18:55:23.6119537Z ##[error]pkg/shared/state_metrics.go:614:2: builtinShadow: shadowing of predeclared identifier: error (gocritic)
2025-08-29T18:55:23.6120918Z ##[error]pkg/telecom/context_matcher.go:1304:11: Error return value of `regexp.MatchString` is not checked (errcheck)
2025-08-29T18:55:23.6122367Z ##[error]pkg/telecom/context_matcher.go:1444:12: Error return value of `fmt.Sscanf` is not checked (errcheck)
2025-08-29T18:55:23.6123695Z ##[error]pkg/telecom/context_matcher.go:1894:12: dupBranchBody: both branches in if statement have same body (gocritic)
2025-08-29T18:55:23.6124904Z ##[error]pkg/telecom/knowledge_base.go:2502:2: Consider pre-allocating `names` (prealloc)
2025-08-29T18:55:23.6126079Z ##[error]pkg/telecom/knowledge_base.go:2792:13: Error return value of `fmt.Sscanf` is not checked (errcheck)
2025-08-29T18:55:23.6127310Z ##[error]pkg/telecom/knowledge_base.go:2802:13: Error return value of `fmt.Sscanf` is not checked (errcheck)
2025-08-29T18:55:23.6128521Z ##[error]pkg/telecom/knowledge_base.go:2812:13: Error return value of `fmt.Sscanf` is not checked (errcheck)
2025-08-29T18:55:23.6129730Z ##[error]pkg/telecom/knowledge_base.go:2850:13: Error return value of `fmt.Sscanf` is not checked (errcheck)
2025-08-29T18:55:23.6130888Z ##[error]pkg/testing/go124_testing.go:44:2: field `suite` is unused (unused)
2025-08-29T18:55:23.6132126Z ##[error]pkg/testing/go124_testing.go:92:2: field `isolationLevel` is unused (unused)
2025-08-29T18:55:23.6133181Z ##[error]pkg/testing/go124_testing.go:94:2: field `resourceLimits` is unused (unused)
2025-08-29T18:55:23.6134380Z ##[error]pkg/testing/go124_testing.go:100:2: field `assertionCount` is unused (unused)
2025-08-29T18:55:23.6135462Z ##[error]pkg/testing/go124_testing.go:102:2: field `failureReasons` is unused (unused)
2025-08-29T18:55:23.6136473Z ##[error]pkg/testing/go124_testing.go:114:2: field `mu` is unused (unused)
2025-08-29T18:55:23.6137566Z ##[error]pkg/testing/go124_testing.go:762:24: G115: integer overflow conversion uint64 -> int64 (gosec)
2025-08-29T18:55:23.6138735Z ##[error]pkg/testing/go124_testing.go:1110:58: G115: integer overflow conversion uint64 -> int64 (gosec)
2025-08-29T18:55:23.6139935Z ##[error]pkg/testutils/helpers.go:16:2: ST1001: should not use dot imports (stylecheck)
2025-08-29T18:55:23.6141403Z ##[error]pkg/webui/server.go:886:19: Function `Shutdown` should pass the context parameter (contextcheck)
2025-08-29T18:55:23.6142788Z ##[error]tests/disaster-recovery/backup_manager.go:490:2: Consider pre-allocating `backups` (prealloc)
2025-08-29T18:55:23.6145507Z ##[error]tests/disaster-recovery/backup_manager.go:588:2: Consider pre-allocating `resources` (prealloc)
2025-08-29T18:55:23.6146951Z ##[error]tests/disaster-recovery/backup_manager.go:970:2: Consider pre-allocating `results` (prealloc)
2025-08-29T18:55:23.6149914Z ##[error]tests/disaster-recovery/recovery_orchestrator.go:994:9: SA1019: wait.PollImmediate is deprecated: This method does not return errors from context, use PollUntilContextTimeout. Note that the new method will no longer return ErrWaitTimeout and instead return errors defined by the context package. Will be removed in a future release. (staticcheck)
2025-08-29T18:55:23.6152141Z ##[error]tests/framework/metrics.go:510:2: Consider pre-allocating `latencies` (prealloc)
2025-08-29T18:55:23.6153481Z ##[error]tests/performance/validation/cmd.go:140:17: Error return value of `viper.BindPFlag` is not checked (errcheck)
2025-08-29T18:55:23.6154824Z ##[error]tests/performance/validation/cmd.go:142:17: Error return value of `viper.BindPFlag` is not checked (errcheck)
2025-08-29T18:55:23.6156203Z ##[error]tests/performance/validation/cmd.go:144:17: Error return value of `viper.BindPFlag` is not checked (errcheck)
2025-08-29T18:55:23.6157551Z ##[error]tests/performance/validation/cmd.go:146:17: Error return value of `viper.BindPFlag` is not checked (errcheck)
2025-08-29T18:55:23.6158873Z ##[error]tests/performance/validation/cmd.go:148:17: Error return value of `viper.BindPFlag` is not checked (errcheck)
2025-08-29T18:55:23.6160215Z ##[error]tests/performance/validation/cmd.go:384:22: Error return value of `cmd.MarkFlagRequired` is not checked (errcheck)
2025-08-29T18:55:23.6161900Z ##[error]tests/performance/validation/cmd.go:746:19: Error return value of `(*github.com/spf13/pflag.FlagSet).GetBool` is not checked (errcheck)
2025-08-29T18:55:23.6163459Z ##[error]tests/performance/validation/cmd.go:776:9: Error return value of `(*github.com/spf13/pflag.FlagSet).GetString` is not checked (errcheck)
2025-08-29T18:55:23.6164996Z ##[error]tests/performance/validation/cmd.go:778:8: Error return value of `(*github.com/spf13/pflag.FlagSet).GetInt` is not checked (errcheck)
2025-08-29T18:55:23.6166527Z ##[error]tests/performance/validation/cmd.go:780:10: Error return value of `(*github.com/spf13/pflag.FlagSet).GetString` is not checked (errcheck)
2025-08-29T18:55:23.6168060Z ##[error]tests/performance/validation/cmd.go:792:19: Error return value of `(*github.com/spf13/pflag.FlagSet).GetString` is not checked (errcheck)
2025-08-29T18:55:23.6169589Z ##[error]tests/performance/validation/cmd.go:804:17: Error return value of `(*github.com/spf13/pflag.FlagSet).GetString` is not checked (errcheck)
2025-08-29T18:55:23.6171107Z ##[error]tests/performance/validation/cmd.go:844:9: Error return value of `json.MarshalIndent` is not checked (errcheck)
2025-08-29T18:55:23.6172612Z ##[error]tests/performance/validation/cmd.go:868:9: Error return value of `(*github.com/spf13/pflag.FlagSet).GetString` is not checked (errcheck)
2025-08-29T18:55:23.6174327Z ##[error]tests/performance/validation/cmd.go:998:14: Error return value of `(*github.com/spf13/pflag.FlagSet).GetDuration` is not checked (errcheck)
2025-08-29T18:55:23.6175939Z ##[error]tests/performance/validation/cmd.go:1006:17: Error return value of `(*github.com/spf13/pflag.FlagSet).GetInt` is not checked (errcheck)
2025-08-29T18:55:23.6177540Z ##[error]tests/performance/validation/cmd.go:1014:17: Error return value of `(*github.com/spf13/pflag.FlagSet).GetFloat64` is not checked (errcheck)
2025-08-29T18:55:23.6178882Z ##[error]tests/performance/validation/data_manager.go:1472:2: Consider pre-allocating `claims` (prealloc)
2025-08-29T18:55:23.6180302Z ##[error]tests/performance/validation/evidence_collector.go:1130:23: Error return value of `ec.saveEvidenceReport` is not checked (errcheck)
2025-08-29T18:55:23.6183390Z ##[error]tests/utils/security_helpers.go:468:9: SA1019: wait.PollImmediateUntil is deprecated: This method does not return errors from context, use PollUntilContextCancel. Note that the new method will no longer return ErrWaitTimeout and instead return errors defined by the context package. Will be removed in a future release. (staticcheck)
2025-08-29T18:55:23.6185441Z ##[error]tests/validation/alert_system.go:1240:2: Consider pre-allocating `recommendations` (prealloc)
2025-08-29T18:55:23.6186818Z ##[error]tests/validation/baseline_manager.go:248:2: Consider pre-allocating `history` (prealloc)
2025-08-29T18:55:23.6225519Z ##[error]tests/validation/baseline_manager.go:792:2: Consider pre-allocating `baselines` (prealloc)
2025-08-29T18:55:23.6227513Z ##[error]tests/validation/performance_benchmarker.go:378:8: Function `measureSingleRequestLatency$1` should pass the context parameter (contextcheck)
2025-08-29T18:55:23.6229265Z ##[error]tests/validation/performance_benchmarker.go:690:8: Function `processThroughputIntent$1` should pass the context parameter (contextcheck)
2025-08-29T18:55:23.6230719Z ##[error]tests/validation/performance_load_generator.go:530:66: G115: integer overflow conversion uint64 -> int (gosec)
2025-08-29T18:55:23.6232602Z ##[error]tests/validation/reliability_validator.go:818:17: SA1019: corev1.Endpoints is deprecated: This API is deprecated in v1.33+. Use discoveryv1.EndpointSlice. (staticcheck)
2025-08-29T18:55:23.6234068Z ##[error]tests/validation/reliability_validator.go:1214:2: Consider pre-allocating `testIntents` (prealloc)
2025-08-29T18:55:23.6235489Z ##[error]tests/validation/security_validator.go:2232:7: S1009: should omit nil check; len() for nil maps is defined as zero (gosimple)
2025-08-29T18:55:23.6236839Z ##[error]tools/flaky-detector/main.go:326:2: Consider pre-allocating `testResults` (prealloc)
2025-08-29T18:55:23.6238368Z ##[error]tools/vessend/cmd/vessend/main.go:582:25: Function `sendEvent->sendEventAttempt` should pass the context parameter (contextcheck)
2025-08-29T18:55:23.6239234Z 
2025-08-29T18:55:23.6250124Z ##[error]issues found
2025-08-29T18:55:23.6250918Z Ran golangci-lint in 346593ms
2025-08-29T18:55:23.6251771Z ##[endgroup]
2025-08-29T18:55:23.6292839Z ##[group]Run echo "## Code Quality Report" >> $GITHUB_STEP_SUMMARY
2025-08-29T18:55:23.6293311Z [36;1mecho "## Code Quality Report" >> $GITHUB_STEP_SUMMARY[0m
2025-08-29T18:55:23.6293626Z [36;1mecho "" >> $GITHUB_STEP_SUMMARY[0m
2025-08-29T18:55:23.6293869Z [36;1m[0m
2025-08-29T18:55:23.6294044Z [36;1mcritical_issues=0[0m
2025-08-29T18:55:23.6294262Z [36;1mtotal_issues=0[0m
2025-08-29T18:55:23.6294464Z [36;1mquality_score=100[0m
2025-08-29T18:55:23.6294667Z [36;1m[0m
2025-08-29T18:55:23.6294884Z [36;1m# Analyze golangci-lint results if file exists[0m
2025-08-29T18:55:23.6295188Z [36;1mif [ -f "golangci-lint.json" ]; then[0m
2025-08-29T18:55:23.6295457Z [36;1m  # Count issues by severity[0m
2025-08-29T18:55:23.6295818Z [36;1m  if command -v jq >/dev/null 2>&1 && jq empty < golangci-lint.json 2>/dev/null; then[0m
2025-08-29T18:55:23.6296263Z [36;1m    total_issues=$(jq '[.Issues // []] | length' golangci-lint.json)[0m
2025-08-29T18:55:23.6296615Z [36;1m    [0m
2025-08-29T18:55:23.6296872Z [36;1m    # Count critical issues (errors and high-severity warnings)[0m
2025-08-29T18:55:23.6297201Z [36;1m    critical_issues=$(jq '[0m
2025-08-29T18:55:23.6297444Z [36;1m      [.Issues // [] | .[] | [0m
2025-08-29T18:55:23.6297757Z [36;1m       select(.Severity == "error" or .Severity == "warning")] | [0m
2025-08-29T18:55:23.6298087Z [36;1m      length' golangci-lint.json)[0m
2025-08-29T18:55:23.6298329Z [36;1m    [0m
2025-08-29T18:55:23.6298602Z [36;1m    # Calculate quality score (100 - (critical * 10 + total * 2), min 0)[0m
2025-08-29T18:55:23.6299125Z [36;1m    quality_score=$(echo "100 - ($critical_issues * 10 + $total_issues * 2)" | bc | awk '{print ($1 < 0) ? 0 : $1}')[0m
2025-08-29T18:55:23.6299563Z [36;1m    [0m
2025-08-29T18:55:23.6299793Z [36;1m    echo "| Metric | Count |" >> $GITHUB_STEP_SUMMARY[0m
2025-08-29T18:55:23.6300116Z [36;1m    echo "|--------|-------|" >> $GITHUB_STEP_SUMMARY[0m
2025-08-29T18:55:23.6300459Z [36;1m    echo "| Total Issues | $total_issues |" >> $GITHUB_STEP_SUMMARY[0m
2025-08-29T18:55:23.6300873Z [36;1m    echo "| Critical Issues | $critical_issues |" >> $GITHUB_STEP_SUMMARY[0m
2025-08-29T18:55:23.6301657Z [36;1m    echo "| Quality Score | $quality_score/100 |" >> $GITHUB_STEP_SUMMARY[0m
2025-08-29T18:55:23.6302165Z [36;1m    [0m
2025-08-29T18:55:23.6302345Z [36;1m    # Add severity breakdown[0m
2025-08-29T18:55:23.6302610Z [36;1m    if [ "$total_issues" -gt 0 ]; then[0m
2025-08-29T18:55:23.6302879Z [36;1m      echo "" >> $GITHUB_STEP_SUMMARY[0m
2025-08-29T18:55:23.6303173Z [36;1m      echo "### Issue Breakdown" >> $GITHUB_STEP_SUMMARY[0m
2025-08-29T18:55:23.6303454Z [36;1m      jq -r '[0m
2025-08-29T18:55:23.6303694Z [36;1m        [.Issues // [] | group_by(.Severity) | .[] | [0m
2025-08-29T18:55:23.6304004Z [36;1m         {severity: .[0].Severity, count: length}] |[0m
2025-08-29T18:55:23.6304286Z [36;1m        sort_by(.count) | reverse |[0m
2025-08-29T18:55:23.6304574Z [36;1m        .[] | "- **\(.severity | ascii_upcase)**: \(.count)"[0m
2025-08-29T18:55:23.6304898Z [36;1m      ' golangci-lint.json >> $GITHUB_STEP_SUMMARY[0m
2025-08-29T18:55:23.6305160Z [36;1m    fi[0m
2025-08-29T18:55:23.6305333Z [36;1m  else[0m
2025-08-29T18:55:23.6305637Z [36;1m    echo "Could not parse golangci-lint JSON output" >> $GITHUB_STEP_SUMMARY[0m
2025-08-29T18:55:23.6305995Z [36;1m    quality_score=85[0m
2025-08-29T18:55:23.6306196Z [36;1m  fi[0m
2025-08-29T18:55:23.6306366Z [36;1melse[0m
2025-08-29T18:55:23.6306726Z [36;1m  echo "golangci-lint output not found - may have completed without issues" >> $GITHUB_STEP_SUMMARY[0m
2025-08-29T18:55:23.6307145Z [36;1m  quality_score=95[0m
2025-08-29T18:55:23.6307351Z [36;1mfi[0m
2025-08-29T18:55:23.6307516Z [36;1m[0m
2025-08-29T18:55:23.6307721Z [36;1mecho "score=$quality_score" >> $GITHUB_OUTPUT[0m
2025-08-29T18:55:23.6308071Z [36;1mecho "critical_issues=$critical_issues" >> $GITHUB_OUTPUT[0m
2025-08-29T18:55:23.6308370Z [36;1m[0m
2025-08-29T18:55:23.6308716Z [36;1m# Add quality gate status[0m
2025-08-29T18:55:23.6308959Z [36;1mecho "" >> $GITHUB_STEP_SUMMARY[0m
2025-08-29T18:55:23.6309221Z [36;1mif [ "$critical_issues" -eq 0 ]; then[0m
2025-08-29T18:55:23.6309600Z [36;1m  echo "**Quality Gate: PASSED** - No critical issues found" >> $GITHUB_STEP_SUMMARY[0m
2025-08-29T18:55:23.6309994Z [36;1melif [ "$critical_issues" -lt 5 ]; then[0m
2025-08-29T18:55:23.6310427Z [36;1m  echo "**Quality Gate: WARNING** - $critical_issues critical issues found" >> $GITHUB_STEP_SUMMARY[0m
2025-08-29T18:55:23.6310825Z [36;1melse[0m
2025-08-29T18:55:23.6311296Z [36;1m  echo "**Quality Gate: FAILED** - $critical_issues critical issues found" >> $GITHUB_STEP_SUMMARY[0m
2025-08-29T18:55:23.6311680Z [36;1mfi[0m
2025-08-29T18:55:23.6342637Z shell: /usr/bin/bash -e {0}
2025-08-29T18:55:23.6342871Z env:
2025-08-29T18:55:23.6343067Z   GO_VERSION_FILE: go.mod
2025-08-29T18:55:23.6343305Z   REGISTRY_BASE: ghcr.io/thc1006
2025-08-29T18:55:23.6343559Z   PLATFORMS: linux/amd64,linux/arm64
2025-08-29T18:55:23.6343810Z   GOLANGCI_LINT_VERSION: 1.64.3
2025-08-29T18:55:23.6344039Z   GOVULNCHECK_VERSION: 1.1.4
2025-08-29T18:55:23.6344304Z   GOPROXY: https://proxy.golang.org,direct
2025-08-29T18:55:23.6344577Z   GOSUMDB: sum.golang.org
2025-08-29T18:55:23.6344788Z   GO111MODULE: on
2025-08-29T18:55:23.6344966Z   CGO_ENABLED: 0
2025-08-29T18:55:23.6345140Z ##[endgroup]
2025-08-29T18:55:23.6900305Z ##[group]Run actions/upload-artifact@v4
2025-08-29T18:55:23.6900591Z with:
2025-08-29T18:55:23.6900765Z   name: quality-reports
2025-08-29T18:55:23.6901257Z   path: golangci-lint.json
golangci-lint.xml

2025-08-29T18:55:23.6901594Z   if-no-files-found: ignore
2025-08-29T18:55:23.6901803Z   retention-days: 7
2025-08-29T18:55:23.6901992Z   compression-level: 6
2025-08-29T18:55:23.6902190Z   overwrite: false
2025-08-29T18:55:23.6902380Z   include-hidden-files: false
2025-08-29T18:55:23.6902591Z env:
2025-08-29T18:55:23.6902762Z   GO_VERSION_FILE: go.mod
2025-08-29T18:55:23.6902970Z   REGISTRY_BASE: ghcr.io/thc1006
2025-08-29T18:55:23.6903217Z   PLATFORMS: linux/amd64,linux/arm64
2025-08-29T18:55:23.6903463Z   GOLANGCI_LINT_VERSION: 1.64.3
2025-08-29T18:55:23.6903690Z   GOVULNCHECK_VERSION: 1.1.4
2025-08-29T18:55:23.6903938Z   GOPROXY: https://proxy.golang.org,direct
2025-08-29T18:55:23.6904439Z   GOSUMDB: sum.golang.org
2025-08-29T18:55:23.6904638Z   GO111MODULE: on
2025-08-29T18:55:23.6904741Z   CGO_ENABLED: 0
2025-08-29T18:55:23.6904814Z ##[endgroup]
2025-08-29T18:55:23.9105632Z Multiple search paths detected. Calculating the least common ancestor of all paths
2025-08-29T18:55:23.9109840Z The least common ancestor is /home/runner/work/nephoran-intent-operator/nephoran-intent-operator. This will be the root directory of the artifact
2025-08-29T18:55:23.9110907Z With the provided path, there will be 1 file uploaded
2025-08-29T18:55:23.9117869Z Artifact name is valid!
2025-08-29T18:55:23.9119786Z Root directory input is valid!
2025-08-29T18:55:24.2590865Z Beginning upload of artifact content to blob storage
2025-08-29T18:55:24.6377948Z Uploaded bytes 41562
2025-08-29T18:55:24.7206586Z Finished uploading artifact content to blob storage!
2025-08-29T18:55:24.7209523Z SHA256 digest of uploaded artifact zip is b28c59e8a4d0c1b9b6ce8375fefb8aa0c6bbddb71123340b790d90d0d5ac9a4b
2025-08-29T18:55:24.7211558Z Finalizing artifact upload
2025-08-29T18:55:24.8829837Z Artifact quality-reports.zip successfully finalized. Artifact ID 3885939290
2025-08-29T18:55:24.8831407Z Artifact quality-reports has been successfully uploaded! Final size is 41562 bytes. Artifact ID is 3885939290
2025-08-29T18:55:24.8838824Z Artifact download URL: https://github.com/thc1006/nephoran-intent-operator/actions/runs/17331844523/artifacts/3885939290
2025-08-29T18:55:24.8951565Z Post job cleanup.
2025-08-29T18:55:25.0807166Z Cache hit occurred on the primary key golangci-lint.cache-Linux-2904-662a8eda6f41c3c1d64cde6a9f871b38a4a7ed9b, not saving cache.
2025-08-29T18:55:25.0952624Z Post job cleanup.
2025-08-29T18:55:25.1926879Z [command]/usr/bin/git version
2025-08-29T18:55:25.1967695Z git version 2.51.0
2025-08-29T18:55:25.2012761Z Temporarily overriding HOME='/home/runner/work/_temp/c86fa1e3-901c-4f7a-b1ea-7cc1910e9ddc' before making global git config changes
2025-08-29T18:55:25.2014517Z Adding repository directory to the temporary git global config as a safe directory
2025-08-29T18:55:25.2027515Z [command]/usr/bin/git config --global --add safe.directory /home/runner/work/nephoran-intent-operator/nephoran-intent-operator
2025-08-29T18:55:25.2068443Z [command]/usr/bin/git config --local --name-only --get-regexp core\.sshCommand
2025-08-29T18:55:25.2105660Z [command]/usr/bin/git submodule foreach --recursive sh -c "git config --local --name-only --get-regexp 'core\.sshCommand' && git config --local --unset-all 'core.sshCommand' || :"
2025-08-29T18:55:25.2355113Z [command]/usr/bin/git config --local --name-only --get-regexp http\.https\:\/\/github\.com\/\.extraheader
2025-08-29T18:55:25.2377519Z http.https://github.com/.extraheader
2025-08-29T18:55:25.2390314Z [command]/usr/bin/git config --local --unset-all http.https://github.com/.extraheader
2025-08-29T18:55:25.2422619Z [command]/usr/bin/git submodule foreach --recursive sh -c "git config --local --name-only --get-regexp 'http\.https\:\/\/github\.com\/\.extraheader' && git config --local --unset-all 'http.https://github.com/.extraheader' || :"
2025-08-29T18:55:25.2785009Z Evaluate and set job outputs
2025-08-29T18:55:25.2791332Z Set output 'quality_score'
2025-08-29T18:55:25.2793053Z Set output 'critical_issues'
2025-08-29T18:55:25.2794164Z Cleaning up orphan processes
