2025-08-26T16:58:14.8670654Z Current runner version: '2.328.0'
2025-08-26T16:58:14.8696816Z ##[group]Runner Image Provisioner
2025-08-26T16:58:14.8697546Z Hosted Compute Agent
2025-08-26T16:58:14.8698182Z Version: 20250818.377
2025-08-26T16:58:14.8698734Z Commit: 3c593e9f75fe0b87e893bca80d6e12ba089c61fc
2025-08-26T16:58:14.8699389Z Build Date: 2025-08-18T14:52:18Z
2025-08-26T16:58:14.8700320Z ##[endgroup]
2025-08-26T16:58:14.8700939Z ##[group]Operating System
2025-08-26T16:58:14.8701456Z Ubuntu
2025-08-26T16:58:14.8702008Z 24.04.2
2025-08-26T16:58:14.8702458Z LTS
2025-08-26T16:58:14.8702874Z ##[endgroup]
2025-08-26T16:58:14.8703406Z ##[group]Runner Image
2025-08-26T16:58:14.8703924Z Image: ubuntu-24.04
2025-08-26T16:58:14.8704458Z Version: 20250818.1.0
2025-08-26T16:58:14.8705448Z Included Software: https://github.com/actions/runner-images/blob/ubuntu24/20250818.1/images/ubuntu/Ubuntu2404-Readme.md
2025-08-26T16:58:14.8706995Z Image Release: https://github.com/actions/runner-images/releases/tag/ubuntu24%2F20250818.1
2025-08-26T16:58:14.8707989Z ##[endgroup]
2025-08-26T16:58:14.8708968Z ##[group]GITHUB_TOKEN Permissions
2025-08-26T16:58:14.8711414Z Contents: read
2025-08-26T16:58:14.8711950Z Metadata: read
2025-08-26T16:58:14.8712432Z ##[endgroup]
2025-08-26T16:58:14.8714953Z Secret source: Actions
2025-08-26T16:58:14.8716024Z Prepare workflow directory
2025-08-26T16:58:14.9119559Z Prepare all required actions
2025-08-26T16:58:14.9160419Z Getting action download info
2025-08-26T16:58:15.3325211Z Download action repository 'actions/checkout@v4' (SHA:08eba0b27e820071cde6df949e0beb9ba4906955)
2025-08-26T16:58:15.4045757Z Download action repository 'actions/setup-go@v5' (SHA:d35c59abb061a4a6fb18e82ac0862c26744d6ab5)
2025-08-26T16:58:15.8142359Z Download action repository 'actions/cache@v4' (SHA:0400d5f644dc74513175e3cd8d07132dd4860809)
2025-08-26T16:58:15.9644378Z Download action repository 'actions/download-artifact@v4' (SHA:d3f86a106a0bac45b974a628896c90dbdf5c8093)
2025-08-26T16:58:16.3640427Z Download action repository 'actions/upload-artifact@v4' (SHA:ea165f8d65b6e75b540449e92b4886f43607fa02)
2025-08-26T16:58:16.6234117Z Complete job name: Build
2025-08-26T16:58:16.7055760Z ##[group]Run actions/checkout@v4
2025-08-26T16:58:16.7057047Z with:
2025-08-26T16:58:16.7057870Z   repository: thc1006/nephoran-intent-operator
2025-08-26T16:58:16.7059247Z   token: ***
2025-08-26T16:58:16.7060291Z   ssh-strict: true
2025-08-26T16:58:16.7061250Z   ssh-user: git
2025-08-26T16:58:16.7062033Z   persist-credentials: true
2025-08-26T16:58:16.7062905Z   clean: true
2025-08-26T16:58:16.7063686Z   sparse-checkout-cone-mode: true
2025-08-26T16:58:16.7064633Z   fetch-depth: 1
2025-08-26T16:58:16.7065382Z   fetch-tags: false
2025-08-26T16:58:16.7066146Z   show-progress: true
2025-08-26T16:58:16.7066915Z   lfs: false
2025-08-26T16:58:16.7067628Z   submodules: false
2025-08-26T16:58:16.7068409Z   set-safe-directory: true
2025-08-26T16:58:16.7069557Z env:
2025-08-26T16:58:16.7070380Z   REGISTRY: ghcr.io
2025-08-26T16:58:16.7071214Z   IMAGE_NAME: nephoran-intent-operator
2025-08-26T16:58:16.7072226Z ##[endgroup]
2025-08-26T16:58:16.8151511Z Syncing repository: thc1006/nephoran-intent-operator
2025-08-26T16:58:16.8154196Z ##[group]Getting Git version info
2025-08-26T16:58:16.8155870Z Working directory is '/home/runner/work/nephoran-intent-operator/nephoran-intent-operator'
2025-08-26T16:58:16.8158076Z [command]/usr/bin/git version
2025-08-26T16:58:16.8222273Z git version 2.51.0
2025-08-26T16:58:16.8248343Z ##[endgroup]
2025-08-26T16:58:16.8270627Z Temporarily overriding HOME='/home/runner/work/_temp/f3bc359b-2acc-4853-b92d-8c8bb0f2005c' before making global git config changes
2025-08-26T16:58:16.8273786Z Adding repository directory to the temporary git global config as a safe directory
2025-08-26T16:58:16.8277704Z [command]/usr/bin/git config --global --add safe.directory /home/runner/work/nephoran-intent-operator/nephoran-intent-operator
2025-08-26T16:58:16.8315503Z Deleting the contents of '/home/runner/work/nephoran-intent-operator/nephoran-intent-operator'
2025-08-26T16:58:16.8318838Z ##[group]Initializing the repository
2025-08-26T16:58:16.8323615Z [command]/usr/bin/git init /home/runner/work/nephoran-intent-operator/nephoran-intent-operator
2025-08-26T16:58:16.8392643Z hint: Using 'master' as the name for the initial branch. This default branch name
2025-08-26T16:58:16.8396928Z hint: is subject to change. To configure the initial branch name to use in all
2025-08-26T16:58:16.8403261Z hint: of your new repositories, which will suppress this warning, call:
2025-08-26T16:58:16.8405559Z hint:
2025-08-26T16:58:16.8407480Z hint: 	git config --global init.defaultBranch <name>
2025-08-26T16:58:16.8412262Z hint:
2025-08-26T16:58:16.8415123Z hint: Names commonly chosen instead of 'master' are 'main', 'trunk' and
2025-08-26T16:58:16.8418427Z hint: 'development'. The just-created branch can be renamed via this command:
2025-08-26T16:58:16.8421153Z hint:
2025-08-26T16:58:16.8422602Z hint: 	git branch -m <name>
2025-08-26T16:58:16.8424079Z hint:
2025-08-26T16:58:16.8426081Z hint: Disable this message with "git config set advice.defaultBranchName false"
2025-08-26T16:58:16.8430523Z Initialized empty Git repository in /home/runner/work/nephoran-intent-operator/nephoran-intent-operator/.git/
2025-08-26T16:58:16.8436643Z [command]/usr/bin/git remote add origin https://github.com/thc1006/nephoran-intent-operator
2025-08-26T16:58:16.8453639Z ##[endgroup]
2025-08-26T16:58:16.8455980Z ##[group]Disabling automatic garbage collection
2025-08-26T16:58:16.8458116Z [command]/usr/bin/git config --local gc.auto 0
2025-08-26T16:58:16.8493644Z ##[endgroup]
2025-08-26T16:58:16.8495816Z ##[group]Setting up auth
2025-08-26T16:58:16.8501105Z [command]/usr/bin/git config --local --name-only --get-regexp core\.sshCommand
2025-08-26T16:58:16.8531574Z [command]/usr/bin/git submodule foreach --recursive sh -c "git config --local --name-only --get-regexp 'core\.sshCommand' && git config --local --unset-all 'core.sshCommand' || :"
2025-08-26T16:58:16.8840938Z [command]/usr/bin/git config --local --name-only --get-regexp http\.https\:\/\/github\.com\/\.extraheader
2025-08-26T16:58:16.8874863Z [command]/usr/bin/git submodule foreach --recursive sh -c "git config --local --name-only --get-regexp 'http\.https\:\/\/github\.com\/\.extraheader' && git config --local --unset-all 'http.https://github.com/.extraheader' || :"
2025-08-26T16:58:16.9123581Z [command]/usr/bin/git config --local http.https://github.com/.extraheader AUTHORIZATION: basic ***
2025-08-26T16:58:16.9172679Z ##[endgroup]
2025-08-26T16:58:16.9174314Z ##[group]Fetching the repository
2025-08-26T16:58:16.9186245Z [command]/usr/bin/git -c protocol.version=2 fetch --no-tags --prune --no-recurse-submodules --depth=1 origin +4244101abe18b856cf17ef1a2f6e8b83f298a232:refs/remotes/origin/feat/e2e
2025-08-26T16:58:19.1793244Z From https://github.com/thc1006/nephoran-intent-operator
2025-08-26T16:58:19.1794576Z  * [new ref]         4244101abe18b856cf17ef1a2f6e8b83f298a232 -> origin/feat/e2e
2025-08-26T16:58:19.1826216Z ##[endgroup]
2025-08-26T16:58:19.1826953Z ##[group]Determining the checkout info
2025-08-26T16:58:19.1829001Z ##[endgroup]
2025-08-26T16:58:19.1835191Z [command]/usr/bin/git sparse-checkout disable
2025-08-26T16:58:19.1876775Z [command]/usr/bin/git config --local --unset-all extensions.worktreeConfig
2025-08-26T16:58:19.1906014Z ##[group]Checking out the ref
2025-08-26T16:58:19.1909766Z [command]/usr/bin/git checkout --progress --force -B feat/e2e refs/remotes/origin/feat/e2e
2025-08-26T16:58:19.4090484Z Switched to a new branch 'feat/e2e'
2025-08-26T16:58:19.4091386Z branch 'feat/e2e' set up to track 'origin/feat/e2e'.
2025-08-26T16:58:19.4102671Z ##[endgroup]
2025-08-26T16:58:19.4142821Z [command]/usr/bin/git log -1 --format=%H
2025-08-26T16:58:19.4165567Z 4244101abe18b856cf17ef1a2f6e8b83f298a232
2025-08-26T16:58:19.4394741Z ##[group]Run actions/setup-go@v5
2025-08-26T16:58:19.4395254Z with:
2025-08-26T16:58:19.4395569Z   go-version-file: go.mod
2025-08-26T16:58:19.4396031Z   check-latest: true
2025-08-26T16:58:19.4396430Z   cache: false
2025-08-26T16:58:19.4397201Z   token: ***
2025-08-26T16:58:19.4397607Z env:
2025-08-26T16:58:19.4397899Z   REGISTRY: ghcr.io
2025-08-26T16:58:19.4398288Z   IMAGE_NAME: nephoran-intent-operator
2025-08-26T16:58:19.4398705Z ##[endgroup]
2025-08-26T16:58:19.6015519Z Setup go version spec 1.24.1
2025-08-26T16:58:19.6019142Z Attempting to resolve the latest version from the manifest...
2025-08-26T16:58:20.0574325Z matching 1.24.1...
2025-08-26T16:58:20.0614119Z Resolved as '1.24.1'
2025-08-26T16:58:20.0687497Z Attempting to download 1.24.1...
2025-08-26T16:58:20.4694476Z matching 1.24.1...
2025-08-26T16:58:20.4781202Z Acquiring 1.24.1 from https://github.com/actions/go-versions/releases/download/1.24.1-13667719799/go-1.24.1-linux-x64.tar.gz
2025-08-26T16:58:21.0101117Z Extracting Go...
2025-08-26T16:58:21.0208467Z [command]/usr/bin/tar xz --warning=no-unknown-keyword --overwrite -C /home/runner/work/_temp/6f3bb8c7-6645-4b2f-a089-a8136d76c468 -f /home/runner/work/_temp/07bda3bc-66a0-4f54-9313-fd03b670d0e0
2025-08-26T16:58:22.7870596Z Successfully extracted go to /home/runner/work/_temp/6f3bb8c7-6645-4b2f-a089-a8136d76c468
2025-08-26T16:58:22.7871466Z Adding to the cache ...
2025-08-26T16:58:27.6827161Z Successfully cached go to /opt/hostedtoolcache/go/1.24.1/x64
2025-08-26T16:58:27.6828732Z Added go to the path
2025-08-26T16:58:27.6831709Z Successfully set up Go version 1.24.1
2025-08-26T16:58:27.7126701Z go version go1.24.1 linux/amd64
2025-08-26T16:58:27.7126922Z 
2025-08-26T16:58:27.7127255Z ##[group]go env
2025-08-26T16:58:28.3580964Z AR='ar'
2025-08-26T16:58:28.3581337Z CC='gcc'
2025-08-26T16:58:28.3581639Z CGO_CFLAGS='-O2 -g'
2025-08-26T16:58:28.3581985Z CGO_CPPFLAGS=''
2025-08-26T16:58:28.3582301Z CGO_CXXFLAGS='-O2 -g'
2025-08-26T16:58:28.3582631Z CGO_ENABLED='1'
2025-08-26T16:58:28.3582955Z CGO_FFLAGS='-O2 -g'
2025-08-26T16:58:28.3583265Z CGO_LDFLAGS='-O2 -g'
2025-08-26T16:58:28.3583552Z CXX='g++'
2025-08-26T16:58:28.3583825Z GCCGO='gccgo'
2025-08-26T16:58:28.3584100Z GO111MODULE=''
2025-08-26T16:58:28.3584372Z GOAMD64='v1'
2025-08-26T16:58:28.3584677Z GOARCH='amd64'
2025-08-26T16:58:28.3584940Z GOAUTH='netrc'
2025-08-26T16:58:28.3585216Z GOBIN=''
2025-08-26T16:58:28.3585512Z GOCACHE='/home/runner/.cache/go-build'
2025-08-26T16:58:28.3585900Z GOCACHEPROG=''
2025-08-26T16:58:28.3586189Z GODEBUG=''
2025-08-26T16:58:28.3586531Z GOENV='/home/runner/.config/go/env'
2025-08-26T16:58:28.3586896Z GOEXE=''
2025-08-26T16:58:28.3587173Z GOEXPERIMENT=''
2025-08-26T16:58:28.3587457Z GOFIPS140='off'
2025-08-26T16:58:28.3587752Z GOFLAGS=''
2025-08-26T16:58:28.3588699Z GOGCCFLAGS='-fPIC -m64 -pthread -Wl,--no-gc-sections -fmessage-length=0 -ffile-prefix-map=/tmp/go-build882242447=/tmp/go-build -gno-record-gcc-switches'
2025-08-26T16:58:28.3589682Z GOHOSTARCH='amd64'
2025-08-26T16:58:28.3590251Z GOHOSTOS='linux'
2025-08-26T16:58:28.3590550Z GOINSECURE=''
2025-08-26T16:58:28.3591115Z GOMOD='/home/runner/work/nephoran-intent-operator/nephoran-intent-operator/go.mod'
2025-08-26T16:58:28.3591768Z GOMODCACHE='/home/runner/go/pkg/mod'
2025-08-26T16:58:28.3592143Z GONOPROXY=''
2025-08-26T16:58:28.3592408Z GONOSUMDB=''
2025-08-26T16:58:28.3592674Z GOOS='linux'
2025-08-26T16:58:28.3592958Z GOPATH='/home/runner/go'
2025-08-26T16:58:28.3593266Z GOPRIVATE=''
2025-08-26T16:58:28.3593615Z GOPROXY='https://proxy.golang.org,direct'
2025-08-26T16:58:28.3594075Z GOROOT='/opt/hostedtoolcache/go/1.24.1/x64'
2025-08-26T16:58:28.3594492Z GOSUMDB='sum.golang.org'
2025-08-26T16:58:28.3594808Z GOTELEMETRY='local'
2025-08-26T16:58:28.3595171Z GOTELEMETRYDIR='/home/runner/.config/go/telemetry'
2025-08-26T16:58:28.3595579Z GOTMPDIR=''
2025-08-26T16:58:28.3595836Z GOTOOLCHAIN='auto'
2025-08-26T16:58:28.3596317Z GOTOOLDIR='/opt/hostedtoolcache/go/1.24.1/x64/pkg/tool/linux_amd64'
2025-08-26T16:58:28.3596802Z GOVCS=''
2025-08-26T16:58:28.3597393Z GOVERSION='go1.24.1'
2025-08-26T16:58:28.3597689Z GOWORK=''
2025-08-26T16:58:28.3597962Z PKG_CONFIG='pkg-config'
2025-08-26T16:58:28.3598151Z 
2025-08-26T16:58:28.3598717Z ##[endgroup]
2025-08-26T16:58:28.3779845Z ##[group]Run echo "Go version: $(go version)"
2025-08-26T16:58:28.3780680Z [36;1mecho "Go version: $(go version)"[0m
2025-08-26T16:58:28.3780952Z [36;1mecho "Go env:"[0m
2025-08-26T16:58:28.3781161Z [36;1mgo env[0m
2025-08-26T16:58:28.3851931Z shell: /usr/bin/bash -e {0}
2025-08-26T16:58:28.3852179Z env:
2025-08-26T16:58:28.3852364Z   REGISTRY: ghcr.io
2025-08-26T16:58:28.3852594Z   IMAGE_NAME: nephoran-intent-operator
2025-08-26T16:58:28.3852850Z ##[endgroup]
2025-08-26T16:58:28.3966501Z Go version: go version go1.24.1 linux/amd64
2025-08-26T16:58:28.3966889Z Go env:
2025-08-26T16:58:28.4015707Z AR='ar'
2025-08-26T16:58:28.4016197Z CC='gcc'
2025-08-26T16:58:28.4016494Z CGO_CFLAGS='-O2 -g'
2025-08-26T16:58:28.4016824Z CGO_CPPFLAGS=''
2025-08-26T16:58:28.4017150Z CGO_CXXFLAGS='-O2 -g'
2025-08-26T16:58:28.4017490Z CGO_ENABLED='1'
2025-08-26T16:58:28.4017803Z CGO_FFLAGS='-O2 -g'
2025-08-26T16:58:28.4018194Z CGO_LDFLAGS='-O2 -g'
2025-08-26T16:58:28.4018538Z CXX='g++'
2025-08-26T16:58:28.4018881Z GCCGO='gccgo'
2025-08-26T16:58:28.4019186Z GO111MODULE=''
2025-08-26T16:58:28.4019495Z GOAMD64='v1'
2025-08-26T16:58:28.4019776Z GOARCH='amd64'
2025-08-26T16:58:28.4020257Z GOAUTH='netrc'
2025-08-26T16:58:28.4020536Z GOBIN=''
2025-08-26T16:58:28.4020864Z GOCACHE='/home/runner/.cache/go-build'
2025-08-26T16:58:28.4021276Z GOCACHEPROG=''
2025-08-26T16:58:28.4021577Z GODEBUG=''
2025-08-26T16:58:28.4021892Z GOENV='/home/runner/.config/go/env'
2025-08-26T16:58:28.4022274Z GOEXE=''
2025-08-26T16:58:28.4022550Z GOEXPERIMENT=''
2025-08-26T16:58:28.4022871Z GOFIPS140='off'
2025-08-26T16:58:28.4023072Z GOFLAGS=''
2025-08-26T16:58:28.4023669Z GOGCCFLAGS='-fPIC -m64 -pthread -Wl,--no-gc-sections -fmessage-length=0 -ffile-prefix-map=/tmp/go-build74554453=/tmp/go-build -gno-record-gcc-switches'
2025-08-26T16:58:28.4024282Z GOHOSTARCH='amd64'
2025-08-26T16:58:28.4024472Z GOHOSTOS='linux'
2025-08-26T16:58:28.4024657Z GOINSECURE=''
2025-08-26T16:58:28.4025467Z GOMOD='/home/runner/work/nephoran-intent-operator/nephoran-intent-operator/go.mod'
2025-08-26T16:58:28.4026177Z GOMODCACHE='/home/runner/go/pkg/mod'
2025-08-26T16:58:28.4026584Z GONOPROXY=''
2025-08-26T16:58:28.4026860Z GONOSUMDB=''
2025-08-26T16:58:28.4027036Z GOOS='linux'
2025-08-26T16:58:28.4027227Z GOPATH='/home/runner/go'
2025-08-26T16:58:28.4027434Z GOPRIVATE=''
2025-08-26T16:58:28.4027661Z GOPROXY='https://proxy.golang.org,direct'
2025-08-26T16:58:28.4027964Z GOROOT='/opt/hostedtoolcache/go/1.24.1/x64'
2025-08-26T16:58:28.4028226Z GOSUMDB='sum.golang.org'
2025-08-26T16:58:28.4028442Z GOTELEMETRY='local'
2025-08-26T16:58:28.4028691Z GOTELEMETRYDIR='/home/runner/.config/go/telemetry'
2025-08-26T16:58:28.4028962Z GOTMPDIR=''
2025-08-26T16:58:28.4029144Z GOTOOLCHAIN='auto'
2025-08-26T16:58:28.4029434Z GOTOOLDIR='/opt/hostedtoolcache/go/1.24.1/x64/pkg/tool/linux_amd64'
2025-08-26T16:58:28.4029763Z GOVCS=''
2025-08-26T16:58:28.4030131Z GOVERSION='go1.24.1'
2025-08-26T16:58:28.4030343Z GOWORK=''
2025-08-26T16:58:28.4030522Z PKG_CONFIG='pkg-config'
2025-08-26T16:58:28.6761605Z ##[group]Run actions/cache@v4
2025-08-26T16:58:28.6761927Z with:
2025-08-26T16:58:28.6762151Z   path: ~/.cache/go-build
~/go/pkg/mod

2025-08-26T16:58:28.6762626Z   key: Linux-go-e53f20e628bf94f41292446f1f11e93f85e1697a13800f9142d47dbc5d145bb9
2025-08-26T16:58:28.6763088Z   restore-keys: Linux-go-

2025-08-26T16:58:28.6763356Z   enableCrossOsArchive: false
2025-08-26T16:58:28.6763628Z   fail-on-cache-miss: false
2025-08-26T16:58:28.6763876Z   lookup-only: false
2025-08-26T16:58:28.6764102Z   save-always: false
2025-08-26T16:58:28.6764312Z env:
2025-08-26T16:58:28.6764506Z   REGISTRY: ghcr.io
2025-08-26T16:58:28.6764799Z   IMAGE_NAME: nephoran-intent-operator
2025-08-26T16:58:28.6765090Z ##[endgroup]
2025-08-26T16:58:28.9382634Z Cache hit for: Linux-go-e53f20e628bf94f41292446f1f11e93f85e1697a13800f9142d47dbc5d145bb9
2025-08-26T16:58:30.0744563Z Received 125829120 of 1317023719 (9.6%), 119.9 MBs/sec
2025-08-26T16:58:31.0807154Z Received 276824064 of 1317023719 (21.0%), 131.9 MBs/sec
2025-08-26T16:58:32.0761802Z Received 398458880 of 1317023719 (30.3%), 126.6 MBs/sec
2025-08-26T16:58:33.0811766Z Received 541065216 of 1317023719 (41.1%), 128.8 MBs/sec
2025-08-26T16:58:34.0785098Z Received 721420288 of 1317023719 (54.8%), 137.5 MBs/sec
2025-08-26T16:58:35.0795857Z Received 918552576 of 1317023719 (69.7%), 145.9 MBs/sec
2025-08-26T16:58:36.0807918Z Received 1073741824 of 1317023719 (81.5%), 146.1 MBs/sec
2025-08-26T16:58:37.0810283Z Received 1220542464 of 1317023719 (92.7%), 145.4 MBs/sec
2025-08-26T16:58:37.6955133Z Received 1317023719 of 1317023719 (100.0%), 145.7 MBs/sec
2025-08-26T16:58:37.6958166Z Cache Size: ~1256 MB (1317023719 B)
2025-08-26T16:58:37.7010586Z [command]/usr/bin/tar -xf /home/runner/work/_temp/06a67b52-1308-45e9-889c-8ca44da47ad5/cache.tzst -P -C /home/runner/work/nephoran-intent-operator/nephoran-intent-operator --use-compress-program unzstd
2025-08-26T16:58:52.9381863Z Cache restored successfully
2025-08-26T16:58:53.2298913Z Cache restored from key: Linux-go-e53f20e628bf94f41292446f1f11e93f85e1697a13800f9142d47dbc5d145bb9
2025-08-26T16:58:53.2405413Z ##[group]Run go mod download
2025-08-26T16:58:53.2405710Z [36;1mgo mod download[0m
2025-08-26T16:58:53.2405931Z [36;1mgo mod verify[0m
2025-08-26T16:58:53.2446999Z shell: /usr/bin/bash -e {0}
2025-08-26T16:58:53.2447245Z env:
2025-08-26T16:58:53.2447421Z   REGISTRY: ghcr.io
2025-08-26T16:58:53.2447643Z   IMAGE_NAME: nephoran-intent-operator
2025-08-26T16:58:53.2447945Z   GOPROXY: https://proxy.golang.org,direct
2025-08-26T16:58:53.2448226Z   GOSUMDB: sum.golang.org
2025-08-26T16:58:53.2448437Z ##[endgroup]
2025-08-26T16:58:58.0543052Z all modules verified
2025-08-26T16:58:58.0600299Z ##[group]Run actions/download-artifact@v4
2025-08-26T16:58:58.0600602Z with:
2025-08-26T16:58:58.0600798Z   name: generated-crds
2025-08-26T16:58:58.0601032Z   path: deployments/crds/
2025-08-26T16:58:58.0601267Z   merge-multiple: false
2025-08-26T16:58:58.0601527Z   repository: thc1006/nephoran-intent-operator
2025-08-26T16:58:58.0601814Z   run-id: 17244999638
2025-08-26T16:58:58.0601997Z env:
2025-08-26T16:58:58.0602179Z   REGISTRY: ghcr.io
2025-08-26T16:58:58.0602395Z   IMAGE_NAME: nephoran-intent-operator
2025-08-26T16:58:58.0602633Z ##[endgroup]
2025-08-26T16:58:58.2560264Z Downloading single artifact
2025-08-26T16:58:58.3971673Z Preparing to download the following artifacts:
2025-08-26T16:58:58.3972747Z - generated-crds (ID: 3855750920, Size: 68561, Expected Digest: sha256:a96b3af31d8828936c41f00d59666539984e0b0b3633a6b453550b673935cc41)
2025-08-26T16:58:58.4809706Z Redirecting to blob download url: https://productionresultssa8.blob.core.windows.net/actions-results/d649b61c-183d-4b1e-905c-f792ad1675f7/workflow-job-run-3778aba3-a4e3-57e7-8ce8-c24d63ea5aa7/artifacts/0a41457ede0c89396d4867ccea5293bbd949e6e96679c311296b66d41e65c1f9.zip
2025-08-26T16:58:58.4812483Z Starting download of artifact to: /home/runner/work/nephoran-intent-operator/nephoran-intent-operator/deployments/crds
2025-08-26T16:58:58.5980960Z (node:2209) [DEP0005] DeprecationWarning: Buffer() is deprecated due to security and usability issues. Please use the Buffer.alloc(), Buffer.allocUnsafe(), or Buffer.from() methods instead.
2025-08-26T16:58:58.5982714Z (Use `node --trace-deprecation ...` to show where the warning was created)
2025-08-26T16:58:58.6455512Z SHA256 digest of downloaded artifact is a96b3af31d8828936c41f00d59666539984e0b0b3633a6b453550b673935cc41
2025-08-26T16:58:58.6456428Z Artifact download completed successfully.
2025-08-26T16:58:58.6456831Z Total of 1 artifact(s) downloaded
2025-08-26T16:58:58.6462454Z Download artifact has finished successfully
2025-08-26T16:58:58.6553204Z ##[group]Run make build
2025-08-26T16:58:58.6553485Z [36;1mmake build[0m
2025-08-26T16:58:58.6592971Z shell: /usr/bin/bash -e {0}
2025-08-26T16:58:58.6593224Z env:
2025-08-26T16:58:58.6593405Z   REGISTRY: ghcr.io
2025-08-26T16:58:58.6593654Z   IMAGE_NAME: nephoran-intent-operator
2025-08-26T16:58:58.6593925Z ##[endgroup]
2025-08-26T16:58:58.6842200Z Makefile:1017: warning: overriding recipe for target 'mvp-scale-down'
2025-08-26T16:58:58.6843221Z Makefile:664: warning: ignoring old recipe for target 'mvp-scale-down'
2025-08-26T16:58:58.6844126Z Makefile:1139: warning: overriding recipe for target 'mvp-scale-up'
2025-08-26T16:58:58.6844731Z Makefile:1000: warning: ignoring old recipe for target 'mvp-scale-up'
2025-08-26T16:58:58.6845335Z Makefile:1154: warning: overriding recipe for target 'mvp-scale-down'
2025-08-26T16:58:58.6845935Z Makefile:1017: warning: ignoring old recipe for target 'mvp-scale-down'
2025-08-26T16:58:58.6846559Z Makefile:1175: warning: overriding recipe for target 'mvp-status'
2025-08-26T16:58:58.6847119Z Makefile:1039: warning: ignoring old recipe for target 'mvp-status'
2025-08-26T16:58:58.6852156Z Generating CRDs and deep copy methods...
2025-08-26T16:58:58.6869835Z Installing controller-gen...
2025-08-26T16:58:58.8091636Z go: downloading golang.org/x/tools v0.32.0
2025-08-26T16:58:58.8241336Z go: downloading k8s.io/apimachinery v0.33.0
2025-08-26T16:58:58.8250121Z go: downloading k8s.io/code-generator v0.33.0
2025-08-26T16:58:58.9861385Z go: downloading k8s.io/apiextensions-apiserver v0.33.0
2025-08-26T16:58:59.1625322Z go: downloading k8s.io/utils v0.0.0-20241104100929-3ea5e8cea738
2025-08-26T16:58:59.1766738Z go: downloading k8s.io/api v0.33.0
2025-08-26T16:58:59.1777821Z go: downloading sigs.k8s.io/yaml v1.4.0
2025-08-26T16:58:59.3072547Z go: downloading github.com/spf13/pflag v1.0.6
2025-08-26T16:58:59.4432319Z go: downloading golang.org/x/sync v0.13.0
2025-08-26T16:58:59.4637579Z go: downloading google.golang.org/protobuf v1.36.5
2025-08-26T16:58:59.6308033Z go: downloading github.com/go-openapi/jsonreference v0.20.2
2025-08-26T16:58:59.6769687Z go: downloading sigs.k8s.io/json v0.0.0-20241010143419-9aa6b5e7a4b3
2025-08-26T16:58:59.7072824Z go: downloading golang.org/x/sys v0.32.0
2025-08-26T16:58:59.7075149Z go: downloading golang.org/x/mod v0.24.0
2025-08-26T16:58:59.7226298Z go: downloading github.com/mailru/easyjson v0.7.7
2025-08-26T16:58:59.7530762Z go: downloading golang.org/x/net v0.39.0
2025-08-26T16:58:59.9673861Z go: downloading golang.org/x/text v0.24.0
2025-08-26T16:59:12.4077346Z Attempting to generate deep copy methods...
2025-08-26T16:59:12.7951526Z Attempting to generate CRDs...
2025-08-26T16:59:13.2107957Z ⚠️  CRD generation failed, using existing CRDs...
2025-08-26T16:59:13.2123426Z No existing CRDs found
2025-08-26T16:59:13.2131850Z ✅ Gen target completed (check warnings above for any issues)
2025-08-26T16:59:13.2150702Z total 484
2025-08-26T16:59:13.2151155Z drwxr-xr-x  2 runner docker  4096 Aug 26 16:58 .
2025-08-26T16:59:13.2151810Z drwxr-xr-x 23 runner docker  4096 Aug 26 16:58 ..
2025-08-26T16:59:13.2152163Z -rw-r--r--  1 runner docker   231 Aug 26 16:58 _.yaml
2025-08-26T16:59:13.2152565Z -rw-r--r--  1 runner docker  1580 Aug 26 16:58 managedelement_crd.yaml
2025-08-26T16:59:13.2153036Z -rw-r--r--  1 runner docker 35605 Aug 26 16:59 nephoran.com_audittrails.yaml
2025-08-26T16:59:13.2153523Z -rw-r--r--  1 runner docker 19041 Aug 26 16:59 nephoran.com_backuppolicies.yaml
2025-08-26T16:59:13.2154025Z -rw-r--r--  1 runner docker  8158 Aug 26 16:59 nephoran.com_certificateautomations.yaml
2025-08-26T16:59:13.2154525Z -rw-r--r--  1 runner docker 26251 Aug 26 16:59 nephoran.com_cnfdeployments.yaml
2025-08-26T16:59:13.2155008Z -rw-r--r--  1 runner docker 78784 Aug 26 16:59 nephoran.com_disasterrecoveryplans.yaml
2025-08-26T16:59:13.2155480Z -rw-r--r--  1 runner docker 17172 Aug 26 16:59 nephoran.com_e2nodesets.yaml
2025-08-26T16:59:13.2155941Z -rw-r--r--  1 runner docker 48036 Aug 26 16:59 nephoran.com_failoverpolicies.yaml
2025-08-26T16:59:13.2156716Z -rw-r--r--  1 runner docker 40227 Aug 26 16:59 nephoran.com_gitopsdeployments.yaml
2025-08-26T16:59:13.2157206Z -rw-r--r--  1 runner docker 19734 Aug 26 16:59 nephoran.com_intentprocessings.yaml
2025-08-26T16:59:13.2157672Z -rw-r--r--  1 runner docker  9255 Aug 26 16:59 nephoran.com_managedelements.yaml
2025-08-26T16:59:13.2158139Z -rw-r--r--  1 runner docker 38921 Aug 26 16:59 nephoran.com_manifestgenerations.yaml
2025-08-26T16:59:13.2158606Z -rw-r--r--  1 runner docker 37165 Aug 26 16:59 nephoran.com_networkintents.yaml
2025-08-26T16:59:13.2159628Z -rw-r--r--  1 runner docker 31732 Aug 26 16:59 nephoran.com_o1interfaces.yaml
2025-08-26T16:59:13.2160611Z -rw-r--r--  1 runner docker 43639 Aug 26 16:59 nephoran.com_resourceplans.yaml
2025-08-26T16:59:13.2161252Z Formatting Go code...
2025-08-26T16:59:13.2161579Z gofmt -s -w .
2025-08-26T16:59:14.3840685Z go mod tidy
2025-08-26T16:59:14.5381506Z go: downloading github.com/google/go-cmdtest v0.4.1-0.20220921163831-55ab3332a786
2025-08-26T16:59:14.5399540Z go: downloading go.uber.org/goleak v1.3.0
2025-08-26T16:59:14.5494826Z go: downloading github.com/dlclark/regexp2 v1.11.0
2025-08-26T16:59:14.5549606Z go: downloading github.com/google/gofuzz v1.2.0
2025-08-26T16:59:14.7095896Z go: downloading github.com/onsi/ginkgo v1.16.5
2025-08-26T16:59:14.7135913Z go: downloading gopkg.in/check.v1 v1.0.0-20201130134442-10cb98267c6c
2025-08-26T16:59:14.7436488Z go: downloading github.com/go-git/go-git-fixtures/v4 v4.3.2-0.20231010084843-55a94097c399
2025-08-26T16:59:14.7881939Z go: downloading github.com/armon/go-socks5 v0.0.0-20160902184237-e75332964ef5
2025-08-26T16:59:14.7912664Z go: downloading github.com/gliderlabs/ssh v0.3.8
2025-08-26T16:59:14.8012995Z go: downloading github.com/elazarl/goproxy v1.7.2
2025-08-26T16:59:14.8035989Z go: downloading github.com/go-playground/assert/v2 v2.2.0
2025-08-26T16:59:14.8141039Z go: downloading github.com/google/renameio v0.1.0
2025-08-26T16:59:14.8163910Z go: downloading go.opentelemetry.io/otel/exporters/stdout/stdoutmetric v1.36.0
2025-08-26T16:59:14.8210281Z go: downloading github.com/Azure/azure-sdk-for-go/sdk/azidentity/cache v0.3.2
2025-08-26T16:59:14.8248411Z go: downloading github.com/Azure/azure-sdk-for-go/sdk/resourcemanager/internal v1.0.0
2025-08-26T16:59:14.8311045Z go: downloading github.com/Azure/azure-sdk-for-go/sdk/resourcemanager/internal/v2 v2.0.0
2025-08-26T16:59:14.8333405Z go: downloading github.com/Azure/azure-sdk-for-go/sdk/resourcemanager/managementgroups/armmanagementgroups v1.0.0
2025-08-26T16:59:14.8368462Z go: downloading github.com/Azure/azure-sdk-for-go/sdk/resourcemanager/internal/v3 v3.1.0
2025-08-26T16:59:14.8490613Z go: downloading github.com/go-test/deep v1.0.2
2025-08-26T16:59:14.8491287Z go: downloading github.com/hashicorp/go-hclog v1.6.3
2025-08-26T16:59:14.8548041Z go: downloading github.com/bsm/ginkgo/v2 v2.12.0
2025-08-26T16:59:14.8723475Z go: downloading github.com/bsm/gomega v1.27.10
2025-08-26T16:59:14.8777526Z go: downloading github.com/bmizerany/perks v0.0.0-20230307044200-03f9df79da1e
2025-08-26T16:59:14.8914461Z go: downloading github.com/dgryski/go-gk v0.0.0-20200319235926-a69029f61654
2025-08-26T16:59:14.9125254Z go: downloading github.com/streadway/quantile v0.0.0-20220407130108-4246515d968d
2025-08-26T16:59:14.9203919Z go: downloading pgregory.net/rapid v1.1.0
2025-08-26T16:59:14.9298171Z go: downloading github.com/bradleyjkemp/cupaloy/v2 v2.8.0
2025-08-26T16:59:14.9298982Z go: downloading github.com/terminalstatic/go-xsd-validate v0.1.6
2025-08-26T16:59:14.9470803Z go: downloading gotest.tools/v3 v3.5.1
2025-08-26T16:59:14.9649615Z go: downloading github.com/AdaLogics/go-fuzz-headers v0.0.0-20240806141605-e8a1dd7889d6
2025-08-26T16:59:14.9755556Z go: downloading github.com/creack/pty v1.1.18
2025-08-26T16:59:14.9794704Z go: downloading github.com/alexbrainman/sspi v0.0.0-20231016080023-1a75b4708caa
2025-08-26T16:59:14.9978901Z go: downloading github.com/jcmturner/gokrb5/v8 v8.4.4
2025-08-26T16:59:15.0641703Z go: downloading github.com/frankban/quicktest v1.14.6
2025-08-26T16:59:15.0643078Z go: downloading github.com/mwitkow/go-conntrack v0.0.0-20190716064945-2f068394615f
2025-08-26T16:59:15.0658359Z go: downloading github.com/distribution/distribution/v3 v3.0.0
2025-08-26T16:59:15.3721642Z go: downloading github.com/foxcpp/go-mockdns v1.1.0
2025-08-26T16:59:15.3722521Z go: downloading github.com/phayes/freeport v0.0.0-20220201140144-74d24b5ae9f5
2025-08-26T16:59:15.3729590Z go: downloading github.com/DATA-DOG/go-sqlmock v1.5.2
2025-08-26T16:59:15.3844485Z go: downloading github.com/kr/pretty v0.3.1
2025-08-26T16:59:15.3963591Z go: downloading github.com/anmitsu/go-shlex v0.0.0-20200514113438-38f4b401e2be
2025-08-26T16:59:15.4007794Z go: downloading github.com/GoogleCloudPlatform/opentelemetry-operations-go/internal/cloudmock v0.53.0
2025-08-26T16:59:15.4023681Z go: downloading cloud.google.com/go/longrunning v0.6.7
2025-08-26T16:59:15.4187409Z go: downloading github.com/AzureAD/microsoft-authentication-extensions-for-go/cache v0.1.1
2025-08-26T16:59:15.4197288Z go: downloading github.com/shoenig/test v0.6.4
2025-08-26T16:59:15.4418850Z go: downloading github.com/fortytw2/leaktest v1.3.0
2025-08-26T16:59:15.4430999Z go: downloading github.com/xyproto/randomstring v1.0.5
2025-08-26T16:59:15.4475975Z go: downloading github.com/prashantv/gostub v1.1.0
2025-08-26T16:59:15.4603590Z go: downloading github.com/jcmturner/dnsutils/v2 v2.0.0
2025-08-26T16:59:15.4607482Z go: downloading github.com/jcmturner/gofork v1.7.6
2025-08-26T16:59:15.4617844Z go: downloading github.com/jcmturner/goidentity/v6 v6.0.1
2025-08-26T16:59:15.4736102Z go: downloading github.com/hashicorp/go-uuid v1.0.3
2025-08-26T16:59:15.4748666Z go: downloading github.com/jpillora/backoff v1.0.0
2025-08-26T16:59:15.4785858Z go: downloading github.com/bshuster-repo/logrus-logstash-hook v1.0.0
2025-08-26T16:59:15.4854904Z go: downloading github.com/docker/go-metrics v0.0.1
2025-08-26T16:59:15.4866029Z go: downloading github.com/go-sql-driver/mysql v1.8.1
2025-08-26T16:59:15.4892419Z go: downloading github.com/mattn/go-sqlite3 v1.14.22
2025-08-26T16:59:15.5049531Z go: downloading github.com/miekg/dns v1.1.62
2025-08-26T16:59:15.5083578Z go: downloading github.com/nxadm/tail v1.4.8
2025-08-26T16:59:15.5395043Z go: downloading github.com/kr/text v0.2.0
2025-08-26T16:59:15.5486962Z go: downloading github.com/golang/protobuf v1.5.4
2025-08-26T16:59:15.5590406Z go: downloading github.com/envoyproxy/go-control-plane v0.13.4
2025-08-26T16:59:15.5986797Z go: downloading github.com/google/martian/v3 v3.3.3
2025-08-26T16:59:15.6602421Z go: downloading cloud.google.com/go/logging v1.13.0
2025-08-26T16:59:15.6603843Z go: downloading cloud.google.com/go/trace v1.11.6
2025-08-26T16:59:15.6851240Z go: downloading github.com/keybase/go-keychain v0.0.0-20231219164618-57a3676c3af6
2025-08-26T16:59:15.7014599Z go: downloading github.com/dgraph-io/badger/v4 v4.8.0
2025-08-26T16:59:15.7122168Z go: downloading github.com/andreyvit/diff v0.0.0-20170406064948-c7f18ee00883
2025-08-26T16:59:15.7348939Z go: downloading github.com/package-url/packageurl-go v0.1.3
2025-08-26T16:59:15.7455398Z go: downloading github.com/jcmturner/aescts/v2 v2.0.0
2025-08-26T16:59:15.7616401Z go: downloading github.com/jcmturner/rpc/v2 v2.0.3
2025-08-26T16:59:15.7787971Z go: downloading github.com/redis/go-redis/extra/redisotel/v9 v9.0.5
2025-08-26T16:59:15.7790356Z go: downloading github.com/docker/go-events v0.0.0-20190806004212-e31b211e4f1c
2025-08-26T16:59:15.7890234Z go: downloading github.com/coreos/go-systemd/v22 v22.5.0
2025-08-26T16:59:15.7904029Z go: downloading go.opentelemetry.io/contrib/exporters/autoexport v0.57.0
2025-08-26T16:59:15.8104996Z go: downloading go.opentelemetry.io/otel/exporters/stdout/stdouttrace v1.32.0
2025-08-26T16:59:15.8185001Z go: downloading github.com/poy/onpar v1.1.2
2025-08-26T16:59:15.8401195Z go: downloading filippo.io/edwards25519 v1.1.0
2025-08-26T16:59:15.8404522Z go: downloading gopkg.in/tomb.v1 v1.0.0-20141024135613-dd632973f1e7
2025-08-26T16:59:15.8503821Z go: downloading github.com/envoyproxy/go-control-plane/ratelimit v0.1.0
2025-08-26T16:59:15.8638002Z go: downloading github.com/dgraph-io/ristretto/v2 v2.2.0
2025-08-26T16:59:15.8736963Z go: downloading github.com/dustin/go-humanize v1.0.1
2025-08-26T16:59:15.8842405Z go: downloading github.com/hashicorp/golang-lru/arc/v2 v2.0.5
2025-08-26T16:59:15.8891017Z go: downloading github.com/hashicorp/golang-lru v1.0.2
2025-08-26T16:59:15.8940775Z go: downloading github.com/docker/docker-credential-helpers v0.8.2
2025-08-26T16:59:15.9055056Z go: downloading github.com/redis/go-redis/extra/rediscmd/v9 v9.0.5
2025-08-26T16:59:15.9118063Z go: downloading go.opentelemetry.io/contrib/bridges/prometheus v0.57.0
2025-08-26T16:59:15.9119070Z go: downloading go.opentelemetry.io/otel/exporters/otlp/otlplog/otlploggrpc v0.8.0
2025-08-26T16:59:15.9208833Z go: downloading go.opentelemetry.io/otel/exporters/otlp/otlplog/otlploghttp v0.8.0
2025-08-26T16:59:15.9216268Z go: downloading go.opentelemetry.io/otel/exporters/otlp/otlpmetric/otlpmetricgrpc v1.32.0
2025-08-26T16:59:15.9279087Z go: downloading go.opentelemetry.io/otel/exporters/otlp/otlpmetric/otlpmetrichttp v1.32.0
2025-08-26T16:59:15.9332985Z go: downloading go.opentelemetry.io/otel/exporters/stdout/stdoutlog v0.8.0
2025-08-26T16:59:15.9410991Z go: downloading go.opentelemetry.io/otel/sdk/log v0.8.0
2025-08-26T16:59:15.9454210Z go: downloading github.com/bytecodealliance/wasmtime-go/v3 v3.0.2
2025-08-26T16:59:15.9463905Z go: downloading github.com/arbovm/levenshtein v0.0.0-20160628152529-48b4e1c0c4d0
2025-08-26T16:59:15.9587198Z go: downloading github.com/dgryski/trifles v0.0.0-20230903005119-f50d829f2e54
2025-08-26T16:59:15.9641002Z go: downloading github.com/google/flatbuffers v25.2.10+incompatible
2025-08-26T16:59:16.0091558Z go: downloading go.opentelemetry.io/otel/log v0.8.0
2025-08-26T16:59:16.0326207Z go: downloading github.com/dgryski/go-metro v0.0.0-20180109044635-280f6062b5bc
2025-08-26T16:59:16.0440247Z go: downloading github.com/dgryski/go-spooky v0.0.0-20170606183049-ed3d087f40e2
2025-08-26T16:59:16.0537996Z go: downloading github.com/neurosnap/sentences v1.0.6
2025-08-26T16:59:20.4582444Z Running go vet...
2025-08-26T16:59:20.4583396Z go vet ./...
2025-08-26T16:59:45.9525385Z # github.com/thc1006/nephoran-intent-operator/pkg/services
2025-08-26T16:59:45.9587322Z ##[error]pkg/services/llm_processor.go:17:29: undefined: config.KubernetesSecretManager
2025-08-26T16:59:45.9599410Z ##[error]pkg/services/llm_processor.go:65:33: undefined: config.NewSecretManager
2025-08-26T16:59:45.9601582Z ##[error]pkg/services/llm_processor.go:172:79: undefined: config.APIKeys
2025-08-26T16:59:45.9603634Z ##[error]pkg/services/llm_processor.go:174:29: undefined: config.LoadFileBasedAPIKeysWithValidation
2025-08-26T16:59:45.9605552Z ##[error]pkg/services/llm_processor.go:194:17: undefined: config.APIKeys
2025-08-26T16:59:50.1713845Z # github.com/thc1006/nephoran-intent-operator/pkg/controllers
2025-08-26T16:59:50.1717768Z ##[error]pkg/controllers/cnfdeployment_controller.go:336:28: r.CNFOrchestrator.DeployWithHelm undefined (type *cnf.CNFOrchestrator has no field or method DeployWithHelm)
2025-08-26T16:59:50.1722488Z ##[error]pkg/controllers/cnfdeployment_controller.go:357:28: r.CNFOrchestrator.DeployWithOperator undefined (type *cnf.CNFOrchestrator has no field or method DeployWithOperator)
2025-08-26T16:59:50.1733385Z ##[error]pkg/controllers/cnfdeployment_controller.go:405:28: r.CNFOrchestrator.DeployWithGitOps undefined (type *cnf.CNFOrchestrator has no field or method DeployWithGitOps)
2025-08-26T16:59:50.1738311Z ##[error]pkg/controllers/cnfdeployment_controller.go:653:28: r.CNFOrchestrator.CleanupHelmDeployment undefined (type *cnf.CNFOrchestrator has no field or method CleanupHelmDeployment)
2025-08-26T16:59:50.1743041Z ##[error]pkg/controllers/cnfdeployment_controller.go:665:28: r.CNFOrchestrator.CleanupOperatorDeployment undefined (type *cnf.CNFOrchestrator has no field or method CleanupOperatorDeployment)
2025-08-26T16:59:50.1747580Z ##[error]pkg/controllers/cnfdeployment_controller.go:720:28: r.CNFOrchestrator.CleanupGitOpsDeployment undefined (type *cnf.CNFOrchestrator has no field or method CleanupGitOpsDeployment)
2025-08-26T16:59:50.1750708Z ##[error]pkg/controllers/gitops_handler.go:50:16: undefined: getRetryCount
2025-08-26T16:59:50.1752850Z ##[error]pkg/controllers/gitops_handler.go:59:3: undefined: updateCondition
2025-08-26T16:59:50.1763757Z ##[error]pkg/controllers/gitops_handler.go:73:3: undefined: setRetryCount
2025-08-26T16:59:50.1767234Z ##[error]pkg/controllers/gitops_handler.go:295:21: gitClient.RemoveAndPush undefined (type "github.com/thc1006/nephoran-intent-operator/pkg/git".ClientInterface has no field or method RemoveAndPush)
2025-08-26T16:59:50.1770570Z ##[error]pkg/controllers/gitops_handler.go:73:3: too many errors
2025-08-26T16:59:52.8521222Z # github.com/thc1006/nephoran-intent-operator/cmd/security-demo
2025-08-26T16:59:52.8525974Z # [github.com/thc1006/nephoran-intent-operator/cmd/security-demo]
2025-08-26T16:59:52.8531959Z ##[error]cmd/security-demo/test_security_fix.go:98:2: fmt.Println arg list ends with redundant newline
2025-08-26T16:59:52.9309253Z # github.com/thc1006/nephoran-intent-operator/tests/utils
2025-08-26T16:59:52.9315764Z ##[error]tests/utils/security_helpers.go:143:47: client.InNamespace undefined (type "sigs.k8s.io/controller-runtime/pkg/client".Client has no field or method InNamespace)
2025-08-26T16:59:52.9328461Z ##[error]tests/utils/security_helpers.go:153:40: client.InNamespace undefined (type "sigs.k8s.io/controller-runtime/pkg/client".Client has no field or method InNamespace)
2025-08-26T16:59:52.9342938Z ##[error]tests/utils/security_helpers.go:163:43: client.InNamespace undefined (type "sigs.k8s.io/controller-runtime/pkg/client".Client has no field or method InNamespace)
2025-08-26T16:59:52.9347367Z ##[error]tests/utils/security_helpers.go:173:44: client.InNamespace undefined (type "sigs.k8s.io/controller-runtime/pkg/client".Client has no field or method InNamespace)
2025-08-26T16:59:52.9353117Z ##[error]tests/utils/security_helpers.go:183:46: client.InNamespace undefined (type "sigs.k8s.io/controller-runtime/pkg/client".Client has no field or method InNamespace)
2025-08-26T16:59:52.9370876Z ##[error]tests/utils/test_fixtures.go:52:16: cannot use nephoranv1.PriorityHigh (constant "high" of string type "github.com/thc1006/nephoran-intent-operator/api/v1".Priority) as "github.com/thc1006/nephoran-intent-operator/api/v1".NetworkPriority value in struct literal
2025-08-26T16:59:52.9374332Z ##[error]tests/utils/test_fixtures.go:53:16: cannot use 3 (untyped int constant) as *int32 value in struct literal
2025-08-26T16:59:52.9391190Z ##[error]tests/utils/test_fixtures.go:54:4: unknown field Timeout in struct literal of type "github.com/thc1006/nephoran-intent-operator/api/v1".NetworkIntentSpec
2025-08-26T16:59:52.9394605Z ##[error]tests/utils/test_fixtures.go:55:4: unknown field Config in struct literal of type "github.com/thc1006/nephoran-intent-operator/api/v1".NetworkIntentSpec
2025-08-26T16:59:52.9397862Z ##[error]tests/utils/test_fixtures.go:62:4: unknown field Message in struct literal of type "github.com/thc1006/nephoran-intent-operator/api/v1".NetworkIntentStatus
2025-08-26T16:59:52.9402212Z ##[error]tests/utils/test_fixtures.go:62:4: too many errors
2025-08-26T16:59:53.3288102Z # github.com/thc1006/nephoran-intent-operator/pkg/security/ca
2025-08-26T16:59:53.3291271Z ##[error]pkg/security/ca/revocation_checker.go:483:20: conversion from int to RevocationStatus (string) yields a string of one rune, not a string of digits
2025-08-26T16:59:53.4217131Z # github.com/thc1006/nephoran-intent-operator/examples/auth
2025-08-26T16:59:53.4218206Z # [github.com/thc1006/nephoran-intent-operator/examples/auth]
2025-08-26T16:59:53.4221509Z ##[error]vet: examples/auth/ldap_integration_example.go:38:42: cannot use authConfig (variable of type *auth.AuthConfig) as *auth.AuthManagerConfig value in argument to auth.NewAuthManager
2025-08-26T16:59:53.4302851Z # github.com/thc1006/nephoran-intent-operator/pkg/oran/e2
2025-08-26T16:59:53.4305826Z ##[error]pkg/oran/e2/asn1_codec.go:219:42: req.RequestID undefined (type *RICSubscriptionRequest has no field or method RequestID)
2025-08-26T16:59:53.4324883Z ##[error]pkg/oran/e2/asn1_codec.go:229:41: req.EventTriggerDefinition undefined (type *RICSubscriptionRequest has no field or method EventTriggerDefinition)
2025-08-26T16:59:53.4328261Z ##[error]pkg/oran/e2/asn1_codec.go:234:44: req.ActionsToBeSetupList undefined (type *RICSubscriptionRequest has no field or method ActionsToBeSetupList)
2025-08-26T16:59:53.4331532Z ##[error]pkg/oran/e2/asn1_codec.go:251:6: req.RequestID undefined (type *RICSubscriptionRequest has no field or method RequestID)
2025-08-26T16:59:53.4334187Z ##[error]pkg/oran/e2/asn1_codec.go:999:75: undefined: RANFunctionIDCauseItem
2025-08-26T16:59:53.4335869Z ##[error]pkg/oran/e2/asn1_codec.go:1018:66: undefined: RANFunctionIDCauseItem
2025-08-26T16:59:53.4337300Z ##[error]pkg/oran/e2/asn1_codec.go:1046:52: undefined: E2Cause
2025-08-26T16:59:53.4338615Z ##[error]pkg/oran/e2/asn1_codec.go:1056:47: undefined: E2Cause
2025-08-26T16:59:53.4340360Z ##[error]pkg/oran/e2/asn1_codec.go:1436:72: undefined: RICActionAdmittedItem
2025-08-26T16:59:53.4342227Z ##[error]pkg/oran/e2/asn1_codec.go:1452:65: undefined: RICActionAdmittedItem
2025-08-26T16:59:53.4343865Z ##[error]pkg/oran/e2/asn1_codec.go:251:6: too many errors
2025-08-26T16:59:53.5218145Z # github.com/thc1006/nephoran-intent-operator/cmd/tls-security-test
2025-08-26T16:59:53.5219038Z # [github.com/thc1006/nephoran-intent-operator/cmd/tls-security-test]
2025-08-26T16:59:53.5222045Z ##[error]cmd/tls-security-test/main.go:13:2: fmt.Println arg list ends with redundant newline
2025-08-26T16:59:53.8292842Z # github.com/thc1006/nephoran-intent-operator/pkg/audit
2025-08-26T16:59:53.8293512Z # [github.com/thc1006/nephoran-intent-operator/pkg/audit]
2025-08-26T16:59:53.8294928Z ##[error]vet: pkg/audit/integrity_test.go:593:6: IntegrityChain redeclared in this block
2025-08-26T16:59:55.4292073Z # github.com/thc1006/nephoran-intent-operator/pkg/audit/compliance_test
2025-08-26T16:59:55.4293128Z # [github.com/thc1006/nephoran-intent-operator/pkg/audit/compliance_test]
2025-08-26T16:59:55.4294623Z ##[error]vet: pkg/audit/compliance/compliance_test.go:34:22: undefined: RetentionConfig
2025-08-26T16:59:55.5701983Z # github.com/thc1006/nephoran-intent-operator/pkg/auth [github.com/thc1006/nephoran-intent-operator/pkg/auth.test]
2025-08-26T16:59:55.5705197Z ##[error]pkg/auth/advanced_benchmarks_test.go:176:21: cannot use &authzLatency (value of type *time.Duration) as *int64 value in argument to atomic.AddInt64
2025-08-26T16:59:55.5707885Z ##[error]pkg/auth/advanced_benchmarks_test.go:1089:6: JWTConfig redeclared in this block
2025-08-26T16:59:55.5709858Z ##[error]	pkg/auth/jwt_manager.go:60:6: other declaration of JWTConfig
2025-08-26T16:59:55.5712044Z ##[error]pkg/auth/advanced_benchmarks_test.go:1103:6: OAuth2Config redeclared in this block
2025-08-26T16:59:55.5713954Z ##[error]	pkg/auth/oauth2_provider.go:32:6: other declaration of OAuth2Config
2025-08-26T16:59:55.5715885Z ##[error]pkg/auth/advanced_benchmarks_test.go:1111:6: SessionConfig redeclared in this block
2025-08-26T16:59:55.5717827Z ##[error]	pkg/auth/session_manager.go:94:6: other declaration of SessionConfig
2025-08-26T16:59:55.5719669Z ##[error]pkg/auth/advanced_benchmarks_test.go:1122:6: RBACConfig redeclared in this block
2025-08-26T16:59:55.5721782Z ##[error]	pkg/auth/config.go:90:6: other declaration of RBACConfig
2025-08-26T16:59:55.5723669Z ##[error]pkg/auth/advanced_benchmarks_test.go:1129:6: Role redeclared in this block
2025-08-26T16:59:55.5725646Z ##[error]	pkg/auth/rbac.go:31:6: other declaration of Role
2025-08-26T16:59:55.5727752Z ##[error]pkg/auth/advanced_benchmarks_test.go:1134:6: Permission redeclared in this block
2025-08-26T16:59:55.5729851Z ##[error]	pkg/auth/rbac.go:46:6: other declaration of Permission
2025-08-26T16:59:55.5731837Z ##[error]pkg/auth/advanced_benchmarks_test.go:1316:6: JWTManager redeclared in this block
2025-08-26T16:59:55.5733583Z ##[error]	pkg/auth/jwt_manager.go:22:6: other declaration of JWTManager
2025-08-26T16:59:55.5735829Z ##[error]pkg/auth/advanced_benchmarks_test.go:1319:6: OAuth2Manager redeclared in this block
2025-08-26T16:59:55.5737828Z ##[error]	pkg/auth/oauth2_manager.go:12:6: other declaration of OAuth2Manager
2025-08-26T16:59:55.5739784Z ##[error]pkg/auth/advanced_benchmarks_test.go:1320:6: SessionManager redeclared in this block
2025-08-26T16:59:55.5741877Z ##[error]	pkg/auth/session_manager.go:17:6: other declaration of SessionManager
2025-08-26T16:59:55.5743604Z ##[error]pkg/auth/advanced_benchmarks_test.go:176:21: too many errors
2025-08-26T16:59:55.5907349Z # github.com/thc1006/nephoran-intent-operator/pkg/auth/providers
2025-08-26T16:59:55.5908791Z # [github.com/thc1006/nephoran-intent-operator/pkg/auth/providers]
2025-08-26T16:59:55.5911199Z ##[error]vet: pkg/auth/providers/azuread_test.go:627:17: invalid operation: provider (variable of type *AzureADProvider) is not an interface
2025-08-26T16:59:56.2687114Z # github.com/thc1006/nephoran-intent-operator/pkg/audit/backends_test
2025-08-26T16:59:56.2693715Z # [github.com/thc1006/nephoran-intent-operator/pkg/audit/backends_test]
2025-08-26T16:59:56.2696164Z ##[error]vet: pkg/audit/backends/backend_integration_test.go:32:6: TestBackendIntegrationSuite redeclared in this block
2025-08-26T17:00:06.0001757Z # github.com/thc1006/nephoran-intent-operator/pkg/blueprints
2025-08-26T17:00:06.0003811Z ##[error]vet: pkg/blueprints/oran_blueprint_manager.go:72:18: undefined: NetworkFunctionConfigGenerator
2025-08-26T17:00:06.0155352Z # github.com/thc1006/nephoran-intent-operator/pkg/security/mtls
2025-08-26T17:00:06.0160929Z ##[error]pkg/security/mtls/client.go:72:12: not enough arguments in call to logging.NewStructuredLogger
2025-08-26T17:00:06.0165773Z 	have ()
2025-08-26T17:00:06.0166336Z 	want (logging.Config)
2025-08-26T17:00:06.0171492Z ##[error]pkg/security/mtls/identity_manager.go:104:12: not enough arguments in call to logging.NewStructuredLogger
2025-08-26T17:00:06.0221772Z 	have ()
2025-08-26T17:00:06.0222596Z 	want (logging.Config)
2025-08-26T17:00:06.0223868Z ##[error]pkg/security/mtls/identity_manager.go:328:2: declared and not used: req
2025-08-26T17:00:06.0233375Z ##[error]pkg/security/mtls/integration_example.go:41:19: not enough arguments in call to logging.NewStructuredLogger
2025-08-26T17:00:06.0234853Z 	have ()
2025-08-26T17:00:06.0235187Z 	want (logging.Config)
2025-08-26T17:00:06.0236765Z ##[error]pkg/security/mtls/integration_example.go:127:16: identity.Certificate undefined (type *ServiceIdentity has no field or method Certificate)
2025-08-26T17:00:06.0239505Z ##[error]pkg/security/mtls/integration_example.go:132:15: identity.Certificate undefined (type *ServiceIdentity has no field or method Certificate)
2025-08-26T17:00:06.0241971Z ##[error]pkg/security/mtls/integration_example.go:519:12: not enough arguments in call to logging.NewStructuredLogger
2025-08-26T17:00:06.0243345Z 	have ()
2025-08-26T17:00:06.0243655Z 	want (logging.Config)
2025-08-26T17:00:06.0244760Z ##[error]pkg/security/mtls/monitoring.go:164:12: not enough arguments in call to logging.NewStructuredLogger
2025-08-26T17:00:06.0246110Z 	have ()
2025-08-26T17:00:06.0246418Z 	want (logging.Config)
2025-08-26T17:00:06.0247197Z ##[error]pkg/security/mtls/monitoring.go:472:6: declared and not used: key
2025-08-26T17:00:06.0249023Z ##[error]pkg/security/mtls/server.go:104:12: not enough arguments in call to logging.NewStructuredLogger
2025-08-26T17:00:06.0283096Z 	have ()
2025-08-26T17:00:06.0283416Z 	want (logging.Config)
2025-08-26T17:00:06.0284166Z ##[error]pkg/security/mtls/server.go:104:12: too many errors
2025-08-26T17:00:06.3126174Z # github.com/thc1006/nephoran-intent-operator/pkg/testutils
2025-08-26T17:00:06.3129548Z ##[error]pkg/testutils/helpers.go:63:10: cannot use ni.Status.Phase (variable of string type "github.com/thc1006/nephoran-intent-operator/api/v1".NetworkIntentPhase) as string value in return statement
2025-08-26T17:00:06.3149733Z ##[error]pkg/testutils/helpers.go:372:29: invalid operation: ni.Status.Phase == expectedPhase (mismatched types "github.com/thc1006/nephoran-intent-operator/api/v1".NetworkIntentPhase and string)
2025-08-26T17:00:06.3152100Z # github.com/thc1006/nephoran-intent-operator/pkg/config
2025-08-26T17:00:06.3152826Z # [github.com/thc1006/nephoran-intent-operator/pkg/config]
2025-08-26T17:00:06.3153881Z ##[error]vet: pkg/config/config_test.go:4:2: "context" imported and not used
2025-08-26T17:00:06.3163882Z # github.com/thc1006/nephoran-intent-operator/pkg/cnf
2025-08-26T17:00:06.3166597Z # [github.com/thc1006/nephoran-intent-operator/pkg/cnf]
2025-08-26T17:00:06.3171852Z ##[error]vet: pkg/cnf/orchestrator_test.go:67:35: cannot use mockPackageGen (variable of type *MockPackageGenerator) as *nephio.PackageGenerator value in assignment
2025-08-26T17:00:06.6502201Z # github.com/thc1006/nephoran-intent-operator/pkg/controllers/resilience
2025-08-26T17:00:06.6510351Z ##[error]pkg/controllers/resilience/patterns.go:825:17: assignment copies lock value to metricsCopy: github.com/thc1006/nephoran-intent-operator/pkg/controllers/resilience.ResilienceMetrics contains sync.RWMutex
2025-08-26T17:00:06.6515562Z ##[error]pkg/controllers/resilience/timeout_manager.go:424:17: assignment copies lock value to metricsCopy: github.com/thc1006/nephoran-intent-operator/pkg/controllers/resilience.TimeoutMetrics contains sync.RWMutex
2025-08-26T17:00:06.6520885Z ##[error]pkg/controllers/resilience/timeout_manager.go:453:20: assignment copies lock value to operationCopy: github.com/thc1006/nephoran-intent-operator/pkg/controllers/resilience.TimeoutOperation contains sync.RWMutex
2025-08-26T17:00:06.7885599Z # github.com/thc1006/nephoran-intent-operator/pkg/controllers/orchestration
2025-08-26T17:00:06.7902303Z # [github.com/thc1006/nephoran-intent-operator/pkg/controllers/orchestration]
2025-08-26T17:00:06.7904244Z ##[error]vet: pkg/controllers/orchestration/phase_tracker.go:32:6: Conflict redeclared in this block
2025-08-26T17:00:06.8625836Z # github.com/thc1006/nephoran-intent-operator/pkg/controllers/parallel
2025-08-26T17:00:06.8630991Z # [github.com/thc1006/nephoran-intent-operator/pkg/controllers/parallel]
2025-08-26T17:00:06.8636168Z ##[error]vet: pkg/controllers/parallel/chaos_test.go:45:28: undefined: monitoring.ErrorTracker
2025-08-26T17:00:07.6062552Z # github.com/thc1006/nephoran-intent-operator/pkg/errors
2025-08-26T17:00:07.6065606Z # [github.com/thc1006/nephoran-intent-operator/pkg/errors]
2025-08-26T17:00:07.6068559Z ##[error]vet: pkg/errors/runtime_funcforpc_test.go:141:15: invalid operation: entry == "" (mismatched types StackFrame and untyped string)
2025-08-26T17:00:07.7367802Z # github.com/thc1006/nephoran-intent-operator/pkg/generics
2025-08-26T17:00:07.7377774Z # [github.com/thc1006/nephoran-intent-operator/pkg/generics]
2025-08-26T17:00:07.7379521Z ##[error]vet: pkg/generics/examples_test.go:485:8: cannot use generic type Map without instantiation
2025-08-26T17:00:07.7389838Z # github.com/thc1006/nephoran-intent-operator/pkg/edge
2025-08-26T17:00:07.7391797Z # [github.com/thc1006/nephoran-intent-operator/pkg/edge]
2025-08-26T17:00:07.7393924Z ##[error]vet: pkg/edge/edge_controller_complete_test.go:227:7: unknown field ParametersMap in struct literal of type "github.com/thc1006/nephoran-intent-operator/api/v1".NetworkIntentSpec
2025-08-26T17:00:07.9771292Z # github.com/thc1006/nephoran-intent-operator/pkg/global
2025-08-26T17:00:07.9772137Z # [github.com/thc1006/nephoran-intent-operator/pkg/global]
2025-08-26T17:00:07.9781108Z ##[error]vet: pkg/global/traffic_controller_comprehensive_test.go:234:23: cannot use fakePrometheusAPI (variable of type *fakePrometheusAPI) as "github.com/prometheus/client_golang/api/prometheus/v1".API value in struct literal: *fakePrometheusAPI does not implement "github.com/prometheus/client_golang/api/prometheus/v1".API (wrong type for method LabelNames)
2025-08-26T17:00:07.9784951Z 		have LabelNames(context.Context, []string, time.Time, time.Time) ([]string, "github.com/prometheus/client_golang/api/prometheus/v1".Warnings, error)
2025-08-26T17:00:07.9787499Z 		want LabelNames(context.Context, []string, time.Time, time.Time, ..."github.com/prometheus/client_golang/api/prometheus/v1".Option) ([]string, "github.com/prometheus/client_golang/api/prometheus/v1".Warnings, error)
2025-08-26T17:00:08.1941531Z # github.com/thc1006/nephoran-intent-operator/pkg/handlers
2025-08-26T17:00:08.1942572Z # [github.com/thc1006/nephoran-intent-operator/pkg/handlers]
2025-08-26T17:00:08.1944126Z ##[error]vet: pkg/handlers/llm_processor_test.go:799:6: IntentProcessor redeclared in this block
2025-08-26T17:00:08.2638742Z # github.com/thc1006/nephoran-intent-operator/pkg/injection
2025-08-26T17:00:08.2640484Z # [github.com/thc1006/nephoran-intent-operator/pkg/injection]
2025-08-26T17:00:08.2641932Z ##[error]vet: pkg/injection/providers.go:126:16: undefined: git.NewGitClient
2025-08-26T17:00:08.2738847Z # github.com/thc1006/nephoran-intent-operator/pkg/llm/examples
2025-08-26T17:00:08.2741194Z ##[error]vet: pkg/llm/examples/smart_endpoint_usage.go:38:3: unknown field RAGTimeout in struct literal of type llm.ProcessingConfig
2025-08-26T17:00:08.4095702Z # github.com/thc1006/nephoran-intent-operator/pkg/llm
2025-08-26T17:00:08.4101002Z # [github.com/thc1006/nephoran-intent-operator/pkg/llm]
2025-08-26T17:00:08.4106064Z ##[error]vet: pkg/llm/advanced_benchmarks_test.go:638:6: LLMClient redeclared in this block
2025-08-26T17:00:08.4414001Z # github.com/thc1006/nephoran-intent-operator/pkg/monitoring/alerting
2025-08-26T17:00:08.4418261Z # [github.com/thc1006/nephoran-intent-operator/pkg/monitoring/alerting]
2025-08-26T17:00:08.4422965Z ##[error]vet: pkg/monitoring/alerting/alert_router.go:910:46: undefined: Alert
2025-08-26T17:00:08.4642141Z # github.com/thc1006/nephoran-intent-operator/pkg/monitoring/availability
2025-08-26T17:00:08.4645816Z ##[error]pkg/monitoring/availability/reporter.go:351:6: MaintenanceWindow redeclared in this block
2025-08-26T17:00:08.4656164Z ##[error]	pkg/monitoring/availability/calculator.go:115:6: other declaration of MaintenanceWindow
2025-08-26T17:00:08.4658601Z ##[error]pkg/monitoring/availability/synthetic.go:107:6: AlertThresholds redeclared in this block
2025-08-26T17:00:08.4660813Z ##[error]	pkg/monitoring/availability/reporter.go:362:6: other declaration of AlertThresholds
2025-08-26T17:00:08.4663666Z ##[error]pkg/monitoring/availability/synthetic.go:697:63: check.AlertThresholds.ResponseTime undefined (type AlertThresholds has no field or method ResponseTime)
2025-08-26T17:00:08.4666890Z ##[error]pkg/monitoring/availability/synthetic.go:699:46: check.AlertThresholds.ErrorRate undefined (type AlertThresholds has no field or method ErrorRate)
2025-08-26T17:00:08.4669188Z ##[error]pkg/monitoring/availability/synthetic.go:736:62: undefined: CheckResult
2025-08-26T17:00:08.4681735Z ##[error]pkg/monitoring/availability/synthetic.go:738:10: undefined: CheckResult
2025-08-26T17:00:08.4683524Z ##[error]pkg/monitoring/availability/synthetic.go:756:63: undefined: CheckResult
2025-08-26T17:00:08.4685260Z ##[error]pkg/monitoring/availability/synthetic.go:768:66: undefined: CheckResult
2025-08-26T17:00:08.4687033Z ##[error]pkg/monitoring/availability/synthetic.go:782:68: undefined: CheckResult
2025-08-26T17:00:08.4688793Z ##[error]pkg/monitoring/availability/synthetic.go:794:63: undefined: CheckResult
2025-08-26T17:00:08.4690918Z ##[error]pkg/monitoring/availability/synthetic.go:738:10: too many errors
2025-08-26T17:00:08.5315577Z # github.com/thc1006/nephoran-intent-operator/pkg/monitoring/latency
2025-08-26T17:00:08.5317703Z ##[error]vet: pkg/monitoring/latency/e2e_tracker.go:294:19: trace.SpanFromContext undefined (type *IntentTrace has no field or method SpanFromContext)
2025-08-26T17:00:08.5599539Z # github.com/thc1006/nephoran-intent-operator/pkg/monitoring/reporting
2025-08-26T17:00:08.5604406Z ##[error]vet: pkg/monitoring/reporting/performance_reporter.go:348:21: reporter.loadTemplates undefined (type *PerformanceReporter has no field or method loadTemplates)
2025-08-26T17:00:08.5618639Z # github.com/thc1006/nephoran-intent-operator/pkg/monitoring/sla
2025-08-26T17:00:08.5629718Z ##[error]pkg/monitoring/sla/storage.go:121:6: TimeSeries redeclared in this block
2025-08-26T17:00:08.5638571Z ##[error]	pkg/monitoring/sla/calculator.go:1316:6: other declaration of TimeSeries
2025-08-26T17:00:08.5644687Z ##[error]pkg/monitoring/sla/tracker.go:259:6: QueueDepthMonitor redeclared in this block
2025-08-26T17:00:08.5646555Z ##[error]	pkg/monitoring/sla/calculator.go:1244:6: other declaration of QueueDepthMonitor
2025-08-26T17:00:08.5649091Z ##[error]pkg/monitoring/sla/alerting.go:848:20: cannot use &am.alertsGenerated (value of type *"sync/atomic".Uint64) as *uint64 value in argument to atomic.AddUint64
2025-08-26T17:00:08.5652712Z ##[error]pkg/monitoring/sla/alerting.go:886:21: cannot use &am.alertsResolved (value of type *"sync/atomic".Uint64) as *uint64 value in argument to atomic.AddUint64
2025-08-26T17:00:08.5655500Z ##[error]pkg/monitoring/sla/calculator.go:769:20: cannot use &c.calculationCount (value of type *"sync/atomic".Uint64) as *uint64 value in argument to atomic.AddUint64
2025-08-26T17:00:08.5657650Z ##[error]pkg/monitoring/sla/calculator.go:799:38: too many arguments in call to c.stateHistory.Add
2025-08-26T17:00:08.5658900Z 	have (time.Time, number)
2025-08-26T17:00:08.5659262Z 	want (float64)
2025-08-26T17:00:08.5675184Z ##[error]pkg/monitoring/sla/calculator.go:1022:21: cannot use &c.violationCount (value of type *"sync/atomic".Uint64) as *uint64 value in argument to atomic.StoreUint64
2025-08-26T17:00:08.5679238Z ##[error]pkg/monitoring/sla/collector.go:539:20: cannot use &c.droppedMetrics (value of type *"sync/atomic".Uint64) as *uint64 value in argument to atomic.AddUint64
2025-08-26T17:00:08.5683434Z ##[error]pkg/monitoring/sla/collector.go:546:20: cannot use &c.droppedMetrics (value of type *"sync/atomic".Uint64) as *uint64 value in argument to atomic.AddUint64
2025-08-26T17:00:08.5686544Z ##[error]pkg/monitoring/sla/collector.go:554:21: cannot use &c.sampledMetrics (value of type *"sync/atomic".Uint64) as *uint64 value in argument to atomic.AddUint64
2025-08-26T17:00:08.5688689Z ##[error]pkg/monitoring/sla/collector.go:554:21: too many errors
2025-08-26T17:00:08.7322016Z # github.com/thc1006/nephoran-intent-operator/pkg/nephio
2025-08-26T17:00:08.7326396Z # [github.com/thc1006/nephoran-intent-operator/pkg/nephio]
2025-08-26T17:00:08.7331450Z ##[error]vet: pkg/nephio/advanced_benchmarks_test.go:901:6: ResourceRequirements redeclared in this block
2025-08-26T17:00:08.7432947Z # github.com/thc1006/nephoran-intent-operator/pkg/disaster
2025-08-26T17:00:08.7435161Z # [github.com/thc1006/nephoran-intent-operator/pkg/disaster]
2025-08-26T17:00:08.7438478Z ##[error]vet: pkg/disaster/failover_manager_test.go:721:28: method FailoverManager.createRTOPlan already declared at pkg/disaster/failover_manager.go:347:28
2025-08-26T17:00:09.0257190Z # github.com/thc1006/nephoran-intent-operator/pkg/nephio/krm/functions
2025-08-26T17:00:09.0259377Z ##[error]pkg/nephio/krm/functions/network-slice-config.go:459:27: undefined: errors.WithContext
2025-08-26T17:00:09.0262063Z ##[error]pkg/nephio/krm/functions/network-slice-config.go:478:31: undefined: errors.WithContext
2025-08-26T17:00:09.0264680Z ##[error]pkg/nephio/krm/functions/network-slice-config.go:792:33: resource.ParseQuantity undefined (type *porch.KRMResource has no field or method ParseQuantity)
2025-08-26T17:00:09.0267805Z ##[error]pkg/nephio/krm/functions/network-slice-config.go:801:33: resource.ParseQuantity undefined (type *porch.KRMResource has no field or method ParseQuantity)
2025-08-26T17:00:09.0271000Z ##[error]pkg/nephio/krm/functions/network-slice-config.go:802:27: resource.Quantity undefined (type *porch.KRMResource has no field or method Quantity)
2025-08-26T17:00:09.0273767Z ##[error]pkg/nephio/krm/functions/network-slice-config.go:1028:10: cannot define new methods on non-local type porch.KRMResource
2025-08-26T17:00:09.0276312Z ##[error]pkg/nephio/krm/functions/network-slice-config.go:1033:10: cannot define new methods on non-local type porch.KRMResource
2025-08-26T17:00:09.0278491Z ##[error]pkg/nephio/krm/functions/o-ran-interface.go:932:27: undefined: errors.WithContext
2025-08-26T17:00:09.0280917Z ##[error]pkg/nephio/krm/functions/o-ran-interface.go:949:31: undefined: errors.WithContext
2025-08-26T17:00:09.0283247Z ##[error]pkg/nephio/krm/functions/o-ran-interface.go:1537:5: unknown field Type in struct literal of type porch.KRMResource
2025-08-26T17:00:09.0285174Z ##[error]pkg/nephio/krm/functions/o-ran-interface.go:1537:5: too many errors
2025-08-26T17:00:09.1870840Z # github.com/thc1006/nephoran-intent-operator/pkg/nephio/blueprint
2025-08-26T17:00:09.1874953Z # [github.com/thc1006/nephoran-intent-operator/pkg/nephio/blueprint]
2025-08-26T17:00:09.1879752Z ##[error]vet: pkg/nephio/blueprint/validator.go:60:6: ValidationResult redeclared in this block
2025-08-26T17:00:09.2622553Z # github.com/thc1006/nephoran-intent-operator/pkg/nephio/multicluster
2025-08-26T17:00:09.2627270Z # [github.com/thc1006/nephoran-intent-operator/pkg/nephio/multicluster]
2025-08-26T17:00:09.2632381Z ##[error]vet: pkg/nephio/multicluster/customizer.go:11:2: types redeclared in this block
2025-08-26T17:00:09.3953627Z # github.com/thc1006/nephoran-intent-operator/pkg/nephio/porch [github.com/thc1006/nephoran-intent-operator/pkg/nephio/porch.test]
2025-08-26T17:00:09.3955709Z ##[error]pkg/nephio/porch/client_test.go:34:2: runtime redeclared in this block
2025-08-26T17:00:09.3957580Z ##[error]	pkg/nephio/porch/client_test.go:22:2: other declaration of runtime
2025-08-26T17:00:09.3959283Z ##[error]pkg/nephio/porch/client_test.go:134:80: undefined: TransformationRequest
2025-08-26T17:00:09.3965372Z ##[error]pkg/nephio/porch/client_test.go:134:105: undefined: TransformationResponse
2025-08-26T17:00:09.3967155Z ##[error]pkg/nephio/porch/client_test.go:139:76: undefined: ORANValidationRequest
2025-08-26T17:00:09.3968893Z ##[error]pkg/nephio/porch/client_test.go:139:101: undefined: ORANValidationResponse
2025-08-26T17:00:09.3973970Z ##[error]pkg/nephio/porch/function_runner_test.go:77:73: undefined: FunctionExecutionRequest
2025-08-26T17:00:09.3975996Z ##[error]pkg/nephio/porch/function_runner_test.go:77:101: undefined: FunctionExecutionResult
2025-08-26T17:00:09.3977993Z ##[error]pkg/nephio/porch/function_runner_test.go:105:73: undefined: FunctionExecutionRequest
2025-08-26T17:00:09.3990297Z ##[error]pkg/nephio/porch/function_runner_test.go:110:105: undefined: ResourceRequirement
2025-08-26T17:00:09.3992337Z ##[error]pkg/nephio/porch/function_runner_test.go:120:73: undefined: QuotaUsage
2025-08-26T17:00:09.3994132Z ##[error]pkg/nephio/porch/function_runner_test.go:120:73: too many errors
2025-08-26T17:00:09.5793731Z # github.com/thc1006/nephoran-intent-operator/pkg/optimization
2025-08-26T17:00:09.5805992Z ##[error]vet: pkg/optimization/recommendation_engine.go:78:6: OptimizationStrategy redeclared in this block
2025-08-26T17:00:09.6420421Z # github.com/thc1006/nephoran-intent-operator/pkg/oran
2025-08-26T17:00:09.6421674Z # [github.com/thc1006/nephoran-intent-operator/pkg/oran]
2025-08-26T17:00:09.6435971Z ##[error]vet: pkg/oran/tls_helper_test.go:251:61: not enough arguments in call to GetRecommendedTLSConfig
2025-08-26T17:00:09.6438053Z 	have (string, string, string)
2025-08-26T17:00:09.6440741Z 	want (string, string, string, string)
2025-08-26T17:00:09.7888571Z # github.com/thc1006/nephoran-intent-operator/pkg/oran/a1
2025-08-26T17:00:09.7889408Z # [github.com/thc1006/nephoran-intent-operator/pkg/oran/a1]
2025-08-26T17:00:09.7890861Z ##[error]vet: pkg/oran/a1/errors_test.go:583:6: A1Error redeclared in this block
2025-08-26T17:00:09.8397309Z # github.com/thc1006/nephoran-intent-operator/pkg/nephio/dependencies
2025-08-26T17:00:09.8398839Z ##[error]vet: pkg/nephio/dependencies/updater.go:972:6: generateAnalysisID redeclared in this block
2025-08-26T17:00:10.0059800Z # github.com/thc1006/nephoran-intent-operator/pkg/nephio/workload
2025-08-26T17:00:10.0065094Z ##[error]vet: pkg/nephio/workload/monitor.go:45:6: HealthCheck redeclared in this block
2025-08-26T17:00:10.0463922Z # github.com/thc1006/nephoran-intent-operator/pkg/oran/e2
2025-08-26T17:00:10.0468694Z # [github.com/thc1006/nephoran-intent-operator/pkg/oran/e2]
2025-08-26T17:00:10.0475030Z ##[error]vet: pkg/oran/e2/e2ap_codecs_test.go:566:26: method E2APMessageType.String already declared at pkg/oran/e2/e2_interface_test.go:507:26
2025-08-26T17:00:10.0571023Z # github.com/thc1006/nephoran-intent-operator/pkg/oran/a1/security
2025-08-26T17:00:10.0572812Z ##[error]vet: pkg/oran/a1/security/encryption.go:52:2: ComplianceHIPAA redeclared in this block
2025-08-26T17:00:13.4728733Z # github.com/thc1006/nephoran-intent-operator/pkg/oran/o2
2025-08-26T17:00:13.4731778Z ##[error]pkg/oran/o2/inventory_management.go:78:6: Asset redeclared in this block
2025-08-26T17:00:13.4735027Z ##[error]	pkg/oran/o2/api_utils.go:354:6: other declaration of Asset
2025-08-26T17:00:13.4740780Z ##[error]pkg/oran/o2/inventory_management.go:153:6: AssetFilter redeclared in this block
2025-08-26T17:00:13.4746274Z ##[error]	pkg/oran/o2/api_utils.go:345:6: other declaration of AssetFilter
2025-08-26T17:00:13.4751953Z ##[error]pkg/oran/o2/monitoring_integrations.go:196:6: AlertRule redeclared in this block
2025-08-26T17:00:13.4757516Z ##[error]	pkg/oran/o2/helper_types.go:634:6: other declaration of AlertRule
2025-08-26T17:00:13.4763234Z ##[error]pkg/oran/o2/o2_adaptor.go:22:6: O2AdaptorInterface redeclared in this block
2025-08-26T17:00:13.4768617Z ##[error]	pkg/oran/o2/adaptor.go:21:6: other declaration of O2AdaptorInterface
2025-08-26T17:00:13.4774395Z ##[error]pkg/oran/o2/o2_adaptor.go:57:6: O2Adaptor redeclared in this block
2025-08-26T17:00:13.4779824Z ##[error]	pkg/oran/o2/adaptor.go:78:6: other declaration of O2Adaptor
2025-08-26T17:00:13.4785600Z ##[error]pkg/oran/o2/o2_adaptor.go:64:6: O2Config redeclared in this block
2025-08-26T17:00:13.4791319Z ##[error]	pkg/oran/o2/adaptor.go:110:6: other declaration of O2Config
2025-08-26T17:00:13.4793494Z ##[error]pkg/oran/o2/o2_adaptor.go:244:6: InfrastructureMetrics redeclared in this block
2025-08-26T17:00:13.4795844Z ##[error]	pkg/oran/o2/infrastructure_monitoring.go:77:6: other declaration of InfrastructureMetrics
2025-08-26T17:00:13.4797932Z ##[error]pkg/oran/o2/o2_adaptor.go:298:6: NewO2Adaptor redeclared in this block
2025-08-26T17:00:13.4800081Z ##[error]	pkg/oran/o2/adaptor.go:225:6: other declaration of NewO2Adaptor
2025-08-26T17:00:13.4802140Z ##[error]pkg/oran/o2/o2_adaptor.go:822:6: HealthCheckConfig redeclared in this block
2025-08-26T17:00:13.4804399Z ##[error]	pkg/oran/o2/infrastructure_resource_manager.go:326:6: other declaration of HealthCheckConfig
2025-08-26T17:00:13.4806715Z ##[error]pkg/oran/o2/o2_adaptor.go:828:6: DeploymentStatus redeclared in this block
2025-08-26T17:00:13.4808718Z ##[error]	pkg/oran/o2/helper_types.go:405:6: other declaration of DeploymentStatus
2025-08-26T17:00:13.4810910Z ##[error]pkg/oran/o2/o2_adaptor.go:828:6: too many errors
2025-08-26T17:00:19.2331858Z # github.com/thc1006/nephoran-intent-operator/pkg/oran/o1 [github.com/thc1006/nephoran-intent-operator/pkg/oran/o1.test]
2025-08-26T17:00:19.2337239Z ##[error]pkg/oran/o1/o1_integration_test.go:52:30: undefined: nephoranv1.Credentials
2025-08-26T17:00:19.2343956Z ##[error]pkg/oran/o1/o1_integration_test.go:69:6: unknown field Phase in struct literal of type "github.com/thc1006/nephoran-intent-operator/api/v1".ManagedElementStatus
2025-08-26T17:00:19.2346723Z ##[error]pkg/oran/o1/o1_integration_test.go:88:30: undefined: nephoranv1.Credentials
2025-08-26T17:00:19.2349685Z ##[error]pkg/oran/o1/o1_integration_test.go:109:6: unknown field Phase in struct literal of type "github.com/thc1006/nephoran-intent-operator/api/v1".ManagedElementStatus
2025-08-26T17:00:19.2352116Z ##[error]pkg/oran/o1/o1_integration_test.go:128:30: undefined: nephoranv1.Credentials
2025-08-26T17:00:19.2353971Z ##[error]pkg/oran/o1/o1_integration_test.go:251:26: not enough arguments in call to NewO1Adaptor
2025-08-26T17:00:19.2355294Z 	have (*O1Config)
2025-08-26T17:00:19.2355922Z 	want (*O1Config, "sigs.k8s.io/controller-runtime/pkg/client".Client)
2025-08-26T17:00:19.2357050Z ##[error]pkg/oran/o1/o1_integration_test.go:269:29: undefined: nephoranv1.Credentials
2025-08-26T17:00:19.2360817Z ##[error]pkg/oran/o1/o1_integration_test.go:280:47: validME.Spec.Credentials.Username undefined (type "github.com/thc1006/nephoran-intent-operator/api/v1".ManagedElementCredentials has no field or method Username)
2025-08-26T17:00:19.2364542Z ##[error]pkg/oran/o1/o1_integration_test.go:293:13: me.Status.Phase undefined (type "github.com/thc1006/nephoran-intent-operator/api/v1".ManagedElementStatus has no field or method Phase)
2025-08-26T17:00:19.2366985Z ##[error]pkg/oran/o1/o1_integration_test.go:294:39: undefined: nephoranv1.ManagedElementCondition
2025-08-26T17:00:19.2368923Z ##[error]pkg/oran/o1/o1_integration_test.go:294:39: too many errors
2025-08-26T17:00:19.6004063Z # github.com/thc1006/nephoran-intent-operator/pkg/packagerevision
2025-08-26T17:00:19.6009504Z ##[error]pkg/packagerevision/factory.go:40:86: undefined: porch.LifecycleManagerConfig
2025-08-26T17:00:19.6015302Z ##[error]pkg/packagerevision/factory.go:40:117: undefined: porch.LifecycleManager
2025-08-26T17:00:19.6020855Z ##[error]pkg/packagerevision/factory.go:66:25: undefined: porch.LifecycleManager
2025-08-26T17:00:19.6026292Z ##[error]pkg/packagerevision/factory.go:76:30: undefined: porch.LifecycleManagerConfig
2025-08-26T17:00:19.6032267Z ##[error]pkg/packagerevision/factory.go:406:109: undefined: porch.LifecycleManagerConfig
2025-08-26T17:00:19.6034841Z ##[error]pkg/packagerevision/factory.go:406:140: undefined: porch.LifecycleManager
2025-08-26T17:00:19.6036635Z ##[error]pkg/packagerevision/manager.go:75:25: undefined: porch.LifecycleManager
2025-08-26T17:00:19.6038357Z ##[error]pkg/packagerevision/manager.go:121:28: undefined: porch.RollbackPoint
2025-08-26T17:00:19.6040212Z ##[error]pkg/packagerevision/manager.go:238:27: undefined: porch.RollbackPoint
2025-08-26T17:00:19.6041934Z ##[error]pkg/packagerevision/integration.go:51:25: undefined: porch.LifecycleManager
2025-08-26T17:00:19.6043507Z ##[error]pkg/packagerevision/factory.go:406:140: too many errors
2025-08-26T17:00:19.7341958Z # github.com/thc1006/nephoran-intent-operator/pkg/performance
2025-08-26T17:00:19.7421332Z # [github.com/thc1006/nephoran-intent-operator/pkg/performance]
2025-08-26T17:00:19.7422876Z ##[error]vet: pkg/performance/comprehensive_benchmarks_test.go:996:6: ComprehensiveTestEnvironment redeclared in this block
2025-08-26T17:00:19.7952455Z # github.com/thc1006/nephoran-intent-operator/pkg/templates
2025-08-26T17:00:19.7955015Z ##[error]pkg/templates/engine.go:303:2: struct field mTLSEnabled has json tag but is not exported
2025-08-26T17:00:20.8696691Z # github.com/thc1006/nephoran-intent-operator/pkg/performance/regression
2025-08-26T17:00:20.8697930Z # [github.com/thc1006/nephoran-intent-operator/pkg/performance/regression]
2025-08-26T17:00:20.8701296Z ##[error]vet: pkg/performance/regression/intelligent_regression_engine.go:1238:37: method IntelligentAlertManager.ProcessRegressionAnalysis already declared at pkg/performance/regression/intelligent_alert_manager.go:321:37
2025-08-26T17:00:21.8200451Z # github.com/thc1006/nephoran-intent-operator/pkg/security
2025-08-26T17:00:21.8205156Z # [github.com/thc1006/nephoran-intent-operator/pkg/security]
2025-08-26T17:00:21.8210462Z ##[error]vet: pkg/security/security_test.go:100:24: undefined: config.NewSecretLoader
2025-08-26T17:00:22.0161909Z # github.com/thc1006/nephoran-intent-operator/pkg/services
2025-08-26T17:00:22.0162970Z # [github.com/thc1006/nephoran-intent-operator/pkg/services]
2025-08-26T17:00:22.0167543Z ##[error]vet: pkg/services/llm_processor.go:17:29: undefined: config.KubernetesSecretManager
2025-08-26T17:00:22.1645052Z # github.com/thc1006/nephoran-intent-operator/pkg/testutil/auth
2025-08-26T17:00:22.1650866Z ##[error]vet: pkg/testutil/auth/testing.go:96:52: not enough arguments in call to auth.NewJWTManager
2025-08-26T17:00:22.1657164Z 	have (*"github.com/thc1006/nephoran-intent-operator/pkg/auth".JWTConfig, *slog.Logger)
2025-08-26T17:00:22.1660562Z 	want (*"github.com/thc1006/nephoran-intent-operator/pkg/auth".JWTConfig, "github.com/thc1006/nephoran-intent-operator/pkg/auth".TokenStore, "github.com/thc1006/nephoran-intent-operator/pkg/auth".TokenBlacklist, *slog.Logger)
2025-08-26T17:00:22.6872489Z # github.com/thc1006/nephoran-intent-operator/pkg/webhooks
2025-08-26T17:00:22.6876801Z # [github.com/thc1006/nephoran-intent-operator/pkg/webhooks]
2025-08-26T17:00:22.6879884Z ##[error]vet: pkg/webhooks/networkintent_webhook_test.go:429:6: TestValidateIntentContent redeclared in this block
2025-08-26T17:00:23.1466113Z # github.com/thc1006/nephoran-intent-operator/scripts
2025-08-26T17:00:23.1470794Z # [github.com/thc1006/nephoran-intent-operator/scripts]
2025-08-26T17:00:23.1476415Z ##[error]vet: scripts/performance-regression-test.go:114:6: main redeclared in this block
2025-08-26T17:00:23.2670558Z # github.com/thc1006/nephoran-intent-operator/pkg/oran/o2/providers
2025-08-26T17:00:23.2671574Z # [github.com/thc1006/nephoran-intent-operator/pkg/oran/o2/providers]
2025-08-26T17:00:23.2689507Z ##[error]vet: pkg/oran/o2/providers/kubernetes_test.go:320:21: undefined: appsv1.Scale
2025-08-26T17:00:23.6371968Z # github.com/thc1006/nephoran-intent-operator/tests/framework
2025-08-26T17:00:23.6377343Z ##[error]tests/framework/mocks.go:394:47: undefined: graphql.Query
2025-08-26T17:00:23.6383273Z ##[error]tests/framework/mocks.go:396:31: undefined: graphql.Query
2025-08-26T17:00:23.7140242Z # github.com/thc1006/nephoran-intent-operator/pkg/oran/o2
2025-08-26T17:00:23.7141068Z # [github.com/thc1006/nephoran-intent-operator/pkg/oran/o2]
2025-08-26T17:00:23.7142380Z ##[error]vet: pkg/oran/o2/inventory_management.go:78:6: Asset redeclared in this block
2025-08-26T17:00:23.7678340Z # github.com/thc1006/nephoran-intent-operator/tests/cnf
2025-08-26T17:00:23.7683177Z # [github.com/thc1006/nephoran-intent-operator/tests/cnf]
2025-08-26T17:00:23.7685958Z ##[error]vet: tests/cnf/integration_test.go:49:10: undefined: corev1
2025-08-26T17:00:24.1116965Z # github.com/thc1006/nephoran-intent-operator/tests/o2/mocks
2025-08-26T17:00:24.1118563Z ##[error]tests/o2/mocks/cloud_providers.go:28:72: undefined: providers.Region
2025-08-26T17:00:24.1120793Z ##[error]tests/o2/mocks/cloud_providers.go:33:97: undefined: providers.AvailabilityZone
2025-08-26T17:00:24.1122801Z ##[error]tests/o2/mocks/cloud_providers.go:38:82: undefined: providers.CreateResourcePoolRequest
2025-08-26T17:00:24.1124946Z ##[error]tests/o2/mocks/cloud_providers.go:48:97: undefined: providers.UpdateResourcePoolRequest
2025-08-26T17:00:24.1126868Z ##[error]tests/o2/mocks/cloud_providers.go:58:84: undefined: providers.ResourcePoolFilter
2025-08-26T17:00:24.1128857Z ##[error]tests/o2/mocks/cloud_providers.go:63:85: undefined: providers.CreateComputeInstanceRequest
2025-08-26T17:00:24.1131060Z ##[error]tests/o2/mocks/cloud_providers.go:63:124: undefined: models.ResourceInstance
2025-08-26T17:00:24.1132851Z ##[error]tests/o2/mocks/cloud_providers.go:73:95: undefined: models.ResourceInstance
2025-08-26T17:00:24.1134622Z ##[error]tests/o2/mocks/cloud_providers.go:78:93: undefined: providers.InstanceType
2025-08-26T17:00:24.1136396Z ##[error]tests/o2/mocks/cloud_providers.go:83:95: undefined: models.ResourceMetrics
2025-08-26T17:00:24.1138026Z ##[error]tests/o2/mocks/cloud_providers.go:83:95: too many errors
2025-08-26T17:00:24.1914673Z # github.com/thc1006/nephoran-intent-operator/tests/performance/scenarios
2025-08-26T17:00:24.1919086Z # [github.com/thc1006/nephoran-intent-operator/tests/performance/scenarios]
2025-08-26T17:00:24.1920965Z ##[error]vet: tests/performance/scenarios/endurance_test.go:484:70: 1.5 (untyped float constant) truncated to int64
2025-08-26T17:00:24.6204815Z # github.com/thc1006/nephoran-intent-operator/security/compliance
2025-08-26T17:00:24.6205724Z # [github.com/thc1006/nephoran-intent-operator/security/compliance]
2025-08-26T17:00:24.6207325Z ##[error]vet: security/compliance/comprehensive-compliance-framework.go:138:20: undefined: NISTProtectFunction
2025-08-26T17:00:24.9092708Z make: *** [Makefile:215: vet] Error 1
2025-08-26T17:00:24.9101468Z ##[error]Process completed with exit code 2.
2025-08-26T17:00:24.9195867Z Post job cleanup.
2025-08-26T17:00:25.0133829Z [command]/usr/bin/git version
2025-08-26T17:00:25.0170758Z git version 2.51.0
2025-08-26T17:00:25.0213528Z Temporarily overriding HOME='/home/runner/work/_temp/712bebbc-270a-458f-a71e-9398198cbdec' before making global git config changes
2025-08-26T17:00:25.0215213Z Adding repository directory to the temporary git global config as a safe directory
2025-08-26T17:00:25.0219300Z [command]/usr/bin/git config --global --add safe.directory /home/runner/work/nephoran-intent-operator/nephoran-intent-operator
2025-08-26T17:00:25.0262602Z [command]/usr/bin/git config --local --name-only --get-regexp core\.sshCommand
2025-08-26T17:00:25.0293701Z [command]/usr/bin/git submodule foreach --recursive sh -c "git config --local --name-only --get-regexp 'core\.sshCommand' && git config --local --unset-all 'core.sshCommand' || :"
2025-08-26T17:00:25.0519289Z [command]/usr/bin/git config --local --name-only --get-regexp http\.https\:\/\/github\.com\/\.extraheader
2025-08-26T17:00:25.0540799Z http.https://github.com/.extraheader
2025-08-26T17:00:25.0553750Z [command]/usr/bin/git config --local --unset-all http.https://github.com/.extraheader
2025-08-26T17:00:25.0584866Z [command]/usr/bin/git submodule foreach --recursive sh -c "git config --local --name-only --get-regexp 'http\.https\:\/\/github\.com\/\.extraheader' && git config --local --unset-all 'http.https://github.com/.extraheader' || :"
2025-08-26T17:00:25.0913554Z Cleaning up orphan processes
