⚡ Fast Validation	Set up job	﻿2025-09-05T01:24:16.7472625Z Current runner version: '2.328.0'
⚡ Fast Validation	Set up job	2025-09-05T01:24:16.7498076Z ##[group]Runner Image Provisioner
⚡ Fast Validation	Set up job	2025-09-05T01:24:16.7498854Z Hosted Compute Agent
⚡ Fast Validation	Set up job	2025-09-05T01:24:16.7499540Z Version: 20250829.383
⚡ Fast Validation	Set up job	2025-09-05T01:24:16.7500125Z Commit: 27cb235aab5b0e52e153a26cd86b4742e89dac5d
⚡ Fast Validation	Set up job	2025-09-05T01:24:16.7500793Z Build Date: 2025-08-29T13:48:48Z
⚡ Fast Validation	Set up job	2025-09-05T01:24:16.7501431Z ##[endgroup]
⚡ Fast Validation	Set up job	2025-09-05T01:24:16.7501997Z ##[group]Operating System
⚡ Fast Validation	Set up job	2025-09-05T01:24:16.7502523Z Ubuntu
⚡ Fast Validation	Set up job	2025-09-05T01:24:16.7503075Z 24.04.3
⚡ Fast Validation	Set up job	2025-09-05T01:24:16.7503546Z LTS
⚡ Fast Validation	Set up job	2025-09-05T01:24:16.7504010Z ##[endgroup]
⚡ Fast Validation	Set up job	2025-09-05T01:24:16.7504508Z ##[group]Runner Image
⚡ Fast Validation	Set up job	2025-09-05T01:24:16.7505110Z Image: ubuntu-24.04
⚡ Fast Validation	Set up job	2025-09-05T01:24:16.7505645Z Version: 20250831.1.0
⚡ Fast Validation	Set up job	2025-09-05T01:24:16.7506652Z Included Software: https://github.com/actions/runner-images/blob/ubuntu24/20250831.1/images/ubuntu/Ubuntu2404-Readme.md
⚡ Fast Validation	Set up job	2025-09-05T01:24:16.7508448Z Image Release: https://github.com/actions/runner-images/releases/tag/ubuntu24%2F20250831.1
⚡ Fast Validation	Set up job	2025-09-05T01:24:16.7509790Z ##[endgroup]
⚡ Fast Validation	Set up job	2025-09-05T01:24:16.7510833Z ##[group]GITHUB_TOKEN Permissions
⚡ Fast Validation	Set up job	2025-09-05T01:24:16.7512932Z Contents: read
⚡ Fast Validation	Set up job	2025-09-05T01:24:16.7513488Z Metadata: read
⚡ Fast Validation	Set up job	2025-09-05T01:24:16.7514004Z Packages: read
⚡ Fast Validation	Set up job	2025-09-05T01:24:16.7514450Z ##[endgroup]
⚡ Fast Validation	Set up job	2025-09-05T01:24:16.7516735Z Secret source: Actions
⚡ Fast Validation	Set up job	2025-09-05T01:24:16.7517946Z Prepare workflow directory
⚡ Fast Validation	Set up job	2025-09-05T01:24:16.8272233Z Prepare all required actions
⚡ Fast Validation	Set up job	2025-09-05T01:24:16.8331264Z Getting action download info
⚡ Fast Validation	Set up job	2025-09-05T01:24:17.1023820Z Download action repository 'actions/checkout@v4' (SHA:08eba0b27e820071cde6df949e0beb9ba4906955)
⚡ Fast Validation	Set up job	2025-09-05T01:24:17.1680880Z Download action repository 'actions/setup-go@v5' (SHA:d35c59abb061a4a6fb18e82ac0862c26744d6ab5)
⚡ Fast Validation	Set up job	2025-09-05T01:24:17.5470278Z Download action repository 'actions/cache@v4' (SHA:0400d5f644dc74513175e3cd8d07132dd4860809)
⚡ Fast Validation	Set up job	2025-09-05T01:24:17.8119961Z Complete job name: ⚡ Fast Validation
⚡ Fast Validation	Checkout code	﻿2025-09-05T01:24:17.8877454Z ##[group]Run actions/checkout@v4
⚡ Fast Validation	Checkout code	2025-09-05T01:24:17.8878488Z with:
⚡ Fast Validation	Checkout code	2025-09-05T01:24:17.8879058Z   repository: thc1006/nephoran-intent-operator
⚡ Fast Validation	Checkout code	2025-09-05T01:24:17.8880130Z   token: ***
⚡ Fast Validation	Checkout code	2025-09-05T01:24:17.8880558Z   ssh-strict: true
⚡ Fast Validation	Checkout code	2025-09-05T01:24:17.8881014Z   ssh-user: git
⚡ Fast Validation	Checkout code	2025-09-05T01:24:17.8881482Z   persist-credentials: true
⚡ Fast Validation	Checkout code	2025-09-05T01:24:17.8882040Z   clean: true
⚡ Fast Validation	Checkout code	2025-09-05T01:24:17.8882508Z   sparse-checkout-cone-mode: true
⚡ Fast Validation	Checkout code	2025-09-05T01:24:17.8883148Z   fetch-depth: 1
⚡ Fast Validation	Checkout code	2025-09-05T01:24:17.8883603Z   fetch-tags: false
⚡ Fast Validation	Checkout code	2025-09-05T01:24:17.8884085Z   show-progress: true
⚡ Fast Validation	Checkout code	2025-09-05T01:24:17.8884565Z   lfs: false
⚡ Fast Validation	Checkout code	2025-09-05T01:24:17.8884974Z   submodules: false
⚡ Fast Validation	Checkout code	2025-09-05T01:24:17.8885480Z   set-safe-directory: true
⚡ Fast Validation	Checkout code	2025-09-05T01:24:17.8886234Z env:
⚡ Fast Validation	Checkout code	2025-09-05T01:24:17.8886696Z   GO_VERSION: 1.22
⚡ Fast Validation	Checkout code	2025-09-05T01:24:17.8887410Z   GOPROXY: https://proxy.golang.org,direct
⚡ Fast Validation	Checkout code	2025-09-05T01:24:17.8888178Z   GOSUMDB: sum.golang.org
⚡ Fast Validation	Checkout code	2025-09-05T01:24:17.8888712Z   CGO_ENABLED: 0
⚡ Fast Validation	Checkout code	2025-09-05T01:24:17.8889146Z   GOMAXPROCS: 4
⚡ Fast Validation	Checkout code	2025-09-05T01:24:17.8889620Z   GOMEMLIMIT: 8GiB
⚡ Fast Validation	Checkout code	2025-09-05T01:24:17.8890064Z   GOGC: 75
⚡ Fast Validation	Checkout code	2025-09-05T01:24:17.8890456Z   GO_DISABLE_TELEMETRY: 1
⚡ Fast Validation	Checkout code	2025-09-05T01:24:17.8891245Z   BUILD_FLAGS: -trimpath -ldflags='-s -w -extldflags=-static'
⚡ Fast Validation	Checkout code	2025-09-05T01:24:17.8892198Z   TEST_FLAGS: -race -count=1 -timeout=15m
⚡ Fast Validation	Checkout code	2025-09-05T01:24:17.8892900Z   CACHE_VERSION: v2025-1
⚡ Fast Validation	Checkout code	2025-09-05T01:24:17.8893397Z ##[endgroup]
⚡ Fast Validation	Checkout code	2025-09-05T01:24:17.9950809Z Syncing repository: thc1006/nephoran-intent-operator
⚡ Fast Validation	Checkout code	2025-09-05T01:24:17.9953067Z ##[group]Getting Git version info
⚡ Fast Validation	Checkout code	2025-09-05T01:24:17.9954479Z Working directory is '/home/runner/work/nephoran-intent-operator/nephoran-intent-operator'
⚡ Fast Validation	Checkout code	2025-09-05T01:24:17.9956305Z [command]/usr/bin/git version
⚡ Fast Validation	Checkout code	2025-09-05T01:24:17.9987416Z git version 2.51.0
⚡ Fast Validation	Checkout code	2025-09-05T01:24:18.0013453Z ##[endgroup]
⚡ Fast Validation	Checkout code	2025-09-05T01:24:18.0036468Z Temporarily overriding HOME='/home/runner/work/_temp/38b8e601-e66a-4b12-9fb2-8de3642eee08' before making global git config changes
⚡ Fast Validation	Checkout code	2025-09-05T01:24:18.0041111Z Adding repository directory to the temporary git global config as a safe directory
⚡ Fast Validation	Checkout code	2025-09-05T01:24:18.0045641Z [command]/usr/bin/git config --global --add safe.directory /home/runner/work/nephoran-intent-operator/nephoran-intent-operator
⚡ Fast Validation	Checkout code	2025-09-05T01:24:18.0077688Z Deleting the contents of '/home/runner/work/nephoran-intent-operator/nephoran-intent-operator'
⚡ Fast Validation	Checkout code	2025-09-05T01:24:18.0081170Z ##[group]Initializing the repository
⚡ Fast Validation	Checkout code	2025-09-05T01:24:18.0087169Z [command]/usr/bin/git init /home/runner/work/nephoran-intent-operator/nephoran-intent-operator
⚡ Fast Validation	Checkout code	2025-09-05T01:24:18.0143177Z hint: Using 'master' as the name for the initial branch. This default branch name
⚡ Fast Validation	Checkout code	2025-09-05T01:24:18.0145818Z hint: is subject to change. To configure the initial branch name to use in all
⚡ Fast Validation	Checkout code	2025-09-05T01:24:18.0148458Z hint: of your new repositories, which will suppress this warning, call:
⚡ Fast Validation	Checkout code	2025-09-05T01:24:18.0149571Z hint:
⚡ Fast Validation	Checkout code	2025-09-05T01:24:18.0150177Z hint: 	git config --global init.defaultBranch <name>
⚡ Fast Validation	Checkout code	2025-09-05T01:24:18.0151322Z hint:
⚡ Fast Validation	Checkout code	2025-09-05T01:24:18.0152347Z hint: Names commonly chosen instead of 'master' are 'main', 'trunk' and
⚡ Fast Validation	Checkout code	2025-09-05T01:24:18.0153854Z hint: 'development'. The just-created branch can be renamed via this command:
⚡ Fast Validation	Checkout code	2025-09-05T01:24:18.0154962Z hint:
⚡ Fast Validation	Checkout code	2025-09-05T01:24:18.0155394Z hint: 	git branch -m <name>
⚡ Fast Validation	Checkout code	2025-09-05T01:24:18.0155992Z hint:
⚡ Fast Validation	Checkout code	2025-09-05T01:24:18.0157230Z hint: Disable this message with "git config set advice.defaultBranchName false"
⚡ Fast Validation	Checkout code	2025-09-05T01:24:18.0159630Z Initialized empty Git repository in /home/runner/work/nephoran-intent-operator/nephoran-intent-operator/.git/
⚡ Fast Validation	Checkout code	2025-09-05T01:24:18.0162643Z [command]/usr/bin/git remote add origin https://github.com/thc1006/nephoran-intent-operator
⚡ Fast Validation	Checkout code	2025-09-05T01:24:18.0192896Z ##[endgroup]
⚡ Fast Validation	Checkout code	2025-09-05T01:24:18.0194351Z ##[group]Disabling automatic garbage collection
⚡ Fast Validation	Checkout code	2025-09-05T01:24:18.0195713Z [command]/usr/bin/git config --local gc.auto 0
⚡ Fast Validation	Checkout code	2025-09-05T01:24:18.0224639Z ##[endgroup]
⚡ Fast Validation	Checkout code	2025-09-05T01:24:18.0225961Z ##[group]Setting up auth
⚡ Fast Validation	Checkout code	2025-09-05T01:24:18.0230944Z [command]/usr/bin/git config --local --name-only --get-regexp core\.sshCommand
⚡ Fast Validation	Checkout code	2025-09-05T01:24:18.0260794Z [command]/usr/bin/git submodule foreach --recursive sh -c "git config --local --name-only --get-regexp 'core\.sshCommand' && git config --local --unset-all 'core.sshCommand' || :"
⚡ Fast Validation	Checkout code	2025-09-05T01:24:18.0514227Z [command]/usr/bin/git config --local --name-only --get-regexp http\.https\:\/\/github\.com\/\.extraheader
⚡ Fast Validation	Checkout code	2025-09-05T01:24:18.0547676Z [command]/usr/bin/git submodule foreach --recursive sh -c "git config --local --name-only --get-regexp 'http\.https\:\/\/github\.com\/\.extraheader' && git config --local --unset-all 'http.https://github.com/.extraheader' || :"
⚡ Fast Validation	Checkout code	2025-09-05T01:24:18.0766223Z [command]/usr/bin/git config --local http.https://github.com/.extraheader AUTHORIZATION: basic ***
⚡ Fast Validation	Checkout code	2025-09-05T01:24:18.0810165Z ##[endgroup]
⚡ Fast Validation	Checkout code	2025-09-05T01:24:18.0811716Z ##[group]Fetching the repository
⚡ Fast Validation	Checkout code	2025-09-05T01:24:18.0821923Z [command]/usr/bin/git -c protocol.version=2 fetch --no-tags --prune --no-recurse-submodules --depth=1 origin +118db36765dd360d4df520f68f0a21c1958d5f71:refs/remotes/origin/feat/porch-direct
⚡ Fast Validation	Checkout code	2025-09-05T01:24:20.6620137Z From https://github.com/thc1006/nephoran-intent-operator
⚡ Fast Validation	Checkout code	2025-09-05T01:24:20.6620959Z  * [new ref]         118db36765dd360d4df520f68f0a21c1958d5f71 -> origin/feat/porch-direct
⚡ Fast Validation	Checkout code	2025-09-05T01:24:20.6654541Z ##[endgroup]
⚡ Fast Validation	Checkout code	2025-09-05T01:24:20.6655673Z ##[group]Determining the checkout info
⚡ Fast Validation	Checkout code	2025-09-05T01:24:20.6656730Z ##[endgroup]
⚡ Fast Validation	Checkout code	2025-09-05T01:24:20.6660960Z [command]/usr/bin/git sparse-checkout disable
⚡ Fast Validation	Checkout code	2025-09-05T01:24:20.6702064Z [command]/usr/bin/git config --local --unset-all extensions.worktreeConfig
⚡ Fast Validation	Checkout code	2025-09-05T01:24:20.6732132Z ##[group]Checking out the ref
⚡ Fast Validation	Checkout code	2025-09-05T01:24:20.6735095Z [command]/usr/bin/git checkout --progress --force -B feat/porch-direct refs/remotes/origin/feat/porch-direct
⚡ Fast Validation	Checkout code	2025-09-05T01:24:21.1419635Z Switched to a new branch 'feat/porch-direct'
⚡ Fast Validation	Checkout code	2025-09-05T01:24:21.1424321Z branch 'feat/porch-direct' set up to track 'origin/feat/porch-direct'.
⚡ Fast Validation	Checkout code	2025-09-05T01:24:21.1441188Z ##[endgroup]
⚡ Fast Validation	Checkout code	2025-09-05T01:24:21.1485524Z [command]/usr/bin/git log -1 --format=%H
⚡ Fast Validation	Checkout code	2025-09-05T01:24:21.1509417Z 118db36765dd360d4df520f68f0a21c1958d5f71
⚡ Fast Validation	Setup Go	﻿2025-09-05T01:24:21.1722953Z ##[group]Run actions/setup-go@v5
⚡ Fast Validation	Setup Go	2025-09-05T01:24:21.1723264Z with:
⚡ Fast Validation	Setup Go	2025-09-05T01:24:21.1723439Z   go-version: 1.22
⚡ Fast Validation	Setup Go	2025-09-05T01:24:21.1723627Z   check-latest: false
⚡ Fast Validation	Setup Go	2025-09-05T01:24:21.1723945Z   token: ***
⚡ Fast Validation	Setup Go	2025-09-05T01:24:21.1724127Z   cache: true
⚡ Fast Validation	Setup Go	2025-09-05T01:24:21.1724289Z env:
⚡ Fast Validation	Setup Go	2025-09-05T01:24:21.1724442Z   GO_VERSION: 1.22
⚡ Fast Validation	Setup Go	2025-09-05T01:24:21.1724665Z   GOPROXY: https://proxy.golang.org,direct
⚡ Fast Validation	Setup Go	2025-09-05T01:24:21.1724934Z   GOSUMDB: sum.golang.org
⚡ Fast Validation	Setup Go	2025-09-05T01:24:21.1725134Z   CGO_ENABLED: 0
⚡ Fast Validation	Setup Go	2025-09-05T01:24:21.1725309Z   GOMAXPROCS: 4
⚡ Fast Validation	Setup Go	2025-09-05T01:24:21.1725482Z   GOMEMLIMIT: 8GiB
⚡ Fast Validation	Setup Go	2025-09-05T01:24:21.1725646Z   GOGC: 75
⚡ Fast Validation	Setup Go	2025-09-05T01:24:21.1725822Z   GO_DISABLE_TELEMETRY: 1
⚡ Fast Validation	Setup Go	2025-09-05T01:24:21.1726113Z   BUILD_FLAGS: -trimpath -ldflags='-s -w -extldflags=-static'
⚡ Fast Validation	Setup Go	2025-09-05T01:24:21.1726444Z   TEST_FLAGS: -race -count=1 -timeout=15m
⚡ Fast Validation	Setup Go	2025-09-05T01:24:21.1726695Z   CACHE_VERSION: v2025-1
⚡ Fast Validation	Setup Go	2025-09-05T01:24:21.1727044Z ##[endgroup]
⚡ Fast Validation	Setup Go	2025-09-05T01:24:21.3291265Z Setup go version spec 1.22
⚡ Fast Validation	Setup Go	2025-09-05T01:24:21.3744024Z Found in cache @ /opt/hostedtoolcache/go/1.22.12/x64
⚡ Fast Validation	Setup Go	2025-09-05T01:24:21.3748782Z Added go to the path
⚡ Fast Validation	Setup Go	2025-09-05T01:24:21.3752200Z Successfully set up Go version 1.22
⚡ Fast Validation	Setup Go	2025-09-05T01:24:27.3912068Z go: downloading go1.24.6 (linux/amd64)
⚡ Fast Validation	Setup Go	2025-09-05T01:24:27.4060895Z [command]/opt/hostedtoolcache/go/1.22.12/x64/bin/go env GOMODCACHE
⚡ Fast Validation	Setup Go	2025-09-05T01:24:27.4091775Z [command]/opt/hostedtoolcache/go/1.22.12/x64/bin/go env GOCACHE
⚡ Fast Validation	Setup Go	2025-09-05T01:24:27.4141504Z /home/runner/go/pkg/mod
⚡ Fast Validation	Setup Go	2025-09-05T01:24:27.4169728Z /home/runner/.cache/go-build
⚡ Fast Validation	Setup Go	2025-09-05T01:24:27.5904984Z Cache is not found
⚡ Fast Validation	Setup Go	2025-09-05T01:24:27.5926380Z go version go1.24.6 linux/amd64
⚡ Fast Validation	Setup Go	2025-09-05T01:24:27.5926585Z 
⚡ Fast Validation	Setup Go	2025-09-05T01:24:27.5927075Z ##[group]go env
⚡ Fast Validation	Setup Go	2025-09-05T01:24:28.3512034Z AR='ar'
⚡ Fast Validation	Setup Go	2025-09-05T01:24:28.3512428Z CC='gcc'
⚡ Fast Validation	Setup Go	2025-09-05T01:24:28.3512724Z CGO_CFLAGS='-O2 -g'
⚡ Fast Validation	Setup Go	2025-09-05T01:24:28.3513044Z CGO_CPPFLAGS=''
⚡ Fast Validation	Setup Go	2025-09-05T01:24:28.3513386Z CGO_CXXFLAGS='-O2 -g'
⚡ Fast Validation	Setup Go	2025-09-05T01:24:28.3513709Z CGO_ENABLED='0'
⚡ Fast Validation	Setup Go	2025-09-05T01:24:28.3514020Z CGO_FFLAGS='-O2 -g'
⚡ Fast Validation	Setup Go	2025-09-05T01:24:28.3514321Z CGO_LDFLAGS='-O2 -g'
⚡ Fast Validation	Setup Go	2025-09-05T01:24:28.3514611Z CXX='g++'
⚡ Fast Validation	Setup Go	2025-09-05T01:24:28.3514802Z GCCGO='gccgo'
⚡ Fast Validation	Setup Go	2025-09-05T01:24:28.3514981Z GO111MODULE=''
⚡ Fast Validation	Setup Go	2025-09-05T01:24:28.3515147Z GOAMD64='v1'
⚡ Fast Validation	Setup Go	2025-09-05T01:24:28.3515330Z GOARCH='amd64'
⚡ Fast Validation	Setup Go	2025-09-05T01:24:28.3515492Z GOAUTH='netrc'
⚡ Fast Validation	Setup Go	2025-09-05T01:24:28.3515661Z GOBIN=''
⚡ Fast Validation	Setup Go	2025-09-05T01:24:28.3515849Z GOCACHE='/home/runner/.cache/go-build'
⚡ Fast Validation	Setup Go	2025-09-05T01:24:28.3516096Z GOCACHEPROG=''
⚡ Fast Validation	Setup Go	2025-09-05T01:24:28.3516261Z GODEBUG=''
⚡ Fast Validation	Setup Go	2025-09-05T01:24:28.3516472Z GOENV='/home/runner/.config/go/env'
⚡ Fast Validation	Setup Go	2025-09-05T01:24:28.3516686Z GOEXE=''
⚡ Fast Validation	Setup Go	2025-09-05T01:24:28.3517077Z GOEXPERIMENT=''
⚡ Fast Validation	Setup Go	2025-09-05T01:24:28.3517264Z GOFIPS140='off'
⚡ Fast Validation	Setup Go	2025-09-05T01:24:28.3517436Z GOFLAGS=''
⚡ Fast Validation	Setup Go	2025-09-05T01:24:28.3517975Z GOGCCFLAGS='-fPIC -m64 -Wl,--no-gc-sections -fmessage-length=0 -ffile-prefix-map=/tmp/go-build4129729788=/tmp/go-build -gno-record-gcc-switches'
⚡ Fast Validation	Setup Go	2025-09-05T01:24:28.3518540Z GOHOSTARCH='amd64'
⚡ Fast Validation	Setup Go	2025-09-05T01:24:28.3518729Z GOHOSTOS='linux'
⚡ Fast Validation	Setup Go	2025-09-05T01:24:28.3518906Z GOINSECURE=''
⚡ Fast Validation	Setup Go	2025-09-05T01:24:28.3519250Z GOMOD='/home/runner/work/nephoran-intent-operator/nephoran-intent-operator/go.mod'
⚡ Fast Validation	Setup Go	2025-09-05T01:24:28.3519667Z GOMODCACHE='/home/runner/go/pkg/mod'
⚡ Fast Validation	Setup Go	2025-09-05T01:24:28.3519898Z GONOPROXY=''
⚡ Fast Validation	Setup Go	2025-09-05T01:24:28.3520059Z GONOSUMDB=''
⚡ Fast Validation	Setup Go	2025-09-05T01:24:28.3520220Z GOOS='linux'
⚡ Fast Validation	Setup Go	2025-09-05T01:24:28.3520396Z GOPATH='/home/runner/go'
⚡ Fast Validation	Setup Go	2025-09-05T01:24:28.3520585Z GOPRIVATE=''
⚡ Fast Validation	Setup Go	2025-09-05T01:24:28.3520805Z GOPROXY='https://proxy.golang.org,direct'
⚡ Fast Validation	Setup Go	2025-09-05T01:24:28.3521212Z GOROOT='/home/runner/go/pkg/mod/golang.org/toolchain@v0.0.1-go1.24.6.linux-amd64'
⚡ Fast Validation	Setup Go	2025-09-05T01:24:28.3521594Z GOSUMDB='sum.golang.org'
⚡ Fast Validation	Setup Go	2025-09-05T01:24:28.3521792Z GOTELEMETRY='local'
⚡ Fast Validation	Setup Go	2025-09-05T01:24:28.3522024Z GOTELEMETRYDIR='/home/runner/.config/go/telemetry'
⚡ Fast Validation	Setup Go	2025-09-05T01:24:28.3522279Z GOTMPDIR=''
⚡ Fast Validation	Setup Go	2025-09-05T01:24:28.3522452Z GOTOOLCHAIN='auto'
⚡ Fast Validation	Setup Go	2025-09-05T01:24:28.3523135Z GOTOOLDIR='/home/runner/go/pkg/mod/golang.org/toolchain@v0.0.1-go1.24.6.linux-amd64/pkg/tool/linux_amd64'
⚡ Fast Validation	Setup Go	2025-09-05T01:24:28.3523741Z GOVCS=''
⚡ Fast Validation	Setup Go	2025-09-05T01:24:28.3523907Z GOVERSION='go1.24.6'
⚡ Fast Validation	Setup Go	2025-09-05T01:24:28.3524082Z GOWORK=''
⚡ Fast Validation	Setup Go	2025-09-05T01:24:28.3524257Z PKG_CONFIG='pkg-config'
⚡ Fast Validation	Setup Go	2025-09-05T01:24:28.3524379Z 
⚡ Fast Validation	Setup Go	2025-09-05T01:24:28.3524824Z ##[endgroup]
⚡ Fast Validation	🧹 Pre-Cache Cleanup (Fast Validation)	﻿2025-09-05T01:24:28.3614766Z ##[group]Run echo "🧹 Cleaning potential Go toolchain conflicts..."
⚡ Fast Validation	🧹 Pre-Cache Cleanup (Fast Validation)	2025-09-05T01:24:28.3615277Z [36;1mecho "🧹 Cleaning potential Go toolchain conflicts..."[0m
⚡ Fast Validation	🧹 Pre-Cache Cleanup (Fast Validation)	2025-09-05T01:24:28.3615730Z [36;1m# Remove any existing Go toolchain files that might conflict during cache restore[0m
⚡ Fast Validation	🧹 Pre-Cache Cleanup (Fast Validation)	2025-09-05T01:24:28.3616213Z [36;1msudo rm -rf ~/go/pkg/mod/golang.org/toolchain* 2>/dev/null || true[0m
⚡ Fast Validation	🧹 Pre-Cache Cleanup (Fast Validation)	2025-09-05T01:24:28.3616658Z [36;1msudo rm -rf ~/.cache/go-build/*/golang.org/toolchain* 2>/dev/null || true[0m
⚡ Fast Validation	🧹 Pre-Cache Cleanup (Fast Validation)	2025-09-05T01:24:28.3617347Z [36;1m# Clean any incomplete extractions[0m
⚡ Fast Validation	🧹 Pre-Cache Cleanup (Fast Validation)	2025-09-05T01:24:28.3617878Z [36;1mfind ~/go/pkg/mod -name "*.partial~" -delete 2>/dev/null || true[0m
⚡ Fast Validation	🧹 Pre-Cache Cleanup (Fast Validation)	2025-09-05T01:24:28.3618241Z [36;1mecho "✅ Pre-cache cleanup completed"[0m
⚡ Fast Validation	🧹 Pre-Cache Cleanup (Fast Validation)	2025-09-05T01:24:28.3674258Z shell: /usr/bin/bash -e {0}
⚡ Fast Validation	🧹 Pre-Cache Cleanup (Fast Validation)	2025-09-05T01:24:28.3674500Z env:
⚡ Fast Validation	🧹 Pre-Cache Cleanup (Fast Validation)	2025-09-05T01:24:28.3674658Z   GO_VERSION: 1.22
⚡ Fast Validation	🧹 Pre-Cache Cleanup (Fast Validation)	2025-09-05T01:24:28.3674888Z   GOPROXY: https://proxy.golang.org,direct
⚡ Fast Validation	🧹 Pre-Cache Cleanup (Fast Validation)	2025-09-05T01:24:28.3675162Z   GOSUMDB: sum.golang.org
⚡ Fast Validation	🧹 Pre-Cache Cleanup (Fast Validation)	2025-09-05T01:24:28.3675397Z   CGO_ENABLED: 0
⚡ Fast Validation	🧹 Pre-Cache Cleanup (Fast Validation)	2025-09-05T01:24:28.3675574Z   GOMAXPROCS: 4
⚡ Fast Validation	🧹 Pre-Cache Cleanup (Fast Validation)	2025-09-05T01:24:28.3675739Z   GOMEMLIMIT: 8GiB
⚡ Fast Validation	🧹 Pre-Cache Cleanup (Fast Validation)	2025-09-05T01:24:28.3675911Z   GOGC: 75
⚡ Fast Validation	🧹 Pre-Cache Cleanup (Fast Validation)	2025-09-05T01:24:28.3676074Z   GO_DISABLE_TELEMETRY: 1
⚡ Fast Validation	🧹 Pre-Cache Cleanup (Fast Validation)	2025-09-05T01:24:28.3676362Z   BUILD_FLAGS: -trimpath -ldflags='-s -w -extldflags=-static'
⚡ Fast Validation	🧹 Pre-Cache Cleanup (Fast Validation)	2025-09-05T01:24:28.3676720Z   TEST_FLAGS: -race -count=1 -timeout=15m
⚡ Fast Validation	🧹 Pre-Cache Cleanup (Fast Validation)	2025-09-05T01:24:28.3677263Z   CACHE_VERSION: v2025-1
⚡ Fast Validation	🧹 Pre-Cache Cleanup (Fast Validation)	2025-09-05T01:24:28.3677458Z ##[endgroup]
⚡ Fast Validation	🧹 Pre-Cache Cleanup (Fast Validation)	2025-09-05T01:24:28.3748597Z 🧹 Cleaning potential Go toolchain conflicts...
⚡ Fast Validation	🧹 Pre-Cache Cleanup (Fast Validation)	2025-09-05T01:24:28.6558411Z ✅ Pre-cache cleanup completed
⚡ Fast Validation	Restore dependency cache	﻿2025-09-05T01:24:29.1942790Z ##[group]Run actions/cache@v4
⚡ Fast Validation	Restore dependency cache	2025-09-05T01:24:29.1943049Z with:
⚡ Fast Validation	Restore dependency cache	2025-09-05T01:24:29.1943280Z   path: ~/go/pkg/mod
⚡ Fast Validation	Restore dependency cache	~/.cache/go-build
⚡ Fast Validation	Restore dependency cache	.go-build-cache
⚡ Fast Validation	Restore dependency cache	
⚡ Fast Validation	Restore dependency cache	2025-09-05T01:24:29.1944064Z   key: Linux-go-v2025-1-008eb4a61073b8b98cf1b62f6241a4916b695fa923c8ee062bd6b6eaab097c1d-f142991184b451196bc51cc7fe5d88bb1c932f363dc235b3c209f09fa06e25bd-toolchain-safe
⚡ Fast Validation	Restore dependency cache	2025-09-05T01:24:29.1945124Z   restore-keys: Linux-go-v2025-1-008eb4a61073b8b98cf1b62f6241a4916b695fa923c8ee062bd6b6eaab097c1d-toolchain-safe
⚡ Fast Validation	Restore dependency cache	Linux-go-v2025-1-
⚡ Fast Validation	Restore dependency cache	
⚡ Fast Validation	Restore dependency cache	2025-09-05T01:24:29.1945686Z   fail-on-cache-miss: false
⚡ Fast Validation	Restore dependency cache	2025-09-05T01:24:29.1945897Z   enableCrossOsArchive: false
⚡ Fast Validation	Restore dependency cache	2025-09-05T01:24:29.1946109Z   lookup-only: false
⚡ Fast Validation	Restore dependency cache	2025-09-05T01:24:29.1946283Z   save-always: false
⚡ Fast Validation	Restore dependency cache	2025-09-05T01:24:29.1946449Z env:
⚡ Fast Validation	Restore dependency cache	2025-09-05T01:24:29.1946593Z   GO_VERSION: 1.22
⚡ Fast Validation	Restore dependency cache	2025-09-05T01:24:29.1946811Z   GOPROXY: https://proxy.golang.org,direct
⚡ Fast Validation	Restore dependency cache	2025-09-05T01:24:29.1947360Z   GOSUMDB: sum.golang.org
⚡ Fast Validation	Restore dependency cache	2025-09-05T01:24:29.1947557Z   CGO_ENABLED: 0
⚡ Fast Validation	Restore dependency cache	2025-09-05T01:24:29.1947744Z   GOMAXPROCS: 4
⚡ Fast Validation	Restore dependency cache	2025-09-05T01:24:29.1947970Z   GOMEMLIMIT: 8GiB
⚡ Fast Validation	Restore dependency cache	2025-09-05T01:24:29.1948137Z   GOGC: 75
⚡ Fast Validation	Restore dependency cache	2025-09-05T01:24:29.1948294Z   GO_DISABLE_TELEMETRY: 1
⚡ Fast Validation	Restore dependency cache	2025-09-05T01:24:29.1948556Z   BUILD_FLAGS: -trimpath -ldflags='-s -w -extldflags=-static'
⚡ Fast Validation	Restore dependency cache	2025-09-05T01:24:29.1948863Z   TEST_FLAGS: -race -count=1 -timeout=15m
⚡ Fast Validation	Restore dependency cache	2025-09-05T01:24:29.1949102Z   CACHE_VERSION: v2025-1
⚡ Fast Validation	Restore dependency cache	2025-09-05T01:24:29.1949295Z ##[endgroup]
⚡ Fast Validation	Restore dependency cache	2025-09-05T01:24:29.4693456Z Cache hit for: Linux-go-v2025-1-008eb4a61073b8b98cf1b62f6241a4916b695fa923c8ee062bd6b6eaab097c1d-f142991184b451196bc51cc7fe5d88bb1c932f363dc235b3c209f09fa06e25bd-toolchain-safe
⚡ Fast Validation	Restore dependency cache	2025-09-05T01:24:30.6207843Z Received 134217728 of 671020399 (20.0%), 127.9 MBs/sec
⚡ Fast Validation	Restore dependency cache	2025-09-05T01:24:31.6220070Z Received 343932928 of 671020399 (51.3%), 163.8 MBs/sec
⚡ Fast Validation	Restore dependency cache	2025-09-05T01:24:32.6228559Z Received 536870912 of 671020399 (80.0%), 170.6 MBs/sec
⚡ Fast Validation	Restore dependency cache	2025-09-05T01:24:33.2294610Z Received 671020399 of 671020399 (100.0%), 177.3 MBs/sec
⚡ Fast Validation	Restore dependency cache	2025-09-05T01:24:33.2297361Z Cache Size: ~640 MB (671020399 B)
⚡ Fast Validation	Restore dependency cache	2025-09-05T01:24:33.2405703Z [command]/usr/bin/tar -xf /home/runner/work/_temp/db292549-917e-407d-9c2e-a8244f3ba5a8/cache.tzst -P -C /home/runner/work/nephoran-intent-operator/nephoran-intent-operator --use-compress-program unzstd
⚡ Fast Validation	Restore dependency cache	2025-09-05T01:24:39.8727445Z Cache restored successfully
⚡ Fast Validation	Restore dependency cache	2025-09-05T01:24:40.0049934Z Cache restored from key: Linux-go-v2025-1-008eb4a61073b8b98cf1b62f6241a4916b695fa923c8ee062bd6b6eaab097c1d-f142991184b451196bc51cc7fe5d88bb1c932f363dc235b3c209f09fa06e25bd-toolchain-safe
⚡ Fast Validation	🔍 Fast Syntax & Build Check	﻿2025-09-05T01:24:40.0176422Z ##[group]Run set -e
⚡ Fast Validation	🔍 Fast Syntax & Build Check	2025-09-05T01:24:40.0176819Z [36;1mset -e[0m
⚡ Fast Validation	🔍 Fast Syntax & Build Check	2025-09-05T01:24:40.0177347Z [36;1mexport GOCACHE="$(pwd)/.go-build-cache"[0m
⚡ Fast Validation	🔍 Fast Syntax & Build Check	2025-09-05T01:24:40.0177620Z [36;1m[0m
⚡ Fast Validation	🔍 Fast Syntax & Build Check	2025-09-05T01:24:40.0177836Z [36;1mecho "🔍 Running fast syntax validation..."[0m
⚡ Fast Validation	🔍 Fast Syntax & Build Check	2025-09-05T01:24:40.0178109Z [36;1m[0m
⚡ Fast Validation	🔍 Fast Syntax & Build Check	2025-09-05T01:24:40.0178279Z [36;1m# Fast syntax check[0m
⚡ Fast Validation	🔍 Fast Syntax & Build Check	2025-09-05T01:24:40.0178507Z [36;1mecho "📋 Checking Go syntax..."[0m
⚡ Fast Validation	🔍 Fast Syntax & Build Check	2025-09-05T01:24:40.0178767Z [36;1mgo vet ./...[0m
⚡ Fast Validation	🔍 Fast Syntax & Build Check	2025-09-05T01:24:40.0178952Z [36;1m[0m
⚡ Fast Validation	🔍 Fast Syntax & Build Check	2025-09-05T01:24:40.0179127Z [36;1m# Fast build check (no output)[0m
⚡ Fast Validation	🔍 Fast Syntax & Build Check	2025-09-05T01:24:40.0179397Z [36;1mecho "🏗️  Fast build verification..."[0m
⚡ Fast Validation	🔍 Fast Syntax & Build Check	2025-09-05T01:24:40.0179681Z [36;1mgo build $BUILD_FLAGS ./...[0m
⚡ Fast Validation	🔍 Fast Syntax & Build Check	2025-09-05T01:24:40.0179900Z [36;1m[0m
⚡ Fast Validation	🔍 Fast Syntax & Build Check	2025-09-05T01:24:40.0180075Z [36;1m# Module tidiness check[0m
⚡ Fast Validation	🔍 Fast Syntax & Build Check	2025-09-05T01:24:40.0180332Z [36;1mecho "🧹 Checking module tidiness..."[0m
⚡ Fast Validation	🔍 Fast Syntax & Build Check	2025-09-05T01:24:40.0180590Z [36;1mgo mod tidy[0m
⚡ Fast Validation	🔍 Fast Syntax & Build Check	2025-09-05T01:24:40.0180811Z [36;1mif ! git diff --quiet go.mod go.sum; then[0m
⚡ Fast Validation	🔍 Fast Syntax & Build Check	2025-09-05T01:24:40.0181135Z [36;1m  echo "❌ go.mod or go.sum is not tidy"[0m
⚡ Fast Validation	🔍 Fast Syntax & Build Check	2025-09-05T01:24:40.0181398Z [36;1m  git diff go.mod go.sum[0m
⚡ Fast Validation	🔍 Fast Syntax & Build Check	2025-09-05T01:24:40.0181620Z [36;1m  exit 1[0m
⚡ Fast Validation	🔍 Fast Syntax & Build Check	2025-09-05T01:24:40.0181790Z [36;1mfi[0m
⚡ Fast Validation	🔍 Fast Syntax & Build Check	2025-09-05T01:24:40.0181943Z [36;1m[0m
⚡ Fast Validation	🔍 Fast Syntax & Build Check	2025-09-05T01:24:40.0182157Z [36;1mecho "✅ Fast validation completed successfully"[0m
⚡ Fast Validation	🔍 Fast Syntax & Build Check	2025-09-05T01:24:40.0212691Z shell: /usr/bin/bash -e {0}
⚡ Fast Validation	🔍 Fast Syntax & Build Check	2025-09-05T01:24:40.0212936Z env:
⚡ Fast Validation	🔍 Fast Syntax & Build Check	2025-09-05T01:24:40.0213100Z   GO_VERSION: 1.22
⚡ Fast Validation	🔍 Fast Syntax & Build Check	2025-09-05T01:24:40.0213339Z   GOPROXY: https://proxy.golang.org,direct
⚡ Fast Validation	🔍 Fast Syntax & Build Check	2025-09-05T01:24:40.0213615Z   GOSUMDB: sum.golang.org
⚡ Fast Validation	🔍 Fast Syntax & Build Check	2025-09-05T01:24:40.0213815Z   CGO_ENABLED: 0
⚡ Fast Validation	🔍 Fast Syntax & Build Check	2025-09-05T01:24:40.0213988Z   GOMAXPROCS: 4
⚡ Fast Validation	🔍 Fast Syntax & Build Check	2025-09-05T01:24:40.0214166Z   GOMEMLIMIT: 8GiB
⚡ Fast Validation	🔍 Fast Syntax & Build Check	2025-09-05T01:24:40.0214336Z   GOGC: 75
⚡ Fast Validation	🔍 Fast Syntax & Build Check	2025-09-05T01:24:40.0214495Z   GO_DISABLE_TELEMETRY: 1
⚡ Fast Validation	🔍 Fast Syntax & Build Check	2025-09-05T01:24:40.0214769Z   BUILD_FLAGS: -trimpath -ldflags='-s -w -extldflags=-static'
⚡ Fast Validation	🔍 Fast Syntax & Build Check	2025-09-05T01:24:40.0215097Z   TEST_FLAGS: -race -count=1 -timeout=15m
⚡ Fast Validation	🔍 Fast Syntax & Build Check	2025-09-05T01:24:40.0215338Z   CACHE_VERSION: v2025-1
⚡ Fast Validation	🔍 Fast Syntax & Build Check	2025-09-05T01:24:40.0215536Z ##[endgroup]
⚡ Fast Validation	🔍 Fast Syntax & Build Check	2025-09-05T01:24:40.0269441Z 🔍 Running fast syntax validation...
⚡ Fast Validation	🔍 Fast Syntax & Build Check	2025-09-05T01:24:40.0269844Z 📋 Checking Go syntax...
⚡ Fast Validation	🔍 Fast Syntax & Build Check	2025-09-05T01:24:41.8921367Z ##[error]test/envtest/networkintent_controller_test.go:320:5: expected operand, found '}'
⚡ Fast Validation	🔍 Fast Syntax & Build Check	2025-09-05T01:24:41.8931852Z ##[error]test/performance/load_test.go:18:2: no required module provides package github.com/thc1006/nephoran-intent-operator/pkg/porch/types; to add it:
⚡ Fast Validation	🔍 Fast Syntax & Build Check	2025-09-05T01:24:41.8933100Z 	go get github.com/thc1006/nephoran-intent-operator/pkg/porch/types
⚡ Fast Validation	🔍 Fast Syntax & Build Check	2025-09-05T01:29:18.1975740Z # github.com/thc1006/nephoran-intent-operator/pkg/auth_test
⚡ Fast Validation	🔍 Fast Syntax & Build Check	2025-09-05T01:29:18.1980725Z # [github.com/thc1006/nephoran-intent-operator/pkg/auth_test]
⚡ Fast Validation	🔍 Fast Syntax & Build Check	2025-09-05T01:29:18.1986198Z ##[error]vet: pkg/auth/performance_test.go:75:72: too many arguments in call to suite.sessionManager.CreateSession
⚡ Fast Validation	🔍 Fast Syntax & Build Check	2025-09-05T01:29:18.1992197Z 	have (context.Context, *providers.UserInfo, nil)
⚡ Fast Validation	🔍 Fast Syntax & Build Check	2025-09-05T01:29:18.1996641Z 	want (context.Context, *"github.com/thc1006/nephoran-intent-operator/pkg/auth".SessionData)
⚡ Fast Validation	🔍 Fast Syntax & Build Check	2025-09-05T01:29:19.8828992Z # github.com/thc1006/nephoran-intent-operator/pkg/controllers [github.com/thc1006/nephoran-intent-operator/pkg/controllers.test]
⚡ Fast Validation	🔍 Fast Syntax & Build Check	2025-09-05T01:29:19.9003276Z ##[error]pkg/controllers/networkintent_cleanup_edge_cases_test.go:110:4: declared and not used: expectedPath
⚡ Fast Validation	🔍 Fast Syntax & Build Check	2025-09-05T01:29:19.9006573Z ##[error]pkg/controllers/networkintent_cleanup_edge_cases_test.go:111:4: declared and not used: expectedMessage
⚡ Fast Validation	🔍 Fast Syntax & Build Check	2025-09-05T01:29:19.9009394Z ##[error]pkg/controllers/networkintent_cleanup_edge_cases_test.go:132:4: declared and not used: expectedPath
⚡ Fast Validation	🔍 Fast Syntax & Build Check	2025-09-05T01:29:19.9015846Z ##[error]pkg/controllers/networkintent_cleanup_edge_cases_test.go:133:4: declared and not used: expectedMessage
⚡ Fast Validation	🔍 Fast Syntax & Build Check	2025-09-05T01:29:19.9018399Z ##[error]pkg/controllers/networkintent_cleanup_edge_cases_test.go:165:4: declared and not used: expectedPath
⚡ Fast Validation	🔍 Fast Syntax & Build Check	2025-09-05T01:29:19.9021425Z ##[error]pkg/controllers/networkintent_cleanup_edge_cases_test.go:166:4: declared and not used: expectedMessage
⚡ Fast Validation	🔍 Fast Syntax & Build Check	2025-09-05T01:29:19.9023836Z ##[error]pkg/controllers/networkintent_cleanup_edge_cases_test.go:186:4: declared and not used: expectedPath
⚡ Fast Validation	🔍 Fast Syntax & Build Check	2025-09-05T01:29:19.9026062Z ##[error]pkg/controllers/networkintent_cleanup_edge_cases_test.go:187:4: declared and not used: expectedMessage
⚡ Fast Validation	🔍 Fast Syntax & Build Check	2025-09-05T01:29:19.9028365Z ##[error]pkg/controllers/networkintent_cleanup_edge_cases_test.go:358:4: declared and not used: expectedPath
⚡ Fast Validation	🔍 Fast Syntax & Build Check	2025-09-05T01:29:19.9031897Z ##[error]pkg/controllers/networkintent_cleanup_edge_cases_test.go:359:4: declared and not used: expectedMessage
⚡ Fast Validation	🔍 Fast Syntax & Build Check	2025-09-05T01:29:19.9037426Z ##[error]pkg/controllers/networkintent_cleanup_edge_cases_test.go:359:4: too many errors
⚡ Fast Validation	🔍 Fast Syntax & Build Check	2025-09-05T01:29:38.8278194Z # github.com/thc1006/nephoran-intent-operator/pkg/nephio
⚡ Fast Validation	🔍 Fast Syntax & Build Check	2025-09-05T01:29:38.8279333Z # [github.com/thc1006/nephoran-intent-operator/pkg/nephio]
⚡ Fast Validation	🔍 Fast Syntax & Build Check	2025-09-05T01:29:38.8282841Z ##[error]vet: pkg/nephio/advanced_benchmarks_test.go:1134:2: PackageGenerator redeclared in this block
⚡ Fast Validation	🔍 Fast Syntax & Build Check	2025-09-05T01:29:40.6411072Z # github.com/thc1006/nephoran-intent-operator/pkg/nephio/blueprint
⚡ Fast Validation	🔍 Fast Syntax & Build Check	2025-09-05T01:29:40.6413344Z # [github.com/thc1006/nephoran-intent-operator/pkg/nephio/blueprint]
⚡ Fast Validation	🔍 Fast Syntax & Build Check	2025-09-05T01:29:40.6415997Z ##[error]vet: pkg/nephio/blueprint/manager_comprehensive_test.go:86:46: undefined: v1alpha1
⚡ Fast Validation	🔍 Fast Syntax & Build Check	2025-09-05T01:29:40.8837088Z # github.com/thc1006/nephoran-intent-operator/pkg/nephio/multicluster
⚡ Fast Validation	🔍 Fast Syntax & Build Check	2025-09-05T01:29:40.8842767Z # [github.com/thc1006/nephoran-intent-operator/pkg/nephio/multicluster]
⚡ Fast Validation	🔍 Fast Syntax & Build Check	2025-09-05T01:29:40.8849150Z ##[error]vet: pkg/nephio/multicluster/chaos_resilience_test.go:79:33: porchv1alpha1.PackageRevision is not a type
⚡ Fast Validation	🔍 Fast Syntax & Build Check	2025-09-05T01:29:41.9619094Z # github.com/thc1006/nephoran-intent-operator/pkg/nephio/krm
⚡ Fast Validation	🔍 Fast Syntax & Build Check	2025-09-05T01:29:41.9622320Z # [github.com/thc1006/nephoran-intent-operator/pkg/nephio/krm]
⚡ Fast Validation	🔍 Fast Syntax & Build Check	2025-09-05T01:29:41.9624148Z ##[error]vet: pkg/nephio/krm/runtime_comprehensive_test.go:162:6: SchemaProperty redeclared in this block
⚡ Fast Validation	🔍 Fast Syntax & Build Check	2025-09-05T01:29:42.2898385Z # github.com/thc1006/nephoran-intent-operator/pkg/oran/a1
⚡ Fast Validation	🔍 Fast Syntax & Build Check	2025-09-05T01:29:42.2924906Z # [github.com/thc1006/nephoran-intent-operator/pkg/oran/a1]
⚡ Fast Validation	🔍 Fast Syntax & Build Check	2025-09-05T01:29:42.2927090Z ##[error]vet: pkg/oran/a1/types_test.go:645:3: unknown field DeliveryURL in struct literal of type DeliveryInfo
⚡ Fast Validation	🔍 Fast Syntax & Build Check	2025-09-05T01:29:42.9265482Z # github.com/thc1006/nephoran-intent-operator/pkg/nephio/porch_test
⚡ Fast Validation	🔍 Fast Syntax & Build Check	2025-09-05T01:29:42.9266736Z # [github.com/thc1006/nephoran-intent-operator/pkg/nephio/porch_test]
⚡ Fast Validation	🔍 Fast Syntax & Build Check	2025-09-05T01:29:42.9269049Z ##[error]vet: pkg/nephio/porch/client_integration_test.go:115:27: undefined: porch.CanTransitionTo
⚡ Fast Validation	🔍 Fast Syntax & Build Check	2025-09-05T01:29:43.2065426Z # github.com/thc1006/nephoran-intent-operator/pkg/oran/o1
⚡ Fast Validation	🔍 Fast Syntax & Build Check	2025-09-05T01:29:43.2067685Z # [github.com/thc1006/nephoran-intent-operator/pkg/oran/o1]
⚡ Fast Validation	🔍 Fast Syntax & Build Check	2025-09-05T01:29:43.2070763Z ##[error]vet: pkg/oran/o1/o1_adaptor_test.go:207:49: alarm.ManagedElementID undefined (type *Alarm has no field or method ManagedElementID)
⚡ Fast Validation	🔍 Fast Syntax & Build Check	2025-09-05T01:29:43.5128511Z # github.com/thc1006/nephoran-intent-operator/pkg/oran/o2
⚡ Fast Validation	🔍 Fast Syntax & Build Check	2025-09-05T01:29:43.5160111Z # [github.com/thc1006/nephoran-intent-operator/pkg/oran/o2]
⚡ Fast Validation	🔍 Fast Syntax & Build Check	2025-09-05T01:29:43.5161650Z ##[error]vet: pkg/oran/o2/o2_manager_test.go:348:8: no new variables on left side of :=
⚡ Fast Validation	🔍 Fast Syntax & Build Check	2025-09-05T01:29:43.8373395Z # github.com/thc1006/nephoran-intent-operator/pkg/oran/o2/providers
⚡ Fast Validation	🔍 Fast Syntax & Build Check	2025-09-05T01:29:43.8374717Z # [github.com/thc1006/nephoran-intent-operator/pkg/oran/o2/providers]
⚡ Fast Validation	🔍 Fast Syntax & Build Check	2025-09-05T01:29:43.8378003Z ##[error]vet: pkg/oran/o2/providers/kubernetes_test.go:212:27: cannot convert "dataKeys" (untyped string constant) to type int
⚡ Fast Validation	🔍 Fast Syntax & Build Check	2025-09-05T01:29:44.4648719Z # github.com/thc1006/nephoran-intent-operator/pkg/security
⚡ Fast Validation	🔍 Fast Syntax & Build Check	2025-09-05T01:29:44.4653652Z # [github.com/thc1006/nephoran-intent-operator/pkg/security]
⚡ Fast Validation	🔍 Fast Syntax & Build Check	2025-09-05T01:29:44.4656360Z ##[error]vet: pkg/security/race_test.go:308:45: cannot use &keyPool.keys (value of type *map[string]*"crypto/rsa".PrivateKey) as *map[string]int value in argument to mutexTest.TestCriticalSection
⚡ Fast Validation	🔍 Fast Syntax & Build Check	2025-09-05T01:29:48.8879477Z # github.com/thc1006/nephoran-intent-operator/test/integration/porch_test
⚡ Fast Validation	🔍 Fast Syntax & Build Check	2025-09-05T01:29:48.8884462Z # [github.com/thc1006/nephoran-intent-operator/test/integration/porch_test]
⚡ Fast Validation	🔍 Fast Syntax & Build Check	2025-09-05T01:29:48.8890356Z ##[error]vet: test/integration/porch/suite_test.go:74:5: letterBytes redeclared in this block
⚡ Fast Validation	🔍 Fast Syntax & Build Check	2025-09-05T01:29:48.9219400Z # github.com/thc1006/nephoran-intent-operator/test/integration
⚡ Fast Validation	🔍 Fast Syntax & Build Check	2025-09-05T01:29:48.9224146Z # [github.com/thc1006/nephoran-intent-operator/test/integration]
⚡ Fast Validation	🔍 Fast Syntax & Build Check	2025-09-05T01:29:48.9234874Z ##[error]vet: test/integration/porch_integration_test.go:61:11: undefined: porchv1alpha1
⚡ Fast Validation	🔍 Fast Syntax & Build Check	2025-09-05T01:29:48.9394697Z # github.com/thc1006/nephoran-intent-operator/test/security
⚡ Fast Validation	🔍 Fast Syntax & Build Check	2025-09-05T01:29:48.9395355Z # [github.com/thc1006/nephoran-intent-operator/test/security]
⚡ Fast Validation	🔍 Fast Syntax & Build Check	2025-09-05T01:29:48.9397087Z ##[error]vet: test/security/rbac_test.go:21:2: "sigs.k8s.io/controller-runtime/pkg/client" imported and not used
⚡ Fast Validation	🔍 Fast Syntax & Build Check	2025-09-05T01:29:49.4684084Z # github.com/thc1006/nephoran-intent-operator/tests/examples
⚡ Fast Validation	🔍 Fast Syntax & Build Check	2025-09-05T01:29:49.4684910Z # [github.com/thc1006/nephoran-intent-operator/tests/examples]
⚡ Fast Validation	🔍 Fast Syntax & Build Check	2025-09-05T01:29:49.4686493Z ##[error]vet: tests/examples/modern_testing_example_test.go:210:2: declared and not used: helper
⚡ Fast Validation	🔍 Fast Syntax & Build Check	2025-09-05T01:29:49.8964507Z # github.com/thc1006/nephoran-intent-operator/tests/integration
⚡ Fast Validation	🔍 Fast Syntax & Build Check	2025-09-05T01:29:49.8965329Z # [github.com/thc1006/nephoran-intent-operator/tests/integration]
⚡ Fast Validation	🔍 Fast Syntax & Build Check	2025-09-05T01:29:49.8966760Z ##[error]vet: tests/integration/suite_test.go:32:2: testEnv redeclared in this block
⚡ Fast Validation	🔍 Fast Syntax & Build Check	2025-09-05T01:29:50.1948281Z # github.com/thc1006/nephoran-intent-operator/tests/o2/integration_test
⚡ Fast Validation	🔍 Fast Syntax & Build Check	2025-09-05T01:29:50.1949223Z # [github.com/thc1006/nephoran-intent-operator/tests/o2/integration_test]
⚡ Fast Validation	🔍 Fast Syntax & Build Check	2025-09-05T01:29:50.1951040Z ##[error]vet: tests/o2/integration/api_endpoints_test.go:406:22: cannot convert "replicas" (untyped string constant) to type int
⚡ Fast Validation	🔍 Fast Syntax & Build Check	2025-09-05T01:29:51.0178589Z # github.com/thc1006/nephoran-intent-operator/tests/performance
⚡ Fast Validation	🔍 Fast Syntax & Build Check	2025-09-05T01:29:51.0179885Z # [github.com/thc1006/nephoran-intent-operator/tests/performance]
⚡ Fast Validation	🔍 Fast Syntax & Build Check	2025-09-05T01:29:51.0181833Z ##[error]vet: tests/performance/benchmarks_test.go:187:17: undefined: llm.ContextBuilderConfig
⚡ Fast Validation	🔍 Fast Syntax & Build Check	2025-09-05T01:29:52.4112846Z # github.com/thc1006/nephoran-intent-operator/tests/unit
⚡ Fast Validation	🔍 Fast Syntax & Build Check	2025-09-05T01:29:52.4117969Z # [github.com/thc1006/nephoran-intent-operator/tests/unit]
⚡ Fast Validation	🔍 Fast Syntax & Build Check	2025-09-05T01:29:52.4119905Z ##[error]vet: tests/unit/llm_test.go:202:24: undefined: llm.Document
⚡ Fast Validation	🔍 Fast Syntax & Build Check	2025-09-05T01:29:52.7981763Z # github.com/thc1006/nephoran-intent-operator/tests/validation_test
⚡ Fast Validation	🔍 Fast Syntax & Build Check	2025-09-05T01:29:52.7982638Z # [github.com/thc1006/nephoran-intent-operator/tests/validation_test]
⚡ Fast Validation	🔍 Fast Syntax & Build Check	2025-09-05T01:29:52.7984864Z ##[error]tests/validation/o2_compliance_validation_test.go:1109:13: non-constant format string in call to fmt.Printf
⚡ Fast Validation	🔍 Fast Syntax & Build Check	2025-09-05T01:29:52.7987571Z ##[error]tests/validation/o2_compliance_validation_test.go:1111:13: non-constant format string in call to fmt.Printf
⚡ Fast Validation	🔍 Fast Syntax & Build Check	2025-09-05T01:29:52.7989789Z ##[error]tests/validation/o2_compliance_validation_test.go:1117:13: non-constant format string in call to fmt.Printf
⚡ Fast Validation	🔍 Fast Syntax & Build Check	2025-09-05T01:29:53.0858066Z # github.com/thc1006/nephoran-intent-operator/tests/validation
⚡ Fast Validation	🔍 Fast Syntax & Build Check	2025-09-05T01:29:53.0858856Z # [github.com/thc1006/nephoran-intent-operator/tests/validation]
⚡ Fast Validation	🔍 Fast Syntax & Build Check	2025-09-05T01:29:53.0860379Z ##[error]vet: tests/validation/sla_validation_test.go:25:6: SLAValidationTestSuite redeclared in this block
⚡ Fast Validation	🔍 Fast Syntax & Build Check	2025-09-05T01:29:55.0319820Z ##[error]Process completed with exit code 1.
⚡ Fast Validation	Post Checkout code	﻿2025-09-05T01:29:55.0410564Z Post job cleanup.
⚡ Fast Validation	Post Checkout code	2025-09-05T01:29:55.1335826Z [command]/usr/bin/git version
⚡ Fast Validation	Post Checkout code	2025-09-05T01:29:55.1371691Z git version 2.51.0
⚡ Fast Validation	Post Checkout code	2025-09-05T01:29:55.1414309Z Temporarily overriding HOME='/home/runner/work/_temp/d5d119a6-9e49-4bff-ba36-8efef6bbf0a2' before making global git config changes
⚡ Fast Validation	Post Checkout code	2025-09-05T01:29:55.1415273Z Adding repository directory to the temporary git global config as a safe directory
⚡ Fast Validation	Post Checkout code	2025-09-05T01:29:55.1429558Z [command]/usr/bin/git config --global --add safe.directory /home/runner/work/nephoran-intent-operator/nephoran-intent-operator
⚡ Fast Validation	Post Checkout code	2025-09-05T01:29:55.1463535Z [command]/usr/bin/git config --local --name-only --get-regexp core\.sshCommand
⚡ Fast Validation	Post Checkout code	2025-09-05T01:29:55.1496111Z [command]/usr/bin/git submodule foreach --recursive sh -c "git config --local --name-only --get-regexp 'core\.sshCommand' && git config --local --unset-all 'core.sshCommand' || :"
⚡ Fast Validation	Post Checkout code	2025-09-05T01:29:55.1728881Z [command]/usr/bin/git config --local --name-only --get-regexp http\.https\:\/\/github\.com\/\.extraheader
⚡ Fast Validation	Post Checkout code	2025-09-05T01:29:55.1750141Z http.https://github.com/.extraheader
⚡ Fast Validation	Post Checkout code	2025-09-05T01:29:55.1762918Z [command]/usr/bin/git config --local --unset-all http.https://github.com/.extraheader
⚡ Fast Validation	Post Checkout code	2025-09-05T01:29:55.1796343Z [command]/usr/bin/git submodule foreach --recursive sh -c "git config --local --name-only --get-regexp 'http\.https\:\/\/github\.com\/\.extraheader' && git config --local --unset-all 'http.https://github.com/.extraheader' || :"
⚡ Fast Validation	Complete job	﻿2025-09-05T01:29:55.2124316Z Cleaning up orphan processes
