⚡ Fast Validation	Set up job	﻿2025-09-05T02:10:28.4561074Z Current runner version: '2.328.0'
⚡ Fast Validation	Set up job	2025-09-05T02:10:28.4583894Z ##[group]Runner Image Provisioner
⚡ Fast Validation	Set up job	2025-09-05T02:10:28.4584859Z Hosted Compute Agent
⚡ Fast Validation	Set up job	2025-09-05T02:10:28.4585525Z Version: 20250829.383
⚡ Fast Validation	Set up job	2025-09-05T02:10:28.4586123Z Commit: 27cb235aab5b0e52e153a26cd86b4742e89dac5d
⚡ Fast Validation	Set up job	2025-09-05T02:10:28.4586759Z Build Date: 2025-08-29T13:48:48Z
⚡ Fast Validation	Set up job	2025-09-05T02:10:28.4587430Z ##[endgroup]
⚡ Fast Validation	Set up job	2025-09-05T02:10:28.4587967Z ##[group]Operating System
⚡ Fast Validation	Set up job	2025-09-05T02:10:28.4588517Z Ubuntu
⚡ Fast Validation	Set up job	2025-09-05T02:10:28.4589035Z 24.04.3
⚡ Fast Validation	Set up job	2025-09-05T02:10:28.4589497Z LTS
⚡ Fast Validation	Set up job	2025-09-05T02:10:28.4589924Z ##[endgroup]
⚡ Fast Validation	Set up job	2025-09-05T02:10:28.4590475Z ##[group]Runner Image
⚡ Fast Validation	Set up job	2025-09-05T02:10:28.4591047Z Image: ubuntu-24.04
⚡ Fast Validation	Set up job	2025-09-05T02:10:28.4591522Z Version: 20250831.1.0
⚡ Fast Validation	Set up job	2025-09-05T02:10:28.4592564Z Included Software: https://github.com/actions/runner-images/blob/ubuntu24/20250831.1/images/ubuntu/Ubuntu2404-Readme.md
⚡ Fast Validation	Set up job	2025-09-05T02:10:28.4593845Z Image Release: https://github.com/actions/runner-images/releases/tag/ubuntu24%2F20250831.1
⚡ Fast Validation	Set up job	2025-09-05T02:10:28.4595312Z ##[endgroup]
⚡ Fast Validation	Set up job	2025-09-05T02:10:28.4596391Z ##[group]GITHUB_TOKEN Permissions
⚡ Fast Validation	Set up job	2025-09-05T02:10:28.4598223Z Contents: read
⚡ Fast Validation	Set up job	2025-09-05T02:10:28.4598843Z Metadata: read
⚡ Fast Validation	Set up job	2025-09-05T02:10:28.4599307Z Packages: read
⚡ Fast Validation	Set up job	2025-09-05T02:10:28.4599858Z ##[endgroup]
⚡ Fast Validation	Set up job	2025-09-05T02:10:28.4601975Z Secret source: Actions
⚡ Fast Validation	Set up job	2025-09-05T02:10:28.4603055Z Prepare workflow directory
⚡ Fast Validation	Set up job	2025-09-05T02:10:28.4982336Z Prepare all required actions
⚡ Fast Validation	Set up job	2025-09-05T02:10:28.5019588Z Getting action download info
⚡ Fast Validation	Set up job	2025-09-05T02:10:28.8039086Z Download action repository 'actions/checkout@v4' (SHA:08eba0b27e820071cde6df949e0beb9ba4906955)
⚡ Fast Validation	Set up job	2025-09-05T02:10:28.8675895Z Download action repository 'actions/setup-go@v5' (SHA:d35c59abb061a4a6fb18e82ac0862c26744d6ab5)
⚡ Fast Validation	Set up job	2025-09-05T02:10:29.1694768Z Download action repository 'actions/cache@v4' (SHA:0400d5f644dc74513175e3cd8d07132dd4860809)
⚡ Fast Validation	Set up job	2025-09-05T02:10:29.3918859Z Complete job name: ⚡ Fast Validation
⚡ Fast Validation	Checkout code	﻿2025-09-05T02:10:29.4624744Z ##[group]Run actions/checkout@v4
⚡ Fast Validation	Checkout code	2025-09-05T02:10:29.4625706Z with:
⚡ Fast Validation	Checkout code	2025-09-05T02:10:29.4626181Z   repository: thc1006/nephoran-intent-operator
⚡ Fast Validation	Checkout code	2025-09-05T02:10:29.4626884Z   token: ***
⚡ Fast Validation	Checkout code	2025-09-05T02:10:29.4627259Z   ssh-strict: true
⚡ Fast Validation	Checkout code	2025-09-05T02:10:29.4627653Z   ssh-user: git
⚡ Fast Validation	Checkout code	2025-09-05T02:10:29.4628044Z   persist-credentials: true
⚡ Fast Validation	Checkout code	2025-09-05T02:10:29.4628482Z   clean: true
⚡ Fast Validation	Checkout code	2025-09-05T02:10:29.4628871Z   sparse-checkout-cone-mode: true
⚡ Fast Validation	Checkout code	2025-09-05T02:10:29.4629345Z   fetch-depth: 1
⚡ Fast Validation	Checkout code	2025-09-05T02:10:29.4629747Z   fetch-tags: false
⚡ Fast Validation	Checkout code	2025-09-05T02:10:29.4630139Z   show-progress: true
⚡ Fast Validation	Checkout code	2025-09-05T02:10:29.4630539Z   lfs: false
⚡ Fast Validation	Checkout code	2025-09-05T02:10:29.4630897Z   submodules: false
⚡ Fast Validation	Checkout code	2025-09-05T02:10:29.4631298Z   set-safe-directory: true
⚡ Fast Validation	Checkout code	2025-09-05T02:10:29.4632223Z env:
⚡ Fast Validation	Checkout code	2025-09-05T02:10:29.4632647Z   GO_VERSION: 1.22
⚡ Fast Validation	Checkout code	2025-09-05T02:10:29.4633125Z   GOPROXY: https://proxy.golang.org,direct
⚡ Fast Validation	Checkout code	2025-09-05T02:10:29.4633659Z   GOSUMDB: sum.golang.org
⚡ Fast Validation	Checkout code	2025-09-05T02:10:29.4634078Z   CGO_ENABLED: 0
⚡ Fast Validation	Checkout code	2025-09-05T02:10:29.4634783Z   GOMAXPROCS: 4
⚡ Fast Validation	Checkout code	2025-09-05T02:10:29.4635252Z   GOMEMLIMIT: 8GiB
⚡ Fast Validation	Checkout code	2025-09-05T02:10:29.4635635Z   GOGC: 75
⚡ Fast Validation	Checkout code	2025-09-05T02:10:29.4635994Z   GO_DISABLE_TELEMETRY: 1
⚡ Fast Validation	Checkout code	2025-09-05T02:10:29.4636564Z   BUILD_FLAGS: -trimpath -ldflags='-s -w -extldflags=-static'
⚡ Fast Validation	Checkout code	2025-09-05T02:10:29.4637191Z   TEST_FLAGS: -race -count=1 -timeout=15m
⚡ Fast Validation	Checkout code	2025-09-05T02:10:29.4637754Z   CACHE_VERSION: v2025-1
⚡ Fast Validation	Checkout code	2025-09-05T02:10:29.4638172Z ##[endgroup]
⚡ Fast Validation	Checkout code	2025-09-05T02:10:29.5719502Z Syncing repository: thc1006/nephoran-intent-operator
⚡ Fast Validation	Checkout code	2025-09-05T02:10:29.5721244Z ##[group]Getting Git version info
⚡ Fast Validation	Checkout code	2025-09-05T02:10:29.5722126Z Working directory is '/home/runner/work/nephoran-intent-operator/nephoran-intent-operator'
⚡ Fast Validation	Checkout code	2025-09-05T02:10:29.5723247Z [command]/usr/bin/git version
⚡ Fast Validation	Checkout code	2025-09-05T02:10:29.5763611Z git version 2.51.0
⚡ Fast Validation	Checkout code	2025-09-05T02:10:29.5789376Z ##[endgroup]
⚡ Fast Validation	Checkout code	2025-09-05T02:10:29.5809620Z Temporarily overriding HOME='/home/runner/work/_temp/df6a59f0-d8e5-4aa5-b81e-777a15bcf4de' before making global git config changes
⚡ Fast Validation	Checkout code	2025-09-05T02:10:29.5810952Z Adding repository directory to the temporary git global config as a safe directory
⚡ Fast Validation	Checkout code	2025-09-05T02:10:29.5815196Z [command]/usr/bin/git config --global --add safe.directory /home/runner/work/nephoran-intent-operator/nephoran-intent-operator
⚡ Fast Validation	Checkout code	2025-09-05T02:10:29.5848735Z Deleting the contents of '/home/runner/work/nephoran-intent-operator/nephoran-intent-operator'
⚡ Fast Validation	Checkout code	2025-09-05T02:10:29.5852020Z ##[group]Initializing the repository
⚡ Fast Validation	Checkout code	2025-09-05T02:10:29.5857375Z [command]/usr/bin/git init /home/runner/work/nephoran-intent-operator/nephoran-intent-operator
⚡ Fast Validation	Checkout code	2025-09-05T02:10:29.5914659Z hint: Using 'master' as the name for the initial branch. This default branch name
⚡ Fast Validation	Checkout code	2025-09-05T02:10:29.5916193Z hint: is subject to change. To configure the initial branch name to use in all
⚡ Fast Validation	Checkout code	2025-09-05T02:10:29.5917167Z hint: of your new repositories, which will suppress this warning, call:
⚡ Fast Validation	Checkout code	2025-09-05T02:10:29.5918229Z hint:
⚡ Fast Validation	Checkout code	2025-09-05T02:10:29.5918708Z hint: 	git config --global init.defaultBranch <name>
⚡ Fast Validation	Checkout code	2025-09-05T02:10:29.5919263Z hint:
⚡ Fast Validation	Checkout code	2025-09-05T02:10:29.5919849Z hint: Names commonly chosen instead of 'master' are 'main', 'trunk' and
⚡ Fast Validation	Checkout code	2025-09-05T02:10:29.5920715Z hint: 'development'. The just-created branch can be renamed via this command:
⚡ Fast Validation	Checkout code	2025-09-05T02:10:29.5921397Z hint:
⚡ Fast Validation	Checkout code	2025-09-05T02:10:29.5921776Z hint: 	git branch -m <name>
⚡ Fast Validation	Checkout code	2025-09-05T02:10:29.5922271Z hint:
⚡ Fast Validation	Checkout code	2025-09-05T02:10:29.5923013Z hint: Disable this message with "git config set advice.defaultBranchName false"
⚡ Fast Validation	Checkout code	2025-09-05T02:10:29.5924381Z Initialized empty Git repository in /home/runner/work/nephoran-intent-operator/nephoran-intent-operator/.git/
⚡ Fast Validation	Checkout code	2025-09-05T02:10:29.5929013Z [command]/usr/bin/git remote add origin https://github.com/thc1006/nephoran-intent-operator
⚡ Fast Validation	Checkout code	2025-09-05T02:10:29.5961415Z ##[endgroup]
⚡ Fast Validation	Checkout code	2025-09-05T02:10:29.5962154Z ##[group]Disabling automatic garbage collection
⚡ Fast Validation	Checkout code	2025-09-05T02:10:29.5965884Z [command]/usr/bin/git config --local gc.auto 0
⚡ Fast Validation	Checkout code	2025-09-05T02:10:29.5998461Z ##[endgroup]
⚡ Fast Validation	Checkout code	2025-09-05T02:10:29.5999653Z ##[group]Setting up auth
⚡ Fast Validation	Checkout code	2025-09-05T02:10:29.6006276Z [command]/usr/bin/git config --local --name-only --get-regexp core\.sshCommand
⚡ Fast Validation	Checkout code	2025-09-05T02:10:29.6037351Z [command]/usr/bin/git submodule foreach --recursive sh -c "git config --local --name-only --get-regexp 'core\.sshCommand' && git config --local --unset-all 'core.sshCommand' || :"
⚡ Fast Validation	Checkout code	2025-09-05T02:10:29.6291173Z [command]/usr/bin/git config --local --name-only --get-regexp http\.https\:\/\/github\.com\/\.extraheader
⚡ Fast Validation	Checkout code	2025-09-05T02:10:29.6321659Z [command]/usr/bin/git submodule foreach --recursive sh -c "git config --local --name-only --get-regexp 'http\.https\:\/\/github\.com\/\.extraheader' && git config --local --unset-all 'http.https://github.com/.extraheader' || :"
⚡ Fast Validation	Checkout code	2025-09-05T02:10:29.6538836Z [command]/usr/bin/git config --local http.https://github.com/.extraheader AUTHORIZATION: basic ***
⚡ Fast Validation	Checkout code	2025-09-05T02:10:29.6579130Z ##[endgroup]
⚡ Fast Validation	Checkout code	2025-09-05T02:10:29.6580366Z ##[group]Fetching the repository
⚡ Fast Validation	Checkout code	2025-09-05T02:10:29.6589183Z [command]/usr/bin/git -c protocol.version=2 fetch --no-tags --prune --no-recurse-submodules --depth=1 origin +8571a9833741139ba26558021cf2f484ff067565:refs/remotes/origin/feat/porch-direct
⚡ Fast Validation	Checkout code	2025-09-05T02:10:32.1653613Z From https://github.com/thc1006/nephoran-intent-operator
⚡ Fast Validation	Checkout code	2025-09-05T02:10:32.1656058Z  * [new ref]         8571a9833741139ba26558021cf2f484ff067565 -> origin/feat/porch-direct
⚡ Fast Validation	Checkout code	2025-09-05T02:10:32.1688320Z ##[endgroup]
⚡ Fast Validation	Checkout code	2025-09-05T02:10:32.1689606Z ##[group]Determining the checkout info
⚡ Fast Validation	Checkout code	2025-09-05T02:10:32.1691365Z ##[endgroup]
⚡ Fast Validation	Checkout code	2025-09-05T02:10:32.1695508Z [command]/usr/bin/git sparse-checkout disable
⚡ Fast Validation	Checkout code	2025-09-05T02:10:32.1735170Z [command]/usr/bin/git config --local --unset-all extensions.worktreeConfig
⚡ Fast Validation	Checkout code	2025-09-05T02:10:32.1765453Z ##[group]Checking out the ref
⚡ Fast Validation	Checkout code	2025-09-05T02:10:32.1770077Z [command]/usr/bin/git checkout --progress --force -B feat/porch-direct refs/remotes/origin/feat/porch-direct
⚡ Fast Validation	Checkout code	2025-09-05T02:10:32.6454778Z Switched to a new branch 'feat/porch-direct'
⚡ Fast Validation	Checkout code	2025-09-05T02:10:32.6456389Z branch 'feat/porch-direct' set up to track 'origin/feat/porch-direct'.
⚡ Fast Validation	Checkout code	2025-09-05T02:10:32.6474650Z ##[endgroup]
⚡ Fast Validation	Checkout code	2025-09-05T02:10:32.6513952Z [command]/usr/bin/git log -1 --format=%H
⚡ Fast Validation	Checkout code	2025-09-05T02:10:32.6536911Z 8571a9833741139ba26558021cf2f484ff067565
⚡ Fast Validation	Setup Go	﻿2025-09-05T02:10:32.6801937Z ##[group]Run actions/setup-go@v5
⚡ Fast Validation	Setup Go	2025-09-05T02:10:32.6803042Z with:
⚡ Fast Validation	Setup Go	2025-09-05T02:10:32.6803828Z   go-version: 1.22
⚡ Fast Validation	Setup Go	2025-09-05T02:10:32.6804834Z   check-latest: false
⚡ Fast Validation	Setup Go	2025-09-05T02:10:32.6805990Z   token: ***
⚡ Fast Validation	Setup Go	2025-09-05T02:10:32.6806791Z   cache: true
⚡ Fast Validation	Setup Go	2025-09-05T02:10:32.6807572Z env:
⚡ Fast Validation	Setup Go	2025-09-05T02:10:32.6808309Z   GO_VERSION: 1.22
⚡ Fast Validation	Setup Go	2025-09-05T02:10:32.6809262Z   GOPROXY: https://proxy.golang.org,direct
⚡ Fast Validation	Setup Go	2025-09-05T02:10:32.6810414Z   GOSUMDB: sum.golang.org
⚡ Fast Validation	Setup Go	2025-09-05T02:10:32.6811323Z   CGO_ENABLED: 0
⚡ Fast Validation	Setup Go	2025-09-05T02:10:32.6812161Z   GOMAXPROCS: 4
⚡ Fast Validation	Setup Go	2025-09-05T02:10:32.6812987Z   GOMEMLIMIT: 8GiB
⚡ Fast Validation	Setup Go	2025-09-05T02:10:32.6813816Z   GOGC: 75
⚡ Fast Validation	Setup Go	2025-09-05T02:10:32.6814786Z   GO_DISABLE_TELEMETRY: 1
⚡ Fast Validation	Setup Go	2025-09-05T02:10:32.6815970Z   BUILD_FLAGS: -trimpath -ldflags='-s -w -extldflags=-static'
⚡ Fast Validation	Setup Go	2025-09-05T02:10:32.6817352Z   TEST_FLAGS: -race -count=1 -timeout=15m
⚡ Fast Validation	Setup Go	2025-09-05T02:10:32.6818444Z   CACHE_VERSION: v2025-1
⚡ Fast Validation	Setup Go	2025-09-05T02:10:32.6819366Z ##[endgroup]
⚡ Fast Validation	Setup Go	2025-09-05T02:10:32.8382104Z Setup go version spec 1.22
⚡ Fast Validation	Setup Go	2025-09-05T02:10:32.8680578Z Found in cache @ /opt/hostedtoolcache/go/1.22.12/x64
⚡ Fast Validation	Setup Go	2025-09-05T02:10:32.8685939Z Added go to the path
⚡ Fast Validation	Setup Go	2025-09-05T02:10:32.8689387Z Successfully set up Go version 1.22
⚡ Fast Validation	Setup Go	2025-09-05T02:10:38.0768975Z go: downloading go1.24.6 (linux/amd64)
⚡ Fast Validation	Setup Go	2025-09-05T02:10:38.0927900Z [command]/opt/hostedtoolcache/go/1.22.12/x64/bin/go env GOMODCACHE
⚡ Fast Validation	Setup Go	2025-09-05T02:10:38.0960257Z [command]/opt/hostedtoolcache/go/1.22.12/x64/bin/go env GOCACHE
⚡ Fast Validation	Setup Go	2025-09-05T02:10:38.1010586Z /home/runner/go/pkg/mod
⚡ Fast Validation	Setup Go	2025-09-05T02:10:38.1038669Z /home/runner/.cache/go-build
⚡ Fast Validation	Setup Go	2025-09-05T02:10:38.2133063Z Cache is not found
⚡ Fast Validation	Setup Go	2025-09-05T02:10:38.2154583Z go version go1.24.6 linux/amd64
⚡ Fast Validation	Setup Go	2025-09-05T02:10:38.2154825Z 
⚡ Fast Validation	Setup Go	2025-09-05T02:10:38.2155140Z ##[group]go env
⚡ Fast Validation	Setup Go	2025-09-05T02:10:38.3198011Z AR='ar'
⚡ Fast Validation	Setup Go	2025-09-05T02:10:38.3198432Z CC='gcc'
⚡ Fast Validation	Setup Go	2025-09-05T02:10:38.3198864Z CGO_CFLAGS='-O2 -g'
⚡ Fast Validation	Setup Go	2025-09-05T02:10:38.3199208Z CGO_CPPFLAGS=''
⚡ Fast Validation	Setup Go	2025-09-05T02:10:38.3199605Z CGO_CXXFLAGS='-O2 -g'
⚡ Fast Validation	Setup Go	2025-09-05T02:10:38.3199968Z CGO_ENABLED='0'
⚡ Fast Validation	Setup Go	2025-09-05T02:10:38.3200377Z CGO_FFLAGS='-O2 -g'
⚡ Fast Validation	Setup Go	2025-09-05T02:10:38.3200733Z CGO_LDFLAGS='-O2 -g'
⚡ Fast Validation	Setup Go	2025-09-05T02:10:38.3201127Z CXX='g++'
⚡ Fast Validation	Setup Go	2025-09-05T02:10:38.3201463Z GCCGO='gccgo'
⚡ Fast Validation	Setup Go	2025-09-05T02:10:38.3201806Z GO111MODULE=''
⚡ Fast Validation	Setup Go	2025-09-05T02:10:38.3202145Z GOAMD64='v1'
⚡ Fast Validation	Setup Go	2025-09-05T02:10:38.3202490Z GOARCH='amd64'
⚡ Fast Validation	Setup Go	2025-09-05T02:10:38.3202863Z GOAUTH='netrc'
⚡ Fast Validation	Setup Go	2025-09-05T02:10:38.3203192Z GOBIN=''
⚡ Fast Validation	Setup Go	2025-09-05T02:10:38.3203566Z GOCACHE='/home/runner/.cache/go-build'
⚡ Fast Validation	Setup Go	2025-09-05T02:10:38.3204027Z GOCACHEPROG=''
⚡ Fast Validation	Setup Go	2025-09-05T02:10:38.3204708Z GODEBUG=''
⚡ Fast Validation	Setup Go	2025-09-05T02:10:38.3205093Z GOENV='/home/runner/.config/go/env'
⚡ Fast Validation	Setup Go	2025-09-05T02:10:38.3205512Z GOEXE=''
⚡ Fast Validation	Setup Go	2025-09-05T02:10:38.3205887Z GOEXPERIMENT=''
⚡ Fast Validation	Setup Go	2025-09-05T02:10:38.3206254Z GOFIPS140='off'
⚡ Fast Validation	Setup Go	2025-09-05T02:10:38.3206625Z GOFLAGS=''
⚡ Fast Validation	Setup Go	2025-09-05T02:10:38.3207538Z GOGCCFLAGS='-fPIC -m64 -Wl,--no-gc-sections -fmessage-length=0 -ffile-prefix-map=/tmp/go-build3830076954=/tmp/go-build -gno-record-gcc-switches'
⚡ Fast Validation	Setup Go	2025-09-05T02:10:38.3208505Z GOHOSTARCH='amd64'
⚡ Fast Validation	Setup Go	2025-09-05T02:10:38.3208815Z GOHOSTOS='linux'
⚡ Fast Validation	Setup Go	2025-09-05T02:10:38.3209143Z GOINSECURE=''
⚡ Fast Validation	Setup Go	2025-09-05T02:10:38.3209745Z GOMOD='/home/runner/work/nephoran-intent-operator/nephoran-intent-operator/go.mod'
⚡ Fast Validation	Setup Go	2025-09-05T02:10:38.3210448Z GOMODCACHE='/home/runner/go/pkg/mod'
⚡ Fast Validation	Setup Go	2025-09-05T02:10:38.3210837Z GONOPROXY=''
⚡ Fast Validation	Setup Go	2025-09-05T02:10:38.3211113Z GONOSUMDB=''
⚡ Fast Validation	Setup Go	2025-09-05T02:10:38.3211396Z GOOS='linux'
⚡ Fast Validation	Setup Go	2025-09-05T02:10:38.3211695Z GOPATH='/home/runner/go'
⚡ Fast Validation	Setup Go	2025-09-05T02:10:38.3212055Z GOPRIVATE=''
⚡ Fast Validation	Setup Go	2025-09-05T02:10:38.3212453Z GOPROXY='https://proxy.golang.org,direct'
⚡ Fast Validation	Setup Go	2025-09-05T02:10:38.3213217Z GOROOT='/home/runner/go/pkg/mod/golang.org/toolchain@v0.0.1-go1.24.6.linux-amd64'
⚡ Fast Validation	Setup Go	2025-09-05T02:10:38.3213865Z GOSUMDB='sum.golang.org'
⚡ Fast Validation	Setup Go	2025-09-05T02:10:38.3214419Z GOTELEMETRY='local'
⚡ Fast Validation	Setup Go	2025-09-05T02:10:38.3214842Z GOTELEMETRYDIR='/home/runner/.config/go/telemetry'
⚡ Fast Validation	Setup Go	2025-09-05T02:10:38.3215310Z GOTMPDIR=''
⚡ Fast Validation	Setup Go	2025-09-05T02:10:38.3215609Z GOTOOLCHAIN='auto'
⚡ Fast Validation	Setup Go	2025-09-05T02:10:38.3216726Z GOTOOLDIR='/home/runner/go/pkg/mod/golang.org/toolchain@v0.0.1-go1.24.6.linux-amd64/pkg/tool/linux_amd64'
⚡ Fast Validation	Setup Go	2025-09-05T02:10:38.3217749Z GOVCS=''
⚡ Fast Validation	Setup Go	2025-09-05T02:10:38.3218040Z GOVERSION='go1.24.6'
⚡ Fast Validation	Setup Go	2025-09-05T02:10:38.3218362Z GOWORK=''
⚡ Fast Validation	Setup Go	2025-09-05T02:10:38.3218676Z PKG_CONFIG='pkg-config'
⚡ Fast Validation	Setup Go	2025-09-05T02:10:38.3218898Z 
⚡ Fast Validation	Setup Go	2025-09-05T02:10:38.3219399Z ##[endgroup]
⚡ Fast Validation	🧹 Pre-Cache Cleanup (Fast Validation)	﻿2025-09-05T02:10:38.3315927Z ##[group]Run echo "🧹 Cleaning potential Go toolchain conflicts..."
⚡ Fast Validation	🧹 Pre-Cache Cleanup (Fast Validation)	2025-09-05T02:10:38.3316429Z [36;1mecho "🧹 Cleaning potential Go toolchain conflicts..."[0m
⚡ Fast Validation	🧹 Pre-Cache Cleanup (Fast Validation)	2025-09-05T02:10:38.3316930Z [36;1m# Remove any existing Go toolchain files that might conflict during cache restore[0m
⚡ Fast Validation	🧹 Pre-Cache Cleanup (Fast Validation)	2025-09-05T02:10:38.3317420Z [36;1msudo rm -rf ~/go/pkg/mod/golang.org/toolchain* 2>/dev/null || true[0m
⚡ Fast Validation	🧹 Pre-Cache Cleanup (Fast Validation)	2025-09-05T02:10:38.3317873Z [36;1msudo rm -rf ~/.cache/go-build/*/golang.org/toolchain* 2>/dev/null || true[0m
⚡ Fast Validation	🧹 Pre-Cache Cleanup (Fast Validation)	2025-09-05T02:10:38.3318241Z [36;1m# Clean any incomplete extractions[0m
⚡ Fast Validation	🧹 Pre-Cache Cleanup (Fast Validation)	2025-09-05T02:10:38.3318578Z [36;1mfind ~/go/pkg/mod -name "*.partial~" -delete 2>/dev/null || true[0m
⚡ Fast Validation	🧹 Pre-Cache Cleanup (Fast Validation)	2025-09-05T02:10:38.3318964Z [36;1mecho "✅ Pre-cache cleanup completed"[0m
⚡ Fast Validation	🧹 Pre-Cache Cleanup (Fast Validation)	2025-09-05T02:10:38.3369878Z shell: /usr/bin/bash -e {0}
⚡ Fast Validation	🧹 Pre-Cache Cleanup (Fast Validation)	2025-09-05T02:10:38.3370146Z env:
⚡ Fast Validation	🧹 Pre-Cache Cleanup (Fast Validation)	2025-09-05T02:10:38.3370314Z   GO_VERSION: 1.22
⚡ Fast Validation	🧹 Pre-Cache Cleanup (Fast Validation)	2025-09-05T02:10:38.3370556Z   GOPROXY: https://proxy.golang.org,direct
⚡ Fast Validation	🧹 Pre-Cache Cleanup (Fast Validation)	2025-09-05T02:10:38.3370826Z   GOSUMDB: sum.golang.org
⚡ Fast Validation	🧹 Pre-Cache Cleanup (Fast Validation)	2025-09-05T02:10:38.3371089Z   CGO_ENABLED: 0
⚡ Fast Validation	🧹 Pre-Cache Cleanup (Fast Validation)	2025-09-05T02:10:38.3371266Z   GOMAXPROCS: 4
⚡ Fast Validation	🧹 Pre-Cache Cleanup (Fast Validation)	2025-09-05T02:10:38.3371458Z   GOMEMLIMIT: 8GiB
⚡ Fast Validation	🧹 Pre-Cache Cleanup (Fast Validation)	2025-09-05T02:10:38.3371661Z   GOGC: 75
⚡ Fast Validation	🧹 Pre-Cache Cleanup (Fast Validation)	2025-09-05T02:10:38.3371830Z   GO_DISABLE_TELEMETRY: 1
⚡ Fast Validation	🧹 Pre-Cache Cleanup (Fast Validation)	2025-09-05T02:10:38.3372099Z   BUILD_FLAGS: -trimpath -ldflags='-s -w -extldflags=-static'
⚡ Fast Validation	🧹 Pre-Cache Cleanup (Fast Validation)	2025-09-05T02:10:38.3372419Z   TEST_FLAGS: -race -count=1 -timeout=15m
⚡ Fast Validation	🧹 Pre-Cache Cleanup (Fast Validation)	2025-09-05T02:10:38.3372660Z   CACHE_VERSION: v2025-1
⚡ Fast Validation	🧹 Pre-Cache Cleanup (Fast Validation)	2025-09-05T02:10:38.3372863Z ##[endgroup]
⚡ Fast Validation	🧹 Pre-Cache Cleanup (Fast Validation)	2025-09-05T02:10:38.3445600Z 🧹 Cleaning potential Go toolchain conflicts...
⚡ Fast Validation	🧹 Pre-Cache Cleanup (Fast Validation)	2025-09-05T02:10:38.6245255Z ✅ Pre-cache cleanup completed
⚡ Fast Validation	Restore dependency cache	﻿2025-09-05T02:10:39.1380757Z ##[group]Run actions/cache@v4
⚡ Fast Validation	Restore dependency cache	2025-09-05T02:10:39.1380998Z with:
⚡ Fast Validation	Restore dependency cache	2025-09-05T02:10:39.1381226Z   path: ~/go/pkg/mod
⚡ Fast Validation	Restore dependency cache	~/.cache/go-build
⚡ Fast Validation	Restore dependency cache	.go-build-cache
⚡ Fast Validation	Restore dependency cache	
⚡ Fast Validation	Restore dependency cache	2025-09-05T02:10:39.1382016Z   key: Linux-go-v2025-1-008eb4a61073b8b98cf1b62f6241a4916b695fa923c8ee062bd6b6eaab097c1d-f142991184b451196bc51cc7fe5d88bb1c932f363dc235b3c209f09fa06e25bd-toolchain-safe
⚡ Fast Validation	Restore dependency cache	2025-09-05T02:10:39.1383097Z   restore-keys: Linux-go-v2025-1-008eb4a61073b8b98cf1b62f6241a4916b695fa923c8ee062bd6b6eaab097c1d-toolchain-safe
⚡ Fast Validation	Restore dependency cache	Linux-go-v2025-1-
⚡ Fast Validation	Restore dependency cache	
⚡ Fast Validation	Restore dependency cache	2025-09-05T02:10:39.1383664Z   fail-on-cache-miss: false
⚡ Fast Validation	Restore dependency cache	2025-09-05T02:10:39.1383875Z   enableCrossOsArchive: false
⚡ Fast Validation	Restore dependency cache	2025-09-05T02:10:39.1384089Z   lookup-only: false
⚡ Fast Validation	Restore dependency cache	2025-09-05T02:10:39.1384492Z   save-always: false
⚡ Fast Validation	Restore dependency cache	2025-09-05T02:10:39.1384663Z env:
⚡ Fast Validation	Restore dependency cache	2025-09-05T02:10:39.1384808Z   GO_VERSION: 1.22
⚡ Fast Validation	Restore dependency cache	2025-09-05T02:10:39.1385027Z   GOPROXY: https://proxy.golang.org,direct
⚡ Fast Validation	Restore dependency cache	2025-09-05T02:10:39.1385279Z   GOSUMDB: sum.golang.org
⚡ Fast Validation	Restore dependency cache	2025-09-05T02:10:39.1385475Z   CGO_ENABLED: 0
⚡ Fast Validation	Restore dependency cache	2025-09-05T02:10:39.1385657Z   GOMAXPROCS: 4
⚡ Fast Validation	Restore dependency cache	2025-09-05T02:10:39.1385863Z   GOMEMLIMIT: 8GiB
⚡ Fast Validation	Restore dependency cache	2025-09-05T02:10:39.1386030Z   GOGC: 75
⚡ Fast Validation	Restore dependency cache	2025-09-05T02:10:39.1386182Z   GO_DISABLE_TELEMETRY: 1
⚡ Fast Validation	Restore dependency cache	2025-09-05T02:10:39.1386448Z   BUILD_FLAGS: -trimpath -ldflags='-s -w -extldflags=-static'
⚡ Fast Validation	Restore dependency cache	2025-09-05T02:10:39.1386757Z   TEST_FLAGS: -race -count=1 -timeout=15m
⚡ Fast Validation	Restore dependency cache	2025-09-05T02:10:39.1387003Z   CACHE_VERSION: v2025-1
⚡ Fast Validation	Restore dependency cache	2025-09-05T02:10:39.1387194Z ##[endgroup]
⚡ Fast Validation	Restore dependency cache	2025-09-05T02:10:39.3395280Z Cache hit for: Linux-go-v2025-1-008eb4a61073b8b98cf1b62f6241a4916b695fa923c8ee062bd6b6eaab097c1d-f142991184b451196bc51cc7fe5d88bb1c932f363dc235b3c209f09fa06e25bd-toolchain-safe
⚡ Fast Validation	Restore dependency cache	2025-09-05T02:10:40.3735645Z Received 260046848 of 671020399 (38.8%), 248.0 MBs/sec
⚡ Fast Validation	Restore dependency cache	2025-09-05T02:10:41.3725513Z Received 494927872 of 671020399 (73.8%), 235.8 MBs/sec
⚡ Fast Validation	Restore dependency cache	2025-09-05T02:10:42.0649119Z Received 671020399 of 671020399 (100.0%), 237.5 MBs/sec
⚡ Fast Validation	Restore dependency cache	2025-09-05T02:10:42.0651814Z Cache Size: ~640 MB (671020399 B)
⚡ Fast Validation	Restore dependency cache	2025-09-05T02:10:42.0762159Z [command]/usr/bin/tar -xf /home/runner/work/_temp/ab049497-2617-4895-8f4d-1e13fbcdc89d/cache.tzst -P -C /home/runner/work/nephoran-intent-operator/nephoran-intent-operator --use-compress-program unzstd
⚡ Fast Validation	Restore dependency cache	2025-09-05T02:10:48.3983810Z Cache restored successfully
⚡ Fast Validation	Restore dependency cache	2025-09-05T02:10:48.5568783Z Cache restored from key: Linux-go-v2025-1-008eb4a61073b8b98cf1b62f6241a4916b695fa923c8ee062bd6b6eaab097c1d-f142991184b451196bc51cc7fe5d88bb1c932f363dc235b3c209f09fa06e25bd-toolchain-safe
⚡ Fast Validation	🔍 Fast Syntax & Build Check	﻿2025-09-05T02:10:48.5692599Z ##[group]Run set -e
⚡ Fast Validation	🔍 Fast Syntax & Build Check	2025-09-05T02:10:48.5692870Z [36;1mset -e[0m
⚡ Fast Validation	🔍 Fast Syntax & Build Check	2025-09-05T02:10:48.5693092Z [36;1mexport GOCACHE="$(pwd)/.go-build-cache"[0m
⚡ Fast Validation	🔍 Fast Syntax & Build Check	2025-09-05T02:10:48.5693357Z [36;1m[0m
⚡ Fast Validation	🔍 Fast Syntax & Build Check	2025-09-05T02:10:48.5693569Z [36;1mecho "🔍 Running fast syntax validation..."[0m
⚡ Fast Validation	🔍 Fast Syntax & Build Check	2025-09-05T02:10:48.5693823Z [36;1m[0m
⚡ Fast Validation	🔍 Fast Syntax & Build Check	2025-09-05T02:10:48.5693991Z [36;1m# Fast syntax check[0m
⚡ Fast Validation	🔍 Fast Syntax & Build Check	2025-09-05T02:10:48.5694353Z [36;1mecho "📋 Checking Go syntax..."[0m
⚡ Fast Validation	🔍 Fast Syntax & Build Check	2025-09-05T02:10:48.5694589Z [36;1mgo vet ./...[0m
⚡ Fast Validation	🔍 Fast Syntax & Build Check	2025-09-05T02:10:48.5694785Z [36;1m[0m
⚡ Fast Validation	🔍 Fast Syntax & Build Check	2025-09-05T02:10:48.5694983Z [36;1m# Fast build check (no output)[0m
⚡ Fast Validation	🔍 Fast Syntax & Build Check	2025-09-05T02:10:48.5695258Z [36;1mecho "🏗️  Fast build verification..."[0m
⚡ Fast Validation	🔍 Fast Syntax & Build Check	2025-09-05T02:10:48.5695547Z [36;1mgo build $BUILD_FLAGS ./...[0m
⚡ Fast Validation	🔍 Fast Syntax & Build Check	2025-09-05T02:10:48.5695771Z [36;1m[0m
⚡ Fast Validation	🔍 Fast Syntax & Build Check	2025-09-05T02:10:48.5695937Z [36;1m# Module tidiness check[0m
⚡ Fast Validation	🔍 Fast Syntax & Build Check	2025-09-05T02:10:48.5696190Z [36;1mecho "🧹 Checking module tidiness..."[0m
⚡ Fast Validation	🔍 Fast Syntax & Build Check	2025-09-05T02:10:48.5696445Z [36;1mgo mod tidy[0m
⚡ Fast Validation	🔍 Fast Syntax & Build Check	2025-09-05T02:10:48.5696671Z [36;1mif ! git diff --quiet go.mod go.sum; then[0m
⚡ Fast Validation	🔍 Fast Syntax & Build Check	2025-09-05T02:10:48.5696987Z [36;1m  echo "❌ go.mod or go.sum is not tidy"[0m
⚡ Fast Validation	🔍 Fast Syntax & Build Check	2025-09-05T02:10:48.5697252Z [36;1m  git diff go.mod go.sum[0m
⚡ Fast Validation	🔍 Fast Syntax & Build Check	2025-09-05T02:10:48.5697471Z [36;1m  exit 1[0m
⚡ Fast Validation	🔍 Fast Syntax & Build Check	2025-09-05T02:10:48.5697641Z [36;1mfi[0m
⚡ Fast Validation	🔍 Fast Syntax & Build Check	2025-09-05T02:10:48.5697795Z [36;1m[0m
⚡ Fast Validation	🔍 Fast Syntax & Build Check	2025-09-05T02:10:48.5698022Z [36;1mecho "✅ Fast validation completed successfully"[0m
⚡ Fast Validation	🔍 Fast Syntax & Build Check	2025-09-05T02:10:48.5729218Z shell: /usr/bin/bash -e {0}
⚡ Fast Validation	🔍 Fast Syntax & Build Check	2025-09-05T02:10:48.5729448Z env:
⚡ Fast Validation	🔍 Fast Syntax & Build Check	2025-09-05T02:10:48.5729618Z   GO_VERSION: 1.22
⚡ Fast Validation	🔍 Fast Syntax & Build Check	2025-09-05T02:10:48.5729865Z   GOPROXY: https://proxy.golang.org,direct
⚡ Fast Validation	🔍 Fast Syntax & Build Check	2025-09-05T02:10:48.5730154Z   GOSUMDB: sum.golang.org
⚡ Fast Validation	🔍 Fast Syntax & Build Check	2025-09-05T02:10:48.5730355Z   CGO_ENABLED: 0
⚡ Fast Validation	🔍 Fast Syntax & Build Check	2025-09-05T02:10:48.5730520Z   GOMAXPROCS: 4
⚡ Fast Validation	🔍 Fast Syntax & Build Check	2025-09-05T02:10:48.5730688Z   GOMEMLIMIT: 8GiB
⚡ Fast Validation	🔍 Fast Syntax & Build Check	2025-09-05T02:10:48.5730858Z   GOGC: 75
⚡ Fast Validation	🔍 Fast Syntax & Build Check	2025-09-05T02:10:48.5731018Z   GO_DISABLE_TELEMETRY: 1
⚡ Fast Validation	🔍 Fast Syntax & Build Check	2025-09-05T02:10:48.5731293Z   BUILD_FLAGS: -trimpath -ldflags='-s -w -extldflags=-static'
⚡ Fast Validation	🔍 Fast Syntax & Build Check	2025-09-05T02:10:48.5731622Z   TEST_FLAGS: -race -count=1 -timeout=15m
⚡ Fast Validation	🔍 Fast Syntax & Build Check	2025-09-05T02:10:48.5731859Z   CACHE_VERSION: v2025-1
⚡ Fast Validation	🔍 Fast Syntax & Build Check	2025-09-05T02:10:48.5732058Z ##[endgroup]
⚡ Fast Validation	🔍 Fast Syntax & Build Check	2025-09-05T02:10:48.5895938Z 🔍 Running fast syntax validation...
⚡ Fast Validation	🔍 Fast Syntax & Build Check	2025-09-05T02:10:48.5896810Z 📋 Checking Go syntax...
⚡ Fast Validation	🔍 Fast Syntax & Build Check	2025-09-05T02:15:21.4190722Z # github.com/thc1006/nephoran-intent-operator/pkg/auth_test
⚡ Fast Validation	🔍 Fast Syntax & Build Check	2025-09-05T02:15:21.4196354Z # [github.com/thc1006/nephoran-intent-operator/pkg/auth_test]
⚡ Fast Validation	🔍 Fast Syntax & Build Check	2025-09-05T02:15:21.4242149Z ##[error]vet: pkg/auth/performance_test.go:122:60: cannot use role (variable of type *"github.com/thc1006/nephoran-intent-operator/pkg/testutil/auth".TestRole) as *"github.com/thc1006/nephoran-intent-operator/pkg/auth".Role value in argument to suite.rbacManager.CreateRole
⚡ Fast Validation	🔍 Fast Syntax & Build Check	2025-09-05T02:15:22.9031508Z # github.com/thc1006/nephoran-intent-operator/pkg/controllers [github.com/thc1006/nephoran-intent-operator/pkg/controllers.test]
⚡ Fast Validation	🔍 Fast Syntax & Build Check	2025-09-05T02:15:22.9100420Z ##[error]pkg/controllers/networkintent_cleanup_test.go:66:59: undefined: testEnv
⚡ Fast Validation	🔍 Fast Syntax & Build Check	2025-09-05T02:15:22.9102755Z ##[error]pkg/controllers/networkintent_cleanup_test.go:79:30: undefined: testutils.testutils
⚡ Fast Validation	🔍 Fast Syntax & Build Check	2025-09-05T02:15:22.9105613Z ##[error]pkg/controllers/networkintent_cleanup_test.go:80:15: undefined: testutils.testutils
⚡ Fast Validation	🔍 Fast Syntax & Build Check	2025-09-05T02:15:22.9108335Z ##[error]pkg/controllers/networkintent_cleanup_test.go:371:32: mockDeps.llmClient undefined (type *testutils.MockDependencies has no field or method llmClient)
⚡ Fast Validation	🔍 Fast Syntax & Build Check	2025-09-05T02:15:22.9154806Z ##[error]pkg/controllers/networkintent_cleanup_test.go:373:32: mockDeps.httpClient undefined (type *testutils.MockDependencies has no field or method httpClient)
⚡ Fast Validation	🔍 Fast Syntax & Build Check	2025-09-05T02:15:22.9158595Z ##[error]pkg/controllers/networkintent_cleanup_test.go:374:32: mockDeps.eventRecorder undefined (type *testutils.MockDependencies has no field or method eventRecorder)
⚡ Fast Validation	🔍 Fast Syntax & Build Check	2025-09-05T02:15:22.9161923Z ##[error]pkg/controllers/networkintent_cleanup_test.go:621:13: mockDeps.gitClient undefined (type *testutils.MockDependencies has no field or method gitClient, but does have field GitClient)
⚡ Fast Validation	🔍 Fast Syntax & Build Check	2025-09-05T02:15:22.9166042Z ##[error]pkg/controllers/networkintent_cleanup_test.go:658:13: mockDeps.gitClient undefined (type *testutils.MockDependencies has no field or method gitClient, but does have field GitClient)
⚡ Fast Validation	🔍 Fast Syntax & Build Check	2025-09-05T02:15:22.9169511Z ##[error]pkg/controllers/networkintent_cleanup_test.go:696:13: mockDeps.gitClient undefined (type *testutils.MockDependencies has no field or method gitClient, but does have field GitClient)
⚡ Fast Validation	🔍 Fast Syntax & Build Check	2025-09-05T02:15:22.9173127Z ##[error]pkg/controllers/networkintent_cleanup_test.go:733:13: mockDeps.gitClient undefined (type *testutils.MockDependencies has no field or method gitClient, but does have field GitClient)
⚡ Fast Validation	🔍 Fast Syntax & Build Check	2025-09-05T02:15:22.9176012Z ##[error]pkg/controllers/networkintent_cleanup_test.go:733:13: too many errors
⚡ Fast Validation	🔍 Fast Syntax & Build Check	2025-09-05T02:15:41.4193528Z # github.com/thc1006/nephoran-intent-operator/pkg/nephio
⚡ Fast Validation	🔍 Fast Syntax & Build Check	2025-09-05T02:15:41.4196074Z # [github.com/thc1006/nephoran-intent-operator/pkg/nephio]
⚡ Fast Validation	🔍 Fast Syntax & Build Check	2025-09-05T02:15:41.4201008Z ##[error]vet: pkg/nephio/advanced_benchmarks_test.go:887:16: undefined: BenchmarkResourceRequirements
⚡ Fast Validation	🔍 Fast Syntax & Build Check	2025-09-05T02:15:43.3220595Z # github.com/thc1006/nephoran-intent-operator/pkg/nephio/multicluster
⚡ Fast Validation	🔍 Fast Syntax & Build Check	2025-09-05T02:15:43.3221889Z # [github.com/thc1006/nephoran-intent-operator/pkg/nephio/multicluster]
⚡ Fast Validation	🔍 Fast Syntax & Build Check	2025-09-05T02:15:43.3223783Z ##[error]vet: pkg/nephio/multicluster/chaos_resilience_test.go:79:33: porchv1alpha1.PackageRevision is not a type
⚡ Fast Validation	🔍 Fast Syntax & Build Check	2025-09-05T02:15:43.5076847Z # github.com/thc1006/nephoran-intent-operator/pkg/nephio/blueprint
⚡ Fast Validation	🔍 Fast Syntax & Build Check	2025-09-05T02:15:43.5078278Z # [github.com/thc1006/nephoran-intent-operator/pkg/nephio/blueprint]
⚡ Fast Validation	🔍 Fast Syntax & Build Check	2025-09-05T02:15:43.5080558Z ##[error]vet: pkg/nephio/blueprint/manager_comprehensive_test.go:82:83: cannot use nil as "github.com/rogpeppe/go-internal/cache".Cache value in return statement
⚡ Fast Validation	🔍 Fast Syntax & Build Check	2025-09-05T02:15:44.3132868Z # github.com/thc1006/nephoran-intent-operator/pkg/nephio/krm
⚡ Fast Validation	🔍 Fast Syntax & Build Check	2025-09-05T02:15:44.3137744Z # [github.com/thc1006/nephoran-intent-operator/pkg/nephio/krm]
⚡ Fast Validation	🔍 Fast Syntax & Build Check	2025-09-05T02:15:44.3140759Z ##[error]vet: pkg/nephio/krm/runtime_comprehensive_test.go:162:6: SchemaProperty redeclared in this block
⚡ Fast Validation	🔍 Fast Syntax & Build Check	2025-09-05T02:15:44.8449622Z # github.com/thc1006/nephoran-intent-operator/pkg/oran/a1
⚡ Fast Validation	🔍 Fast Syntax & Build Check	2025-09-05T02:15:44.8450398Z # [github.com/thc1006/nephoran-intent-operator/pkg/oran/a1]
⚡ Fast Validation	🔍 Fast Syntax & Build Check	2025-09-05T02:15:44.8452260Z ##[error]vet: pkg/oran/a1/types_test.go:645:3: unknown field DeliveryURL in struct literal of type DeliveryInfo
⚡ Fast Validation	🔍 Fast Syntax & Build Check	2025-09-05T02:15:45.5670388Z # github.com/thc1006/nephoran-intent-operator/pkg/nephio/porch_test
⚡ Fast Validation	🔍 Fast Syntax & Build Check	2025-09-05T02:15:45.5671270Z # [github.com/thc1006/nephoran-intent-operator/pkg/nephio/porch_test]
⚡ Fast Validation	🔍 Fast Syntax & Build Check	2025-09-05T02:15:45.5672855Z ##[error]vet: pkg/nephio/porch/client_integration_test.go:115:27: undefined: porch.CanTransitionTo
⚡ Fast Validation	🔍 Fast Syntax & Build Check	2025-09-05T02:15:45.6557128Z # github.com/thc1006/nephoran-intent-operator/pkg/oran/o1
⚡ Fast Validation	🔍 Fast Syntax & Build Check	2025-09-05T02:15:45.6558013Z # [github.com/thc1006/nephoran-intent-operator/pkg/oran/o1]
⚡ Fast Validation	🔍 Fast Syntax & Build Check	2025-09-05T02:15:45.6559880Z ##[error]vet: pkg/oran/o1/o1_adaptor_test.go:207:49: alarm.ManagedElementID undefined (type *Alarm has no field or method ManagedElementID)
⚡ Fast Validation	🔍 Fast Syntax & Build Check	2025-09-05T02:15:46.2050224Z # github.com/thc1006/nephoran-intent-operator/pkg/oran/o2
⚡ Fast Validation	🔍 Fast Syntax & Build Check	2025-09-05T02:15:46.2051102Z # [github.com/thc1006/nephoran-intent-operator/pkg/oran/o2]
⚡ Fast Validation	🔍 Fast Syntax & Build Check	2025-09-05T02:15:46.2052495Z ##[error]vet: pkg/oran/o2/o2_manager_test.go:348:8: no new variables on left side of :=
⚡ Fast Validation	🔍 Fast Syntax & Build Check	2025-09-05T02:15:46.2910699Z # github.com/thc1006/nephoran-intent-operator/pkg/oran/o2/providers
⚡ Fast Validation	🔍 Fast Syntax & Build Check	2025-09-05T02:15:46.2911574Z # [github.com/thc1006/nephoran-intent-operator/pkg/oran/o2/providers]
⚡ Fast Validation	🔍 Fast Syntax & Build Check	2025-09-05T02:15:46.2913719Z ##[error]vet: pkg/oran/o2/providers/kubernetes_test.go:212:27: cannot convert "dataKeys" (untyped string constant) to type int
⚡ Fast Validation	🔍 Fast Syntax & Build Check	2025-09-05T02:15:46.8512833Z # github.com/thc1006/nephoran-intent-operator/pkg/security
⚡ Fast Validation	🔍 Fast Syntax & Build Check	2025-09-05T02:15:46.8516668Z # [github.com/thc1006/nephoran-intent-operator/pkg/security]
⚡ Fast Validation	🔍 Fast Syntax & Build Check	2025-09-05T02:15:46.8523189Z ##[error]vet: pkg/security/race_test.go:308:45: cannot use &keyPool.keys (value of type *map[string]*"crypto/rsa".PrivateKey) as *map[string]int value in argument to mutexTest.TestCriticalSection
⚡ Fast Validation	🔍 Fast Syntax & Build Check	2025-09-05T02:15:51.3041062Z # github.com/thc1006/nephoran-intent-operator/test/envtest
⚡ Fast Validation	🔍 Fast Syntax & Build Check	2025-09-05T02:15:51.3045772Z # [github.com/thc1006/nephoran-intent-operator/test/envtest]
⚡ Fast Validation	🔍 Fast Syntax & Build Check	2025-09-05T02:15:51.3052548Z ##[error]vet: test/envtest/networkintent_controller_test.go:89:33: updatedIntent.Status.Phase undefined (type "github.com/thc1006/nephoran-intent-operator/api/v1alpha1".NetworkIntentStatus has no field or method Phase)
⚡ Fast Validation	🔍 Fast Syntax & Build Check	2025-09-05T02:15:51.4192790Z # github.com/thc1006/nephoran-intent-operator/test/performance
⚡ Fast Validation	🔍 Fast Syntax & Build Check	2025-09-05T02:15:51.4193684Z # [github.com/thc1006/nephoran-intent-operator/test/performance]
⚡ Fast Validation	🔍 Fast Syntax & Build Check	2025-09-05T02:15:51.4196748Z ##[error]vet: test/performance/load_test.go:90:36: porchClient.Create undefined (type *porch.Client has no field or method Create)
⚡ Fast Validation	🔍 Fast Syntax & Build Check	2025-09-05T02:15:51.4204401Z # github.com/thc1006/nephoran-intent-operator/test/integration/porch_test
⚡ Fast Validation	🔍 Fast Syntax & Build Check	2025-09-05T02:15:51.4205302Z # [github.com/thc1006/nephoran-intent-operator/test/integration/porch_test]
⚡ Fast Validation	🔍 Fast Syntax & Build Check	2025-09-05T02:15:51.4206629Z ##[error]vet: test/integration/porch/suite_test.go:74:5: letterBytes redeclared in this block
⚡ Fast Validation	🔍 Fast Syntax & Build Check	2025-09-05T02:15:51.4384935Z # github.com/thc1006/nephoran-intent-operator/test/integration
⚡ Fast Validation	🔍 Fast Syntax & Build Check	2025-09-05T02:15:51.4386012Z # [github.com/thc1006/nephoran-intent-operator/test/integration]
⚡ Fast Validation	🔍 Fast Syntax & Build Check	2025-09-05T02:15:51.4387660Z ##[error]vet: test/integration/porch_integration_test.go:61:11: undefined: porchv1alpha1
⚡ Fast Validation	🔍 Fast Syntax & Build Check	2025-09-05T02:15:51.4579604Z # github.com/thc1006/nephoran-intent-operator/test/security
⚡ Fast Validation	🔍 Fast Syntax & Build Check	2025-09-05T02:15:51.4581646Z # [github.com/thc1006/nephoran-intent-operator/test/security]
⚡ Fast Validation	🔍 Fast Syntax & Build Check	2025-09-05T02:15:51.4584753Z ##[error]vet: test/security/rbac_test.go:21:2: "sigs.k8s.io/controller-runtime/pkg/client" imported and not used
⚡ Fast Validation	🔍 Fast Syntax & Build Check	2025-09-05T02:15:51.8927504Z # github.com/thc1006/nephoran-intent-operator/tests/examples
⚡ Fast Validation	🔍 Fast Syntax & Build Check	2025-09-05T02:15:51.8928241Z # [github.com/thc1006/nephoran-intent-operator/tests/examples]
⚡ Fast Validation	🔍 Fast Syntax & Build Check	2025-09-05T02:15:51.8930048Z ##[error]vet: tests/examples/modern_testing_example_test.go:210:2: declared and not used: helper
⚡ Fast Validation	🔍 Fast Syntax & Build Check	2025-09-05T02:15:52.4143758Z # github.com/thc1006/nephoran-intent-operator/tests/integration
⚡ Fast Validation	🔍 Fast Syntax & Build Check	2025-09-05T02:15:52.4144733Z # [github.com/thc1006/nephoran-intent-operator/tests/integration]
⚡ Fast Validation	🔍 Fast Syntax & Build Check	2025-09-05T02:15:52.4146112Z ##[error]vet: tests/integration/suite_test.go:32:2: testEnv redeclared in this block
⚡ Fast Validation	🔍 Fast Syntax & Build Check	2025-09-05T02:15:52.6443133Z # github.com/thc1006/nephoran-intent-operator/tests/o2/integration_test
⚡ Fast Validation	🔍 Fast Syntax & Build Check	2025-09-05T02:15:52.6444021Z # [github.com/thc1006/nephoran-intent-operator/tests/o2/integration_test]
⚡ Fast Validation	🔍 Fast Syntax & Build Check	2025-09-05T02:15:52.6446068Z ##[error]vet: tests/o2/integration/api_endpoints_test.go:406:22: cannot convert "replicas" (untyped string constant) to type int
⚡ Fast Validation	🔍 Fast Syntax & Build Check	2025-09-05T02:15:53.5763632Z # github.com/thc1006/nephoran-intent-operator/tests/performance
⚡ Fast Validation	🔍 Fast Syntax & Build Check	2025-09-05T02:15:53.5764666Z # [github.com/thc1006/nephoran-intent-operator/tests/performance]
⚡ Fast Validation	🔍 Fast Syntax & Build Check	2025-09-05T02:15:53.5766368Z ##[error]vet: tests/performance/benchmarks_test.go:187:17: undefined: llm.ContextBuilderConfig
⚡ Fast Validation	🔍 Fast Syntax & Build Check	2025-09-05T02:15:54.9986454Z # github.com/thc1006/nephoran-intent-operator/tests/unit
⚡ Fast Validation	🔍 Fast Syntax & Build Check	2025-09-05T02:15:54.9987192Z # [github.com/thc1006/nephoran-intent-operator/tests/unit]
⚡ Fast Validation	🔍 Fast Syntax & Build Check	2025-09-05T02:15:54.9988637Z ##[error]vet: tests/unit/llm_test.go:202:24: undefined: llm.Document
⚡ Fast Validation	🔍 Fast Syntax & Build Check	2025-09-05T02:15:55.3615544Z # github.com/thc1006/nephoran-intent-operator/tests/validation_test
⚡ Fast Validation	🔍 Fast Syntax & Build Check	2025-09-05T02:15:55.3621363Z # [github.com/thc1006/nephoran-intent-operator/tests/validation_test]
⚡ Fast Validation	🔍 Fast Syntax & Build Check	2025-09-05T02:15:55.3623790Z ##[error]tests/validation/o2_compliance_validation_test.go:1109:13: non-constant format string in call to fmt.Printf
⚡ Fast Validation	🔍 Fast Syntax & Build Check	2025-09-05T02:15:55.3627052Z ##[error]tests/validation/o2_compliance_validation_test.go:1111:13: non-constant format string in call to fmt.Printf
⚡ Fast Validation	🔍 Fast Syntax & Build Check	2025-09-05T02:15:55.3629384Z ##[error]tests/validation/o2_compliance_validation_test.go:1117:13: non-constant format string in call to fmt.Printf
⚡ Fast Validation	🔍 Fast Syntax & Build Check	2025-09-05T02:15:55.5506470Z # github.com/thc1006/nephoran-intent-operator/tests/validation
⚡ Fast Validation	🔍 Fast Syntax & Build Check	2025-09-05T02:15:55.5507693Z # [github.com/thc1006/nephoran-intent-operator/tests/validation]
⚡ Fast Validation	🔍 Fast Syntax & Build Check	2025-09-05T02:15:55.5509270Z ##[error]vet: tests/validation/sla_validation_test.go:25:6: SLAValidationTestSuite redeclared in this block
⚡ Fast Validation	🔍 Fast Syntax & Build Check	2025-09-05T02:15:57.3780810Z ##[error]Process completed with exit code 1.
⚡ Fast Validation	Post Checkout code	﻿2025-09-05T02:15:57.3857107Z Post job cleanup.
⚡ Fast Validation	Post Checkout code	2025-09-05T02:15:57.4784651Z [command]/usr/bin/git version
⚡ Fast Validation	Post Checkout code	2025-09-05T02:15:57.4822108Z git version 2.51.0
⚡ Fast Validation	Post Checkout code	2025-09-05T02:15:57.4865543Z Temporarily overriding HOME='/home/runner/work/_temp/025e032a-e475-4622-aa0e-739ff802b563' before making global git config changes
⚡ Fast Validation	Post Checkout code	2025-09-05T02:15:57.4866879Z Adding repository directory to the temporary git global config as a safe directory
⚡ Fast Validation	Post Checkout code	2025-09-05T02:15:57.4879961Z [command]/usr/bin/git config --global --add safe.directory /home/runner/work/nephoran-intent-operator/nephoran-intent-operator
⚡ Fast Validation	Post Checkout code	2025-09-05T02:15:57.4914696Z [command]/usr/bin/git config --local --name-only --get-regexp core\.sshCommand
⚡ Fast Validation	Post Checkout code	2025-09-05T02:15:57.4947415Z [command]/usr/bin/git submodule foreach --recursive sh -c "git config --local --name-only --get-regexp 'core\.sshCommand' && git config --local --unset-all 'core.sshCommand' || :"
⚡ Fast Validation	Post Checkout code	2025-09-05T02:15:57.5187715Z [command]/usr/bin/git config --local --name-only --get-regexp http\.https\:\/\/github\.com\/\.extraheader
⚡ Fast Validation	Post Checkout code	2025-09-05T02:15:57.5209862Z http.https://github.com/.extraheader
⚡ Fast Validation	Post Checkout code	2025-09-05T02:15:57.5225929Z [command]/usr/bin/git config --local --unset-all http.https://github.com/.extraheader
⚡ Fast Validation	Post Checkout code	2025-09-05T02:15:57.5259837Z [command]/usr/bin/git submodule foreach --recursive sh -c "git config --local --name-only --get-regexp 'http\.https\:\/\/github\.com\/\.extraheader' && git config --local --unset-all 'http.https://github.com/.extraheader' || :"
⚡ Fast Validation	Complete job	﻿2025-09-05T02:15:57.5608176Z Cleaning up orphan processes
