2025-08-19T12:24:54.2335012Z Current runner version: '2.327.1'
2025-08-19T12:24:54.2359949Z ##[group]Runner Image Provisioner
2025-08-19T12:24:54.2360771Z Hosted Compute Agent
2025-08-19T12:24:54.2361272Z Version: 20250818.377
2025-08-19T12:24:54.2361997Z Commit: 3c593e9f75fe0b87e893bca80d6e12ba089c61fc
2025-08-19T12:24:54.2362683Z Build Date: 2025-08-18T14:52:18Z
2025-08-19T12:24:54.2363271Z ##[endgroup]
2025-08-19T12:24:54.2363803Z ##[group]Operating System
2025-08-19T12:24:54.2364376Z Ubuntu
2025-08-19T12:24:54.2364813Z 24.04.2
2025-08-19T12:24:54.2365308Z LTS
2025-08-19T12:24:54.2365803Z ##[endgroup]
2025-08-19T12:24:54.2366251Z ##[group]Runner Image
2025-08-19T12:24:54.2367018Z Image: ubuntu-24.04
2025-08-19T12:24:54.2367509Z Version: 20250810.1.0
2025-08-19T12:24:54.2368493Z Included Software: https://github.com/actions/runner-images/blob/ubuntu24/20250810.1/images/ubuntu/Ubuntu2404-Readme.md
2025-08-19T12:24:54.2370054Z Image Release: https://github.com/actions/runner-images/releases/tag/ubuntu24%2F20250810.1
2025-08-19T12:24:54.2371028Z ##[endgroup]
2025-08-19T12:24:54.2372488Z ##[group]GITHUB_TOKEN Permissions
2025-08-19T12:24:54.2374329Z Actions: read
2025-08-19T12:24:54.2374818Z Checks: write
2025-08-19T12:24:54.2375763Z Contents: read
2025-08-19T12:24:54.2376211Z Metadata: read
2025-08-19T12:24:54.2376942Z Packages: write
2025-08-19T12:24:54.2377571Z PullRequests: write
2025-08-19T12:24:54.2378091Z SecurityEvents: write
2025-08-19T12:24:54.2378603Z ##[endgroup]
2025-08-19T12:24:54.2380704Z Secret source: Actions
2025-08-19T12:24:54.2381358Z Prepare workflow directory
2025-08-19T12:24:54.2906506Z Prepare all required actions
2025-08-19T12:24:54.2944821Z Getting action download info
2025-08-19T12:24:54.8493371Z Download action repository 'step-security/harden-runner@v2' (SHA:ec9f2d5744a09debf3a187a3f4f675c53b671911)
2025-08-19T12:24:55.7481077Z Download action repository 'actions/checkout@v4' (SHA:08eba0b27e820071cde6df949e0beb9ba4906955)
2025-08-19T12:24:56.3041199Z Download action repository 'actions/setup-go@v5' (SHA:d35c59abb061a4a6fb18e82ac0862c26744d6ab5)
2025-08-19T12:24:56.9300806Z Download action repository 'github/codeql-action@v3' (SHA:96f518a34f7a870018057716cc4d7a5c014bd61c)
2025-08-19T12:25:03.1851466Z Download action repository 'semgrep/semgrep-action@v1' (SHA:713efdd345f3035192eaa63f56867b88e63e4e5d)
2025-08-19T12:25:03.6772829Z Download action repository 'dependency-check/Dependency-Check_Action@main' (SHA:2ba636726705b0f74f126ebeaacaf2ad4600b967)
2025-08-19T12:25:04.2376491Z Download action repository 'actions/upload-artifact@v4' (SHA:ea165f8d65b6e75b540449e92b4886f43607fa02)
2025-08-19T12:25:04.4779841Z Complete job name: Security Analysis (dependency-check)
2025-08-19T12:25:04.5187316Z ##[group]Pull down action image 'returntocorp/semgrep-agent:v1'
2025-08-19T12:25:04.5773085Z ##[command]/usr/bin/docker pull returntocorp/semgrep-agent:v1
2025-08-19T12:25:06.7544621Z v1: Pulling from returntocorp/semgrep-agent
2025-08-19T12:25:07.0163565Z 7264a8db6415: Pulling fs layer
2025-08-19T12:25:07.0164196Z 66e1d5e70e42: Pulling fs layer
2025-08-19T12:25:07.0164832Z 64dfa579cd50: Pulling fs layer
2025-08-19T12:25:07.0165791Z afa58c10ee34: Pulling fs layer
2025-08-19T12:25:07.0166194Z cd87b3fa61f8: Pulling fs layer
2025-08-19T12:25:07.0166575Z a54df9278105: Pulling fs layer
2025-08-19T12:25:07.0167139Z 22d9c0f131ae: Pulling fs layer
2025-08-19T12:25:07.0167494Z bfa6cbe2a060: Pulling fs layer
2025-08-19T12:25:07.0167842Z e6455d0c4d0a: Pulling fs layer
2025-08-19T12:25:07.0168219Z 4e6528b8b44b: Pulling fs layer
2025-08-19T12:25:07.0168591Z 77aae498c7b4: Pulling fs layer
2025-08-19T12:25:07.0169054Z f6a963258091: Pulling fs layer
2025-08-19T12:25:07.0169503Z e68b04e3dc22: Pulling fs layer
2025-08-19T12:25:07.0169908Z e50eacad623d: Pulling fs layer
2025-08-19T12:25:07.0170360Z 464938719a27: Pulling fs layer
2025-08-19T12:25:07.0170721Z c09dc33c2ea4: Pulling fs layer
2025-08-19T12:25:07.0171085Z db70a1bf97d5: Pulling fs layer
2025-08-19T12:25:07.0171446Z 5667267dbf96: Pulling fs layer
2025-08-19T12:25:07.0171804Z 55e5ab738d77: Pulling fs layer
2025-08-19T12:25:07.0172523Z fbf9ea8fb0f3: Pulling fs layer
2025-08-19T12:25:07.0172926Z c09dc33c2ea4: Waiting
2025-08-19T12:25:07.0173251Z f6a963258091: Waiting
2025-08-19T12:25:07.0173551Z e68b04e3dc22: Waiting
2025-08-19T12:25:07.0173875Z 55e5ab738d77: Waiting
2025-08-19T12:25:07.0174168Z e50eacad623d: Waiting
2025-08-19T12:25:07.0174474Z db70a1bf97d5: Waiting
2025-08-19T12:25:07.0174768Z 464938719a27: Waiting
2025-08-19T12:25:07.0175073Z 5667267dbf96: Waiting
2025-08-19T12:25:07.0175368Z fbf9ea8fb0f3: Waiting
2025-08-19T12:25:07.0175700Z 22d9c0f131ae: Waiting
2025-08-19T12:25:07.0175992Z afa58c10ee34: Waiting
2025-08-19T12:25:07.0176292Z bfa6cbe2a060: Waiting
2025-08-19T12:25:07.0176585Z a54df9278105: Waiting
2025-08-19T12:25:07.0177134Z cd87b3fa61f8: Waiting
2025-08-19T12:25:07.0177330Z e6455d0c4d0a: Waiting
2025-08-19T12:25:07.0177503Z 77aae498c7b4: Waiting
2025-08-19T12:25:07.0177679Z 4e6528b8b44b: Waiting
2025-08-19T12:25:07.2887082Z 66e1d5e70e42: Verifying Checksum
2025-08-19T12:25:07.2888626Z 66e1d5e70e42: Download complete
2025-08-19T12:25:07.3375392Z 7264a8db6415: Verifying Checksum
2025-08-19T12:25:07.3380746Z 7264a8db6415: Download complete
2025-08-19T12:25:07.3913952Z 64dfa579cd50: Verifying Checksum
2025-08-19T12:25:07.3916109Z 64dfa579cd50: Download complete
2025-08-19T12:25:07.4432753Z 7264a8db6415: Pull complete
2025-08-19T12:25:07.5530114Z afa58c10ee34: Verifying Checksum
2025-08-19T12:25:07.5530927Z afa58c10ee34: Download complete
2025-08-19T12:25:07.6205132Z cd87b3fa61f8: Download complete
2025-08-19T12:25:07.6628828Z a54df9278105: Verifying Checksum
2025-08-19T12:25:07.6629332Z a54df9278105: Download complete
2025-08-19T12:25:07.8344972Z 22d9c0f131ae: Verifying Checksum
2025-08-19T12:25:07.8346065Z 22d9c0f131ae: Download complete
2025-08-19T12:25:07.9455766Z e6455d0c4d0a: Verifying Checksum
2025-08-19T12:25:07.9629070Z e6455d0c4d0a: Download complete
2025-08-19T12:25:07.9629557Z bfa6cbe2a060: Verifying Checksum
2025-08-19T12:25:07.9631073Z bfa6cbe2a060: Download complete
2025-08-19T12:25:08.0934015Z 66e1d5e70e42: Pull complete
2025-08-19T12:25:08.1938305Z 4e6528b8b44b: Verifying Checksum
2025-08-19T12:25:08.1939612Z 4e6528b8b44b: Download complete
2025-08-19T12:25:08.2020384Z 77aae498c7b4: Verifying Checksum
2025-08-19T12:25:08.2020836Z 77aae498c7b4: Download complete
2025-08-19T12:25:08.4370665Z f6a963258091: Verifying Checksum
2025-08-19T12:25:08.4375705Z f6a963258091: Download complete
2025-08-19T12:25:08.4532993Z e68b04e3dc22: Verifying Checksum
2025-08-19T12:25:08.4533561Z e68b04e3dc22: Download complete
2025-08-19T12:25:08.4790235Z e50eacad623d: Verifying Checksum
2025-08-19T12:25:08.4792893Z e50eacad623d: Download complete
2025-08-19T12:25:08.6134789Z 64dfa579cd50: Pull complete
2025-08-19T12:25:08.6249786Z afa58c10ee34: Pull complete
2025-08-19T12:25:08.7082316Z 464938719a27: Verifying Checksum
2025-08-19T12:25:08.7082772Z 464938719a27: Download complete
2025-08-19T12:25:08.7330616Z c09dc33c2ea4: Verifying Checksum
2025-08-19T12:25:08.7331355Z c09dc33c2ea4: Download complete
2025-08-19T12:25:08.7446452Z db70a1bf97d5: Download complete
2025-08-19T12:25:08.8755602Z cd87b3fa61f8: Pull complete
2025-08-19T12:25:08.8827715Z a54df9278105: Pull complete
2025-08-19T12:25:08.9030511Z 22d9c0f131ae: Pull complete
2025-08-19T12:25:08.9893369Z 5667267dbf96: Verifying Checksum
2025-08-19T12:25:08.9894000Z 5667267dbf96: Download complete
2025-08-19T12:25:09.0009328Z 55e5ab738d77: Verifying Checksum
2025-08-19T12:25:09.0011911Z 55e5ab738d77: Download complete
2025-08-19T12:25:09.0250789Z fbf9ea8fb0f3: Download complete
2025-08-19T12:25:09.1241964Z bfa6cbe2a060: Pull complete
2025-08-19T12:25:09.8672975Z e6455d0c4d0a: Pull complete
2025-08-19T12:25:11.0059481Z 4e6528b8b44b: Pull complete
2025-08-19T12:25:11.0166909Z 77aae498c7b4: Pull complete
2025-08-19T12:25:11.5627891Z f6a963258091: Pull complete
2025-08-19T12:25:11.5725712Z e68b04e3dc22: Pull complete
2025-08-19T12:25:11.5802292Z e50eacad623d: Pull complete
2025-08-19T12:25:11.5914307Z 464938719a27: Pull complete
2025-08-19T12:25:11.5992098Z c09dc33c2ea4: Pull complete
2025-08-19T12:25:11.6072263Z db70a1bf97d5: Pull complete
2025-08-19T12:25:11.6148162Z 5667267dbf96: Pull complete
2025-08-19T12:25:11.6241189Z 55e5ab738d77: Pull complete
2025-08-19T12:25:11.6438016Z fbf9ea8fb0f3: Pull complete
2025-08-19T12:25:11.6483457Z Digest: sha256:2ed984f89000f77516016248700ad91681cb89bbe2adbdecd1d38dc84394adbb
2025-08-19T12:25:11.6494239Z Status: Downloaded newer image for returntocorp/semgrep-agent:v1
2025-08-19T12:25:11.6504675Z docker.io/returntocorp/semgrep-agent:v1
2025-08-19T12:25:11.6530401Z ##[endgroup]
2025-08-19T12:25:11.6570905Z ##[group]Build container for action use: '/home/runner/work/_actions/dependency-check/Dependency-Check_Action/main/Dockerfile'.
2025-08-19T12:25:11.6577097Z ##[command]/usr/bin/docker build -t ce62e0:59db8b3f517f40ceb87103a22b7fe2c9 -f "/home/runner/work/_actions/dependency-check/Dependency-Check_Action/main/Dockerfile" "/home/runner/work/_actions/dependency-check/Dependency-Check_Action/main"
2025-08-19T12:25:14.5484627Z #0 building with "default" instance using docker driver
2025-08-19T12:25:14.5485044Z 
2025-08-19T12:25:14.5485179Z #1 [internal] load build definition from Dockerfile
2025-08-19T12:25:14.5485517Z #1 transferring dockerfile: 631B done
2025-08-19T12:25:14.5485781Z #1 DONE 0.0s
2025-08-19T12:25:14.5485895Z 
2025-08-19T12:25:14.5486134Z #2 [internal] load metadata for docker.io/owasp/dependency-check-action:latest
2025-08-19T12:25:14.7773274Z #2 ...
2025-08-19T12:25:14.7773520Z 
2025-08-19T12:25:14.7773949Z #3 [auth] owasp/dependency-check-action:pull token for registry-1.docker.io
2025-08-19T12:25:14.7774531Z #3 DONE 0.0s
2025-08-19T12:25:14.9279737Z 
2025-08-19T12:25:14.9280310Z #2 [internal] load metadata for docker.io/owasp/dependency-check-action:latest
2025-08-19T12:25:15.2979552Z #2 DONE 0.9s
2025-08-19T12:25:15.4155519Z 
2025-08-19T12:25:15.4155922Z #4 [internal] load .dockerignore
2025-08-19T12:25:15.4156411Z #4 transferring context: 2B done
2025-08-19T12:25:15.4156935Z #4 DONE 0.0s
2025-08-19T12:25:15.4157131Z 
2025-08-19T12:25:15.4157259Z #5 [internal] load build context
2025-08-19T12:25:15.4157629Z #5 transferring context: 136B done
2025-08-19T12:25:15.4157985Z #5 DONE 0.0s
2025-08-19T12:25:15.4158146Z 
2025-08-19T12:25:15.4158797Z #6 [1/3] FROM docker.io/owasp/dependency-check-action:latest@sha256:327342634059eaa597815b5ebd1c73fd5bef6157e277ccbc113b4e6efd7e0943
2025-08-19T12:25:15.4159922Z #6 resolve docker.io/owasp/dependency-check-action:latest@sha256:327342634059eaa597815b5ebd1c73fd5bef6157e277ccbc113b4e6efd7e0943 done
2025-08-19T12:25:15.4160766Z #6 sha256:327342634059eaa597815b5ebd1c73fd5bef6157e277ccbc113b4e6efd7e0943 2.63kB / 2.63kB done
2025-08-19T12:25:15.4161429Z #6 sha256:a48106d553a8f37683d50fc82e00037d537de6a04d0f2beedb4ae586f9171a37 9.47kB / 9.47kB done
2025-08-19T12:25:15.4162055Z #6 sha256:619be1103602d98e1963557998c954c892b3872986c27365e9f651f5bc27cab8 0B / 3.40MB 0.1s
2025-08-19T12:25:15.4162658Z #6 sha256:3e3762385f229926114f644db8c313a1b55517d678b5879ab9c39f2a9989abcd 0B / 1.24kB 0.1s
2025-08-19T12:25:15.4163272Z #6 sha256:cceb4befa491c3767afaa6af498fc78e7a724c29c577317890987c2ad467b680 0B / 3.09MB 0.1s
2025-08-19T12:25:15.6145984Z #6 sha256:619be1103602d98e1963557998c954c892b3872986c27365e9f651f5bc27cab8 3.40MB / 3.40MB 0.3s
2025-08-19T12:25:15.6147196Z #6 sha256:3e3762385f229926114f644db8c313a1b55517d678b5879ab9c39f2a9989abcd 1.24kB / 1.24kB 0.2s done
2025-08-19T12:25:15.6148291Z #6 sha256:cceb4befa491c3767afaa6af498fc78e7a724c29c577317890987c2ad467b680 3.09MB / 3.09MB 0.1s done
2025-08-19T12:25:15.6149425Z #6 sha256:45ddd00e34dd292e9160aa703aff0bff2950fc06cb5272dea967325de2e941ae 0B / 44.09MB 0.3s
2025-08-19T12:25:15.6150339Z #6 sha256:86e65beaa5918cd0bdec672c0561e37cb894455cfda278de5c4c78e3335ad8f0 4.19MB / 32.25MB 0.3s
2025-08-19T12:25:15.7150835Z #6 sha256:619be1103602d98e1963557998c954c892b3872986c27365e9f651f5bc27cab8 3.40MB / 3.40MB 0.3s done
2025-08-19T12:25:15.7152035Z #6 sha256:45ddd00e34dd292e9160aa703aff0bff2950fc06cb5272dea967325de2e941ae 6.29MB / 44.09MB 0.4s
2025-08-19T12:25:15.7152984Z #6 sha256:86e65beaa5918cd0bdec672c0561e37cb894455cfda278de5c4c78e3335ad8f0 22.02MB / 32.25MB 0.4s
2025-08-19T12:25:15.7153874Z #6 extracting sha256:619be1103602d98e1963557998c954c892b3872986c27365e9f651f5bc27cab8 0.1s done
2025-08-19T12:25:15.7154869Z #6 sha256:7bd0a72d0e6ae9a7bcf5f3131817f93f19914ccf94d1c052ee9903a452f72b47 0B / 78.98MB 0.4s
2025-08-19T12:25:15.8293489Z #6 sha256:45ddd00e34dd292e9160aa703aff0bff2950fc06cb5272dea967325de2e941ae 13.63MB / 44.09MB 0.5s
2025-08-19T12:25:15.8295278Z #6 sha256:86e65beaa5918cd0bdec672c0561e37cb894455cfda278de5c4c78e3335ad8f0 28.31MB / 32.25MB 0.5s
2025-08-19T12:25:15.8297079Z #6 sha256:7bd0a72d0e6ae9a7bcf5f3131817f93f19914ccf94d1c052ee9903a452f72b47 5.24MB / 78.98MB 0.5s
2025-08-19T12:25:15.8298152Z #6 extracting sha256:cceb4befa491c3767afaa6af498fc78e7a724c29c577317890987c2ad467b680 0.1s done
2025-08-19T12:25:15.8299169Z #6 extracting sha256:3e3762385f229926114f644db8c313a1b55517d678b5879ab9c39f2a9989abcd
2025-08-19T12:25:15.9597012Z #6 sha256:45ddd00e34dd292e9160aa703aff0bff2950fc06cb5272dea967325de2e941ae 30.41MB / 44.09MB 0.6s
2025-08-19T12:25:15.9598160Z #6 sha256:86e65beaa5918cd0bdec672c0561e37cb894455cfda278de5c4c78e3335ad8f0 32.25MB / 32.25MB 0.5s done
2025-08-19T12:25:15.9600030Z #6 sha256:7bd0a72d0e6ae9a7bcf5f3131817f93f19914ccf94d1c052ee9903a452f72b47 9.44MB / 78.98MB 0.6s
2025-08-19T12:25:15.9600946Z #6 extracting sha256:3e3762385f229926114f644db8c313a1b55517d678b5879ab9c39f2a9989abcd done
2025-08-19T12:25:15.9601947Z #6 extracting sha256:86e65beaa5918cd0bdec672c0561e37cb894455cfda278de5c4c78e3335ad8f0 0.1s
2025-08-19T12:25:15.9602953Z #6 sha256:43c57f8bbf131e1db9ee428171fdea2d8a55c342f9d1e229fc2c21c92fc50ebd 0B / 37.05MB 0.6s
2025-08-19T12:25:16.0611128Z #6 sha256:45ddd00e34dd292e9160aa703aff0bff2950fc06cb5272dea967325de2e941ae 35.65MB / 44.09MB 0.7s
2025-08-19T12:25:16.0612296Z #6 sha256:7bd0a72d0e6ae9a7bcf5f3131817f93f19914ccf94d1c052ee9903a452f72b47 20.97MB / 78.98MB 0.7s
2025-08-19T12:25:16.0613363Z #6 sha256:43c57f8bbf131e1db9ee428171fdea2d8a55c342f9d1e229fc2c21c92fc50ebd 11.53MB / 37.05MB 0.7s
2025-08-19T12:25:16.1647798Z #6 sha256:45ddd00e34dd292e9160aa703aff0bff2950fc06cb5272dea967325de2e941ae 44.09MB / 44.09MB 0.8s done
2025-08-19T12:25:16.1651859Z #6 sha256:7bd0a72d0e6ae9a7bcf5f3131817f93f19914ccf94d1c052ee9903a452f72b47 27.53MB / 78.98MB 0.8s
2025-08-19T12:25:16.1653154Z #6 sha256:43c57f8bbf131e1db9ee428171fdea2d8a55c342f9d1e229fc2c21c92fc50ebd 32.51MB / 37.05MB 0.8s
2025-08-19T12:25:16.1654776Z #6 sha256:6a01d4b2139c6ae8b6b93432a8b0297e818c2f8516dc418e9fc0dd35f101af0a 0B / 90.98MB 0.8s
2025-08-19T12:25:16.2655459Z #6 sha256:7bd0a72d0e6ae9a7bcf5f3131817f93f19914ccf94d1c052ee9903a452f72b47 41.94MB / 78.98MB 0.9s
2025-08-19T12:25:16.2657621Z #6 sha256:43c57f8bbf131e1db9ee428171fdea2d8a55c342f9d1e229fc2c21c92fc50ebd 37.05MB / 37.05MB 0.8s done
2025-08-19T12:25:16.2660015Z #6 sha256:4f4fb700ef54461cfa02571ae0db9a0dc1e0cdb5577484a6d75e68dc38e8acc1 0B / 32B 0.9s
2025-08-19T12:25:16.4150598Z #6 sha256:7bd0a72d0e6ae9a7bcf5f3131817f93f19914ccf94d1c052ee9903a452f72b47 76.55MB / 78.98MB 1.1s
2025-08-19T12:25:16.4151593Z #6 extracting sha256:86e65beaa5918cd0bdec672c0561e37cb894455cfda278de5c4c78e3335ad8f0 0.5s done
2025-08-19T12:25:16.4152409Z #6 sha256:6a01d4b2139c6ae8b6b93432a8b0297e818c2f8516dc418e9fc0dd35f101af0a 27.26MB / 90.98MB 1.1s
2025-08-19T12:25:16.4155460Z #6 sha256:4f4fb700ef54461cfa02571ae0db9a0dc1e0cdb5577484a6d75e68dc38e8acc1 32B / 32B 1.0s done
2025-08-19T12:25:16.4156270Z #6 sha256:5760c89e07714b82733d6a984449296731b17907fece9a3030b50d70252ca109 95B / 95B 1.1s done
2025-08-19T12:25:16.4158956Z #6 sha256:37f6d4265e844579cb629fcbd090415d48327f28732fd49fa221ec03ab5b7b12 0B / 115.67MB 1.1s
2025-08-19T12:25:16.5291488Z #6 sha256:7bd0a72d0e6ae9a7bcf5f3131817f93f19914ccf94d1c052ee9903a452f72b47 78.98MB / 78.98MB 1.1s done
2025-08-19T12:25:16.5294547Z #6 sha256:6a01d4b2139c6ae8b6b93432a8b0297e818c2f8516dc418e9fc0dd35f101af0a 37.75MB / 90.98MB 1.2s
2025-08-19T12:25:16.5295632Z #6 extracting sha256:45ddd00e34dd292e9160aa703aff0bff2950fc06cb5272dea967325de2e941ae 0.1s
2025-08-19T12:25:16.6294389Z #6 sha256:6a01d4b2139c6ae8b6b93432a8b0297e818c2f8516dc418e9fc0dd35f101af0a 54.51MB / 90.98MB 1.3s
2025-08-19T12:25:16.6297624Z #6 sha256:37f6d4265e844579cb629fcbd090415d48327f28732fd49fa221ec03ab5b7b12 22.02MB / 115.67MB 1.3s
2025-08-19T12:25:16.7341655Z #6 sha256:6a01d4b2139c6ae8b6b93432a8b0297e818c2f8516dc418e9fc0dd35f101af0a 59.77MB / 90.98MB 1.4s
2025-08-19T12:25:16.7342799Z #6 sha256:37f6d4265e844579cb629fcbd090415d48327f28732fd49fa221ec03ab5b7b12 28.31MB / 115.67MB 1.4s
2025-08-19T12:25:16.8517207Z #6 sha256:6a01d4b2139c6ae8b6b93432a8b0297e818c2f8516dc418e9fc0dd35f101af0a 66.06MB / 90.98MB 1.5s
2025-08-19T12:25:16.8519729Z #6 sha256:37f6d4265e844579cb629fcbd090415d48327f28732fd49fa221ec03ab5b7b12 41.94MB / 115.67MB 1.5s
2025-08-19T12:25:16.8520737Z #6 extracting sha256:45ddd00e34dd292e9160aa703aff0bff2950fc06cb5272dea967325de2e941ae 0.3s done
2025-08-19T12:25:16.8521656Z #6 extracting sha256:7bd0a72d0e6ae9a7bcf5f3131817f93f19914ccf94d1c052ee9903a452f72b47
2025-08-19T12:25:16.9601754Z #6 sha256:37f6d4265e844579cb629fcbd090415d48327f28732fd49fa221ec03ab5b7b12 54.53MB / 115.67MB 1.6s
2025-08-19T12:25:17.0604379Z #6 sha256:6a01d4b2139c6ae8b6b93432a8b0297e818c2f8516dc418e9fc0dd35f101af0a 73.40MB / 90.98MB 1.7s
2025-08-19T12:25:17.0605482Z #6 sha256:37f6d4265e844579cb629fcbd090415d48327f28732fd49fa221ec03ab5b7b12 65.01MB / 115.67MB 1.7s
2025-08-19T12:25:17.1682469Z #6 sha256:6a01d4b2139c6ae8b6b93432a8b0297e818c2f8516dc418e9fc0dd35f101af0a 84.93MB / 90.98MB 1.8s
2025-08-19T12:25:17.1683581Z #6 sha256:37f6d4265e844579cb629fcbd090415d48327f28732fd49fa221ec03ab5b7b12 77.59MB / 115.67MB 1.8s
2025-08-19T12:25:17.2682816Z #6 sha256:6a01d4b2139c6ae8b6b93432a8b0297e818c2f8516dc418e9fc0dd35f101af0a 90.98MB / 90.98MB 1.9s done
2025-08-19T12:25:17.2684014Z #6 sha256:37f6d4265e844579cb629fcbd090415d48327f28732fd49fa221ec03ab5b7b12 83.89MB / 115.67MB 1.9s
2025-08-19T12:25:17.3731482Z #6 sha256:37f6d4265e844579cb629fcbd090415d48327f28732fd49fa221ec03ab5b7b12 99.61MB / 115.67MB 2.0s
2025-08-19T12:25:17.4735037Z #6 sha256:37f6d4265e844579cb629fcbd090415d48327f28732fd49fa221ec03ab5b7b12 106.95MB / 115.67MB 2.1s
2025-08-19T12:25:17.6143648Z #6 sha256:37f6d4265e844579cb629fcbd090415d48327f28732fd49fa221ec03ab5b7b12 115.67MB / 115.67MB 2.2s done
2025-08-19T12:25:21.0530274Z #6 extracting sha256:7bd0a72d0e6ae9a7bcf5f3131817f93f19914ccf94d1c052ee9903a452f72b47 4.2s done
2025-08-19T12:25:21.7476274Z #6 extracting sha256:43c57f8bbf131e1db9ee428171fdea2d8a55c342f9d1e229fc2c21c92fc50ebd
2025-08-19T12:25:21.9582208Z #6 extracting sha256:43c57f8bbf131e1db9ee428171fdea2d8a55c342f9d1e229fc2c21c92fc50ebd 0.1s done
2025-08-19T12:25:21.9583665Z #6 extracting sha256:6a01d4b2139c6ae8b6b93432a8b0297e818c2f8516dc418e9fc0dd35f101af0a
2025-08-19T12:25:24.3992289Z #6 extracting sha256:6a01d4b2139c6ae8b6b93432a8b0297e818c2f8516dc418e9fc0dd35f101af0a 2.3s done
2025-08-19T12:25:24.5382559Z #6 extracting sha256:4f4fb700ef54461cfa02571ae0db9a0dc1e0cdb5577484a6d75e68dc38e8acc1
2025-08-19T12:25:24.6708623Z #6 extracting sha256:4f4fb700ef54461cfa02571ae0db9a0dc1e0cdb5577484a6d75e68dc38e8acc1 done
2025-08-19T12:25:24.6709883Z #6 extracting sha256:5760c89e07714b82733d6a984449296731b17907fece9a3030b50d70252ca109 done
2025-08-19T12:25:24.6710627Z #6 extracting sha256:37f6d4265e844579cb629fcbd090415d48327f28732fd49fa221ec03ab5b7b12 0.1s
2025-08-19T12:25:25.8195310Z #6 extracting sha256:37f6d4265e844579cb629fcbd090415d48327f28732fd49fa221ec03ab5b7b12 1.1s done
2025-08-19T12:25:25.9691588Z #6 DONE 10.7s
2025-08-19T12:25:26.1309580Z 
2025-08-19T12:25:26.1310123Z #7 [2/3] COPY entrypoint.sh /entrypoint.sh
2025-08-19T12:25:26.1310606Z #7 DONE 0.0s
2025-08-19T12:25:26.1310770Z 
2025-08-19T12:25:26.1310907Z #8 [3/3] RUN chmod +x /entrypoint.sh
2025-08-19T12:25:26.1328064Z #8 DONE 0.2s
2025-08-19T12:25:26.2858021Z 
2025-08-19T12:25:26.2858845Z #9 exporting to image
2025-08-19T12:25:26.2859578Z #9 exporting layers
2025-08-19T12:25:27.2010229Z #9 exporting layers 1.1s done
2025-08-19T12:25:27.2171390Z #9 writing image sha256:ef48b334940d5bd2ea7f5286f6af692a90e633b8c6db0e68b305dc6f94f9534d done
2025-08-19T12:25:27.2173007Z #9 naming to docker.io/library/ce62e0:59db8b3f517f40ceb87103a22b7fe2c9 done
2025-08-19T12:25:27.2173554Z #9 DONE 1.1s
2025-08-19T12:25:27.2223762Z ##[endgroup]
2025-08-19T12:25:27.2417866Z ##[group]Run step-security/harden-runner@v2
2025-08-19T12:25:27.2418438Z with:
2025-08-19T12:25:27.2418628Z   egress-policy: audit
2025-08-19T12:25:27.2419160Z   allowed-endpoints: api.github.com:443 github.com:443 golang.org:443 proxy.golang.org:443 sum.golang.org:443 objects.githubusercontent.com:443

2025-08-19T12:25:27.2419854Z   token: ***
2025-08-19T12:25:27.2420044Z   disable-telemetry: false
2025-08-19T12:25:27.2420252Z   disable-sudo: false
2025-08-19T12:25:27.2420462Z   disable-sudo-and-containers: false
2025-08-19T12:25:27.2420709Z   disable-file-monitoring: false
2025-08-19T12:25:27.2421140Z env:
2025-08-19T12:25:27.2421302Z   GO_VERSION: 1.24
2025-08-19T12:25:27.2421478Z   REGISTRY: ghcr.io
2025-08-19T12:25:27.2421701Z   IMAGE_NAME: nephoran/conductor-loop
2025-08-19T12:25:27.2421944Z   SECURITY_SCAN_LEVEL: standard
2025-08-19T12:25:27.2422158Z ##[endgroup]
2025-08-19T12:25:27.4144955Z [harden-runner] pre-step
2025-08-19T12:25:27.4149203Z [!] Current Configuration: 
2025-08-19T12:25:27.4152839Z {"repo":"thc1006/nephoran-intent-operator","run_id":"17069476080","correlation_id":"8da947aa-edd5-4d27-9d2e-a069ca48b242","working_directory":"/home/runner/work/nephoran-intent-operator/nephoran-intent-operator","api_url":"https://agent.api.stepsecurity.io/v1","allowed_endpoints":"api.github.com:443 github.com:443 golang.org:443 proxy.golang.org:443 sum.golang.org:443 objects.githubusercontent.com:443","egress_policy":"audit","disable_telemetry":false,"disable_sudo":false,"disable_sudo_and_containers":false,"disable_file_monitoring":false,"private":false,"is_github_hosted":true,"is_debug":false,"one_time_key":""}
2025-08-19T12:25:27.4155287Z 
2025-08-19T12:25:27.4155724Z [32mView security insights and recommended policy at:[0m
2025-08-19T12:25:27.4156371Z https://app.stepsecurity.io/github/thc1006/nephoran-intent-operator/actions/runs/17069476080
2025-08-19T12:25:27.4156984Z RUNNER_NAME: GitHub Actions 1000010455
2025-08-19T12:25:27.9784359Z Runner IP Address: 52.159.247.149
2025-08-19T12:25:27.9785119Z Step Security Job Correlation ID: 8da947aa-edd5-4d27-9d2e-a069ca48b242
2025-08-19T12:25:27.9996997Z [!] Checking TLS_STATUS: thc1006
2025-08-19T12:25:28.0974032Z [!] TLS_NOT_ENABLED: thc1006
2025-08-19T12:25:28.3874681Z [command]/usr/bin/tar xz --warning=no-unknown-keyword --overwrite -C /home/runner/work/_temp/467a8225-0383-482b-acc2-61945105616f -f /home/runner/work/_temp/e285f281-bc53-4f87-aa1f-f70a84504df6
2025-08-19T12:25:31.3641786Z Initialized
2025-08-19T12:25:31.3797475Z ##[group]Run step-security/harden-runner@v2
2025-08-19T12:25:31.3797789Z with:
2025-08-19T12:25:31.3797964Z   egress-policy: audit
2025-08-19T12:25:31.3798663Z   allowed-endpoints: api.github.com:443 github.com:443 golang.org:443 proxy.golang.org:443 sum.golang.org:443 objects.githubusercontent.com:443

2025-08-19T12:25:31.3799445Z   token: ***
2025-08-19T12:25:31.3799690Z   disable-telemetry: false
2025-08-19T12:25:31.3800038Z   disable-sudo: false
2025-08-19T12:25:31.3800323Z   disable-sudo-and-containers: false
2025-08-19T12:25:31.3800714Z   disable-file-monitoring: false
2025-08-19T12:25:31.3800974Z env:
2025-08-19T12:25:31.3801281Z   GO_VERSION: 1.24
2025-08-19T12:25:31.3801514Z   REGISTRY: ghcr.io
2025-08-19T12:25:31.3801789Z   IMAGE_NAME: nephoran/conductor-loop
2025-08-19T12:25:31.3802185Z   SECURITY_SCAN_LEVEL: standard
2025-08-19T12:25:31.3802497Z   STATE_disableSudo: false
2025-08-19T12:25:31.3802793Z   STATE_disableSudoAndContainers: false
2025-08-19T12:25:31.3803273Z   STATE_monitorStatusCode: 200
2025-08-19T12:25:31.3803546Z   STATE_addSummary: false
2025-08-19T12:25:31.3803930Z   STATE_correlation_id: 8da947aa-edd5-4d27-9d2e-a069ca48b242
2025-08-19T12:25:31.3804328Z   STATE_isTLS: false
2025-08-19T12:25:31.3804595Z ##[endgroup]
2025-08-19T12:25:31.4524824Z [harden-runner] main-step
2025-08-19T12:25:31.4532092Z [32mView security insights and recommended policy at:[0m
2025-08-19T12:25:31.4533067Z https://app.stepsecurity.io/github/thc1006/nephoran-intent-operator/actions/runs/17069476080
2025-08-19T12:25:31.4682558Z ##[group]Run actions/checkout@v4
2025-08-19T12:25:31.4682806Z with:
2025-08-19T12:25:31.4682972Z   fetch-depth: 0
2025-08-19T12:25:31.4683185Z   repository: thc1006/nephoran-intent-operator
2025-08-19T12:25:31.4683551Z   token: ***
2025-08-19T12:25:31.4683722Z   ssh-strict: true
2025-08-19T12:25:31.4683897Z   ssh-user: git
2025-08-19T12:25:31.4684077Z   persist-credentials: true
2025-08-19T12:25:31.4684284Z   clean: true
2025-08-19T12:25:31.4684466Z   sparse-checkout-cone-mode: true
2025-08-19T12:25:31.4684693Z   fetch-tags: false
2025-08-19T12:25:31.4684874Z   show-progress: true
2025-08-19T12:25:31.4685048Z   lfs: false
2025-08-19T12:25:31.4685212Z   submodules: false
2025-08-19T12:25:31.4685390Z   set-safe-directory: true
2025-08-19T12:25:31.4685601Z env:
2025-08-19T12:25:31.4685748Z   GO_VERSION: 1.24
2025-08-19T12:25:31.4685924Z   REGISTRY: ghcr.io
2025-08-19T12:25:31.4686109Z   IMAGE_NAME: nephoran/conductor-loop
2025-08-19T12:25:31.4686349Z   SECURITY_SCAN_LEVEL: standard
2025-08-19T12:25:31.4686582Z ##[endgroup]
2025-08-19T12:25:31.5714441Z Syncing repository: thc1006/nephoran-intent-operator
2025-08-19T12:25:31.5715710Z ##[group]Getting Git version info
2025-08-19T12:25:31.5716179Z Working directory is '/home/runner/work/nephoran-intent-operator/nephoran-intent-operator'
2025-08-19T12:25:31.5717066Z [command]/usr/bin/git version
2025-08-19T12:25:31.5723282Z git version 2.50.1
2025-08-19T12:25:31.5749491Z ##[endgroup]
2025-08-19T12:25:31.5769084Z Temporarily overriding HOME='/home/runner/work/_temp/a4f20959-dc4b-48c2-9c4c-3404261eb222' before making global git config changes
2025-08-19T12:25:31.5770293Z Adding repository directory to the temporary git global config as a safe directory
2025-08-19T12:25:31.5774328Z [command]/usr/bin/git config --global --add safe.directory /home/runner/work/nephoran-intent-operator/nephoran-intent-operator
2025-08-19T12:25:31.5811893Z Deleting the contents of '/home/runner/work/nephoran-intent-operator/nephoran-intent-operator'
2025-08-19T12:25:31.5815703Z ##[group]Initializing the repository
2025-08-19T12:25:31.5820817Z [command]/usr/bin/git init /home/runner/work/nephoran-intent-operator/nephoran-intent-operator
2025-08-19T12:25:31.5892109Z hint: Using 'master' as the name for the initial branch. This default branch name
2025-08-19T12:25:31.5893092Z hint: is subject to change. To configure the initial branch name to use in all
2025-08-19T12:25:31.5894036Z hint: of your new repositories, which will suppress this warning, call:
2025-08-19T12:25:31.5894740Z hint:
2025-08-19T12:25:31.5895185Z hint: 	git config --global init.defaultBranch <name>
2025-08-19T12:25:31.5895719Z hint:
2025-08-19T12:25:31.5896225Z hint: Names commonly chosen instead of 'master' are 'main', 'trunk' and
2025-08-19T12:25:31.5897289Z hint: 'development'. The just-created branch can be renamed via this command:
2025-08-19T12:25:31.5897925Z hint:
2025-08-19T12:25:31.5899428Z hint: 	git branch -m <name>
2025-08-19T12:25:31.5901002Z hint:
2025-08-19T12:25:31.5901824Z hint: Disable this message with "git config set advice.defaultBranchName false"
2025-08-19T12:25:31.5903118Z Initialized empty Git repository in /home/runner/work/nephoran-intent-operator/nephoran-intent-operator/.git/
2025-08-19T12:25:31.5910750Z [command]/usr/bin/git remote add origin https://github.com/thc1006/nephoran-intent-operator
2025-08-19T12:25:31.6002201Z ##[endgroup]
2025-08-19T12:25:31.6002813Z ##[group]Disabling automatic garbage collection
2025-08-19T12:25:31.6007015Z [command]/usr/bin/git config --local gc.auto 0
2025-08-19T12:25:31.6042164Z ##[endgroup]
2025-08-19T12:25:31.6042576Z ##[group]Setting up auth
2025-08-19T12:25:31.6049559Z [command]/usr/bin/git config --local --name-only --get-regexp core\.sshCommand
2025-08-19T12:25:31.6082665Z [command]/usr/bin/git submodule foreach --recursive sh -c "git config --local --name-only --get-regexp 'core\.sshCommand' && git config --local --unset-all 'core.sshCommand' || :"
2025-08-19T12:25:31.6373644Z [command]/usr/bin/git config --local --name-only --get-regexp http\.https\:\/\/github\.com\/\.extraheader
2025-08-19T12:25:31.6404374Z [command]/usr/bin/git submodule foreach --recursive sh -c "git config --local --name-only --get-regexp 'http\.https\:\/\/github\.com\/\.extraheader' && git config --local --unset-all 'http.https://github.com/.extraheader' || :"
2025-08-19T12:25:31.6659389Z [command]/usr/bin/git config --local http.https://github.com/.extraheader AUTHORIZATION: basic ***
2025-08-19T12:25:31.6701504Z ##[endgroup]
2025-08-19T12:25:31.6702140Z ##[group]Fetching the repository
2025-08-19T12:25:31.6711248Z [command]/usr/bin/git -c protocol.version=2 fetch --prune --no-recurse-submodules origin +refs/heads/*:refs/remotes/origin/* +refs/tags/*:refs/tags/*
2025-08-19T12:25:52.0224349Z From https://github.com/thc1006/nephoran-intent-operator
2025-08-19T12:25:52.0227415Z  * [new branch]        chore/claude-commands-and-hooks -> origin/chore/claude-commands-and-hooks
2025-08-19T12:25:52.0230821Z  * [new branch]        chore/conductor-governance -> origin/chore/conductor-governance
2025-08-19T12:25:52.0234856Z  * [new branch]        chore/conductor-setup  -> origin/chore/conductor-setup
2025-08-19T12:25:52.0235751Z  * [new branch]        chore/repo-hygiene     -> origin/chore/repo-hygiene
2025-08-19T12:25:52.0241485Z  * [new branch]        dependabot/github_actions/actions/configure-pages-5 -> origin/dependabot/github_actions/actions/configure-pages-5
2025-08-19T12:25:52.0245853Z  * [new branch]        dependabot/github_actions/codecov/codecov-action-5 -> origin/dependabot/github_actions/codecov/codecov-action-5
2025-08-19T12:25:52.0251462Z  * [new branch]        dependabot/github_actions/golangci/golangci-lint-action-8 -> origin/dependabot/github_actions/golangci/golangci-lint-action-8
2025-08-19T12:25:52.0258647Z  * [new branch]        dependabot/github_actions/hashicorp/setup-terraform-3 -> origin/dependabot/github_actions/hashicorp/setup-terraform-3
2025-08-19T12:25:52.0261719Z  * [new branch]        dependabot/github_actions/helm/kind-action-1.12.0 -> origin/dependabot/github_actions/helm/kind-action-1.12.0
2025-08-19T12:25:52.0267507Z  * [new branch]        dependabot/go_modules/cloud.google.com/go/compute-1.43.0 -> origin/dependabot/go_modules/cloud.google.com/go/compute-1.43.0
2025-08-19T12:25:52.0271650Z  * [new branch]        dependabot/go_modules/cloud.google.com/go/container-1.44.0 -> origin/dependabot/go_modules/cloud.google.com/go/container-1.44.0
2025-08-19T12:25:52.0280656Z  * [new branch]        dependabot/go_modules/github.com/Azure/azure-sdk-for-go/sdk/azcore-1.18.2 -> origin/dependabot/go_modules/github.com/Azure/azure-sdk-for-go/sdk/azcore-1.18.2
2025-08-19T12:25:52.0285304Z  * [new branch]        dependabot/go_modules/github.com/aws/aws-sdk-go-v2-1.38.0 -> origin/dependabot/go_modules/github.com/aws/aws-sdk-go-v2-1.38.0
2025-08-19T12:25:52.0290840Z  * [new branch]        dependabot/go_modules/github.com/aws/aws-sdk-go-v2/credentials-1.18.4 -> origin/dependabot/go_modules/github.com/aws/aws-sdk-go-v2/credentials-1.18.4
2025-08-19T12:25:52.0296639Z  * [new branch]        dependabot/go_modules/github.com/aws/aws-sdk-go-v2/service/sts-1.37.0 -> origin/dependabot/go_modules/github.com/aws/aws-sdk-go-v2/service/sts-1.37.0
2025-08-19T12:25:52.0302842Z  * [new branch]        dependabot/go_modules/go.opentelemetry.io/otel/exporters/prometheus-0.59.1 -> origin/dependabot/go_modules/go.opentelemetry.io/otel/exporters/prometheus-0.59.1
2025-08-19T12:25:52.0307924Z  * [new branch]        dependabot/go_modules/golang.org/x/net-0.43.0 -> origin/dependabot/go_modules/golang.org/x/net-0.43.0
2025-08-19T12:25:52.0313285Z  * [new branch]        dependabot/go_modules/helm.sh/helm/v3-3.18.5 -> origin/dependabot/go_modules/helm.sh/helm/v3-3.18.5
2025-08-19T12:25:52.0318778Z  * [new branch]        dependabot/go_modules/k8s.io/client-go-0.33.4 -> origin/dependabot/go_modules/k8s.io/client-go-0.33.4
2025-08-19T12:25:52.0323233Z  * [new branch]        feat/a1-policy-sim     -> origin/feat/a1-policy-sim
2025-08-19T12:25:52.0327108Z  * [new branch]        feat/admission-webhook -> origin/feat/admission-webhook
2025-08-19T12:25:52.0331651Z  * [new branch]        feat/ci-guard          -> origin/feat/ci-guard
2025-08-19T12:25:52.0335736Z  * [new branch]        feat/conductor-file-watcher -> origin/feat/conductor-file-watcher
2025-08-19T12:25:52.0339596Z  * [new branch]        feat/conductor-loop    -> origin/feat/conductor-loop
2025-08-19T12:25:52.0343043Z  * [new branch]        feat/e2-kpm-sim        -> origin/feat/e2-kpm-sim
2025-08-19T12:25:52.0346971Z  * [new branch]        feat/e2e               -> origin/feat/e2e
2025-08-19T12:25:52.0350402Z  * [new branch]        feat/examples-mvp      -> origin/feat/examples-mvp
2025-08-19T12:25:52.0354280Z  * [new branch]        feat/ingest-llm        -> origin/feat/ingest-llm
2025-08-19T12:25:52.0358410Z  * [new branch]        feat/ingest-tests-and-errors -> origin/feat/ingest-tests-and-errors
2025-08-19T12:25:52.0362867Z  * [new branch]        feat/o1-ves-sim        -> origin/feat/o1-ves-sim
2025-08-19T12:25:52.0365919Z  * [new branch]        feat/planner           -> origin/feat/planner
2025-08-19T12:25:52.0370106Z  * [new branch]        feat/porch-direct      -> origin/feat/porch-direct
2025-08-19T12:25:52.0373244Z  * [new branch]        feat/porch-publisher   -> origin/feat/porch-publisher
2025-08-19T12:25:52.0377952Z  * [new branch]        feat/porch-structured-patch -> origin/feat/porch-structured-patch
2025-08-19T12:25:52.0382185Z  * [new branch]        feat/sim-fcaps-to-intent -> origin/feat/sim-fcaps-to-intent
2025-08-19T12:25:52.0385608Z  * [new branch]        feat/test-harness      -> origin/feat/test-harness
2025-08-19T12:25:52.0390660Z  * [new branch]        integrate/mvp          -> origin/integrate/mvp
2025-08-19T12:25:52.0394562Z  * [new branch]        main                   -> origin/main
2025-08-19T12:25:52.0397953Z  * [new tag]           backup/pre-cleanup-20250813234213 -> backup/pre-cleanup-20250813234213
2025-08-19T12:25:52.0400775Z  * [new tag]           v0.1.0-mvp             -> v0.1.0-mvp
2025-08-19T12:25:52.0458144Z [command]/usr/bin/git branch --list --remote origin/feat/conductor-loop
2025-08-19T12:25:52.0493131Z   origin/feat/conductor-loop
2025-08-19T12:25:52.0503274Z [command]/usr/bin/git rev-parse refs/remotes/origin/feat/conductor-loop
2025-08-19T12:25:52.0525515Z 02369cd823a3dfeb3e1b06e186676dafb39d9fb7
2025-08-19T12:25:52.0531637Z ##[endgroup]
2025-08-19T12:25:52.0531976Z ##[group]Determining the checkout info
2025-08-19T12:25:52.0533318Z ##[endgroup]
2025-08-19T12:25:52.0538188Z [command]/usr/bin/git sparse-checkout disable
2025-08-19T12:25:52.0581514Z [command]/usr/bin/git config --local --unset-all extensions.worktreeConfig
2025-08-19T12:25:52.0613307Z ##[group]Checking out the ref
2025-08-19T12:25:52.0618974Z [command]/usr/bin/git checkout --progress --force -B feat/conductor-loop refs/remotes/origin/feat/conductor-loop
2025-08-19T12:25:52.5218853Z Switched to a new branch 'feat/conductor-loop'
2025-08-19T12:25:52.5219547Z branch 'feat/conductor-loop' set up to track 'origin/feat/conductor-loop'.
2025-08-19T12:25:52.5235839Z ##[endgroup]
2025-08-19T12:25:52.5309936Z [command]/usr/bin/git log -1 --format=%H
2025-08-19T12:25:52.5339442Z 02369cd823a3dfeb3e1b06e186676dafb39d9fb7
2025-08-19T12:25:52.5478327Z ##[group]Run actions/setup-go@v5
2025-08-19T12:25:52.5478585Z with:
2025-08-19T12:25:52.5478751Z   go-version: 1.24
2025-08-19T12:25:52.5478930Z   cache: true
2025-08-19T12:25:52.5479095Z   check-latest: false
2025-08-19T12:25:52.5479477Z   token: ***
2025-08-19T12:25:52.5479638Z env:
2025-08-19T12:25:52.5479792Z   GO_VERSION: 1.24
2025-08-19T12:25:52.5479984Z   REGISTRY: ghcr.io
2025-08-19T12:25:52.5480183Z   IMAGE_NAME: nephoran/conductor-loop
2025-08-19T12:25:52.5480424Z   SECURITY_SCAN_LEVEL: standard
2025-08-19T12:25:52.5480631Z ##[endgroup]
2025-08-19T12:25:52.7095832Z Setup go version spec 1.24
2025-08-19T12:25:52.7257070Z Found in cache @ /opt/hostedtoolcache/go/1.24.6/x64
2025-08-19T12:25:52.7261822Z Added go to the path
2025-08-19T12:25:52.7265125Z Successfully set up Go version 1.24
2025-08-19T12:25:53.3379444Z [command]/opt/hostedtoolcache/go/1.24.6/x64/bin/go env GOMODCACHE
2025-08-19T12:25:53.3414866Z [command]/opt/hostedtoolcache/go/1.24.6/x64/bin/go env GOCACHE
2025-08-19T12:25:53.3442124Z /home/runner/go/pkg/mod
2025-08-19T12:25:53.3472859Z /home/runner/.cache/go-build
2025-08-19T12:25:53.6745986Z Cache is not found
2025-08-19T12:25:53.6768355Z go version go1.24.6 linux/amd64
2025-08-19T12:25:53.6768641Z 
2025-08-19T12:25:53.6769402Z ##[group]go env
2025-08-19T12:25:54.3868263Z AR='ar'
2025-08-19T12:25:54.3868622Z CC='gcc'
2025-08-19T12:25:54.3869075Z CGO_CFLAGS='-O2 -g'
2025-08-19T12:25:54.3869417Z CGO_CPPFLAGS=''
2025-08-19T12:25:54.3869715Z CGO_CXXFLAGS='-O2 -g'
2025-08-19T12:25:54.3870016Z CGO_ENABLED='1'
2025-08-19T12:25:54.3870300Z CGO_FFLAGS='-O2 -g'
2025-08-19T12:25:54.3870618Z CGO_LDFLAGS='-O2 -g'
2025-08-19T12:25:54.3870941Z CXX='g++'
2025-08-19T12:25:54.3871215Z GCCGO='gccgo'
2025-08-19T12:25:54.3871511Z GO111MODULE=''
2025-08-19T12:25:54.3871805Z GOAMD64='v1'
2025-08-19T12:25:54.3872163Z GOARCH='amd64'
2025-08-19T12:25:54.3872473Z GOAUTH='netrc'
2025-08-19T12:25:54.3872784Z GOBIN=''
2025-08-19T12:25:54.3873108Z GOCACHE='/home/runner/.cache/go-build'
2025-08-19T12:25:54.3873577Z GOCACHEPROG=''
2025-08-19T12:25:54.3873867Z GODEBUG=''
2025-08-19T12:25:54.3874188Z GOENV='/home/runner/.config/go/env'
2025-08-19T12:25:54.3874592Z GOEXE=''
2025-08-19T12:25:54.3874858Z GOEXPERIMENT=''
2025-08-19T12:25:54.3875182Z GOFIPS140='off'
2025-08-19T12:25:54.3875469Z GOFLAGS=''
2025-08-19T12:25:54.3876568Z GOGCCFLAGS='-fPIC -m64 -pthread -Wl,--no-gc-sections -fmessage-length=0 -ffile-prefix-map=/tmp/go-build326626339=/tmp/go-build -gno-record-gcc-switches'
2025-08-19T12:25:54.3877923Z GOHOSTARCH='amd64'
2025-08-19T12:25:54.3878229Z GOHOSTOS='linux'
2025-08-19T12:25:54.3878504Z GOINSECURE=''
2025-08-19T12:25:54.3879078Z GOMOD='/home/runner/work/nephoran-intent-operator/nephoran-intent-operator/go.mod'
2025-08-19T12:25:54.3879746Z GOMODCACHE='/home/runner/go/pkg/mod'
2025-08-19T12:25:54.3880106Z GONOPROXY=''
2025-08-19T12:25:54.3880367Z GONOSUMDB=''
2025-08-19T12:25:54.3880615Z GOOS='linux'
2025-08-19T12:25:54.3880998Z GOPATH='/home/runner/go'
2025-08-19T12:25:54.3881352Z GOPRIVATE=''
2025-08-19T12:25:54.3881753Z GOPROXY='https://proxy.golang.org,direct'
2025-08-19T12:25:54.3882218Z GOROOT='/opt/hostedtoolcache/go/1.24.6/x64'
2025-08-19T12:25:54.3882648Z GOSUMDB='sum.golang.org'
2025-08-19T12:25:54.3882974Z GOTELEMETRY='local'
2025-08-19T12:25:54.3883359Z GOTELEMETRYDIR='/home/runner/.config/go/telemetry'
2025-08-19T12:25:54.3883801Z GOTMPDIR=''
2025-08-19T12:25:54.3884074Z GOTOOLCHAIN='auto'
2025-08-19T12:25:54.3884571Z GOTOOLDIR='/opt/hostedtoolcache/go/1.24.6/x64/pkg/tool/linux_amd64'
2025-08-19T12:25:54.3885117Z GOVCS=''
2025-08-19T12:25:54.3885402Z GOVERSION='go1.24.6'
2025-08-19T12:25:54.3885711Z GOWORK=''
2025-08-19T12:25:54.3886006Z PKG_CONFIG='pkg-config'
2025-08-19T12:25:54.3886218Z 
2025-08-19T12:25:54.3886878Z ##[endgroup]
2025-08-19T12:25:54.3984506Z ##[group]Run go mod download
2025-08-19T12:25:54.3984818Z [36;1mgo mod download[0m
2025-08-19T12:25:54.3985038Z [36;1mgo mod verify[0m
2025-08-19T12:25:54.4030107Z shell: /usr/bin/bash -e {0}
2025-08-19T12:25:54.4030347Z env:
2025-08-19T12:25:54.4030516Z   GO_VERSION: 1.24
2025-08-19T12:25:54.4030691Z   REGISTRY: ghcr.io
2025-08-19T12:25:54.4030898Z   IMAGE_NAME: nephoran/conductor-loop
2025-08-19T12:25:54.4031148Z   SECURITY_SCAN_LEVEL: standard
2025-08-19T12:25:54.4031352Z ##[endgroup]
2025-08-19T12:26:09.3199841Z all modules verified
2025-08-19T12:26:09.3279372Z ##[group]Run dependency-check/Dependency-Check_Action@main
2025-08-19T12:26:09.3279703Z with:
2025-08-19T12:26:09.3279881Z   project: conductor-loop
2025-08-19T12:26:09.3280079Z   path: .
2025-08-19T12:26:09.3280236Z   format: ALL
2025-08-19T12:26:09.3280603Z   args: --enableRetired --enableExperimental --scan "**/*.go" --scan "**/go.mod" --scan "**/go.sum"

2025-08-19T12:26:09.3281270Z   out: reports
2025-08-19T12:26:09.3281429Z env:
2025-08-19T12:26:09.3281585Z   GO_VERSION: 1.24
2025-08-19T12:26:09.3281750Z   REGISTRY: ghcr.io
2025-08-19T12:26:09.3281953Z   IMAGE_NAME: nephoran/conductor-loop
2025-08-19T12:26:09.3282194Z   SECURITY_SCAN_LEVEL: standard
2025-08-19T12:26:09.3282394Z ##[endgroup]
2025-08-19T12:26:09.3413451Z ##[command]/usr/bin/docker run --name ce62e059db8b3f517f40ceb87103a22b7fe2c9_f76217 --label ce62e0 --workdir /github/workspace --rm -e "GO_VERSION" -e "REGISTRY" -e "IMAGE_NAME" -e "SECURITY_SCAN_LEVEL" -e "INPUT_PROJECT" -e "INPUT_PATH" -e "INPUT_FORMAT" -e "INPUT_ARGS" -e "INPUT_OUT" -e "HOME" -e "GITHUB_JOB" -e "GITHUB_REF" -e "GITHUB_SHA" -e "GITHUB_REPOSITORY" -e "GITHUB_REPOSITORY_OWNER" -e "GITHUB_REPOSITORY_OWNER_ID" -e "GITHUB_RUN_ID" -e "GITHUB_RUN_NUMBER" -e "GITHUB_RETENTION_DAYS" -e "GITHUB_RUN_ATTEMPT" -e "GITHUB_ACTOR_ID" -e "GITHUB_ACTOR" -e "GITHUB_WORKFLOW" -e "GITHUB_HEAD_REF" -e "GITHUB_BASE_REF" -e "GITHUB_EVENT_NAME" -e "GITHUB_SERVER_URL" -e "GITHUB_API_URL" -e "GITHUB_GRAPHQL_URL" -e "GITHUB_REF_NAME" -e "GITHUB_REF_PROTECTED" -e "GITHUB_REF_TYPE" -e "GITHUB_WORKFLOW_REF" -e "GITHUB_WORKFLOW_SHA" -e "GITHUB_REPOSITORY_ID" -e "GITHUB_TRIGGERING_ACTOR" -e "GITHUB_WORKSPACE" -e "GITHUB_ACTION" -e "GITHUB_EVENT_PATH" -e "GITHUB_ACTION_REPOSITORY" -e "GITHUB_ACTION_REF" -e "GITHUB_PATH" -e "GITHUB_ENV" -e "GITHUB_STEP_SUMMARY" -e "GITHUB_STATE" -e "GITHUB_OUTPUT" -e "RUNNER_OS" -e "RUNNER_ARCH" -e "RUNNER_NAME" -e "RUNNER_ENVIRONMENT" -e "RUNNER_TOOL_CACHE" -e "RUNNER_TEMP" -e "RUNNER_WORKSPACE" -e "ACTIONS_RUNTIME_URL" -e "ACTIONS_RUNTIME_TOKEN" -e "ACTIONS_CACHE_URL" -e "ACTIONS_RESULTS_URL" -e GITHUB_ACTIONS=true -e CI=true -v "/var/run/docker.sock":"/var/run/docker.sock" -v "/home/runner/work/_temp/_github_home":"/github/home" -v "/home/runner/work/_temp/_github_workflow":"/github/workflow" -v "/home/runner/work/_temp/_runner_file_commands":"/github/file_commands" -v "/home/runner/work/nephoran-intent-operator/nephoran-intent-operator":"/github/workspace" ce62e0:59db8b3f517f40ceb87103a22b7fe2c9  "--project" "conductor-loop" "--scan" "/github/workspace/." "--format" "ALL" "--out" "/github/workspace/reports" "--noupdate" "--enableRetired --enableExperimental --scan \"**/*.go\" --scan \"**/go.mod\" --scan \"**/go.sum\"
"
2025-08-19T12:26:15.0767071Z [INFO] 
2025-08-19T12:26:15.0767303Z 
2025-08-19T12:26:15.0770953Z Dependency-Check is an open source tool performing a best effort analysis of 3rd party dependencies; false positives and false negatives may exist in the analysis performed by the tool. Use of the tool and the reporting provided constitutes acceptance for use in an AS IS condition, and there are NO warranties, implied or otherwise, with regard to the analysis or its use. Any use of the tool and the reporting provided is at the user's risk. In no event shall the copyright holder or OWASP be held liable for any damages whatsoever arising out of or in connection with the use of this tool, the analysis performed, or the resulting report.
2025-08-19T12:26:15.0773472Z 
2025-08-19T12:26:15.0773479Z 
2025-08-19T12:26:15.0796211Z    About ODC: https://dependency-check.github.io/DependencyCheck/general/internals.html
2025-08-19T12:26:15.0799545Z    False Positives: https://dependency-check.github.io/DependencyCheck/general/suppression.html
2025-08-19T12:26:15.0800218Z 
2025-08-19T12:26:15.0800745Z 💖 Sponsor: https://github.com/sponsors/jeremylong
2025-08-19T12:26:15.0801098Z 
2025-08-19T12:26:15.0801105Z 
2025-08-19T12:26:15.0801248Z [INFO] Analysis Started
2025-08-19T12:26:15.0850961Z [INFO] Finished File Name Analyzer (0 seconds)
2025-08-19T12:26:15.0909574Z [INFO] Finished Python Package Analyzer (0 seconds)
2025-08-19T12:26:15.1019466Z [INFO] Finished pip Analyzer (0 seconds)
2025-08-19T12:26:15.1965566Z [WARN] While analyzing `/github/workspace/internal/security/go.mod` `go` generated the following warnings:
2025-08-19T12:26:15.1969135Z go: github.com/davecgh/go-spew@v1.1.1: missing go.sum entry for go.mod file; to add it:
2025-08-19T12:26:15.1969892Z 	go mod download github.com/davecgh/go-spew
2025-08-19T12:26:15.1970210Z 
2025-08-19T12:26:15.1971468Z [WARN] An error occurred while analyzing '/github/workspace/internal/security/go.mod' (Golang Mod Analyzer): Error analyzing '/github/workspace/internal/security/go.mod'; Error parsing output from `go list -json -m all`
2025-08-19T12:26:17.2076161Z [INFO] Finished Golang Mod Analyzer (2 seconds)
2025-08-19T12:26:17.2636267Z [INFO] Finished Dependency Merging Analyzer (0 seconds)
2025-08-19T12:26:17.4406924Z [INFO] Finished Hint Analyzer (0 seconds)
2025-08-19T12:26:17.4460086Z [INFO] Finished Version Filter Analyzer (0 seconds)
2025-08-19T12:26:18.6561584Z Aug 19, 2025 12:26:18 PM org.apache.lucene.util.HotspotVMOptions <clinit>
2025-08-19T12:26:18.6563369Z WARNING: Lucene cannot optimize algorithms or calculate object sizes for JVMs that are not based on Hotspot or a compatible implementation.
2025-08-19T12:26:18.6717401Z WARNING: A restricted method in java.lang.foreign.Linker has been called
2025-08-19T12:26:18.6719612Z WARNING: java.lang.foreign.Linker::downcallHandle has been called by the unnamed module
2025-08-19T12:26:18.6720934Z WARNING: Use --enable-native-access=ALL-UNNAMED to avoid a warning for this module
2025-08-19T12:26:18.6727536Z 
2025-08-19T12:26:18.7677265Z Aug 19, 2025 12:26:18 PM org.apache.lucene.store.MemorySegmentIndexInputProvider <init>
2025-08-19T12:26:18.7678914Z INFO: Using MemorySegmentIndexInput and native madvise support with Java 21 or later; to disable start with -Dorg.apache.lucene.store.MMapDirectory.enableMemorySegments=false
2025-08-19T12:26:18.8363942Z Aug 19, 2025 12:26:18 PM org.apache.lucene.internal.vectorization.VectorizationProvider lookup
2025-08-19T12:26:18.8367946Z WARNING: Java runtime is not using Hotspot VM; Java vector incubator API can't be enabled.
2025-08-19T12:26:19.1772452Z [INFO] Created CPE Index (1 seconds)
2025-08-19T12:26:19.3484280Z [INFO] Finished NPM CPE Analyzer (1 seconds)
2025-08-19T12:26:21.2385077Z [INFO] Created CPE Index (1 seconds)
2025-08-19T12:26:24.0327458Z [INFO] Finished CPE Analyzer (4 seconds)
2025-08-19T12:26:24.0421572Z [INFO] Finished False Positive Analyzer (0 seconds)
2025-08-19T12:26:24.3171121Z [INFO] Finished NVD CVE Analyzer (0 seconds)
2025-08-19T12:26:24.5188554Z [INFO] Finished RetireJS Analyzer (0 seconds)
2025-08-19T12:26:29.4818431Z [INFO] Finished Sonatype OSS Index Analyzer (4 seconds)
2025-08-19T12:26:29.5025011Z [INFO] Finished Vulnerability Suppression Analyzer (0 seconds)
2025-08-19T12:26:29.5188318Z [INFO] Finished Known Exploited Vulnerability Analyzer (0 seconds)
2025-08-19T12:26:29.8883145Z [INFO] Finished Dependency Bundling Analyzer (0 seconds)
2025-08-19T12:26:29.8911961Z [INFO] Finished Unused Suppression Rule Analyzer (0 seconds)
2025-08-19T12:26:29.8966128Z [INFO] Analysis Complete (14 seconds)
2025-08-19T12:26:29.9570040Z [INFO] Writing XML report to: /github/workspace/reports/dependency-check-report.xml
2025-08-19T12:26:30.8066084Z [INFO] Writing HTML report to: /github/workspace/reports/dependency-check-report.html
2025-08-19T12:26:31.3999045Z [INFO] Writing JSON report to: /github/workspace/reports/dependency-check-report.json
2025-08-19T12:26:31.8059060Z [INFO] Writing CSV report to: /github/workspace/reports/dependency-check-report.csv
2025-08-19T12:26:31.8898885Z [INFO] Writing SARIF report to: /github/workspace/reports/dependency-check-report.sarif
2025-08-19T12:26:31.9704880Z [INFO] Writing JENKINS report to: /github/workspace/reports/dependency-check-jenkins.html
2025-08-19T12:26:32.1548628Z [INFO] Writing JUNIT report to: /github/workspace/reports/dependency-check-junit.xml
2025-08-19T12:26:32.2376631Z [INFO] Writing GITLAB report to: /github/workspace/reports/dependency-check-gitlab.json
2025-08-19T12:26:32.3480285Z [ERROR] Error analyzing '/github/workspace/internal/security/go.mod'; Error parsing output from `go list -json -m all`
2025-08-19T12:26:32.6008748Z Post job cleanup.
2025-08-19T12:26:32.6971919Z [command]/usr/bin/git version
2025-08-19T12:26:32.7014790Z git version 2.50.1
2025-08-19T12:26:32.7063871Z Temporarily overriding HOME='/home/runner/work/_temp/6e3095e4-8d1a-4912-af94-a5de2572df7f' before making global git config changes
2025-08-19T12:26:32.7065055Z Adding repository directory to the temporary git global config as a safe directory
2025-08-19T12:26:32.7076959Z [command]/usr/bin/git config --global --add safe.directory /home/runner/work/nephoran-intent-operator/nephoran-intent-operator
2025-08-19T12:26:32.7113768Z [command]/usr/bin/git config --local --name-only --get-regexp core\.sshCommand
2025-08-19T12:26:32.7147703Z [command]/usr/bin/git submodule foreach --recursive sh -c "git config --local --name-only --get-regexp 'core\.sshCommand' && git config --local --unset-all 'core.sshCommand' || :"
2025-08-19T12:26:32.7418683Z [command]/usr/bin/git config --local --name-only --get-regexp http\.https\:\/\/github\.com\/\.extraheader
2025-08-19T12:26:32.7445883Z http.https://github.com/.extraheader
2025-08-19T12:26:32.7459330Z [command]/usr/bin/git config --local --unset-all http.https://github.com/.extraheader
2025-08-19T12:26:32.7494569Z [command]/usr/bin/git submodule foreach --recursive sh -c "git config --local --name-only --get-regexp 'http\.https\:\/\/github\.com\/\.extraheader' && git config --local --unset-all 'http.https://github.com/.extraheader' || :"
2025-08-19T12:26:32.7853472Z Post job cleanup.
2025-08-19T12:26:32.8581644Z [harden-runner] post-step
2025-08-19T12:26:33.8606526Z log:
2025-08-19T12:26:33.8607648Z Tue, 19 Aug 2025 12:25:29 GMT:[buildInfo] tag=v0.14.2 commit=a33c48b038c7b6ac98c789579037e76204e082d0 branch=HEAD 
2025-08-19T12:26:33.8608294Z 
2025-08-19T12:26:33.8608480Z Tue, 19 Aug 2025 12:25:29 GMT:read config 
2025-08-19T12:26:33.8613867Z  &{Repo:thc1006/nephoran-intent-operator CorrelationId:8da947aa-edd5-4d27-9d2e-a069ca48b242 RunId:17069476080 WorkingDirectory:/home/runner/work/nephoran-intent-operator/nephoran-intent-operator APIURL:https://agent.api.stepsecurity.io/v1 OneTimeKey: Endpoints:map[api.github.com.:[{domainName:api.github.com. port:443}] github.com.:[{domainName:github.com. port:443}] golang.org.:[{domainName:golang.org. port:443}] objects.githubusercontent.com.:[{domainName:objects.githubusercontent.com. port:443}] proxy.golang.org.:[{domainName:proxy.golang.org. port:443}] sum.golang.org.:[{domainName:sum.golang.org. port:443}]] EgressPolicy:audit DisableTelemetry:false DisableSudo:false DisableSudoAndContainers:false DisableFileMonitoring:false Private:false}
2025-08-19T12:26:33.8618659Z 
2025-08-19T12:26:33.8619157Z Tue, 19 Aug 2025 12:25:29 GMT:Step Security Job Correlation ID: 8da947aa-edd5-4d27-9d2e-a069ca48b242
2025-08-19T12:26:33.8619746Z 
2025-08-19T12:26:33.8620179Z Tue, 19 Aug 2025 12:25:29 GMT:Global feature flags: {AgentType:agent-oss EnableArmour:true}
2025-08-19T12:26:33.8620985Z Tue, 19 Aug 2025 12:25:29 GMT:initialized global feature flags
2025-08-19T12:26:33.8621395Z 
2025-08-19T12:26:33.8621636Z Tue, 19 Aug 2025 12:25:29 GMT:started process monitor
2025-08-19T12:26:33.8622011Z 
2025-08-19T12:26:33.8622250Z Tue, 19 Aug 2025 12:25:29 GMT:Monitor Processes called
2025-08-19T12:26:33.8622821Z Tue, 19 Aug 2025 12:25:29 GMT:NewAuditClient created
2025-08-19T12:26:33.8623363Z Tue, 19 Aug 2025 12:25:29 GMT:Status is enabled
2025-08-19T12:26:33.8623874Z Tue, 19 Aug 2025 12:25:29 GMT:Rules deleted
2025-08-19T12:26:33.8624779Z Tue, 19 Aug 2025 12:25:29 GMT:File monitor added for /home/runner/work/nephoran-intent-operator/nephoran-intent-operator
2025-08-19T12:26:33.8625726Z Tue, 19 Aug 2025 12:25:29 GMT:Agent file monitor added
2025-08-19T12:26:33.8626361Z Tue, 19 Aug 2025 12:25:29 GMT:Docker's daemon.json file monitor added
2025-08-19T12:26:33.8627295Z Tue, 19 Aug 2025 12:25:29 GMT:Systemd's resolved.conf file monitor added
2025-08-19T12:26:33.8627927Z Tue, 19 Aug 2025 12:25:29 GMT:Net monitor added
2025-08-19T12:26:33.8628455Z Tue, 19 Aug 2025 12:25:29 GMT:Process monitor added
2025-08-19T12:26:33.8628993Z Tue, 19 Aug 2025 12:25:29 GMT:receive called
2025-08-19T12:26:33.8629792Z 
2025-08-19T12:26:33.8629800Z 
2025-08-19T12:26:33.8630010Z Tue, 19 Aug 2025 12:25:29 GMT:updated resolved
2025-08-19T12:26:33.8630329Z 
2025-08-19T12:26:33.8630524Z Tue, 19 Aug 2025 12:25:30 GMT:set docker config
2025-08-19T12:26:33.8630857Z 
2025-08-19T12:26:33.8631059Z Tue, 19 Aug 2025 12:25:30 GMT:before audit rules
2025-08-19T12:26:33.8631604Z Tue, 19 Aug 2025 12:25:30 GMT:added audit rules
2025-08-19T12:26:33.8632084Z Tue, 19 Aug 2025 12:25:30 GMT:Armour is enabled
2025-08-19T12:26:33.8632618Z Tue, 19 Aug 2025 12:25:31 GMT:Armour attached
2025-08-19T12:26:33.8633097Z Tue, 19 Aug 2025 12:25:31 GMT:done
2025-08-19T12:26:33.8635109Z Tue, 19 Aug 2025 12:25:31 GMT:[Source code overwritten] file: /home/runner/work/nephoran-intent-operator/nephoran-intent-operator/.git/config.lock syscall: openat by exe: /usr/bin/git [324c8e1c70df886c33f9de6baea3e69badf185588d7724d68da69d4be7933a74] Timestamp: 2025-08-19T12:25:31.597Z
2025-08-19T12:26:33.8638992Z Tue, 19 Aug 2025 12:25:31 GMT:[Source code overwritten] file: /home/runner/work/nephoran-intent-operator/nephoran-intent-operator/.git/config syscall: rename by exe: /usr/bin/git [324c8e1c70df886c33f9de6baea3e69badf185588d7724d68da69d4be7933a74] Timestamp: 2025-08-19T12:25:31.598Z
2025-08-19T12:26:33.8642858Z Tue, 19 Aug 2025 12:25:31 GMT:[Source code overwritten] file: /home/runner/work/nephoran-intent-operator/nephoran-intent-operator/.git/config.lock syscall: openat by exe: /usr/bin/git [324c8e1c70df886c33f9de6baea3e69badf185588d7724d68da69d4be7933a74] Timestamp: 2025-08-19T12:25:31.598Z
2025-08-19T12:26:33.8645108Z Tue, 19 Aug 2025 12:25:31 GMT:domain resolved: github.com., ip address: 140.82.116.3, TTL: 30
2025-08-19T12:26:33.8647933Z Tue, 19 Aug 2025 12:25:31 GMT:[Source code overwritten] file: /home/runner/work/nephoran-intent-operator/nephoran-intent-operator/.git/config syscall: openat by exe: /home/runner/actions-runner/cached/externals/node20/bin/node [2fef68bbc03f7bf68b3daa917d43ab198466080302b2a9d731cf43614a574d25] Timestamp: 2025-08-19T12:25:31.668Z
2025-08-19T12:26:33.8650690Z Tue, 19 Aug 2025 12:25:31 GMT:endpoint called ip address:port 140.82.116.3:443, domain: github.com., pid: 2811, process: git-remote-http
2025-08-19T12:26:33.8652091Z Tue, 19 Aug 2025 12:25:53 GMT:domain resolved: results-receiver.actions.githubusercontent.com., ip address: 140.82.112.21, TTL: 49
2025-08-19T12:26:33.8653752Z Tue, 19 Aug 2025 12:25:53 GMT:endpoint called ip address:port 140.82.112.21:443, domain: results-receiver.actions.githubusercontent.com., pid: 2835, process: node
2025-08-19T12:26:33.8655134Z Tue, 19 Aug 2025 12:25:54 GMT:domain resolved: proxy.golang.org., ip address: 142.251.46.209, TTL: 36
2025-08-19T12:26:33.8656312Z Tue, 19 Aug 2025 12:25:54 GMT:endpoint called ip address:port 142.251.46.209:443, domain: proxy.golang.org., pid: 2901, process: go
2025-08-19T12:26:33.8657716Z Tue, 19 Aug 2025 12:25:59 GMT:domain resolved: storage.googleapis.com., ip address: 142.250.191.59, TTL: 30
2025-08-19T12:26:33.8658968Z Tue, 19 Aug 2025 12:25:59 GMT:endpoint called ip address:port 142.250.191.59:443, domain: storage.googleapis.com., pid: 2901, process: go
2025-08-19T12:26:33.8660356Z Tue, 19 Aug 2025 12:26:15 GMT:endpoint called ip address:port 142.251.46.209:443, domain: proxy.golang.org., pid: 3057, process: go
2025-08-19T12:26:33.8661695Z Tue, 19 Aug 2025 12:26:15 GMT:endpoint called ip address:port 142.251.46.209:443, domain: proxy.golang.org., pid: 3056, process: go
2025-08-19T12:26:33.8663295Z Tue, 19 Aug 2025 12:26:24 GMT:domain resolved: ossindex.sonatype.org., ip address: 3.128.124.46, TTL: 30
2025-08-19T12:26:33.8664562Z Tue, 19 Aug 2025 12:26:24 GMT:endpoint called ip address:port 3.128.124.46:443, domain: ossindex.sonatype.org., pid: 2991, process: java
2025-08-19T12:26:33.8666199Z Tue, 19 Aug 2025 12:26:32 GMT:endpoint called ip address:port 140.82.112.21:443, domain: results-receiver.actions.githubusercontent.com., pid: 1941, process: Runner.Worker
2025-08-19T12:26:33.8667429Z 
2025-08-19T12:26:33.8667648Z Tue, 19 Aug 2025 12:26:32 GMT:post_event called
2025-08-19T12:26:33.8668309Z 
2025-08-19T12:26:33.8668454Z status:
2025-08-19T12:26:33.8668897Z Initialized
2025-08-19T12:26:33.8774764Z agent.service log:
2025-08-19T12:26:33.8776334Z Aug 19 12:25:29 pkrvmubgrv54qmi systemd[1]: /etc/systemd/system/agent.service:9: Standard output type syslog is obsolete, automatically updating to journal. Please update your unit file, and consider removing the setting altogether.
2025-08-19T12:26:33.8779158Z Aug 19 12:25:29 pkrvmubgrv54qmi systemd[1]: /etc/systemd/system/agent.service:10: Standard output type syslog is obsolete, automatically updating to journal. Please update your unit file, and consider removing the setting altogether.
2025-08-19T12:26:33.8780669Z Aug 19 12:25:29 pkrvmubgrv54qmi systemd[1]: Started agent.service - Agent.
2025-08-19T12:26:33.8781883Z Aug 19 12:25:29 pkrvmubgrv54qmi sudo[2387]:     root : *** ; USER=root ; COMMAND=/usr/bin/systemctl stop systemd-resolved
2025-08-19T12:26:33.8782978Z Aug 19 12:25:29 pkrvmubgrv54qmi sudo[2387]: pam_unix(sudo:session): session opened for user root(uid=0) by (uid=0)
2025-08-19T12:26:33.8783998Z Aug 19 12:25:29 pkrvmubgrv54qmi sudo[2387]: pam_unix(sudo:session): session closed for user root
2025-08-19T12:26:33.8785120Z Aug 19 12:25:29 pkrvmubgrv54qmi sudo[2393]:     root : *** ; USER=root ; COMMAND=/usr/bin/systemctl restart systemd-resolved
2025-08-19T12:26:33.8786512Z Aug 19 12:25:29 pkrvmubgrv54qmi sudo[2393]: pam_unix(sudo:session): session opened for user root(uid=0) by (uid=0)
2025-08-19T12:26:33.8787719Z Aug 19 12:25:29 pkrvmubgrv54qmi sudo[2393]: pam_unix(sudo:session): session closed for user root
2025-08-19T12:26:33.8788785Z Aug 19 12:25:29 pkrvmubgrv54qmi sudo[2398]:     root : *** ; USER=root ; COMMAND=/usr/bin/resolvectl flush-caches
2025-08-19T12:26:33.8789819Z Aug 19 12:25:29 pkrvmubgrv54qmi sudo[2398]: pam_unix(sudo:session): session opened for user root(uid=0) by (uid=0)
2025-08-19T12:26:33.8790812Z Aug 19 12:25:29 pkrvmubgrv54qmi sudo[2398]: pam_unix(sudo:session): session closed for user root
2025-08-19T12:26:33.8791862Z Aug 19 12:25:29 pkrvmubgrv54qmi sudo[2401]:     root : *** ; USER=root ; COMMAND=/usr/bin/systemctl reload docker
2025-08-19T12:26:33.8792841Z Aug 19 12:25:29 pkrvmubgrv54qmi sudo[2401]: pam_unix(sudo:session): session opened for user root(uid=0) by (uid=0)
2025-08-19T12:26:33.8793851Z Aug 19 12:25:29 pkrvmubgrv54qmi sudo[2401]: pam_unix(sudo:session): session closed for user root
2025-08-19T12:26:33.8794917Z Aug 19 12:25:29 pkrvmubgrv54qmi sudo[2412]:     root : *** ; USER=root ; COMMAND=/usr/bin/systemctl daemon-reload
2025-08-19T12:26:33.8795952Z Aug 19 12:25:29 pkrvmubgrv54qmi sudo[2412]: pam_unix(sudo:session): session opened for user root(uid=0) by (uid=0)
2025-08-19T12:26:33.8797990Z Aug 19 12:25:30 pkrvmubgrv54qmi systemd[1]: /etc/systemd/system/agent.service:9: Standard output type syslog is obsolete, automatically updating to journal. Please update your unit file, and consider removing the setting altogether.
2025-08-19T12:26:33.8800739Z Aug 19 12:25:30 pkrvmubgrv54qmi systemd[1]: /etc/systemd/system/agent.service:10: Standard output type syslog is obsolete, automatically updating to journal. Please update your unit file, and consider removing the setting altogether.
2025-08-19T12:26:33.8802604Z Aug 19 12:25:30 pkrvmubgrv54qmi sudo[2412]: pam_unix(sudo:session): session closed for user root
2025-08-19T12:26:33.8803666Z Aug 19 12:25:30 pkrvmubgrv54qmi sudo[2479]:     root : *** ; USER=root ; COMMAND=/usr/bin/systemctl restart docker
2025-08-19T12:26:33.8804667Z Aug 19 12:25:30 pkrvmubgrv54qmi sudo[2479]: pam_unix(sudo:session): session opened for user root(uid=0) by (uid=0)
2025-08-19T12:26:33.8805609Z Aug 19 12:25:30 pkrvmubgrv54qmi sudo[2479]: pam_unix(sudo:session): session closed for user root
2025-08-19T12:26:33.8806538Z Aug 19 12:25:30 pkrvmubgrv54qmi agentservice[2373]: 2025/08/19 12:25:30 INFO Config ENFORCE_KILL_BLOCK=false
2025-08-19T12:26:33.8807656Z Aug 19 12:25:30 pkrvmubgrv54qmi agentservice[2373]: 2025/08/19 12:25:30 INFO Config AGENT_PID=2373
2025-08-19T12:26:33.8808824Z Aug 19 12:25:30 pkrvmubgrv54qmi agentservice[2373]: 2025/08/19 12:25:30 INFO Config ENFORCE_READ_BLOCK=false
2025-08-19T12:26:33.8809836Z Aug 19 12:25:30 pkrvmubgrv54qmi agentservice[2373]: 2025/08/19 12:25:30 INFO Config ENFORCE_WRITE_BLOCK=false
2025-08-19T12:26:33.8810474Z Aug 19 12:25:30 pkrvmubgrv54qmi agentservice[2373]: 2025/08/19 12:25:30 INFO Map size protected_pids=1
2025-08-19T12:26:33.8811067Z Aug 19 12:25:30 pkrvmubgrv54qmi agentservice[2373]: 2025/08/19 12:25:30 INFO Map size protected_pid_inodes=1
2025-08-19T12:26:33.8811649Z Aug 19 12:25:30 pkrvmubgrv54qmi agentservice[2373]: 2025/08/19 12:25:30 INFO Map size protected_bpf_ids=9
2025-08-19T12:26:33.8812231Z Aug 19 12:25:30 pkrvmubgrv54qmi agentservice[2373]: 2025/08/19 12:25:30 INFO Map size protected_fs_inodes=6
2025-08-19T12:26:33.8812819Z Aug 19 12:25:30 pkrvmubgrv54qmi agentservice[2373]: 2025/08/19 12:25:30 INFO Map size protected_proc_fs_inodes=2
2025-08-19T12:26:33.8813451Z Aug 19 12:25:31 pkrvmubgrv54qmi agentservice[2373]: 2025/08/19 12:25:31 INFO ProtectedPids err=<nil> pids=map[2673:2373]
2025-08-19T12:26:33.8814703Z Aug 19 12:25:31 pkrvmubgrv54qmi agentservice[2373]: 2025/08/19 12:25:31 INFO ProtectedBPFIDs freezed ids="[10 4 8 11 9]"
2025-08-19T12:26:33.8816984Z Aug 19 12:25:31 pkrvmubgrv54qmi agentservice[2373]: 2025/08/19 12:25:31 INFO Write protected inodes="map[509:/etc/systemd/resolved.conf 977:/etc/resolv.conf 1643:/etc/sudoers.d/runner 14324:/proc/1941/mem 14325:/proc/1926/mem 3189531:/etc/docker/daemon.json]" freezeErr=<nil>
2025-08-19T12:26:33.8818126Z Aug 19 12:25:31 pkrvmubgrv54qmi agentservice[2373]: 2025/08/19 12:25:31 INFO Linking completed
2025-08-19T12:26:33.8818664Z Aug 19 12:25:31 pkrvmubgrv54qmi agentservice[2373]: 2025/08/19 12:25:31 INFO Armour engaged
2025-08-19T12:26:33.8818953Z 
2025-08-19T12:26:33.8867874Z Cleaning up orphan processes
