2025-08-19T13:07:34.5043478Z Current runner version: '2.327.1'
2025-08-19T13:07:34.5065716Z ##[group]Runner Image Provisioner
2025-08-19T13:07:34.5066431Z Hosted Compute Agent
2025-08-19T13:07:34.5066888Z Version: 20250818.377
2025-08-19T13:07:34.5067439Z Commit: 3c593e9f75fe0b87e893bca80d6e12ba089c61fc
2025-08-19T13:07:34.5068064Z Build Date: 2025-08-18T14:52:18Z
2025-08-19T13:07:34.5068592Z ##[endgroup]
2025-08-19T13:07:34.5069059Z ##[group]Operating System
2025-08-19T13:07:34.5069543Z Microsoft Windows Server 2022
2025-08-19T13:07:34.5070043Z 10.0.20348
2025-08-19T13:07:34.5070437Z Datacenter
2025-08-19T13:07:34.5070866Z ##[endgroup]
2025-08-19T13:07:34.5071270Z ##[group]Runner Image
2025-08-19T13:07:34.5071727Z Image: windows-2022
2025-08-19T13:07:34.5072170Z Version: 20250811.1.0
2025-08-19T13:07:34.5073083Z Included Software: https://github.com/actions/runner-images/blob/win22/20250811.1/images/windows/Windows2022-Readme.md
2025-08-19T13:07:34.5074686Z Image Release: https://github.com/actions/runner-images/releases/tag/win22%2F20250811.1
2025-08-19T13:07:34.5075562Z ##[endgroup]
2025-08-19T13:07:34.5076679Z ##[group]GITHUB_TOKEN Permissions
2025-08-19T13:07:34.5078330Z Contents: read
2025-08-19T13:07:34.5078760Z Metadata: read
2025-08-19T13:07:34.5079215Z Packages: write
2025-08-19T13:07:34.5079628Z SecurityEvents: write
2025-08-19T13:07:34.5080071Z ##[endgroup]
2025-08-19T13:07:34.5081933Z Secret source: Actions
2025-08-19T13:07:34.5082527Z Prepare workflow directory
2025-08-19T13:07:34.5438282Z Prepare all required actions
2025-08-19T13:07:34.5476320Z Getting action download info
2025-08-19T13:07:35.0362570Z Download action repository 'actions/checkout@v4' (SHA:08eba0b27e820071cde6df949e0beb9ba4906955)
2025-08-19T13:07:35.7182168Z Download action repository 'actions/setup-go@v5' (SHA:d35c59abb061a4a6fb18e82ac0862c26744d6ab5)
2025-08-19T13:07:36.3756313Z Download action repository 'actions/upload-artifact@v4' (SHA:ea165f8d65b6e75b540449e92b4886f43607fa02)
2025-08-19T13:07:36.6920995Z Complete job name: Test (windows-latest)
2025-08-19T13:07:36.8485019Z ##[group]Run actions/checkout@v4
2025-08-19T13:07:36.8486833Z with:
2025-08-19T13:07:36.8487743Z   fetch-depth: 0
2025-08-19T13:07:36.8488823Z   repository: thc1006/nephoran-intent-operator
2025-08-19T13:07:36.8490513Z   token: ***
2025-08-19T13:07:36.8491448Z   ssh-strict: true
2025-08-19T13:07:36.8492384Z   ssh-user: git
2025-08-19T13:07:36.8493336Z   persist-credentials: true
2025-08-19T13:07:36.8494184Z   clean: true
2025-08-19T13:07:36.8495032Z   sparse-checkout-cone-mode: true
2025-08-19T13:07:36.8495993Z   fetch-tags: false
2025-08-19T13:07:36.8496781Z   show-progress: true
2025-08-19T13:07:36.8497582Z   lfs: false
2025-08-19T13:07:36.8498276Z   submodules: false
2025-08-19T13:07:36.8499116Z   set-safe-directory: true
2025-08-19T13:07:36.8500167Z env:
2025-08-19T13:07:36.8500896Z   REGISTRY: ghcr.io
2025-08-19T13:07:36.8501704Z   IMAGE_NAME: conductor-loop
2025-08-19T13:07:36.8502639Z   GO_VERSION: 1.24.x
2025-08-19T13:07:36.8503467Z ##[endgroup]
2025-08-19T13:07:37.0184464Z Syncing repository: thc1006/nephoran-intent-operator
2025-08-19T13:07:37.0187325Z ##[group]Getting Git version info
2025-08-19T13:07:37.0188795Z Working directory is 'D:\a\nephoran-intent-operator\nephoran-intent-operator'
2025-08-19T13:07:37.1291758Z [command]"C:\Program Files\Git\bin\git.exe" version
2025-08-19T13:07:37.4134665Z git version 2.50.1.windows.1
2025-08-19T13:07:37.4181414Z ##[endgroup]
2025-08-19T13:07:37.4201696Z Temporarily overriding HOME='D:\a\_temp\cdaf1e2a-e748-4a3c-937f-e20399fa5b60' before making global git config changes
2025-08-19T13:07:37.4203938Z Adding repository directory to the temporary git global config as a safe directory
2025-08-19T13:07:37.4213437Z [command]"C:\Program Files\Git\bin\git.exe" config --global --add safe.directory D:\a\nephoran-intent-operator\nephoran-intent-operator
2025-08-19T13:07:37.4597464Z Deleting the contents of 'D:\a\nephoran-intent-operator\nephoran-intent-operator'
2025-08-19T13:07:37.4602941Z ##[group]Initializing the repository
2025-08-19T13:07:37.4613285Z [command]"C:\Program Files\Git\bin\git.exe" init D:\a\nephoran-intent-operator\nephoran-intent-operator
2025-08-19T13:07:37.5234027Z Initialized empty Git repository in D:/a/nephoran-intent-operator/nephoran-intent-operator/.git/
2025-08-19T13:07:37.5270721Z [command]"C:\Program Files\Git\bin\git.exe" remote add origin https://github.com/thc1006/nephoran-intent-operator
2025-08-19T13:07:37.5656768Z ##[endgroup]
2025-08-19T13:07:37.5659008Z ##[group]Disabling automatic garbage collection
2025-08-19T13:07:37.5669126Z [command]"C:\Program Files\Git\bin\git.exe" config --local gc.auto 0
2025-08-19T13:07:37.5927227Z ##[endgroup]
2025-08-19T13:07:37.5929394Z ##[group]Setting up auth
2025-08-19T13:07:37.5945857Z [command]"C:\Program Files\Git\bin\git.exe" config --local --name-only --get-regexp core\.sshCommand
2025-08-19T13:07:37.6246431Z [command]"C:\Program Files\Git\bin\git.exe" submodule foreach --recursive "sh -c \"git config --local --name-only --get-regexp 'core\.sshCommand' && git config --local --unset-all 'core.sshCommand' || :\""
2025-08-19T13:07:38.7535435Z [command]"C:\Program Files\Git\bin\git.exe" config --local --name-only --get-regexp http\.https\:\/\/github\.com\/\.extraheader
2025-08-19T13:07:38.7770680Z [command]"C:\Program Files\Git\bin\git.exe" submodule foreach --recursive "sh -c \"git config --local --name-only --get-regexp 'http\.https\:\/\/github\.com\/\.extraheader' && git config --local --unset-all 'http.https://github.com/.extraheader' || :\""
2025-08-19T13:07:39.1888182Z [command]"C:\Program Files\Git\bin\git.exe" config --local http.https://github.com/.extraheader "AUTHORIZATION: basic ***"
2025-08-19T13:07:39.2138179Z ##[endgroup]
2025-08-19T13:07:39.2139098Z ##[group]Fetching the repository
2025-08-19T13:07:39.2155663Z [command]"C:\Program Files\Git\bin\git.exe" -c protocol.version=2 fetch --prune --no-recurse-submodules origin +refs/heads/*:refs/remotes/origin/* +refs/tags/*:refs/tags/* +b2d2f9e6163e49eb901d50ee19c3952abb66101c:refs/remotes/pull/85/merge
2025-08-19T13:07:49.5920390Z From https://github.com/thc1006/nephoran-intent-operator
2025-08-19T13:07:49.5921438Z  * [new branch]        chore/claude-commands-and-hooks          -> origin/chore/claude-commands-and-hooks
2025-08-19T13:07:49.5922548Z  * [new branch]        chore/conductor-governance               -> origin/chore/conductor-governance
2025-08-19T13:07:49.5924019Z  * [new branch]        chore/conductor-setup                    -> origin/chore/conductor-setup
2025-08-19T13:07:49.5925128Z  * [new branch]        chore/repo-hygiene                       -> origin/chore/repo-hygiene
2025-08-19T13:07:49.5926500Z  * [new branch]        dependabot/github_actions/actions/configure-pages-5 -> origin/dependabot/github_actions/actions/configure-pages-5
2025-08-19T13:07:49.5928100Z  * [new branch]        dependabot/github_actions/codecov/codecov-action-5 -> origin/dependabot/github_actions/codecov/codecov-action-5
2025-08-19T13:07:49.5929921Z  * [new branch]        dependabot/github_actions/golangci/golangci-lint-action-8 -> origin/dependabot/github_actions/golangci/golangci-lint-action-8
2025-08-19T13:07:49.5931698Z  * [new branch]        dependabot/github_actions/hashicorp/setup-terraform-3 -> origin/dependabot/github_actions/hashicorp/setup-terraform-3
2025-08-19T13:07:49.5933372Z  * [new branch]        dependabot/github_actions/helm/kind-action-1.12.0 -> origin/dependabot/github_actions/helm/kind-action-1.12.0
2025-08-19T13:07:49.5935033Z  * [new branch]        dependabot/go_modules/cloud.google.com/go/compute-1.43.0 -> origin/dependabot/go_modules/cloud.google.com/go/compute-1.43.0
2025-08-19T13:07:49.5936750Z  * [new branch]        dependabot/go_modules/cloud.google.com/go/container-1.44.0 -> origin/dependabot/go_modules/cloud.google.com/go/container-1.44.0
2025-08-19T13:07:49.5938709Z  * [new branch]        dependabot/go_modules/github.com/Azure/azure-sdk-for-go/sdk/azcore-1.18.2 -> origin/dependabot/go_modules/github.com/Azure/azure-sdk-for-go/sdk/azcore-1.18.2
2025-08-19T13:07:49.5941787Z  * [new branch]        dependabot/go_modules/github.com/aws/aws-sdk-go-v2-1.38.0 -> origin/dependabot/go_modules/github.com/aws/aws-sdk-go-v2-1.38.0
2025-08-19T13:07:49.5943676Z  * [new branch]        dependabot/go_modules/github.com/aws/aws-sdk-go-v2/credentials-1.18.4 -> origin/dependabot/go_modules/github.com/aws/aws-sdk-go-v2/credentials-1.18.4
2025-08-19T13:07:49.5945723Z  * [new branch]        dependabot/go_modules/github.com/aws/aws-sdk-go-v2/service/sts-1.37.0 -> origin/dependabot/go_modules/github.com/aws/aws-sdk-go-v2/service/sts-1.37.0
2025-08-19T13:07:49.5947872Z  * [new branch]        dependabot/go_modules/go.opentelemetry.io/otel/exporters/prometheus-0.59.1 -> origin/dependabot/go_modules/go.opentelemetry.io/otel/exporters/prometheus-0.59.1
2025-08-19T13:07:49.5949645Z  * [new branch]        dependabot/go_modules/golang.org/x/net-0.43.0 -> origin/dependabot/go_modules/golang.org/x/net-0.43.0
2025-08-19T13:07:49.5950987Z  * [new branch]        dependabot/go_modules/helm.sh/helm/v3-3.18.5 -> origin/dependabot/go_modules/helm.sh/helm/v3-3.18.5
2025-08-19T13:07:49.5952426Z  * [new branch]        dependabot/go_modules/k8s.io/client-go-0.33.4 -> origin/dependabot/go_modules/k8s.io/client-go-0.33.4
2025-08-19T13:07:49.5953563Z  * [new branch]        feat/a1-policy-sim                       -> origin/feat/a1-policy-sim
2025-08-19T13:07:49.5954583Z  * [new branch]        feat/admission-webhook                   -> origin/feat/admission-webhook
2025-08-19T13:07:49.5955543Z  * [new branch]        feat/ci-guard                            -> origin/feat/ci-guard
2025-08-19T13:07:49.5956616Z  * [new branch]        feat/conductor-file-watcher              -> origin/feat/conductor-file-watcher
2025-08-19T13:07:49.5957743Z  * [new branch]        feat/conductor-loop                      -> origin/feat/conductor-loop
2025-08-19T13:07:49.5958682Z  * [new branch]        feat/e2-kpm-sim                          -> origin/feat/e2-kpm-sim
2025-08-19T13:07:49.5960518Z  * [new branch]        feat/e2e                                 -> origin/feat/e2e
2025-08-19T13:07:49.5961443Z  * [new branch]        feat/examples-mvp                        -> origin/feat/examples-mvp
2025-08-19T13:07:49.5962404Z  * [new branch]        feat/ingest-llm                          -> origin/feat/ingest-llm
2025-08-19T13:07:49.5963439Z  * [new branch]        feat/ingest-tests-and-errors             -> origin/feat/ingest-tests-and-errors
2025-08-19T13:07:49.5964403Z  * [new branch]        feat/o1-ves-sim                          -> origin/feat/o1-ves-sim
2025-08-19T13:07:49.5965305Z  * [new branch]        feat/planner                             -> origin/feat/planner
2025-08-19T13:07:49.5966197Z  * [new branch]        feat/porch-direct                        -> origin/feat/porch-direct
2025-08-19T13:07:49.5967281Z  * [new branch]        feat/porch-publisher                     -> origin/feat/porch-publisher
2025-08-19T13:07:49.5968467Z  * [new branch]        feat/porch-structured-patch              -> origin/feat/porch-structured-patch
2025-08-19T13:07:49.5998784Z  * [new branch]        feat/sim-fcaps-to-intent                 -> origin/feat/sim-fcaps-to-intent
2025-08-19T13:07:49.5999586Z  * [new branch]        feat/test-harness                        -> origin/feat/test-harness
2025-08-19T13:07:49.6000201Z  * [new branch]        integrate/mvp                            -> origin/integrate/mvp
2025-08-19T13:07:49.6000670Z  * [new branch]        main                                     -> origin/main
2025-08-19T13:07:49.6001218Z  * [new tag]           backup/pre-cleanup-20250813234213        -> backup/pre-cleanup-20250813234213
2025-08-19T13:07:49.6001756Z  * [new tag]           v0.1.0-mvp                               -> v0.1.0-mvp
2025-08-19T13:07:49.6002211Z  * [new ref]           b2d2f9e6163e49eb901d50ee19c3952abb66101c -> pull/85/merge
2025-08-19T13:07:49.6150020Z ##[endgroup]
2025-08-19T13:07:49.6150565Z ##[group]Determining the checkout info
2025-08-19T13:07:49.6151869Z ##[endgroup]
2025-08-19T13:07:49.6163404Z [command]"C:\Program Files\Git\bin\git.exe" sparse-checkout disable
2025-08-19T13:07:49.6454104Z [command]"C:\Program Files\Git\bin\git.exe" config --local --unset-all extensions.worktreeConfig
2025-08-19T13:07:49.6670375Z ##[group]Checking out the ref
2025-08-19T13:07:49.6679173Z [command]"C:\Program Files\Git\bin\git.exe" checkout --progress --force refs/remotes/pull/85/merge
2025-08-19T13:07:50.3315596Z Note: switching to 'refs/remotes/pull/85/merge'.
2025-08-19T13:07:50.3316047Z 
2025-08-19T13:07:50.3316404Z You are in 'detached HEAD' state. You can look around, make experimental
2025-08-19T13:07:50.3317043Z changes and commit them, and you can discard any commits you make in this
2025-08-19T13:07:50.3317535Z state without impacting any branches by switching back to a branch.
2025-08-19T13:07:50.3317849Z 
2025-08-19T13:07:50.3318027Z If you want to create a new branch to retain commits you create, you may
2025-08-19T13:07:50.3318523Z do so (now or later) by using -c with the switch command. Example:
2025-08-19T13:07:50.3318802Z 
2025-08-19T13:07:50.3318921Z   git switch -c <new-branch-name>
2025-08-19T13:07:50.3319135Z 
2025-08-19T13:07:50.3319235Z Or undo this operation with:
2025-08-19T13:07:50.3319389Z 
2025-08-19T13:07:50.3319477Z   git switch -
2025-08-19T13:07:50.3319627Z 
2025-08-19T13:07:50.3319855Z Turn off this advice by setting config variable advice.detachedHead to false
2025-08-19T13:07:50.3320161Z 
2025-08-19T13:07:50.3320521Z HEAD is now at b2d2f9e6 Merge 466806fe950338ae4ffff485b592c7e933197d57 into 0b73e8179a00202aac1e6350f982ce84a46a32a0
2025-08-19T13:07:50.3368326Z ##[endgroup]
2025-08-19T13:07:50.3659856Z [command]"C:\Program Files\Git\bin\git.exe" log -1 --format=%H
2025-08-19T13:07:50.3873281Z b2d2f9e6163e49eb901d50ee19c3952abb66101c
2025-08-19T13:07:50.4291541Z ##[group]Run actions/setup-go@v5
2025-08-19T13:07:50.4291936Z with:
2025-08-19T13:07:50.4292095Z   go-version: 1.24.x
2025-08-19T13:07:50.4292283Z   cache: true
2025-08-19T13:07:50.4292470Z   cache-dependency-path: go.sum
2025-08-19T13:07:50.4292685Z   check-latest: false
2025-08-19T13:07:50.4293018Z   token: ***
2025-08-19T13:07:50.4293167Z env:
2025-08-19T13:07:50.4293297Z   REGISTRY: ghcr.io
2025-08-19T13:07:50.4293475Z   IMAGE_NAME: conductor-loop
2025-08-19T13:07:50.4293667Z   GO_VERSION: 1.24.x
2025-08-19T13:07:50.4293820Z ##[endgroup]
2025-08-19T13:07:50.6396353Z Setup go version spec 1.24.x
2025-08-19T13:07:50.6615503Z Found in cache @ C:\hostedtoolcache\windows\go\1.24.6\x64
2025-08-19T13:07:50.6623144Z Added go to the path
2025-08-19T13:07:50.6627518Z Successfully set up Go version 1.24.x
2025-08-19T13:07:51.8343852Z [command]C:\hostedtoolcache\windows\go\1.24.6\x64\bin\go.exe env GOMODCACHE
2025-08-19T13:07:51.8387966Z [command]C:\hostedtoolcache\windows\go\1.24.6\x64\bin\go.exe env GOCACHE
2025-08-19T13:07:51.8829620Z C:\Users\runneradmin\go\pkg\mod
2025-08-19T13:07:51.8858188Z C:\Users\runneradmin\AppData\Local\go-build
2025-08-19T13:07:52.3055072Z Cache is not found
2025-08-19T13:07:52.3079204Z go version go1.24.6 windows/amd64
2025-08-19T13:07:52.3079396Z 
2025-08-19T13:07:52.3079625Z ##[group]go env
2025-08-19T13:07:54.4000334Z set AR=ar
2025-08-19T13:07:54.4000812Z set CC=gcc
2025-08-19T13:07:54.4001089Z set CGO_CFLAGS=-O2 -g
2025-08-19T13:07:54.4001366Z set CGO_CPPFLAGS=
2025-08-19T13:07:54.4001638Z set CGO_CXXFLAGS=-O2 -g
2025-08-19T13:07:54.4001928Z set CGO_ENABLED=1
2025-08-19T13:07:54.4002180Z set CGO_FFLAGS=-O2 -g
2025-08-19T13:07:54.4002510Z set CGO_LDFLAGS=-O2 -g
2025-08-19T13:07:54.4002776Z set CXX=g++
2025-08-19T13:07:54.4003001Z set GCCGO=gccgo
2025-08-19T13:07:54.4003255Z set GO111MODULE=
2025-08-19T13:07:54.4003491Z set GOAMD64=v1
2025-08-19T13:07:54.4003737Z set GOARCH=amd64
2025-08-19T13:07:54.4004013Z set GOAUTH=netrc
2025-08-19T13:07:54.4004248Z set GOBIN=
2025-08-19T13:07:54.4004568Z set GOCACHE=C:\Users\runneradmin\AppData\Local\go-build
2025-08-19T13:07:54.4005014Z set GOCACHEPROG=
2025-08-19T13:07:54.4005642Z set GODEBUG=
2025-08-19T13:07:54.4006012Z set GOENV=C:\Users\runneradmin\AppData\Roaming\go\env
2025-08-19T13:07:54.4006455Z set GOEXE=.exe
2025-08-19T13:07:54.4006727Z set GOEXPERIMENT=
2025-08-19T13:07:54.4007005Z set GOFIPS140=off
2025-08-19T13:07:54.4007272Z set GOFLAGS=
2025-08-19T13:07:54.4008432Z set GOGCCFLAGS=-m64 -mthreads -Wl,--no-gc-sections -fmessage-length=0 -ffile-prefix-map=C:\Users\RUNNER~1\AppData\Local\Temp\go-build1579971596=/tmp/go-build -gno-record-gcc-switches
2025-08-19T13:07:54.4009617Z set GOHOSTARCH=amd64
2025-08-19T13:07:54.4009924Z set GOHOSTOS=windows
2025-08-19T13:07:54.4010206Z set GOINSECURE=
2025-08-19T13:07:54.4010699Z set GOMOD=D:\a\nephoran-intent-operator\nephoran-intent-operator\go.mod
2025-08-19T13:07:54.4011380Z set GOMODCACHE=C:\Users\runneradmin\go\pkg\mod
2025-08-19T13:07:54.4011807Z set GONOPROXY=
2025-08-19T13:07:54.4012067Z set GONOSUMDB=
2025-08-19T13:07:54.4012313Z set GOOS=windows
2025-08-19T13:07:54.4012618Z set GOPATH=C:\Users\runneradmin\go
2025-08-19T13:07:54.4012986Z set GOPRIVATE=
2025-08-19T13:07:54.4013378Z set GOPROXY=https://proxy.golang.org,direct
2025-08-19T13:07:54.4013901Z set GOROOT=C:\hostedtoolcache\windows\go\1.24.6\x64
2025-08-19T13:07:54.4014359Z set GOSUMDB=sum.golang.org
2025-08-19T13:07:54.4014680Z set GOTELEMETRY=local
2025-08-19T13:07:54.4015181Z set GOTELEMETRYDIR=C:\Users\runneradmin\AppData\Roaming\go\telemetry
2025-08-19T13:07:54.4015739Z set GOTMPDIR=
2025-08-19T13:07:54.4015997Z set GOTOOLCHAIN=auto
2025-08-19T13:07:54.4016524Z set GOTOOLDIR=C:\hostedtoolcache\windows\go\1.24.6\x64\pkg\tool\windows_amd64
2025-08-19T13:07:54.4017093Z set GOVCS=
2025-08-19T13:07:54.4017328Z set GOVERSION=go1.24.6
2025-08-19T13:07:54.4017680Z set GOWORK=
2025-08-19T13:07:54.4017953Z set PKG_CONFIG=pkg-config
2025-08-19T13:07:54.4020912Z 
2025-08-19T13:07:54.4021548Z ##[endgroup]
2025-08-19T13:07:54.4225711Z ##[group]Run go mod download
2025-08-19T13:07:54.4226043Z [36;1mgo mod download[0m
2025-08-19T13:07:54.4226259Z [36;1mgo mod verify[0m
2025-08-19T13:07:54.4309468Z shell: C:\Program Files\PowerShell\7\pwsh.EXE -command ". '{0}'"
2025-08-19T13:07:54.4309798Z env:
2025-08-19T13:07:54.4309936Z   REGISTRY: ghcr.io
2025-08-19T13:07:54.4310116Z   IMAGE_NAME: conductor-loop
2025-08-19T13:07:54.4310317Z   GO_VERSION: 1.24.x
2025-08-19T13:07:54.4310544Z ##[endgroup]
2025-08-19T13:08:17.0447766Z ##[error]The operation was canceled.
2025-08-19T13:08:17.1294654Z ##[group]Run actions/upload-artifact@v4
2025-08-19T13:08:17.1294974Z with:
2025-08-19T13:08:17.1295153Z   name: test-results-windows-latest
2025-08-19T13:08:17.1295394Z   path: test-results/
2025-08-19T13:08:17.1295569Z   retention-days: 3
2025-08-19T13:08:17.1295736Z   if-no-files-found: warn
2025-08-19T13:08:17.1295921Z   compression-level: 6
2025-08-19T13:08:17.1296085Z   overwrite: false
2025-08-19T13:08:17.1296252Z   include-hidden-files: false
2025-08-19T13:08:17.1296437Z env:
2025-08-19T13:08:17.1296574Z   REGISTRY: ghcr.io
2025-08-19T13:08:17.1296772Z   IMAGE_NAME: conductor-loop
2025-08-19T13:08:17.1296961Z   GO_VERSION: 1.24.x
2025-08-19T13:08:17.1297121Z ##[endgroup]
2025-08-19T13:08:17.5798152Z ##[warning]No files were found with the provided path: test-results/. No artifacts will be uploaded.
2025-08-19T13:08:17.6663667Z Post job cleanup.
2025-08-19T13:08:17.9694484Z [command]"C:\Program Files\Git\bin\git.exe" version
2025-08-19T13:08:17.9977734Z git version 2.50.1.windows.1
2025-08-19T13:08:18.0055881Z Temporarily overriding HOME='D:\a\_temp\8ede754e-c725-4ed3-b387-8bdde4fd969a' before making global git config changes
2025-08-19T13:08:18.0057032Z Adding repository directory to the temporary git global config as a safe directory
2025-08-19T13:08:18.0067420Z [command]"C:\Program Files\Git\bin\git.exe" config --global --add safe.directory D:\a\nephoran-intent-operator\nephoran-intent-operator
2025-08-19T13:08:18.0348423Z [command]"C:\Program Files\Git\bin\git.exe" config --local --name-only --get-regexp core\.sshCommand
2025-08-19T13:08:18.0632569Z [command]"C:\Program Files\Git\bin\git.exe" submodule foreach --recursive "sh -c \"git config --local --name-only --get-regexp 'core\.sshCommand' && git config --local --unset-all 'core.sshCommand' || :\""
2025-08-19T13:08:18.6723082Z [command]"C:\Program Files\Git\bin\git.exe" config --local --name-only --get-regexp http\.https\:\/\/github\.com\/\.extraheader
2025-08-19T13:08:18.6926114Z http.https://github.com/.extraheader
2025-08-19T13:08:18.6962289Z [command]"C:\Program Files\Git\bin\git.exe" config --local --unset-all http.https://github.com/.extraheader
2025-08-19T13:08:18.7182635Z [command]"C:\Program Files\Git\bin\git.exe" submodule foreach --recursive "sh -c \"git config --local --name-only --get-regexp 'http\.https\:\/\/github\.com\/\.extraheader' && git config --local --unset-all 'http.https://github.com/.extraheader' || :\""
2025-08-19T13:08:19.1668130Z Cleaning up orphan processes
