2025-08-19T13:08:55.5006585Z Current runner version: '2.327.1'
2025-08-19T13:08:55.5038669Z ##[group]Runner Image Provisioner
2025-08-19T13:08:55.5039852Z Hosted Compute Agent
2025-08-19T13:08:55.5040703Z Version: 20250818.377
2025-08-19T13:08:55.5041652Z Commit: 3c593e9f75fe0b87e893bca80d6e12ba089c61fc
2025-08-19T13:08:55.5042761Z Build Date: 2025-08-18T14:52:18Z
2025-08-19T13:08:55.5043667Z ##[endgroup]
2025-08-19T13:08:55.5044849Z ##[group]Operating System
2025-08-19T13:08:55.5045763Z Ubuntu
2025-08-19T13:08:55.5046489Z 24.04.2
2025-08-19T13:08:55.5047300Z LTS
2025-08-19T13:08:55.5048021Z ##[endgroup]
2025-08-19T13:08:55.5048908Z ##[group]Runner Image
2025-08-19T13:08:55.5049844Z Image: ubuntu-24.04
2025-08-19T13:08:55.5050849Z Version: 20250810.1.0
2025-08-19T13:08:55.5052501Z Included Software: https://github.com/actions/runner-images/blob/ubuntu24/20250810.1/images/ubuntu/Ubuntu2404-Readme.md
2025-08-19T13:08:55.5055567Z Image Release: https://github.com/actions/runner-images/releases/tag/ubuntu24%2F20250810.1
2025-08-19T13:08:55.5057204Z ##[endgroup]
2025-08-19T13:08:55.5059713Z ##[group]GITHUB_TOKEN Permissions
2025-08-19T13:08:55.5062609Z Actions: read
2025-08-19T13:08:55.5063463Z Checks: write
2025-08-19T13:08:55.5064567Z Contents: read
2025-08-19T13:08:55.5065459Z Metadata: read
2025-08-19T13:08:55.5066244Z Packages: write
2025-08-19T13:08:55.5067251Z PullRequests: write
2025-08-19T13:08:55.5068161Z SecurityEvents: write
2025-08-19T13:08:55.5069066Z ##[endgroup]
2025-08-19T13:08:55.5072038Z Secret source: Actions
2025-08-19T13:08:55.5073149Z Prepare workflow directory
2025-08-19T13:08:55.5836127Z Prepare all required actions
2025-08-19T13:08:55.5892851Z Getting action download info
2025-08-19T13:08:55.9686335Z Download action repository 'step-security/harden-runner@v2' (SHA:ec9f2d5744a09debf3a187a3f4f675c53b671911)
2025-08-19T13:08:56.4236549Z Download action repository 'actions/checkout@v4' (SHA:08eba0b27e820071cde6df949e0beb9ba4906955)
2025-08-19T13:08:56.7659016Z Download action repository 'actions/setup-go@v5' (SHA:d35c59abb061a4a6fb18e82ac0862c26744d6ab5)
2025-08-19T13:08:57.0547366Z Download action repository 'golangci/golangci-lint-action@v4' (SHA:d6238b002a20823d52840fda27e2d4891c5952dc)
2025-08-19T13:08:57.3207991Z Download action repository 'codecov/codecov-action@v4' (SHA:b9fd7d16f6d7d1b5d2bec1a2887e65ceed900238)
2025-08-19T13:08:57.5506125Z Download action repository 'actions/upload-artifact@v4' (SHA:ea165f8d65b6e75b540449e92b4886f43607fa02)
2025-08-19T13:08:57.7718875Z Complete job name: Tests & Quality
2025-08-19T13:08:57.8469117Z ##[group]Run step-security/harden-runner@v2
2025-08-19T13:08:57.8470646Z with:
2025-08-19T13:08:57.8471576Z   egress-policy: audit
2025-08-19T13:08:57.8472812Z   token: ***
2025-08-19T13:08:57.8473617Z   disable-telemetry: false
2025-08-19T13:08:57.8474893Z   disable-sudo: false
2025-08-19T13:08:57.8475832Z   disable-sudo-and-containers: false
2025-08-19T13:08:57.8476939Z   disable-file-monitoring: false
2025-08-19T13:08:57.8478341Z env:
2025-08-19T13:08:57.8479175Z   GO_VERSION: 1.24
2025-08-19T13:08:57.8480074Z   REGISTRY: ghcr.io
2025-08-19T13:08:57.8481075Z   IMAGE_NAME: nephoran/conductor-loop
2025-08-19T13:08:57.8482218Z   SECURITY_SCAN_LEVEL: standard
2025-08-19T13:08:57.8483155Z ##[endgroup]
2025-08-19T13:08:58.0350925Z [harden-runner] pre-step
2025-08-19T13:08:58.0352813Z [!] Current Configuration: 
2025-08-19T13:08:58.0364916Z {"repo":"thc1006/nephoran-intent-operator","run_id":"17070554235","correlation_id":"28abf3f7-5677-455f-b845-31596c72d9b8","working_directory":"/home/runner/work/nephoran-intent-operator/nephoran-intent-operator","api_url":"https://agent.api.stepsecurity.io/v1","allowed_endpoints":"","egress_policy":"audit","disable_telemetry":false,"disable_sudo":false,"disable_sudo_and_containers":false,"disable_file_monitoring":false,"private":false,"is_github_hosted":true,"is_debug":false,"one_time_key":""}
2025-08-19T13:08:58.0375423Z 
2025-08-19T13:08:58.0376889Z [32mView security insights and recommended policy at:[0m
2025-08-19T13:08:58.0380266Z https://app.stepsecurity.io/github/thc1006/nephoran-intent-operator/actions/runs/17070554235
2025-08-19T13:08:58.0384199Z RUNNER_NAME: GitHub Actions 1000010562
2025-08-19T13:08:59.0593981Z Runner IP Address: 145.132.100.83
2025-08-19T13:08:59.0595494Z Step Security Job Correlation ID: 28abf3f7-5677-455f-b845-31596c72d9b8
2025-08-19T13:08:59.0802599Z [!] Checking TLS_STATUS: thc1006
2025-08-19T13:08:59.3682878Z [!] TLS_NOT_ENABLED: thc1006
2025-08-19T13:08:59.5869451Z [command]/usr/bin/tar xz --warning=no-unknown-keyword --overwrite -C /home/runner/work/_temp/5314a111-1b13-4bfa-be61-1e382dd41006 -f /home/runner/work/_temp/e3307a6a-55ab-423e-92bb-4a290109fbec
2025-08-19T13:09:03.4836700Z Initialized
2025-08-19T13:09:03.5053065Z ##[group]Run step-security/harden-runner@v2
2025-08-19T13:09:03.5053451Z with:
2025-08-19T13:09:03.5053827Z   egress-policy: audit
2025-08-19T13:09:03.5054540Z   token: ***
2025-08-19T13:09:03.5054855Z   disable-telemetry: false
2025-08-19T13:09:03.5055188Z   disable-sudo: false
2025-08-19T13:09:03.5055575Z   disable-sudo-and-containers: false
2025-08-19T13:09:03.5055958Z   disable-file-monitoring: false
2025-08-19T13:09:03.5056274Z env:
2025-08-19T13:09:03.5056552Z   GO_VERSION: 1.24
2025-08-19T13:09:03.5056800Z   REGISTRY: ghcr.io
2025-08-19T13:09:03.5057144Z   IMAGE_NAME: nephoran/conductor-loop
2025-08-19T13:09:03.5057534Z   SECURITY_SCAN_LEVEL: standard
2025-08-19T13:09:03.5057868Z   STATE_disableSudo: false
2025-08-19T13:09:03.5058141Z   STATE_disableSudoAndContainers: false
2025-08-19T13:09:03.5058567Z   STATE_monitorStatusCode: 200
2025-08-19T13:09:03.5058886Z   STATE_addSummary: true
2025-08-19T13:09:03.5059392Z   STATE_correlation_id: 28abf3f7-5677-455f-b845-31596c72d9b8
2025-08-19T13:09:03.5059761Z   STATE_isTLS: false
2025-08-19T13:09:03.5060046Z ##[endgroup]
2025-08-19T13:09:03.5804879Z [harden-runner] main-step
2025-08-19T13:09:03.5811849Z [32mView security insights and recommended policy at:[0m
2025-08-19T13:09:03.5812996Z https://app.stepsecurity.io/github/thc1006/nephoran-intent-operator/actions/runs/17070554235
2025-08-19T13:09:03.6019617Z ##[group]Run actions/checkout@v4
2025-08-19T13:09:03.6019885Z with:
2025-08-19T13:09:03.6020102Z   repository: thc1006/nephoran-intent-operator
2025-08-19T13:09:03.6020506Z   token: ***
2025-08-19T13:09:03.6020697Z   ssh-strict: true
2025-08-19T13:09:03.6020892Z   ssh-user: git
2025-08-19T13:09:03.6021140Z   persist-credentials: true
2025-08-19T13:09:03.6021355Z   clean: true
2025-08-19T13:09:03.6021561Z   sparse-checkout-cone-mode: true
2025-08-19T13:09:03.6021799Z   fetch-depth: 1
2025-08-19T13:09:03.6022070Z   fetch-tags: false
2025-08-19T13:09:03.6022297Z   show-progress: true
2025-08-19T13:09:03.6022483Z   lfs: false
2025-08-19T13:09:03.6022669Z   submodules: false
2025-08-19T13:09:03.6022861Z   set-safe-directory: true
2025-08-19T13:09:03.6023075Z env:
2025-08-19T13:09:03.6023236Z   GO_VERSION: 1.24
2025-08-19T13:09:03.6023422Z   REGISTRY: ghcr.io
2025-08-19T13:09:03.6023631Z   IMAGE_NAME: nephoran/conductor-loop
2025-08-19T13:09:03.6023877Z   SECURITY_SCAN_LEVEL: standard
2025-08-19T13:09:03.6024320Z ##[endgroup]
2025-08-19T13:09:03.7057722Z Syncing repository: thc1006/nephoran-intent-operator
2025-08-19T13:09:03.7059500Z ##[group]Getting Git version info
2025-08-19T13:09:03.7060176Z Working directory is '/home/runner/work/nephoran-intent-operator/nephoran-intent-operator'
2025-08-19T13:09:03.7060966Z [command]/usr/bin/git version
2025-08-19T13:09:03.7104629Z git version 2.50.1
2025-08-19T13:09:03.7131541Z ##[endgroup]
2025-08-19T13:09:03.7155464Z Temporarily overriding HOME='/home/runner/work/_temp/13c91a6b-ee51-4796-888e-08155dfd1444' before making global git config changes
2025-08-19T13:09:03.7156817Z Adding repository directory to the temporary git global config as a safe directory
2025-08-19T13:09:03.7162172Z [command]/usr/bin/git config --global --add safe.directory /home/runner/work/nephoran-intent-operator/nephoran-intent-operator
2025-08-19T13:09:03.7202614Z Deleting the contents of '/home/runner/work/nephoran-intent-operator/nephoran-intent-operator'
2025-08-19T13:09:03.7206783Z ##[group]Initializing the repository
2025-08-19T13:09:03.7211158Z [command]/usr/bin/git init /home/runner/work/nephoran-intent-operator/nephoran-intent-operator
2025-08-19T13:09:03.7304183Z hint: Using 'master' as the name for the initial branch. This default branch name
2025-08-19T13:09:03.7305085Z hint: is subject to change. To configure the initial branch name to use in all
2025-08-19T13:09:03.7305892Z hint: of your new repositories, which will suppress this warning, call:
2025-08-19T13:09:03.7306293Z hint:
2025-08-19T13:09:03.7306608Z hint: 	git config --global init.defaultBranch <name>
2025-08-19T13:09:03.7307063Z hint:
2025-08-19T13:09:03.7307417Z hint: Names commonly chosen instead of 'master' are 'main', 'trunk' and
2025-08-19T13:09:03.7308160Z hint: 'development'. The just-created branch can be renamed via this command:
2025-08-19T13:09:03.7308562Z hint:
2025-08-19T13:09:03.7308875Z hint: 	git branch -m <name>
2025-08-19T13:09:03.7309140Z hint:
2025-08-19T13:09:03.7309686Z hint: Disable this message with "git config set advice.defaultBranchName false"
2025-08-19T13:09:03.7312674Z Initialized empty Git repository in /home/runner/work/nephoran-intent-operator/nephoran-intent-operator/.git/
2025-08-19T13:09:03.7322243Z [command]/usr/bin/git remote add origin https://github.com/thc1006/nephoran-intent-operator
2025-08-19T13:09:03.7362220Z ##[endgroup]
2025-08-19T13:09:03.7362811Z ##[group]Disabling automatic garbage collection
2025-08-19T13:09:03.7367129Z [command]/usr/bin/git config --local gc.auto 0
2025-08-19T13:09:03.7401053Z ##[endgroup]
2025-08-19T13:09:03.7401422Z ##[group]Setting up auth
2025-08-19T13:09:03.7408812Z [command]/usr/bin/git config --local --name-only --get-regexp core\.sshCommand
2025-08-19T13:09:03.7440228Z [command]/usr/bin/git submodule foreach --recursive sh -c "git config --local --name-only --get-regexp 'core\.sshCommand' && git config --local --unset-all 'core.sshCommand' || :"
2025-08-19T13:09:03.7775896Z [command]/usr/bin/git config --local --name-only --get-regexp http\.https\:\/\/github\.com\/\.extraheader
2025-08-19T13:09:03.7810058Z [command]/usr/bin/git submodule foreach --recursive sh -c "git config --local --name-only --get-regexp 'http\.https\:\/\/github\.com\/\.extraheader' && git config --local --unset-all 'http.https://github.com/.extraheader' || :"
2025-08-19T13:09:03.8070872Z [command]/usr/bin/git config --local http.https://github.com/.extraheader AUTHORIZATION: basic ***
2025-08-19T13:09:03.8113870Z ##[endgroup]
2025-08-19T13:09:03.8115074Z ##[group]Fetching the repository
2025-08-19T13:09:03.8123898Z [command]/usr/bin/git -c protocol.version=2 fetch --no-tags --prune --no-recurse-submodules --depth=1 origin +466806fe950338ae4ffff485b592c7e933197d57:refs/remotes/origin/feat/conductor-loop
2025-08-19T13:09:06.2694614Z From https://github.com/thc1006/nephoran-intent-operator
2025-08-19T13:09:06.2695459Z  * [new ref]         466806fe950338ae4ffff485b592c7e933197d57 -> origin/feat/conductor-loop
2025-08-19T13:09:06.2720637Z ##[endgroup]
2025-08-19T13:09:06.2721280Z ##[group]Determining the checkout info
2025-08-19T13:09:06.2723415Z ##[endgroup]
2025-08-19T13:09:06.2729876Z [command]/usr/bin/git sparse-checkout disable
2025-08-19T13:09:06.2774650Z [command]/usr/bin/git config --local --unset-all extensions.worktreeConfig
2025-08-19T13:09:06.2806591Z ##[group]Checking out the ref
2025-08-19T13:09:06.2810655Z [command]/usr/bin/git checkout --progress --force -B feat/conductor-loop refs/remotes/origin/feat/conductor-loop
2025-08-19T13:09:06.7208858Z Switched to a new branch 'feat/conductor-loop'
2025-08-19T13:09:06.7212176Z branch 'feat/conductor-loop' set up to track 'origin/feat/conductor-loop'.
2025-08-19T13:09:06.7226295Z ##[endgroup]
2025-08-19T13:09:06.7272076Z [command]/usr/bin/git log -1 --format=%H
2025-08-19T13:09:06.7297364Z 466806fe950338ae4ffff485b592c7e933197d57
2025-08-19T13:09:06.7448206Z ##[group]Run actions/setup-go@v5
2025-08-19T13:09:06.7448455Z with:
2025-08-19T13:09:06.7448630Z   go-version: 1.24
2025-08-19T13:09:06.7448807Z   cache: true
2025-08-19T13:09:06.7449206Z   check-latest: false
2025-08-19T13:09:06.7449499Z   token: ***
2025-08-19T13:09:06.7449668Z env:
2025-08-19T13:09:06.7449821Z   GO_VERSION: 1.24
2025-08-19T13:09:06.7450002Z   REGISTRY: ghcr.io
2025-08-19T13:09:06.7450202Z   IMAGE_NAME: nephoran/conductor-loop
2025-08-19T13:09:06.7450456Z   SECURITY_SCAN_LEVEL: standard
2025-08-19T13:09:06.7450674Z ##[endgroup]
2025-08-19T13:09:06.9076218Z Setup go version spec 1.24
2025-08-19T13:09:06.9295076Z Found in cache @ /opt/hostedtoolcache/go/1.24.6/x64
2025-08-19T13:09:06.9299907Z Added go to the path
2025-08-19T13:09:06.9303315Z Successfully set up Go version 1.24
2025-08-19T13:09:07.8112336Z [command]/opt/hostedtoolcache/go/1.24.6/x64/bin/go env GOMODCACHE
2025-08-19T13:09:07.8148200Z [command]/opt/hostedtoolcache/go/1.24.6/x64/bin/go env GOCACHE
2025-08-19T13:09:07.8173786Z /home/runner/go/pkg/mod
2025-08-19T13:09:07.8204413Z /home/runner/.cache/go-build
2025-08-19T13:09:07.9371165Z Cache hit for: setup-go-Linux-x64-ubuntu24-go-1.24.6-583fed57d4cf4dd6f943285f723932abe219c2045356bcefc416fcf717aeff8b
2025-08-19T13:09:08.9952310Z Received 150994944 of 528556000 (28.6%), 143.9 MBs/sec
2025-08-19T13:09:09.9955528Z Received 364904448 of 528556000 (69.0%), 173.9 MBs/sec
2025-08-19T13:09:10.9066789Z Received 528556000 of 528556000 (100.0%), 173.1 MBs/sec
2025-08-19T13:09:10.9068553Z Cache Size: ~504 MB (528556000 B)
2025-08-19T13:09:10.9135140Z [command]/usr/bin/tar -xf /home/runner/work/_temp/b863b0fd-b08e-46f8-bc3d-4416090ad5be/cache.tzst -P -C /home/runner/work/nephoran-intent-operator/nephoran-intent-operator --use-compress-program unzstd
2025-08-19T13:09:16.9698421Z Cache restored successfully
2025-08-19T13:09:17.0666992Z Cache restored from key: setup-go-Linux-x64-ubuntu24-go-1.24.6-583fed57d4cf4dd6f943285f723932abe219c2045356bcefc416fcf717aeff8b
2025-08-19T13:09:17.0688951Z go version go1.24.6 linux/amd64
2025-08-19T13:09:17.0689152Z 
2025-08-19T13:09:17.0689439Z ##[group]go env
2025-08-19T13:09:17.0863447Z AR='ar'
2025-08-19T13:09:17.0863858Z CC='gcc'
2025-08-19T13:09:17.0864401Z CGO_CFLAGS='-O2 -g'
2025-08-19T13:09:17.0864792Z CGO_CPPFLAGS=''
2025-08-19T13:09:17.0865172Z CGO_CXXFLAGS='-O2 -g'
2025-08-19T13:09:17.0865566Z CGO_ENABLED='1'
2025-08-19T13:09:17.0865940Z CGO_FFLAGS='-O2 -g'
2025-08-19T13:09:17.0866284Z CGO_LDFLAGS='-O2 -g'
2025-08-19T13:09:17.0866639Z CXX='g++'
2025-08-19T13:09:17.0866944Z GCCGO='gccgo'
2025-08-19T13:09:17.0867310Z GO111MODULE=''
2025-08-19T13:09:17.0867667Z GOAMD64='v1'
2025-08-19T13:09:17.0868039Z GOARCH='amd64'
2025-08-19T13:09:17.0868396Z GOAUTH='netrc'
2025-08-19T13:09:17.0868730Z GOBIN=''
2025-08-19T13:09:17.0869112Z GOCACHE='/home/runner/.cache/go-build'
2025-08-19T13:09:17.0869593Z GOCACHEPROG=''
2025-08-19T13:09:17.0869931Z GODEBUG=''
2025-08-19T13:09:17.0870465Z GOENV='/home/runner/.config/go/env'
2025-08-19T13:09:17.0870959Z GOEXE=''
2025-08-19T13:09:17.0871303Z GOEXPERIMENT=''
2025-08-19T13:09:17.0871650Z GOFIPS140='off'
2025-08-19T13:09:17.0871993Z GOFLAGS=''
2025-08-19T13:09:17.0873143Z GOGCCFLAGS='-fPIC -m64 -pthread -Wl,--no-gc-sections -fmessage-length=0 -ffile-prefix-map=/tmp/go-build3291558568=/tmp/go-build -gno-record-gcc-switches'
2025-08-19T13:09:17.0874629Z GOHOSTARCH='amd64'
2025-08-19T13:09:17.0874985Z GOHOSTOS='linux'
2025-08-19T13:09:17.0875327Z GOINSECURE=''
2025-08-19T13:09:17.0876025Z GOMOD='/home/runner/work/nephoran-intent-operator/nephoran-intent-operator/go.mod'
2025-08-19T13:09:17.0876836Z GOMODCACHE='/home/runner/go/pkg/mod'
2025-08-19T13:09:17.0877314Z GONOPROXY=''
2025-08-19T13:09:17.0877647Z GONOSUMDB=''
2025-08-19T13:09:17.0877984Z GOOS='linux'
2025-08-19T13:09:17.0878365Z GOPATH='/home/runner/go'
2025-08-19T13:09:17.0878723Z GOPRIVATE=''
2025-08-19T13:09:17.0879111Z GOPROXY='https://proxy.golang.org,direct'
2025-08-19T13:09:17.0879658Z GOROOT='/opt/hostedtoolcache/go/1.24.6/x64'
2025-08-19T13:09:17.0880429Z GOSUMDB='sum.golang.org'
2025-08-19T13:09:17.0880802Z GOTELEMETRY='local'
2025-08-19T13:09:17.0881213Z GOTELEMETRYDIR='/home/runner/.config/go/telemetry'
2025-08-19T13:09:17.0881994Z GOTMPDIR=''
2025-08-19T13:09:17.0882285Z GOTOOLCHAIN='auto'
2025-08-19T13:09:17.0882783Z GOTOOLDIR='/opt/hostedtoolcache/go/1.24.6/x64/pkg/tool/linux_amd64'
2025-08-19T13:09:17.0883321Z GOVCS=''
2025-08-19T13:09:17.0883605Z GOVERSION='go1.24.6'
2025-08-19T13:09:17.0883907Z GOWORK=''
2025-08-19T13:09:17.0884384Z PKG_CONFIG='pkg-config'
2025-08-19T13:09:17.0884593Z 
2025-08-19T13:09:17.0884975Z ##[endgroup]
2025-08-19T13:09:17.1032126Z ##[group]Run go mod download
2025-08-19T13:09:17.1032459Z [36;1mgo mod download[0m
2025-08-19T13:09:17.1032691Z [36;1mgo mod verify[0m
2025-08-19T13:09:17.1108642Z shell: /usr/bin/bash -e {0}
2025-08-19T13:09:17.1108920Z env:
2025-08-19T13:09:17.1109110Z   GO_VERSION: 1.24
2025-08-19T13:09:17.1109332Z   REGISTRY: ghcr.io
2025-08-19T13:09:17.1109585Z   IMAGE_NAME: nephoran/conductor-loop
2025-08-19T13:09:17.1109877Z   SECURITY_SCAN_LEVEL: standard
2025-08-19T13:09:17.1110137Z ##[endgroup]
2025-08-19T13:09:21.8568753Z all modules verified
2025-08-19T13:09:21.8614656Z ##[group]Run timeout 300 go test -v -race -timeout=5m -coverprofile=coverage.out -covermode=atomic ./cmd/conductor-loop ./internal/loop
2025-08-19T13:09:21.8615758Z [36;1mtimeout 300 go test -v -race -timeout=5m -coverprofile=coverage.out -covermode=atomic ./cmd/conductor-loop ./internal/loop[0m
2025-08-19T13:09:21.8616466Z [36;1mgo tool cover -html=coverage.out -o coverage.html[0m
2025-08-19T13:09:21.8657697Z shell: /usr/bin/bash -e {0}
2025-08-19T13:09:21.8657966Z env:
2025-08-19T13:09:21.8658157Z   GO_VERSION: 1.24
2025-08-19T13:09:21.8658381Z   REGISTRY: ghcr.io
2025-08-19T13:09:21.8658630Z   IMAGE_NAME: nephoran/conductor-loop
2025-08-19T13:09:21.8658931Z   SECURITY_SCAN_LEVEL: standard
2025-08-19T13:09:21.8659190Z ##[endgroup]
2025-08-19T13:09:53.8093849Z # github.com/thc1006/nephoran-intent-operator/internal/loop [github.com/thc1006/nephoran-intent-operator/internal/loop.test]
2025-08-19T13:09:53.8133990Z ##[error]internal/loop/security_validation_test.go:419:2: MaxJSONDepth redeclared in this block
2025-08-19T13:09:53.8145670Z ##[error]	internal/loop/watcher.go:193:2: other declaration of MaxJSONDepth
2025-08-19T13:09:55.5031260Z === RUN   TestComprehensiveSecuritySuite
2025-08-19T13:09:55.5031976Z === RUN   TestComprehensiveSecuritySuite/InputValidationSecurity
2025-08-19T13:09:55.5032952Z === RUN   TestComprehensiveSecuritySuite/InputValidationSecurity/SQL_injection_attempt
2025-08-19T13:09:55.5033855Z 2025/08/19 13:09:54 Metrics server disabled (port=0)
2025-08-19T13:09:55.5035036Z 2025/08/19 13:09:54 LOOP:START - Starting watcher on directory: /tmp/TestComprehensiveSecuritySuite4205094976/001/handoff
2025-08-19T13:09:55.5036274Z 2025/08/19 13:09:54 Configuration: workers=3, debounce=100ms, once=true, period=0s, metrics_port=0, processor=false
2025-08-19T13:09:55.5037084Z 2025/08/19 13:09:54 Started 3 enhanced workers
2025-08-19T13:09:55.5037558Z 2025/08/19 13:09:54 Enhanced worker 2 started
2025-08-19T13:09:55.5038010Z 2025/08/19 13:09:54 Enhanced worker 0 started
2025-08-19T13:09:55.5038606Z 2025/08/19 13:09:54 Queued 0 existing intent files for processing
2025-08-19T13:09:55.5039209Z 2025/08/19 13:09:54 Signaling enhanced workers to stop...
2025-08-19T13:09:55.5039796Z 2025/08/19 13:09:54 Waiting for enhanced workers to finish...
2025-08-19T13:09:55.5040324Z 2025/08/19 13:09:54 Enhanced worker 0: work queue closed, exiting
2025-08-19T13:09:55.5040668Z 2025/08/19 13:09:54 Enhanced worker 1 started
2025-08-19T13:09:55.5041001Z 2025/08/19 13:09:54 Enhanced worker 2: work queue closed, exiting
2025-08-19T13:09:55.5041380Z 2025/08/19 13:09:54 Enhanced worker 1: work queue closed, exiting
2025-08-19T13:09:55.5041719Z 2025/08/19 13:09:54 All enhanced workers stopped
2025-08-19T13:09:55.5042006Z 2025/08/19 13:09:54 Closing watcher...
2025-08-19T13:09:55.5042252Z 2025/08/19 13:09:54 Watcher closed
2025-08-19T13:09:55.5042635Z === RUN   TestComprehensiveSecuritySuite/InputValidationSecurity/XSS_attempt
2025-08-19T13:09:55.5043317Z 2025/08/19 13:09:54 Loaded 0 file states from /tmp/TestComprehensiveSecuritySuite4205094976/001/handoff/.conductor-state.json
2025-08-19T13:09:55.5044500Z 2025/08/19 13:09:54 Metrics server disabled (port=0)
2025-08-19T13:09:55.5045050Z 2025/08/19 13:09:54 LOOP:START - Starting watcher on directory: /tmp/TestComprehensiveSecuritySuite4205094976/001/handoff
2025-08-19T13:09:55.5045750Z 2025/08/19 13:09:54 Configuration: workers=3, debounce=100ms, once=true, period=0s, metrics_port=0, processor=false
2025-08-19T13:09:55.5046235Z 2025/08/19 13:09:54 Started 3 enhanced workers
2025-08-19T13:09:55.5046628Z 2025/08/19 13:09:54 Enhanced worker 0 started
2025-08-19T13:09:55.5046894Z 2025/08/19 13:09:54 Enhanced worker 2 started
2025-08-19T13:09:55.5047153Z 2025/08/19 13:09:54 Enhanced worker 1 started
2025-08-19T13:09:55.5047470Z 2025/08/19 13:09:54 Queued 0 existing intent files for processing
2025-08-19T13:09:55.5047815Z 2025/08/19 13:09:54 Signaling enhanced workers to stop...
2025-08-19T13:09:55.5048468Z 2025/08/19 13:09:54 Waiting for enhanced workers to finish...
2025-08-19T13:09:55.5048984Z 2025/08/19 13:09:54 Enhanced worker 1: work queue closed, exiting
2025-08-19T13:09:55.5049338Z 2025/08/19 13:09:54 Enhanced worker 2: work queue closed, exiting
2025-08-19T13:09:55.5049682Z 2025/08/19 13:09:54 Enhanced worker 0: work queue closed, exiting
2025-08-19T13:09:55.5050009Z 2025/08/19 13:09:54 All enhanced workers stopped
2025-08-19T13:09:55.5050282Z 2025/08/19 13:09:54 Closing watcher...
2025-08-19T13:09:55.5050515Z 2025/08/19 13:09:54 Watcher closed
2025-08-19T13:09:55.5050925Z === RUN   TestComprehensiveSecuritySuite/InputValidationSecurity/Buffer_overflow_attempt
2025-08-19T13:09:55.5051622Z 2025/08/19 13:09:54 Loaded 0 file states from /tmp/TestComprehensiveSecuritySuite4205094976/001/handoff/.conductor-state.json
2025-08-19T13:09:55.5052166Z 2025/08/19 13:09:54 Metrics server disabled (port=0)
2025-08-19T13:09:55.5052701Z 2025/08/19 13:09:54 LOOP:START - Starting watcher on directory: /tmp/TestComprehensiveSecuritySuite4205094976/001/handoff
2025-08-19T13:09:55.5053408Z 2025/08/19 13:09:54 Configuration: workers=3, debounce=100ms, once=true, period=0s, metrics_port=0, processor=false
2025-08-19T13:09:55.5053883Z 2025/08/19 13:09:54 Started 3 enhanced workers
2025-08-19T13:09:55.5054473Z 2025/08/19 13:09:54 Enhanced worker 0 started
2025-08-19T13:09:55.5054751Z 2025/08/19 13:09:54 Enhanced worker 1 started
2025-08-19T13:09:55.5055014Z 2025/08/19 13:09:54 Enhanced worker 2 started
2025-08-19T13:09:55.5055428Z 2025/08/19 13:09:54 Queued 0 existing intent files for processing
2025-08-19T13:09:55.5055822Z 2025/08/19 13:09:54 Signaling enhanced workers to stop...
2025-08-19T13:09:55.5056173Z 2025/08/19 13:09:54 Waiting for enhanced workers to finish...
2025-08-19T13:09:55.5056527Z 2025/08/19 13:09:54 Enhanced worker 1: work queue closed, exiting
2025-08-19T13:09:55.5056874Z 2025/08/19 13:09:54 Enhanced worker 2: work queue closed, exiting
2025-08-19T13:09:55.5057221Z 2025/08/19 13:09:54 Enhanced worker 0: work queue closed, exiting
2025-08-19T13:09:55.5057551Z 2025/08/19 13:09:54 All enhanced workers stopped
2025-08-19T13:09:55.5057829Z 2025/08/19 13:09:54 Closing watcher...
2025-08-19T13:09:55.5058072Z 2025/08/19 13:09:54 Watcher closed
2025-08-19T13:09:55.5058493Z === RUN   TestComprehensiveSecuritySuite/InputValidationSecurity/Control_character_injection
2025-08-19T13:09:55.5059209Z 2025/08/19 13:09:54 Loaded 0 file states from /tmp/TestComprehensiveSecuritySuite4205094976/001/handoff/.conductor-state.json
2025-08-19T13:09:55.5059753Z 2025/08/19 13:09:54 Metrics server disabled (port=0)
2025-08-19T13:09:55.5060302Z 2025/08/19 13:09:54 LOOP:START - Starting watcher on directory: /tmp/TestComprehensiveSecuritySuite4205094976/001/handoff
2025-08-19T13:09:55.5061002Z 2025/08/19 13:09:54 Configuration: workers=3, debounce=100ms, once=true, period=0s, metrics_port=0, processor=false
2025-08-19T13:09:55.5061458Z 2025/08/19 13:09:54 Enhanced worker 0 started
2025-08-19T13:09:55.5061735Z 2025/08/19 13:09:54 Started 3 enhanced workers
2025-08-19T13:09:55.5062007Z 2025/08/19 13:09:54 Enhanced worker 2 started
2025-08-19T13:09:55.5062446Z 2025/08/19 13:09:54 Enhanced worker 1 started
2025-08-19T13:09:55.5062756Z 2025/08/19 13:09:54 Queued 0 existing intent files for processing
2025-08-19T13:09:55.5063169Z 2025/08/19 13:09:54 Signaling enhanced workers to stop...
2025-08-19T13:09:55.5063515Z 2025/08/19 13:09:54 Waiting for enhanced workers to finish...
2025-08-19T13:09:55.5063867Z 2025/08/19 13:09:54 Enhanced worker 1: work queue closed, exiting
2025-08-19T13:09:55.5064549Z 2025/08/19 13:09:54 Enhanced worker 2: work queue closed, exiting
2025-08-19T13:09:55.5064919Z 2025/08/19 13:09:54 Enhanced worker 0: work queue closed, exiting
2025-08-19T13:09:55.5065235Z 2025/08/19 13:09:54 All enhanced workers stopped
2025-08-19T13:09:55.5065502Z 2025/08/19 13:09:54 Closing watcher...
2025-08-19T13:09:55.5065738Z 2025/08/19 13:09:54 Watcher closed
2025-08-19T13:09:55.5066092Z === RUN   TestComprehensiveSecuritySuite/InputValidationSecurity/JSON_bomb
2025-08-19T13:09:55.5066904Z 2025/08/19 13:09:54 Loaded 0 file states from /tmp/TestComprehensiveSecuritySuite4205094976/001/handoff/.conductor-state.json
2025-08-19T13:09:55.5067454Z 2025/08/19 13:09:54 Metrics server disabled (port=0)
2025-08-19T13:09:55.5067982Z 2025/08/19 13:09:54 LOOP:START - Starting watcher on directory: /tmp/TestComprehensiveSecuritySuite4205094976/001/handoff
2025-08-19T13:09:55.5068661Z 2025/08/19 13:09:54 Configuration: workers=3, debounce=100ms, once=true, period=0s, metrics_port=0, processor=false
2025-08-19T13:09:55.5069245Z 2025/08/19 13:09:54 Started 3 enhanced workers
2025-08-19T13:09:55.5069511Z 2025/08/19 13:09:54 Enhanced worker 0 started
2025-08-19T13:09:55.5069775Z 2025/08/19 13:09:54 Enhanced worker 2 started
2025-08-19T13:09:55.5070033Z 2025/08/19 13:09:54 Enhanced worker 1 started
2025-08-19T13:09:55.5070337Z 2025/08/19 13:09:54 Queued 0 existing intent files for processing
2025-08-19T13:09:55.5070683Z 2025/08/19 13:09:54 Signaling enhanced workers to stop...
2025-08-19T13:09:55.5071024Z 2025/08/19 13:09:54 Waiting for enhanced workers to finish...
2025-08-19T13:09:55.5071380Z 2025/08/19 13:09:54 Enhanced worker 2: work queue closed, exiting
2025-08-19T13:09:55.5071723Z 2025/08/19 13:09:54 Enhanced worker 0: work queue closed, exiting
2025-08-19T13:09:55.5072068Z 2025/08/19 13:09:54 Enhanced worker 1: work queue closed, exiting
2025-08-19T13:09:55.5072398Z 2025/08/19 13:09:54 All enhanced workers stopped
2025-08-19T13:09:55.5072665Z 2025/08/19 13:09:54 Closing watcher...
2025-08-19T13:09:55.5072906Z 2025/08/19 13:09:54 Watcher closed
2025-08-19T13:09:55.5073220Z === RUN   TestComprehensiveSecuritySuite/PathTraversalSecurity
2025-08-19T13:09:55.5073689Z === RUN   TestComprehensiveSecuritySuite/PathTraversalSecurity/Unix_path_traversal
2025-08-19T13:09:55.5074919Z 2025/08/19 13:09:54 Loaded 0 file states from /tmp/TestComprehensiveSecuritySuite4205094976/001/handoff/.conductor-state.json
2025-08-19T13:09:55.5075465Z 2025/08/19 13:09:54 Metrics server disabled (port=0)
2025-08-19T13:09:55.5075996Z 2025/08/19 13:09:54 LOOP:START - Starting watcher on directory: /tmp/TestComprehensiveSecuritySuite4205094976/001/handoff
2025-08-19T13:09:55.5076679Z 2025/08/19 13:09:54 Configuration: workers=3, debounce=100ms, once=true, period=0s, metrics_port=0, processor=false
2025-08-19T13:09:55.5077139Z 2025/08/19 13:09:54 Started 3 enhanced workers
2025-08-19T13:09:55.5077413Z 2025/08/19 13:09:54 Enhanced worker 2 started
2025-08-19T13:09:55.5077676Z 2025/08/19 13:09:54 Enhanced worker 1 started
2025-08-19T13:09:55.5077930Z 2025/08/19 13:09:54 Enhanced worker 0 started
2025-08-19T13:09:55.5078241Z 2025/08/19 13:09:54 Queued 0 existing intent files for processing
2025-08-19T13:09:55.5078587Z 2025/08/19 13:09:54 Signaling enhanced workers to stop...
2025-08-19T13:09:55.5078917Z 2025/08/19 13:09:54 Waiting for enhanced workers to finish...
2025-08-19T13:09:55.5079268Z 2025/08/19 13:09:54 Enhanced worker 1: work queue closed, exiting
2025-08-19T13:09:55.5079621Z 2025/08/19 13:09:54 Enhanced worker 0: work queue closed, exiting
2025-08-19T13:09:55.5102598Z 2025/08/19 13:09:54 Enhanced worker 2: work queue closed, exiting
2025-08-19T13:09:55.5103471Z 2025/08/19 13:09:54 All enhanced workers stopped
2025-08-19T13:09:55.5103786Z 2025/08/19 13:09:54 Closing watcher...
2025-08-19T13:09:55.5104273Z 2025/08/19 13:09:54 Watcher closed
2025-08-19T13:09:55.5104696Z === RUN   TestComprehensiveSecuritySuite/PathTraversalSecurity/Windows_path_traversal
2025-08-19T13:09:55.5105406Z 2025/08/19 13:09:54 Loaded 0 file states from /tmp/TestComprehensiveSecuritySuite4205094976/001/handoff/.conductor-state.json
2025-08-19T13:09:55.5105976Z 2025/08/19 13:09:54 Metrics server disabled (port=0)
2025-08-19T13:09:55.5106518Z 2025/08/19 13:09:54 LOOP:START - Starting watcher on directory: /tmp/TestComprehensiveSecuritySuite4205094976/001/handoff
2025-08-19T13:09:55.5107228Z 2025/08/19 13:09:54 Configuration: workers=3, debounce=100ms, once=true, period=0s, metrics_port=0, processor=false
2025-08-19T13:09:55.5107710Z 2025/08/19 13:09:54 Started 3 enhanced workers
2025-08-19T13:09:55.5108173Z 2025/08/19 13:09:54 Enhanced worker 0 started
2025-08-19T13:09:55.5108459Z 2025/08/19 13:09:54 Enhanced worker 1 started
2025-08-19T13:09:55.5108727Z 2025/08/19 13:09:54 Enhanced worker 2 started
2025-08-19T13:09:55.5109055Z 2025/08/19 13:09:54 Queued 0 existing intent files for processing
2025-08-19T13:09:55.5109415Z 2025/08/19 13:09:54 Signaling enhanced workers to stop...
2025-08-19T13:09:55.5109766Z 2025/08/19 13:09:54 Waiting for enhanced workers to finish...
2025-08-19T13:09:55.5110127Z 2025/08/19 13:09:54 Enhanced worker 2: work queue closed, exiting
2025-08-19T13:09:55.5110487Z 2025/08/19 13:09:54 Enhanced worker 1: work queue closed, exiting
2025-08-19T13:09:55.5110834Z 2025/08/19 13:09:54 Enhanced worker 0: work queue closed, exiting
2025-08-19T13:09:55.5111155Z 2025/08/19 13:09:54 All enhanced workers stopped
2025-08-19T13:09:55.5111426Z 2025/08/19 13:09:54 Closing watcher...
2025-08-19T13:09:55.5111661Z 2025/08/19 13:09:54 Watcher closed
2025-08-19T13:09:55.5112081Z === RUN   TestComprehensiveSecuritySuite/PathTraversalSecurity/URL_encoded_path_traversal
2025-08-19T13:09:55.5112790Z 2025/08/19 13:09:54 Loaded 0 file states from /tmp/TestComprehensiveSecuritySuite4205094976/001/handoff/.conductor-state.json
2025-08-19T13:09:55.5113337Z 2025/08/19 13:09:54 Metrics server disabled (port=0)
2025-08-19T13:09:55.5113860Z 2025/08/19 13:09:54 LOOP:START - Starting watcher on directory: /tmp/TestComprehensiveSecuritySuite4205094976/001/handoff
2025-08-19T13:09:55.5114785Z 2025/08/19 13:09:54 Configuration: workers=3, debounce=100ms, once=true, period=0s, metrics_port=0, processor=false
2025-08-19T13:09:55.5115251Z 2025/08/19 13:09:54 Started 3 enhanced workers
2025-08-19T13:09:55.5115528Z 2025/08/19 13:09:54 Enhanced worker 0 started
2025-08-19T13:09:55.5115788Z 2025/08/19 13:09:54 Enhanced worker 2 started
2025-08-19T13:09:55.5116058Z 2025/08/19 13:09:54 Enhanced worker 1 started
2025-08-19T13:09:55.5116373Z 2025/08/19 13:09:54 Queued 0 existing intent files for processing
2025-08-19T13:09:55.5116732Z 2025/08/19 13:09:54 Signaling enhanced workers to stop...
2025-08-19T13:09:55.5117086Z 2025/08/19 13:09:54 Waiting for enhanced workers to finish...
2025-08-19T13:09:55.5117436Z 2025/08/19 13:09:54 Enhanced worker 2: work queue closed, exiting
2025-08-19T13:09:55.5117784Z 2025/08/19 13:09:54 Enhanced worker 0: work queue closed, exiting
2025-08-19T13:09:55.5118126Z 2025/08/19 13:09:54 Enhanced worker 1: work queue closed, exiting
2025-08-19T13:09:55.5118438Z 2025/08/19 13:09:54 All enhanced workers stopped
2025-08-19T13:09:55.5118704Z 2025/08/19 13:09:54 Closing watcher...
2025-08-19T13:09:55.5118937Z 2025/08/19 13:09:54 Watcher closed
2025-08-19T13:09:55.5119358Z === RUN   TestComprehensiveSecuritySuite/PathTraversalSecurity/Double_encoded_path_traversal
2025-08-19T13:09:55.5120082Z 2025/08/19 13:09:54 Loaded 0 file states from /tmp/TestComprehensiveSecuritySuite4205094976/001/handoff/.conductor-state.json
2025-08-19T13:09:55.5120636Z 2025/08/19 13:09:54 Metrics server disabled (port=0)
2025-08-19T13:09:55.5121188Z 2025/08/19 13:09:54 LOOP:START - Starting watcher on directory: /tmp/TestComprehensiveSecuritySuite4205094976/001/handoff
2025-08-19T13:09:55.5122033Z 2025/08/19 13:09:54 Configuration: workers=3, debounce=100ms, once=true, period=0s, metrics_port=0, processor=false
2025-08-19T13:09:55.5122507Z 2025/08/19 13:09:54 Started 3 enhanced workers
2025-08-19T13:09:55.5122784Z 2025/08/19 13:09:54 Enhanced worker 1 started
2025-08-19T13:09:55.5123047Z 2025/08/19 13:09:54 Enhanced worker 0 started
2025-08-19T13:09:55.5123314Z 2025/08/19 13:09:54 Enhanced worker 2 started
2025-08-19T13:09:55.5123629Z 2025/08/19 13:09:54 Queued 0 existing intent files for processing
2025-08-19T13:09:55.5123974Z 2025/08/19 13:09:54 Signaling enhanced workers to stop...
2025-08-19T13:09:55.5124584Z 2025/08/19 13:09:54 Waiting for enhanced workers to finish...
2025-08-19T13:09:55.5124936Z 2025/08/19 13:09:54 Enhanced worker 0: work queue closed, exiting
2025-08-19T13:09:55.5125420Z 2025/08/19 13:09:54 Enhanced worker 1: work queue closed, exiting
2025-08-19T13:09:55.5125783Z 2025/08/19 13:09:54 Enhanced worker 2: work queue closed, exiting
2025-08-19T13:09:55.5126102Z 2025/08/19 13:09:54 All enhanced workers stopped
2025-08-19T13:09:55.5126369Z 2025/08/19 13:09:54 Closing watcher...
2025-08-19T13:09:55.5126605Z 2025/08/19 13:09:54 Watcher closed
2025-08-19T13:09:55.5126925Z === RUN   TestComprehensiveSecuritySuite/CommandInjectionSecurity
2025-08-19T13:09:55.5127415Z === RUN   TestComprehensiveSecuritySuite/CommandInjectionSecurity/Semicolon_injection
2025-08-19T13:09:55.5128093Z 2025/08/19 13:09:54 Loaded 0 file states from /tmp/TestComprehensiveSecuritySuite4205094976/001/handoff/.conductor-state.json
2025-08-19T13:09:55.5128868Z 2025/08/19 13:09:54 Warning: Porch validation failed: porch validation failed: fork/exec porch; rm -rf /: no such file or directory
2025-08-19T13:09:55.5129409Z 2025/08/19 13:09:54 Metrics server disabled (port=0)
2025-08-19T13:09:55.5129948Z 2025/08/19 13:09:54 LOOP:START - Starting watcher on directory: /tmp/TestComprehensiveSecuritySuite4205094976/001/handoff
2025-08-19T13:09:55.5130631Z 2025/08/19 13:09:54 Configuration: workers=3, debounce=100ms, once=true, period=0s, metrics_port=0, processor=false
2025-08-19T13:09:55.5131090Z 2025/08/19 13:09:54 Started 3 enhanced workers
2025-08-19T13:09:55.5131375Z 2025/08/19 13:09:54 Enhanced worker 0 started
2025-08-19T13:09:55.5131641Z 2025/08/19 13:09:54 Enhanced worker 2 started
2025-08-19T13:09:55.5131903Z 2025/08/19 13:09:54 Enhanced worker 1 started
2025-08-19T13:09:55.5132220Z 2025/08/19 13:09:54 Queued 0 existing intent files for processing
2025-08-19T13:09:55.5132579Z 2025/08/19 13:09:54 Signaling enhanced workers to stop...
2025-08-19T13:09:55.5132910Z 2025/08/19 13:09:54 Waiting for enhanced workers to finish...
2025-08-19T13:09:55.5133263Z 2025/08/19 13:09:54 Enhanced worker 1: work queue closed, exiting
2025-08-19T13:09:55.5133612Z 2025/08/19 13:09:54 Enhanced worker 2: work queue closed, exiting
2025-08-19T13:09:55.5133964Z 2025/08/19 13:09:54 Enhanced worker 0: work queue closed, exiting
2025-08-19T13:09:55.5134484Z 2025/08/19 13:09:54 All enhanced workers stopped
2025-08-19T13:09:55.5134760Z 2025/08/19 13:09:54 Closing watcher...
2025-08-19T13:09:55.5135002Z 2025/08/19 13:09:54 Watcher closed
2025-08-19T13:09:55.5135372Z === RUN   TestComprehensiveSecuritySuite/CommandInjectionSecurity/Pipe_injection
2025-08-19T13:09:55.5136028Z 2025/08/19 13:09:55 Loaded 0 file states from /tmp/TestComprehensiveSecuritySuite4205094976/001/handoff/.conductor-state.json
2025-08-19T13:09:55.5136825Z 2025/08/19 13:09:55 Warning: Porch validation failed: porch validation failed: fork/exec porch | cat /etc/passwd: no such file or directory
2025-08-19T13:09:55.5137393Z 2025/08/19 13:09:55 Metrics server disabled (port=0)
2025-08-19T13:09:55.5137910Z 2025/08/19 13:09:55 LOOP:START - Starting watcher on directory: /tmp/TestComprehensiveSecuritySuite4205094976/001/handoff
2025-08-19T13:09:55.5138622Z 2025/08/19 13:09:55 Configuration: workers=3, debounce=100ms, once=true, period=0s, metrics_port=0, processor=false
2025-08-19T13:09:55.5139218Z 2025/08/19 13:09:55 Started 3 enhanced workers
2025-08-19T13:09:55.5139491Z 2025/08/19 13:09:55 Enhanced worker 2 started
2025-08-19T13:09:55.5139751Z 2025/08/19 13:09:55 Enhanced worker 1 started
2025-08-19T13:09:55.5140047Z 2025/08/19 13:09:55 Enhanced worker 0 started
2025-08-19T13:09:55.5140376Z 2025/08/19 13:09:55 Queued 0 existing intent files for processing
2025-08-19T13:09:55.5140726Z 2025/08/19 13:09:55 Signaling enhanced workers to stop...
2025-08-19T13:09:55.5141064Z 2025/08/19 13:09:55 Waiting for enhanced workers to finish...
2025-08-19T13:09:55.5141405Z 2025/08/19 13:09:55 Enhanced worker 2: work queue closed, exiting
2025-08-19T13:09:55.5141756Z 2025/08/19 13:09:55 Enhanced worker 1: work queue closed, exiting
2025-08-19T13:09:55.5142100Z 2025/08/19 13:09:55 Enhanced worker 0: work queue closed, exiting
2025-08-19T13:09:55.5142418Z 2025/08/19 13:09:55 All enhanced workers stopped
2025-08-19T13:09:55.5142804Z 2025/08/19 13:09:55 Closing watcher...
2025-08-19T13:09:55.5143055Z 2025/08/19 13:09:55 Watcher closed
2025-08-19T13:09:55.5143450Z === RUN   TestComprehensiveSecuritySuite/CommandInjectionSecurity/Ampersand_injection
2025-08-19T13:09:55.5144347Z 2025/08/19 13:09:55 Loaded 0 file states from /tmp/TestComprehensiveSecuritySuite4205094976/001/handoff/.conductor-state.json
2025-08-19T13:09:55.5145165Z 2025/08/19 13:09:55 Warning: Porch validation failed: porch validation failed: exec: "porch && echo 'injected'": executable file not found in $PATH
2025-08-19T13:09:55.5145730Z 2025/08/19 13:09:55 Metrics server disabled (port=0)
2025-08-19T13:09:55.5146256Z 2025/08/19 13:09:55 LOOP:START - Starting watcher on directory: /tmp/TestComprehensiveSecuritySuite4205094976/001/handoff
2025-08-19T13:09:55.5146941Z 2025/08/19 13:09:55 Configuration: workers=3, debounce=100ms, once=true, period=0s, metrics_port=0, processor=false
2025-08-19T13:09:55.5147539Z 2025/08/19 13:09:55 Enhanced worker 0 started
2025-08-19T13:09:55.5148037Z 2025/08/19 13:09:55 Started 3 enhanced workers
2025-08-19T13:09:55.5148518Z 2025/08/19 13:09:55 Enhanced worker 1 started
2025-08-19T13:09:55.5148987Z 2025/08/19 13:09:55 Enhanced worker 2 started
2025-08-19T13:09:55.5149537Z 2025/08/19 13:09:55 Queued 0 existing intent files for processing
2025-08-19T13:09:55.5150151Z 2025/08/19 13:09:55 Signaling enhanced workers to stop...
2025-08-19T13:09:55.5150732Z 2025/08/19 13:09:55 Waiting for enhanced workers to finish...
2025-08-19T13:09:55.5151348Z 2025/08/19 13:09:55 Enhanced worker 2: work queue closed, exiting
2025-08-19T13:09:55.5151963Z 2025/08/19 13:09:55 Enhanced worker 0: work queue closed, exiting
2025-08-19T13:09:55.5152572Z 2025/08/19 13:09:55 Enhanced worker 1: work queue closed, exiting
2025-08-19T13:09:55.5153133Z 2025/08/19 13:09:55 All enhanced workers stopped
2025-08-19T13:09:55.5153599Z 2025/08/19 13:09:55 Closing watcher...
2025-08-19T13:09:55.5154002Z 2025/08/19 13:09:55 Watcher closed
2025-08-19T13:09:55.5154912Z === RUN   TestComprehensiveSecuritySuite/CommandInjectionSecurity/Backtick_injection
2025-08-19T13:09:55.5156114Z 2025/08/19 13:09:55 Loaded 0 file states from /tmp/TestComprehensiveSecuritySuite4205094976/001/handoff/.conductor-state.json
2025-08-19T13:09:55.5157540Z 2025/08/19 13:09:55 Warning: Porch validation failed: porch validation failed: exec: "porch `whoami`": executable file not found in $PATH
2025-08-19T13:09:55.5158500Z 2025/08/19 13:09:55 Metrics server disabled (port=0)
2025-08-19T13:09:55.5159436Z 2025/08/19 13:09:55 LOOP:START - Starting watcher on directory: /tmp/TestComprehensiveSecuritySuite4205094976/001/handoff
2025-08-19T13:09:55.5160653Z 2025/08/19 13:09:55 Configuration: workers=3, debounce=100ms, once=true, period=0s, metrics_port=0, processor=false
2025-08-19T13:09:55.5161472Z 2025/08/19 13:09:55 Started 3 enhanced workers
2025-08-19T13:09:55.5161941Z 2025/08/19 13:09:55 Enhanced worker 1 started
2025-08-19T13:09:55.5162415Z 2025/08/19 13:09:55 Enhanced worker 0 started
2025-08-19T13:09:55.5162891Z 2025/08/19 13:09:55 Enhanced worker 2 started
2025-08-19T13:09:55.5163662Z 2025/08/19 13:09:55 Queued 0 existing intent files for processing
2025-08-19T13:09:55.5164478Z 2025/08/19 13:09:55 Signaling enhanced workers to stop...
2025-08-19T13:09:55.5165088Z 2025/08/19 13:09:55 Waiting for enhanced workers to finish...
2025-08-19T13:09:55.5165709Z 2025/08/19 13:09:55 Enhanced worker 0: work queue closed, exiting
2025-08-19T13:09:55.5166323Z 2025/08/19 13:09:55 Enhanced worker 2: work queue closed, exiting
2025-08-19T13:09:55.5166948Z 2025/08/19 13:09:55 Enhanced worker 1: work queue closed, exiting
2025-08-19T13:09:55.5167525Z 2025/08/19 13:09:55 All enhanced workers stopped
2025-08-19T13:09:55.5167988Z 2025/08/19 13:09:55 Closing watcher...
2025-08-19T13:09:55.5168403Z 2025/08/19 13:09:55 Watcher closed
2025-08-19T13:09:55.5169073Z === RUN   TestComprehensiveSecuritySuite/CommandInjectionSecurity/Dollar_injection
2025-08-19T13:09:55.5170550Z 2025/08/19 13:09:55 Loaded 0 file states from /tmp/TestComprehensiveSecuritySuite4205094976/001/handoff/.conductor-state.json
2025-08-19T13:09:55.5171969Z 2025/08/19 13:09:55 Warning: Porch validation failed: porch validation failed: exec: "porch $(id)": executable file not found in $PATH
2025-08-19T13:09:55.5172924Z 2025/08/19 13:09:55 Metrics server disabled (port=0)
2025-08-19T13:09:55.5173855Z 2025/08/19 13:09:55 LOOP:START - Starting watcher on directory: /tmp/TestComprehensiveSecuritySuite4205094976/001/handoff
2025-08-19T13:09:55.5175294Z 2025/08/19 13:09:55 Configuration: workers=3, debounce=100ms, once=true, period=0s, metrics_port=0, processor=false
2025-08-19T13:09:55.5176112Z 2025/08/19 13:09:55 Started 3 enhanced workers
2025-08-19T13:09:55.5176592Z 2025/08/19 13:09:55 Enhanced worker 1 started
2025-08-19T13:09:55.5177055Z 2025/08/19 13:09:55 Enhanced worker 0 started
2025-08-19T13:09:55.5177514Z 2025/08/19 13:09:55 Enhanced worker 2 started
2025-08-19T13:09:55.5178062Z 2025/08/19 13:09:55 Queued 0 existing intent files for processing
2025-08-19T13:09:55.5178686Z 2025/08/19 13:09:55 Signaling enhanced workers to stop...
2025-08-19T13:09:55.5179289Z 2025/08/19 13:09:55 Waiting for enhanced workers to finish...
2025-08-19T13:09:55.5179901Z 2025/08/19 13:09:55 Enhanced worker 2: work queue closed, exiting
2025-08-19T13:09:55.5180527Z 2025/08/19 13:09:55 Enhanced worker 1: work queue closed, exiting
2025-08-19T13:09:55.5181155Z 2025/08/19 13:09:55 Enhanced worker 0: work queue closed, exiting
2025-08-19T13:09:55.5181706Z 2025/08/19 13:09:55 All enhanced workers stopped
2025-08-19T13:09:55.5182175Z 2025/08/19 13:09:55 Closing watcher...
2025-08-19T13:09:55.5182585Z 2025/08/19 13:09:55 Watcher closed
2025-08-19T13:09:55.5183143Z === RUN   TestComprehensiveSecuritySuite/ResourceExhaustionSecurity
2025-08-19T13:09:55.5184003Z === RUN   TestComprehensiveSecuritySuite/ResourceExhaustionSecurity/Many_small_files
2025-08-19T13:09:55.5185371Z 2025/08/19 13:09:55 Loaded 0 file states from /tmp/TestComprehensiveSecuritySuite4205094976/001/handoff/.conductor-state.json
2025-08-19T13:09:55.5186327Z 2025/08/19 13:09:55 Metrics server disabled (port=0)
2025-08-19T13:09:55.5187278Z 2025/08/19 13:09:55 LOOP:START - Starting watcher on directory: /tmp/TestComprehensiveSecuritySuite4205094976/001/handoff
2025-08-19T13:09:55.5188488Z 2025/08/19 13:09:55 Configuration: workers=5, debounce=10ms, once=true, period=0s, metrics_port=0, processor=false
2025-08-19T13:09:55.5189300Z 2025/08/19 13:09:55 Started 5 enhanced workers
2025-08-19T13:09:55.5189775Z 2025/08/19 13:09:55 Enhanced worker 1 started
2025-08-19T13:09:55.5190234Z 2025/08/19 13:09:55 Enhanced worker 2 started
2025-08-19T13:09:55.5190694Z 2025/08/19 13:09:55 Enhanced worker 3 started
2025-08-19T13:09:55.5191158Z 2025/08/19 13:09:55 Enhanced worker 0 started
2025-08-19T13:09:55.5191607Z 2025/08/19 13:09:55 Enhanced worker 4 started
2025-08-19T13:09:55.5192156Z 2025/08/19 13:09:55 Queued 0 existing intent files for processing
2025-08-19T13:09:55.5192764Z 2025/08/19 13:09:55 Signaling enhanced workers to stop...
2025-08-19T13:09:55.5193363Z 2025/08/19 13:09:55 Waiting for enhanced workers to finish...
2025-08-19T13:09:55.5194594Z 2025/08/19 13:09:55 Enhanced worker 3: work queue closed, exiting
2025-08-19T13:09:55.5195237Z 2025/08/19 13:09:55 Enhanced worker 0: work queue closed, exiting
2025-08-19T13:09:55.5195865Z 2025/08/19 13:09:55 Enhanced worker 2: work queue closed, exiting
2025-08-19T13:09:55.5196669Z 2025/08/19 13:09:55 Enhanced worker 1: work queue closed, exiting
2025-08-19T13:09:55.5197320Z 2025/08/19 13:09:55 Enhanced worker 4: work queue closed, exiting
2025-08-19T13:09:55.5197892Z 2025/08/19 13:09:55 All enhanced workers stopped
2025-08-19T13:09:55.5198366Z 2025/08/19 13:09:55 Closing watcher...
2025-08-19T13:09:55.5198795Z 2025/08/19 13:09:55 Watcher closed
2025-08-19T13:09:55.5199450Z === RUN   TestComprehensiveSecuritySuite/ResourceExhaustionSecurity/Large_files
2025-08-19T13:09:55.5200621Z 2025/08/19 13:09:55 Loaded 0 file states from /tmp/TestComprehensiveSecuritySuite4205094976/001/handoff/.conductor-state.json
2025-08-19T13:09:55.5201748Z 2025/08/19 13:09:55 Metrics server disabled (port=0)
2025-08-19T13:09:55.5202714Z 2025/08/19 13:09:55 LOOP:START - Starting watcher on directory: /tmp/TestComprehensiveSecuritySuite4205094976/001/handoff
2025-08-19T13:09:55.5203936Z 2025/08/19 13:09:55 Configuration: workers=5, debounce=10ms, once=true, period=0s, metrics_port=0, processor=false
2025-08-19T13:09:55.5204928Z 2025/08/19 13:09:55 Started 5 enhanced workers
2025-08-19T13:09:55.5205404Z 2025/08/19 13:09:55 Enhanced worker 1 started
2025-08-19T13:09:55.5205870Z 2025/08/19 13:09:55 Enhanced worker 3 started
2025-08-19T13:09:55.5206334Z 2025/08/19 13:09:55 Enhanced worker 2 started
2025-08-19T13:09:55.5206784Z 2025/08/19 13:09:55 Enhanced worker 4 started
2025-08-19T13:09:55.5207247Z 2025/08/19 13:09:55 Enhanced worker 0 started
2025-08-19T13:09:55.5207800Z 2025/08/19 13:09:55 Queued 0 existing intent files for processing
2025-08-19T13:09:55.5208407Z 2025/08/19 13:09:55 Signaling enhanced workers to stop...
2025-08-19T13:09:55.5209009Z 2025/08/19 13:09:55 Waiting for enhanced workers to finish...
2025-08-19T13:09:55.5209639Z 2025/08/19 13:09:55 Enhanced worker 2: work queue closed, exiting
2025-08-19T13:09:55.5210269Z 2025/08/19 13:09:55 Enhanced worker 1: work queue closed, exiting
2025-08-19T13:09:55.5210887Z 2025/08/19 13:09:55 Enhanced worker 0: work queue closed, exiting
2025-08-19T13:09:55.5211508Z 2025/08/19 13:09:55 Enhanced worker 3: work queue closed, exiting
2025-08-19T13:09:55.5212134Z 2025/08/19 13:09:55 Enhanced worker 4: work queue closed, exiting
2025-08-19T13:09:55.5212689Z 2025/08/19 13:09:55 All enhanced workers stopped
2025-08-19T13:09:55.5213158Z 2025/08/19 13:09:55 Closing watcher...
2025-08-19T13:09:55.5213575Z 2025/08/19 13:09:55 Watcher closed
2025-08-19T13:09:55.5214465Z === RUN   TestComprehensiveSecuritySuite/ResourceExhaustionSecurity/Rapid_file_creation
2025-08-19T13:09:55.5215696Z 2025/08/19 13:09:55 Loaded 0 file states from /tmp/TestComprehensiveSecuritySuite4205094976/001/handoff/.conductor-state.json
2025-08-19T13:09:55.5216669Z 2025/08/19 13:09:55 Metrics server disabled (port=0)
2025-08-19T13:09:55.5217608Z 2025/08/19 13:09:55 LOOP:START - Starting watcher on directory: /tmp/TestComprehensiveSecuritySuite4205094976/001/handoff
2025-08-19T13:09:55.5218821Z 2025/08/19 13:09:55 Configuration: workers=5, debounce=10ms, once=true, period=0s, metrics_port=0, processor=false
2025-08-19T13:09:55.5219622Z 2025/08/19 13:09:55 Started 5 enhanced workers
2025-08-19T13:09:55.5220104Z 2025/08/19 13:09:55 Enhanced worker 1 started
2025-08-19T13:09:55.5220568Z 2025/08/19 13:09:55 Enhanced worker 3 started
2025-08-19T13:09:55.5221030Z 2025/08/19 13:09:55 Enhanced worker 4 started
2025-08-19T13:09:55.5221488Z 2025/08/19 13:09:55 Enhanced worker 0 started
2025-08-19T13:09:55.5221954Z 2025/08/19 13:09:55 Enhanced worker 2 started
2025-08-19T13:09:55.5222495Z 2025/08/19 13:09:55 Queued 0 existing intent files for processing
2025-08-19T13:09:55.5223104Z 2025/08/19 13:09:55 Signaling enhanced workers to stop...
2025-08-19T13:09:55.5223716Z 2025/08/19 13:09:55 Waiting for enhanced workers to finish...
2025-08-19T13:09:55.5224765Z 2025/08/19 13:09:55 Enhanced worker 2: work queue closed, exiting
2025-08-19T13:09:55.5225400Z 2025/08/19 13:09:55 Enhanced worker 0: work queue closed, exiting
2025-08-19T13:09:55.5226030Z 2025/08/19 13:09:55 Enhanced worker 1: work queue closed, exiting
2025-08-19T13:09:55.5226657Z 2025/08/19 13:09:55 Enhanced worker 3: work queue closed, exiting
2025-08-19T13:09:55.5227267Z 2025/08/19 13:09:55 Enhanced worker 4: work queue closed, exiting
2025-08-19T13:09:55.5227828Z 2025/08/19 13:09:55 All enhanced workers stopped
2025-08-19T13:09:55.5228297Z 2025/08/19 13:09:55 Closing watcher...
2025-08-19T13:09:55.5228708Z 2025/08/19 13:09:55 Watcher closed
2025-08-19T13:09:55.5229224Z === RUN   TestComprehensiveSecuritySuite/FileSystemSecurity
2025-08-19T13:09:55.5230045Z === RUN   TestComprehensiveSecuritySuite/FileSystemSecurity/Symlink_to_sensitive_file
2025-08-19T13:09:55.5231469Z 2025/08/19 13:09:55 Loaded 0 file states from /tmp/TestComprehensiveSecuritySuite4205094976/001/handoff/.conductor-state.json
2025-08-19T13:09:55.5232448Z 2025/08/19 13:09:55 Metrics server disabled (port=0)
2025-08-19T13:09:55.5233341Z 2025/08/19 13:09:55 LOOP:START - Starting watcher on directory: /tmp/TestComprehensiveSecuritySuite4205094976/001/handoff
2025-08-19T13:09:55.5234755Z 2025/08/19 13:09:55 Configuration: workers=3, debounce=100ms, once=true, period=0s, metrics_port=0, processor=false
2025-08-19T13:09:55.5235566Z 2025/08/19 13:09:55 Started 3 enhanced workers
2025-08-19T13:09:55.5236042Z 2025/08/19 13:09:55 Enhanced worker 0 started
2025-08-19T13:09:55.5236507Z 2025/08/19 13:09:55 Enhanced worker 1 started
2025-08-19T13:09:55.5236967Z 2025/08/19 13:09:55 Enhanced worker 2 started
2025-08-19T13:09:55.5237527Z 2025/08/19 13:09:55 Queued 0 existing intent files for processing
2025-08-19T13:09:55.5238134Z 2025/08/19 13:09:55 Signaling enhanced workers to stop...
2025-08-19T13:09:55.5238733Z 2025/08/19 13:09:55 Waiting for enhanced workers to finish...
2025-08-19T13:09:55.5239367Z 2025/08/19 13:09:55 Enhanced worker 1: work queue closed, exiting
2025-08-19T13:09:55.5239992Z 2025/08/19 13:09:55 Enhanced worker 0: work queue closed, exiting
2025-08-19T13:09:55.5240610Z 2025/08/19 13:09:55 Enhanced worker 2: work queue closed, exiting
2025-08-19T13:09:55.5241161Z 2025/08/19 13:09:55 All enhanced workers stopped
2025-08-19T13:09:55.5241627Z 2025/08/19 13:09:55 Closing watcher...
2025-08-19T13:09:55.5242041Z 2025/08/19 13:09:55 Watcher closed
2025-08-19T13:09:55.5242608Z === RUN   TestComprehensiveSecuritySuite/FileSystemSecurity/FIFO_pipe
2025-08-19T13:09:55.5243644Z 2025/08/19 13:09:55 Loaded 0 file states from /tmp/TestComprehensiveSecuritySuite4205094976/001/handoff/.conductor-state.json
2025-08-19T13:09:55.5244729Z 2025/08/19 13:09:55 Metrics server disabled (port=0)
2025-08-19T13:09:55.5245640Z 2025/08/19 13:09:55 LOOP:START - Starting watcher on directory: /tmp/TestComprehensiveSecuritySuite4205094976/001/handoff
2025-08-19T13:09:55.5246892Z 2025/08/19 13:09:55 Configuration: workers=3, debounce=100ms, once=true, period=0s, metrics_port=0, processor=false
2025-08-19T13:09:55.5247724Z 2025/08/19 13:09:55 Started 3 enhanced workers
2025-08-19T13:09:55.5248206Z 2025/08/19 13:09:55 Enhanced worker 1 started
2025-08-19T13:09:55.5248681Z 2025/08/19 13:09:55 Enhanced worker 2 started
2025-08-19T13:09:55.5249130Z 2025/08/19 13:09:55 Enhanced worker 0 started
2025-08-19T13:09:55.5249655Z 2025/08/19 13:09:55 Queued 0 existing intent files for processing
2025-08-19T13:09:55.5250240Z 2025/08/19 13:09:55 Signaling enhanced workers to stop...
2025-08-19T13:09:55.5250828Z 2025/08/19 13:09:55 Waiting for enhanced workers to finish...
2025-08-19T13:09:55.5251451Z 2025/08/19 13:09:55 Enhanced worker 0: work queue closed, exiting
2025-08-19T13:09:55.5252070Z 2025/08/19 13:09:55 Enhanced worker 2: work queue closed, exiting
2025-08-19T13:09:55.5252697Z 2025/08/19 13:09:55 Enhanced worker 1: work queue closed, exiting
2025-08-19T13:09:55.5253283Z 2025/08/19 13:09:55 All enhanced workers stopped
2025-08-19T13:09:55.5253963Z 2025/08/19 13:09:55 Closing watcher...
2025-08-19T13:09:55.5254564Z 2025/08/19 13:09:55 Watcher closed
2025-08-19T13:09:55.5255227Z === RUN   TestComprehensiveSecuritySuite/FileSystemSecurity/Device_file_simulation
2025-08-19T13:09:55.5256408Z 2025/08/19 13:09:55 Loaded 0 file states from /tmp/TestComprehensiveSecuritySuite4205094976/001/handoff/.conductor-state.json
2025-08-19T13:09:55.5257341Z 2025/08/19 13:09:55 Metrics server disabled (port=0)
2025-08-19T13:09:55.5258236Z 2025/08/19 13:09:55 LOOP:START - Starting watcher on directory: /tmp/TestComprehensiveSecuritySuite4205094976/001/handoff
2025-08-19T13:09:55.5259433Z 2025/08/19 13:09:55 Configuration: workers=3, debounce=100ms, once=true, period=0s, metrics_port=0, processor=false
2025-08-19T13:09:55.5260223Z 2025/08/19 13:09:55 Enhanced worker 0 started
2025-08-19T13:09:55.5260704Z 2025/08/19 13:09:55 Started 3 enhanced workers
2025-08-19T13:09:55.5261178Z 2025/08/19 13:09:55 Enhanced worker 1 started
2025-08-19T13:09:55.5261816Z 2025/08/19 13:09:55 Enhanced worker 2 started
2025-08-19T13:09:55.5262382Z 2025/08/19 13:09:55 Queued 0 existing intent files for processing
2025-08-19T13:09:55.5263008Z 2025/08/19 13:09:55 Signaling enhanced workers to stop...
2025-08-19T13:09:55.5263594Z 2025/08/19 13:09:55 Waiting for enhanced workers to finish...
2025-08-19T13:09:55.5264396Z 2025/08/19 13:09:55 Enhanced worker 1: work queue closed, exiting
2025-08-19T13:09:55.5265054Z 2025/08/19 13:09:55 Enhanced worker 0: work queue closed, exiting
2025-08-19T13:09:55.5265670Z 2025/08/19 13:09:55 Enhanced worker 2: work queue closed, exiting
2025-08-19T13:09:55.5266240Z 2025/08/19 13:09:55 All enhanced workers stopped
2025-08-19T13:09:55.5266704Z 2025/08/19 13:09:55 Closing watcher...
2025-08-19T13:09:55.5267121Z 2025/08/19 13:09:55 Watcher closed
2025-08-19T13:09:55.5267620Z === RUN   TestComprehensiveSecuritySuite/ConcurrencySecurity
2025-08-19T13:09:55.5268646Z 2025/08/19 13:09:55 Loaded 0 file states from /tmp/TestComprehensiveSecuritySuite4205094976/001/handoff/.conductor-state.json
2025-08-19T13:09:55.5269632Z 2025/08/19 13:09:55 Metrics server disabled (port=0)
2025-08-19T13:09:55.5270544Z 2025/08/19 13:09:55 LOOP:START - Starting watcher on directory: /tmp/TestComprehensiveSecuritySuite4205094976/001/handoff
2025-08-19T13:09:55.5271777Z 2025/08/19 13:09:55 Configuration: workers=3, debounce=100ms, once=true, period=0s, metrics_port=0, processor=false
2025-08-19T13:09:55.5273054Z 2025/08/19 13:09:55 Loaded 0 file states from /tmp/TestComprehensiveSecuritySuite4205094976/001/handoff/.conductor-state.json
2025-08-19T13:09:55.5273966Z 2025/08/19 13:09:55 Enhanced worker 0 started
2025-08-19T13:09:55.5274614Z 2025/08/19 13:09:55 Started 3 enhanced workers
2025-08-19T13:09:55.5275094Z 2025/08/19 13:09:55 Enhanced worker 1 started
2025-08-19T13:09:55.5275554Z 2025/08/19 13:09:55 Enhanced worker 2 started
2025-08-19T13:09:55.5276105Z 2025/08/19 13:09:55 Queued 0 existing intent files for processing
2025-08-19T13:09:55.5276712Z 2025/08/19 13:09:55 Signaling enhanced workers to stop...
2025-08-19T13:09:55.5277289Z 2025/08/19 13:09:55 Waiting for enhanced workers to finish...
2025-08-19T13:09:55.5277893Z 2025/08/19 13:09:55 Enhanced worker 2: work queue closed, exiting
2025-08-19T13:09:55.5278504Z 2025/08/19 13:09:55 Enhanced worker 0: work queue closed, exiting
2025-08-19T13:09:55.5279105Z 2025/08/19 13:09:55 Enhanced worker 1: work queue closed, exiting
2025-08-19T13:09:55.5279653Z 2025/08/19 13:09:55 All enhanced workers stopped
2025-08-19T13:09:55.5280176Z 2025/08/19 13:09:55 Metrics server disabled (port=0)
2025-08-19T13:09:55.5281099Z 2025/08/19 13:09:55 LOOP:START - Starting watcher on directory: /tmp/TestComprehensiveSecuritySuite4205094976/001/handoff
2025-08-19T13:09:55.5282311Z 2025/08/19 13:09:55 Configuration: workers=3, debounce=100ms, once=true, period=0s, metrics_port=0, processor=false
2025-08-19T13:09:55.5283597Z 2025/08/19 13:09:55 Loaded 0 file states from /tmp/TestComprehensiveSecuritySuite4205094976/001/handoff/.conductor-state.json
2025-08-19T13:09:55.5284938Z 2025/08/19 13:09:55 Enhanced worker 0 started
2025-08-19T13:09:55.5285420Z 2025/08/19 13:09:55 Enhanced worker 1 started
2025-08-19T13:09:55.5285877Z 2025/08/19 13:09:55 Enhanced worker 2 started
2025-08-19T13:09:55.5286344Z 2025/08/19 13:09:55 Started 3 enhanced workers
2025-08-19T13:09:55.5286897Z 2025/08/19 13:09:55 Queued 0 existing intent files for processing
2025-08-19T13:09:55.5287482Z 2025/08/19 13:09:55 Signaling enhanced workers to stop...
2025-08-19T13:09:55.5288059Z 2025/08/19 13:09:55 Waiting for enhanced workers to finish...
2025-08-19T13:09:55.5288652Z 2025/08/19 13:09:55 Enhanced worker 1: work queue closed, exiting
2025-08-19T13:09:55.5289249Z 2025/08/19 13:09:55 Enhanced worker 0: work queue closed, exiting
2025-08-19T13:09:55.5289834Z 2025/08/19 13:09:55 Enhanced worker 2: work queue closed, exiting
2025-08-19T13:09:55.5290375Z 2025/08/19 13:09:55 All enhanced workers stopped
2025-08-19T13:09:55.5291048Z 2025/08/19 13:09:55 Metrics server disabled (port=0)
2025-08-19T13:09:55.5291957Z 2025/08/19 13:09:55 LOOP:START - Starting watcher on directory: /tmp/TestComprehensiveSecuritySuite4205094976/001/handoff
2025-08-19T13:09:55.5293254Z 2025/08/19 13:09:55 Loaded 0 file states from /tmp/TestComprehensiveSecuritySuite4205094976/001/handoff/.conductor-state.json
2025-08-19T13:09:55.5294649Z 2025/08/19 13:09:55 Configuration: workers=3, debounce=100ms, once=true, period=0s, metrics_port=0, processor=false
2025-08-19T13:09:55.5295441Z 2025/08/19 13:09:55 Started 3 enhanced workers
2025-08-19T13:09:55.5295895Z 2025/08/19 13:09:55 Enhanced worker 2 started
2025-08-19T13:09:55.5296387Z 2025/08/19 13:09:55 Enhanced worker 1 started
2025-08-19T13:09:55.5296833Z 2025/08/19 13:09:55 Enhanced worker 0 started
2025-08-19T13:09:55.5297355Z 2025/08/19 13:09:55 Queued 0 existing intent files for processing
2025-08-19T13:09:55.5297951Z 2025/08/19 13:09:55 Signaling enhanced workers to stop...
2025-08-19T13:09:55.5298530Z 2025/08/19 13:09:55 Waiting for enhanced workers to finish...
2025-08-19T13:09:55.5299134Z 2025/08/19 13:09:55 Enhanced worker 2: work queue closed, exiting
2025-08-19T13:09:55.5299737Z 2025/08/19 13:09:55 Enhanced worker 0: work queue closed, exiting
2025-08-19T13:09:55.5300357Z 2025/08/19 13:09:55 Enhanced worker 1: work queue closed, exiting
2025-08-19T13:09:55.5300920Z 2025/08/19 13:09:55 All enhanced workers stopped
2025-08-19T13:09:55.5301430Z 2025/08/19 13:09:55 Metrics server disabled (port=0)
2025-08-19T13:09:55.5302354Z 2025/08/19 13:09:55 LOOP:START - Starting watcher on directory: /tmp/TestComprehensiveSecuritySuite4205094976/001/handoff
2025-08-19T13:09:55.5303544Z 2025/08/19 13:09:55 Configuration: workers=3, debounce=100ms, once=true, period=0s, metrics_port=0, processor=false
2025-08-19T13:09:55.5304852Z 2025/08/19 13:09:55 Started 3 enhanced workers
2025-08-19T13:09:55.5305718Z 2025/08/19 13:09:55 Loaded 0 file states from /tmp/TestComprehensiveSecuritySuite4205094976/001/handoff/.conductor-state.json
2025-08-19T13:09:55.5306533Z 2025/08/19 13:09:55 Enhanced worker 1 started
2025-08-19T13:09:55.5306943Z 2025/08/19 13:09:55 Enhanced worker 2 started
2025-08-19T13:09:55.5307322Z 2025/08/19 13:09:55 Enhanced worker 0 started
2025-08-19T13:09:55.5307799Z 2025/08/19 13:09:55 Queued 0 existing intent files for processing
2025-08-19T13:09:55.5308329Z 2025/08/19 13:09:55 Signaling enhanced workers to stop...
2025-08-19T13:09:55.5308832Z 2025/08/19 13:09:55 Waiting for enhanced workers to finish...
2025-08-19T13:09:55.5309342Z 2025/08/19 13:09:55 Enhanced worker 2: work queue closed, exiting
2025-08-19T13:09:55.5309864Z 2025/08/19 13:09:55 Enhanced worker 0: work queue closed, exiting
2025-08-19T13:09:55.5310376Z 2025/08/19 13:09:55 Enhanced worker 1: work queue closed, exiting
2025-08-19T13:09:55.5310836Z 2025/08/19 13:09:55 All enhanced workers stopped
2025-08-19T13:09:55.5311275Z 2025/08/19 13:09:55 Metrics server disabled (port=0)
2025-08-19T13:09:55.5312083Z 2025/08/19 13:09:55 LOOP:START - Starting watcher on directory: /tmp/TestComprehensiveSecuritySuite4205094976/001/handoff
2025-08-19T13:09:55.5313368Z 2025/08/19 13:09:55 Configuration: workers=3, debounce=100ms, once=true, period=0s, metrics_port=0, processor=false
2025-08-19T13:09:55.5314277Z 2025/08/19 13:09:55 Started 3 enhanced workers
2025-08-19T13:09:55.5314747Z 2025/08/19 13:09:55 Enhanced worker 0 started
2025-08-19T13:09:55.5315178Z 2025/08/19 13:09:55 Enhanced worker 1 started
2025-08-19T13:09:55.5315556Z 2025/08/19 13:09:55 Enhanced worker 2 started
2025-08-19T13:09:55.5316013Z 2025/08/19 13:09:55 Queued 0 existing intent files for processing
2025-08-19T13:09:55.5316536Z 2025/08/19 13:09:55 Signaling enhanced workers to stop...
2025-08-19T13:09:55.5317044Z 2025/08/19 13:09:55 Waiting for enhanced workers to finish...
2025-08-19T13:09:55.5317556Z 2025/08/19 13:09:55 Enhanced worker 2: work queue closed, exiting
2025-08-19T13:09:55.5318077Z 2025/08/19 13:09:55 Enhanced worker 0: work queue closed, exiting
2025-08-19T13:09:55.5318761Z 2025/08/19 13:09:55 Enhanced worker 1: work queue closed, exiting
2025-08-19T13:09:55.5319241Z 2025/08/19 13:09:55 All enhanced workers stopped
2025-08-19T13:09:55.5319627Z 2025/08/19 13:09:55 Closing watcher...
2025-08-19T13:09:55.5319970Z 2025/08/19 13:09:55 Watcher closed
2025-08-19T13:09:55.5320300Z 2025/08/19 13:09:55 Closing watcher...
2025-08-19T13:09:55.5320628Z 2025/08/19 13:09:55 Watcher closed
2025-08-19T13:09:55.5320951Z 2025/08/19 13:09:55 Closing watcher...
2025-08-19T13:09:55.5321281Z 2025/08/19 13:09:55 Watcher closed
2025-08-19T13:09:55.5321599Z 2025/08/19 13:09:55 Closing watcher...
2025-08-19T13:09:55.5321934Z 2025/08/19 13:09:55 Watcher closed
2025-08-19T13:09:55.5322261Z 2025/08/19 13:09:55 Closing watcher...
2025-08-19T13:09:55.5322591Z 2025/08/19 13:09:55 Watcher closed
2025-08-19T13:09:55.5323052Z === RUN   TestComprehensiveSecuritySuite/StateManagementSecurity
2025-08-19T13:09:55.5323708Z 2025/08/19 13:09:55 Loaded 0 file states from /tmp/TestComprehensiveSecuritySuite4205094976/001/handoff/.conductor-state.json
2025-08-19T13:09:55.5324542Z 2025/08/19 13:09:55 Metrics server disabled (port=0)
2025-08-19T13:09:55.5325102Z 2025/08/19 13:09:55 LOOP:START - Starting watcher on directory: /tmp/TestComprehensiveSecuritySuite4205094976/001/handoff
2025-08-19T13:09:55.5325814Z 2025/08/19 13:09:55 Configuration: workers=3, debounce=100ms, once=true, period=0s, metrics_port=0, processor=false
2025-08-19T13:09:55.5326285Z 2025/08/19 13:09:55 Started 3 enhanced workers
2025-08-19T13:09:55.5326564Z 2025/08/19 13:09:55 Enhanced worker 2 started
2025-08-19T13:09:55.5326823Z 2025/08/19 13:09:55 Enhanced worker 1 started
2025-08-19T13:09:55.5327081Z 2025/08/19 13:09:55 Enhanced worker 0 started
2025-08-19T13:09:55.5327395Z 2025/08/19 13:09:55 Queued 0 existing intent files for processing
2025-08-19T13:09:55.5327742Z 2025/08/19 13:09:55 Signaling enhanced workers to stop...
2025-08-19T13:09:55.5328084Z 2025/08/19 13:09:55 Waiting for enhanced workers to finish...
2025-08-19T13:09:55.5328451Z 2025/08/19 13:09:55 Enhanced worker 2: work queue closed, exiting
2025-08-19T13:09:55.5328811Z 2025/08/19 13:09:55 Enhanced worker 0: work queue closed, exiting
2025-08-19T13:09:55.5329162Z 2025/08/19 13:09:55 Enhanced worker 1: work queue closed, exiting
2025-08-19T13:09:55.5329482Z 2025/08/19 13:09:55 All enhanced workers stopped
2025-08-19T13:09:55.5329874Z     integration_security_test.go:795: 
2025-08-19T13:09:55.5330810Z         	Error Trace:	/home/runner/work/nephoran-intent-operator/nephoran-intent-operator/cmd/conductor-loop/integration_security_test.go:795
2025-08-19T13:09:55.5332456Z         	            				/home/runner/work/nephoran-intent-operator/nephoran-intent-operator/cmd/conductor-loop/integration_security_test.go:602
2025-08-19T13:09:55.5334151Z         	            				/home/runner/work/nephoran-intent-operator/nephoran-intent-operator/cmd/conductor-loop/integration_security_test.go:89
2025-08-19T13:09:55.5335562Z         	Error:      	"{\"files\":{\"$(whoami)\":{\"status\":\"processed\",\"timestamp\":\"2025-08-15T12:00:00Z\"},\"../../../etc/passwd\":{\"status\":\"processed\",\"timestamp\":\"2025-08-19T13:09:55Z\"}}}" should not contain "/etc/passwd"
2025-08-19T13:09:55.5336614Z         	Test:       	TestComprehensiveSecuritySuite/StateManagementSecurity
2025-08-19T13:09:55.5337247Z         	Messages:   	State file should not contain dangerous pattern: /etc/passwd
2025-08-19T13:09:55.5337664Z     integration_security_test.go:795: 
2025-08-19T13:09:55.5338555Z         	Error Trace:	/home/runner/work/nephoran-intent-operator/nephoran-intent-operator/cmd/conductor-loop/integration_security_test.go:795
2025-08-19T13:09:55.5340180Z         	            				/home/runner/work/nephoran-intent-operator/nephoran-intent-operator/cmd/conductor-loop/integration_security_test.go:602
2025-08-19T13:09:55.5341778Z         	            				/home/runner/work/nephoran-intent-operator/nephoran-intent-operator/cmd/conductor-loop/integration_security_test.go:89
2025-08-19T13:09:55.5343283Z         	Error:      	"{\"files\":{\"$(whoami)\":{\"status\":\"processed\",\"timestamp\":\"2025-08-15T12:00:00Z\"},\"../../../etc/passwd\":{\"status\":\"processed\",\"timestamp\":\"2025-08-19T13:09:55Z\"}}}" should not contain "$(whoami)"
2025-08-19T13:09:55.5344286Z         	Test:       	TestComprehensiveSecuritySuite/StateManagementSecurity
2025-08-19T13:09:55.5344865Z         	Messages:   	State file should not contain dangerous pattern: $(whoami)
2025-08-19T13:09:55.5345207Z 2025/08/19 13:09:55 Closing watcher...
2025-08-19T13:09:55.5345445Z 2025/08/19 13:09:55 Watcher closed
2025-08-19T13:09:55.5345764Z === RUN   TestComprehensiveSecuritySuite/ConfigurationSecurity
2025-08-19T13:09:55.5346238Z === RUN   TestComprehensiveSecuritySuite/ConfigurationSecurity/Negative_worker_count
2025-08-19T13:09:55.5346912Z 2025/08/19 13:09:55 Loaded 0 file states from /tmp/TestComprehensiveSecuritySuite4205094976/001/handoff/.conductor-state.json
2025-08-19T13:09:55.5347458Z 2025/08/19 13:09:55 Metrics server disabled (port=0)
2025-08-19T13:09:55.5347729Z 2025/08/19 13:09:55 Closing watcher...
2025-08-19T13:09:55.5347972Z 2025/08/19 13:09:55 Watcher closed
2025-08-19T13:09:55.5348393Z === RUN   TestComprehensiveSecuritySuite/ConfigurationSecurity/Extremely_large_worker_count
2025-08-19T13:09:55.5349056Z     integration_security_test.go:653: 
2025-08-19T13:09:55.5350096Z         	Error Trace:	/home/runner/work/nephoran-intent-operator/nephoran-intent-operator/cmd/conductor-loop/integration_security_test.go:653
2025-08-19T13:09:55.5350897Z         	Error:      	Received unexpected error:
2025-08-19T13:09:55.5351824Z         	            	invalid configuration: max_workers 999999 exceeds safe limit of 16 (4x CPU cores)
2025-08-19T13:09:55.5352732Z         	Test:       	TestComprehensiveSecuritySuite/ConfigurationSecurity/Extremely_large_worker_count
2025-08-19T13:09:55.5353379Z         	Messages:   	Should handle configuration safely
2025-08-19T13:09:55.5353989Z === RUN   TestComprehensiveSecuritySuite/ConfigurationSecurity/Negative_timeout
2025-08-19T13:09:55.5354972Z 2025/08/19 13:09:55 Loaded 0 file states from /tmp/TestComprehensiveSecuritySuite4205094976/001/handoff/.conductor-state.json
2025-08-19T13:09:55.5355678Z 2025/08/19 13:09:55 Metrics server disabled (port=0)
2025-08-19T13:09:55.5356069Z 2025/08/19 13:09:55 Closing watcher...
2025-08-19T13:09:55.5356341Z 2025/08/19 13:09:55 Watcher closed
2025-08-19T13:09:55.5356791Z === RUN   TestComprehensiveSecuritySuite/ConfigurationSecurity/Path_traversal_in_output_directory
2025-08-19T13:09:55.5357510Z 2025/08/19 13:09:55 Loaded 0 file states from /tmp/TestComprehensiveSecuritySuite4205094976/001/handoff/.conductor-state.json
2025-08-19T13:09:55.5358056Z 2025/08/19 13:09:55 Metrics server disabled (port=0)
2025-08-19T13:09:55.5358341Z 2025/08/19 13:09:55 Closing watcher...
2025-08-19T13:09:55.5358574Z 2025/08/19 13:09:55 Watcher closed
2025-08-19T13:09:55.5358824Z === NAME  TestComprehensiveSecuritySuite
2025-08-19T13:09:55.5359670Z     testing.go:1267: TempDir RemoveAll cleanup: unlinkat /tmp/TestComprehensiveSecuritySuite4205094976/001/handoff: directory not empty
2025-08-19T13:09:55.5360655Z --- FAIL: TestComprehensiveSecuritySuite (0.23s)
2025-08-19T13:09:55.5361332Z     --- PASS: TestComprehensiveSecuritySuite/InputValidationSecurity (0.04s)
2025-08-19T13:09:55.5362208Z         --- PASS: TestComprehensiveSecuritySuite/InputValidationSecurity/SQL_injection_attempt (0.01s)
2025-08-19T13:09:55.5363088Z         --- PASS: TestComprehensiveSecuritySuite/InputValidationSecurity/XSS_attempt (0.01s)
2025-08-19T13:09:55.5363985Z         --- PASS: TestComprehensiveSecuritySuite/InputValidationSecurity/Buffer_overflow_attempt (0.00s)
2025-08-19T13:09:55.5365264Z         --- PASS: TestComprehensiveSecuritySuite/InputValidationSecurity/Control_character_injection (0.02s)
2025-08-19T13:09:55.5366150Z         --- PASS: TestComprehensiveSecuritySuite/InputValidationSecurity/JSON_bomb (0.01s)
2025-08-19T13:09:55.5366795Z     --- PASS: TestComprehensiveSecuritySuite/PathTraversalSecurity (0.02s)
2025-08-19T13:09:55.5367802Z         --- PASS: TestComprehensiveSecuritySuite/PathTraversalSecurity/Unix_path_traversal (0.00s)
2025-08-19T13:09:55.5368785Z         --- PASS: TestComprehensiveSecuritySuite/PathTraversalSecurity/Windows_path_traversal (0.01s)
2025-08-19T13:09:55.5369734Z         --- PASS: TestComprehensiveSecuritySuite/PathTraversalSecurity/URL_encoded_path_traversal (0.01s)
2025-08-19T13:09:55.5370695Z         --- PASS: TestComprehensiveSecuritySuite/PathTraversalSecurity/Double_encoded_path_traversal (0.01s)
2025-08-19T13:09:55.5371468Z     --- PASS: TestComprehensiveSecuritySuite/CommandInjectionSecurity (0.02s)
2025-08-19T13:09:55.5372316Z         --- PASS: TestComprehensiveSecuritySuite/CommandInjectionSecurity/Semicolon_injection (0.00s)
2025-08-19T13:09:55.5373211Z         --- PASS: TestComprehensiveSecuritySuite/CommandInjectionSecurity/Pipe_injection (0.00s)
2025-08-19T13:09:55.5374330Z         --- PASS: TestComprehensiveSecuritySuite/CommandInjectionSecurity/Ampersand_injection (0.00s)
2025-08-19T13:09:55.5375300Z         --- PASS: TestComprehensiveSecuritySuite/CommandInjectionSecurity/Backtick_injection (0.00s)
2025-08-19T13:09:55.5376206Z         --- PASS: TestComprehensiveSecuritySuite/CommandInjectionSecurity/Dollar_injection (0.00s)
2025-08-19T13:09:55.5376934Z     --- PASS: TestComprehensiveSecuritySuite/ResourceExhaustionSecurity (0.08s)
2025-08-19T13:09:55.5377775Z         --- PASS: TestComprehensiveSecuritySuite/ResourceExhaustionSecurity/Many_small_files (0.02s)
2025-08-19T13:09:55.5378655Z         --- PASS: TestComprehensiveSecuritySuite/ResourceExhaustionSecurity/Large_files (0.05s)
2025-08-19T13:09:55.5379580Z         --- PASS: TestComprehensiveSecuritySuite/ResourceExhaustionSecurity/Rapid_file_creation (0.00s)
2025-08-19T13:09:55.5380301Z     --- PASS: TestComprehensiveSecuritySuite/FileSystemSecurity (0.03s)
2025-08-19T13:09:55.5381088Z         --- PASS: TestComprehensiveSecuritySuite/FileSystemSecurity/Symlink_to_sensitive_file (0.01s)
2025-08-19T13:09:55.5381881Z         --- PASS: TestComprehensiveSecuritySuite/FileSystemSecurity/FIFO_pipe (0.01s)
2025-08-19T13:09:55.5382763Z         --- PASS: TestComprehensiveSecuritySuite/FileSystemSecurity/Device_file_simulation (0.01s)
2025-08-19T13:09:55.5383374Z     --- PASS: TestComprehensiveSecuritySuite/ConcurrencySecurity (0.02s)
2025-08-19T13:09:55.5384170Z     --- FAIL: TestComprehensiveSecuritySuite/StateManagementSecurity (0.01s)
2025-08-19T13:09:55.5384846Z     --- FAIL: TestComprehensiveSecuritySuite/ConfigurationSecurity (0.01s)
2025-08-19T13:09:55.5385667Z         --- PASS: TestComprehensiveSecuritySuite/ConfigurationSecurity/Negative_worker_count (0.00s)
2025-08-19T13:09:55.5386609Z         --- FAIL: TestComprehensiveSecuritySuite/ConfigurationSecurity/Extremely_large_worker_count (0.00s)
2025-08-19T13:09:55.5387510Z         --- PASS: TestComprehensiveSecuritySuite/ConfigurationSecurity/Negative_timeout (0.00s)
2025-08-19T13:09:55.5388576Z         --- PASS: TestComprehensiveSecuritySuite/ConfigurationSecurity/Path_traversal_in_output_directory (0.00s)
2025-08-19T13:09:55.5389077Z === RUN   TestOnceMode_ExitCodes
2025-08-19T13:09:55.5389729Z === RUN   TestOnceMode_ExitCodes/all_files_processed_successfully
2025-08-19T13:09:55.5390695Z 2025/08/19 13:09:55 Warning: Porch validation failed: porch validation failed: fork/exec /tmp/TestOnceMode_ExitCodesall_files_processed_successfully1664794716/001/mock-porch.bat: exec format error
2025-08-19T13:09:55.5391573Z 2025/08/19 13:09:55 Metrics server disabled (port=0)
2025-08-19T13:09:55.5392289Z 2025/08/19 13:09:55 LOOP:START - Starting watcher on directory: /tmp/TestOnceMode_ExitCodesall_files_processed_successfully1664794716/001/handoff
2025-08-19T13:09:55.5393160Z 2025/08/19 13:09:55 Configuration: workers=2, debounce=100ms, once=true, period=0s, metrics_port=0, processor=false
2025-08-19T13:09:55.5393748Z 2025/08/19 13:09:55 Started 2 enhanced workers
2025-08-19T13:09:55.5394134Z 2025/08/19 13:09:55 Enhanced worker 1 started
2025-08-19T13:09:55.5394541Z 2025/08/19 13:09:55 Enhanced worker 0 started
2025-08-19T13:09:55.5395014Z 2025/08/19 13:09:55 Queued 1 existing intent files for processing
2025-08-19T13:09:55.5395529Z 2025/08/19 13:09:55 Signaling enhanced workers to stop...
2025-08-19T13:09:55.5395991Z 2025/08/19 13:09:55 LOOP:PROCESS - Worker 1 processing file: intent-test1.json (attempt 1)
2025-08-19T13:09:55.5396532Z 2025/08/19 13:09:55 Enhanced worker 0: work queue closed, exiting
2025-08-19T13:09:55.5396988Z 2025/08/19 13:09:55 Waiting for enhanced workers to finish...
2025-08-19T13:09:55.5397671Z 2025/08/19 13:09:55 LOOP:ERROR - Worker 1: JSON validation failed for intent-test1.json: intent validation failed: missing required field: namespace
2025-08-19T13:09:55.5399090Z 2025/08/19 13:09:55 Moved file /tmp/TestOnceMode_ExitCodesall_files_processed_successfully1664794716/001/handoff/intent-test1.json to /tmp/TestOnceMode_ExitCodesall_files_processed_successfully1664794716/001/handoff/failed/intent-test1.json
2025-08-19T13:09:55.5400598Z 2025/08/19 13:09:55 Created error log: /tmp/TestOnceMode_ExitCodesall_files_processed_successfully1664794716/001/handoff/failed/intent-test1.json.error.log
2025-08-19T13:09:55.5401588Z 2025/08/19 13:09:55 Created directory: /tmp/TestOnceMode_ExitCodesall_files_processed_successfully1664794716/001/handoff/status
2025-08-19T13:09:55.5402725Z 2025/08/19 13:09:55 Status written atomically to: /tmp/TestOnceMode_ExitCodesall_files_processed_successfully1664794716/001/handoff/status/intent-test1.json-20250819-130955.status
2025-08-19T13:09:55.5403510Z 2025/08/19 13:09:55 Enhanced worker 1: work queue closed, exiting
2025-08-19T13:09:55.5403965Z 2025/08/19 13:09:55 All enhanced workers stopped
2025-08-19T13:09:55.5404556Z     main_once_test.go:111: 
2025-08-19T13:09:55.5405501Z         	Error Trace:	/home/runner/work/nephoran-intent-operator/nephoran-intent-operator/cmd/conductor-loop/main_once_test.go:111
2025-08-19T13:09:55.5406106Z         	Error:      	Not equal: 
2025-08-19T13:09:55.5406431Z         	            	expected: 0
2025-08-19T13:09:55.5406756Z         	            	actual  : 1
2025-08-19T13:09:55.5407208Z         	Test:       	TestOnceMode_ExitCodes/all_files_processed_successfully
2025-08-19T13:09:55.5408355Z         	Messages:   	Failed count mismatch. Failed files: [/tmp/TestOnceMode_ExitCodesall_files_processed_successfully1664794716/001/handoff/failed/intent-test1.json]
2025-08-19T13:09:55.5409006Z     main_once_test.go:122: 
2025-08-19T13:09:55.5409789Z         	Error Trace:	/home/runner/work/nephoran-intent-operator/nephoran-intent-operator/cmd/conductor-loop/main_once_test.go:122
2025-08-19T13:09:55.5410381Z         	Error:      	Not equal: 
2025-08-19T13:09:55.5410692Z         	            	expected: 0
2025-08-19T13:09:55.5411003Z         	            	actual  : 8
2025-08-19T13:09:55.5411578Z         	Test:       	TestOnceMode_ExitCodes/all_files_processed_successfully
2025-08-19T13:09:55.5412174Z         	Messages:   	Exit code mismatch for test case: all_files_processed_successfully
2025-08-19T13:09:55.5412540Z 2025/08/19 13:09:55 Closing watcher...
2025-08-19T13:09:55.5412782Z 2025/08/19 13:09:55 Watcher closed
2025-08-19T13:09:55.5413053Z === RUN   TestOnceMode_ExitCodes/some_files_failed
2025-08-19T13:09:55.5413951Z 2025/08/19 13:09:55 Warning: Porch validation failed: porch validation failed: fork/exec /tmp/TestOnceMode_ExitCodessome_files_failed3460368078/001/mock-porch.bat: exec format error
2025-08-19T13:09:55.5414810Z 2025/08/19 13:09:55 Metrics server disabled (port=0)
2025-08-19T13:09:55.5415353Z 2025/08/19 13:09:55 LOOP:START - Starting watcher on directory: /tmp/TestOnceMode_ExitCodessome_files_failed3460368078/001/handoff
2025-08-19T13:09:55.5416061Z 2025/08/19 13:09:55 Configuration: workers=2, debounce=100ms, once=true, period=0s, metrics_port=0, processor=false
2025-08-19T13:09:55.5416524Z 2025/08/19 13:09:55 Started 2 enhanced workers
2025-08-19T13:09:55.5416804Z 2025/08/19 13:09:55 Enhanced worker 0 started
2025-08-19T13:09:55.5417072Z 2025/08/19 13:09:55 Enhanced worker 1 started
2025-08-19T13:09:55.5417472Z 2025/08/19 13:09:55 LOOP:PROCESS - Worker 0 processing file: intent-invalid.json (attempt 1)
2025-08-19T13:09:55.5418109Z 2025/08/19 13:09:55 LOOP:PROCESS - Worker 1 processing file: intent-valid.json (attempt 1)
2025-08-19T13:09:55.5418748Z 2025/08/19 13:09:55 Queued 2 existing intent files for processing
2025-08-19T13:09:55.5419337Z 2025/08/19 13:09:55 LOOP:ERROR - Worker 0: JSON validation failed for intent-invalid.json: JSON bomb detected: invalid character 'i'
2025-08-19T13:09:55.5419883Z 2025/08/19 13:09:55 Signaling enhanced workers to stop...
2025-08-19T13:09:55.5420240Z 2025/08/19 13:09:55 Waiting for enhanced workers to finish...
2025-08-19T13:09:55.5420853Z 2025/08/19 13:09:55 LOOP:ERROR - Worker 1: JSON validation failed for intent-valid.json: intent validation failed: missing required field: namespace
2025-08-19T13:09:55.5421984Z 2025/08/19 13:09:55 Moved file /tmp/TestOnceMode_ExitCodessome_files_failed3460368078/001/handoff/intent-invalid.json to /tmp/TestOnceMode_ExitCodessome_files_failed3460368078/001/handoff/failed/intent-invalid.json
2025-08-19T13:09:55.5423117Z 2025/08/19 13:09:55 Created error log: /tmp/TestOnceMode_ExitCodessome_files_failed3460368078/001/handoff/failed/intent-invalid.json.error.log
2025-08-19T13:09:55.5423882Z 2025/08/19 13:09:55 Created directory: /tmp/TestOnceMode_ExitCodessome_files_failed3460368078/001/handoff/status
2025-08-19T13:09:55.5424972Z 2025/08/19 13:09:55 Status written atomically to: /tmp/TestOnceMode_ExitCodessome_files_failed3460368078/001/handoff/status/intent-invalid.json-20250819-130955.status
2025-08-19T13:09:55.5425666Z 2025/08/19 13:09:55 Enhanced worker 0: work queue closed, exiting
2025-08-19T13:09:55.5426534Z 2025/08/19 13:09:55 Moved file /tmp/TestOnceMode_ExitCodessome_files_failed3460368078/001/handoff/intent-valid.json to /tmp/TestOnceMode_ExitCodessome_files_failed3460368078/001/handoff/failed/intent-valid.json
2025-08-19T13:09:55.5427614Z 2025/08/19 13:09:55 Created error log: /tmp/TestOnceMode_ExitCodessome_files_failed3460368078/001/handoff/failed/intent-valid.json.error.log
2025-08-19T13:09:55.5428547Z 2025/08/19 13:09:55 Status written atomically to: /tmp/TestOnceMode_ExitCodessome_files_failed3460368078/001/handoff/status/intent-valid.json-20250819-130955.status
2025-08-19T13:09:55.5429229Z 2025/08/19 13:09:55 Enhanced worker 1: work queue closed, exiting
2025-08-19T13:09:55.5429558Z 2025/08/19 13:09:55 All enhanced workers stopped
2025-08-19T13:09:55.5429867Z     main_once_test.go:111: 
2025-08-19T13:09:55.5430665Z         	Error Trace:	/home/runner/work/nephoran-intent-operator/nephoran-intent-operator/cmd/conductor-loop/main_once_test.go:111
2025-08-19T13:09:55.5431265Z         	Error:      	Not equal: 
2025-08-19T13:09:55.5431587Z         	            	expected: 1
2025-08-19T13:09:55.5432056Z         	            	actual  : 2
2025-08-19T13:09:55.5432443Z         	Test:       	TestOnceMode_ExitCodes/some_files_failed
2025-08-19T13:09:55.5433864Z         	Messages:   	Failed count mismatch. Failed files: [/tmp/TestOnceMode_ExitCodessome_files_failed3460368078/001/handoff/failed/intent-invalid.json /tmp/TestOnceMode_ExitCodessome_files_failed3460368078/001/handoff/failed/intent-valid.json]
2025-08-19T13:09:55.5435098Z 2025/08/19 13:09:55 Closing watcher...
2025-08-19T13:09:55.5435346Z 2025/08/19 13:09:55 Watcher closed
2025-08-19T13:09:55.5435630Z === RUN   TestOnceMode_ExitCodes/no_files_to_process
2025-08-19T13:09:55.5436381Z 2025/08/19 13:09:55 Warning: Porch validation failed: porch validation failed: fork/exec /tmp/TestOnceMode_ExitCodesno_files_to_process3581864632/001/mock-porch.bat: exec format error
2025-08-19T13:09:55.5437127Z 2025/08/19 13:09:55 Metrics server disabled (port=0)
2025-08-19T13:09:55.5437688Z 2025/08/19 13:09:55 LOOP:START - Starting watcher on directory: /tmp/TestOnceMode_ExitCodesno_files_to_process3581864632/001/handoff
2025-08-19T13:09:55.5438404Z 2025/08/19 13:09:55 Configuration: workers=2, debounce=100ms, once=true, period=0s, metrics_port=0, processor=false
2025-08-19T13:09:55.5438881Z 2025/08/19 13:09:55 Started 2 enhanced workers
2025-08-19T13:09:55.5439154Z 2025/08/19 13:09:55 Enhanced worker 1 started
2025-08-19T13:09:55.5439560Z 2025/08/19 13:09:55 Enhanced worker 0 started
2025-08-19T13:09:55.5439897Z 2025/08/19 13:09:55 Queued 0 existing intent files for processing
2025-08-19T13:09:55.5440248Z 2025/08/19 13:09:55 Signaling enhanced workers to stop...
2025-08-19T13:09:55.5440590Z 2025/08/19 13:09:55 Waiting for enhanced workers to finish...
2025-08-19T13:09:55.5440950Z 2025/08/19 13:09:55 Enhanced worker 0: work queue closed, exiting
2025-08-19T13:09:55.5441300Z 2025/08/19 13:09:55 Enhanced worker 1: work queue closed, exiting
2025-08-19T13:09:55.5441618Z 2025/08/19 13:09:55 All enhanced workers stopped
2025-08-19T13:09:55.5441890Z 2025/08/19 13:09:55 Closing watcher...
2025-08-19T13:09:55.5442130Z 2025/08/19 13:09:55 Watcher closed
2025-08-19T13:09:55.5442375Z --- FAIL: TestOnceMode_ExitCodes (0.33s)
2025-08-19T13:09:55.5442808Z     --- FAIL: TestOnceMode_ExitCodes/all_files_processed_successfully (0.11s)
2025-08-19T13:09:55.5443277Z     --- FAIL: TestOnceMode_ExitCodes/some_files_failed (0.11s)
2025-08-19T13:09:55.5443693Z     --- PASS: TestOnceMode_ExitCodes/no_files_to_process (0.11s)
2025-08-19T13:09:55.5444185Z === RUN   TestMain_FlagParsing
2025-08-19T13:09:55.5444498Z === RUN   TestMain_FlagParsing/default_flags
2025-08-19T13:09:55.5444785Z === RUN   TestMain_FlagParsing/custom_flags
2025-08-19T13:09:55.5445162Z /tmp/go-build1899286154/b001/conductor-loop.test flag redefined: handoff
2025-08-19T13:09:55.5445539Z --- FAIL: TestMain_FlagParsing (0.00s)
2025-08-19T13:09:55.5445875Z     --- PASS: TestMain_FlagParsing/default_flags (0.00s)
2025-08-19T13:09:55.5446235Z     --- FAIL: TestMain_FlagParsing/custom_flags (0.00s)
2025-08-19T13:09:55.5446703Z panic: /tmp/go-build1899286154/b001/conductor-loop.test flag redefined: handoff [recovered]
2025-08-19T13:09:55.5447273Z 	panic: /tmp/go-build1899286154/b001/conductor-loop.test flag redefined: handoff
2025-08-19T13:09:55.5447561Z 
2025-08-19T13:09:55.5447654Z goroutine 338 [running]:
2025-08-19T13:09:55.5447903Z testing.tRunner.func1.2({0xbc8620, 0xc00003b230})
2025-08-19T13:09:55.5448333Z 	/opt/hostedtoolcache/go/1.24.6/x64/src/testing/testing.go:1734 +0x3eb
2025-08-19T13:09:55.5448684Z testing.tRunner.func1()
2025-08-19T13:09:55.5449014Z 	/opt/hostedtoolcache/go/1.24.6/x64/src/testing/testing.go:1737 +0x696
2025-08-19T13:09:55.5449369Z panic({0xbc8620?, 0xc00003b230?})
2025-08-19T13:09:55.5449722Z 	/opt/hostedtoolcache/go/1.24.6/x64/src/runtime/panic.go:792 +0x132
2025-08-19T13:09:55.5450207Z flag.(*FlagSet).Var(0xc00013c000, {0xd8b308, 0xc00013ca80}, {0xc9d15b, 0x7}, {0xcb0b24, 0x23})
2025-08-19T13:09:55.5450706Z 	/opt/hostedtoolcache/go/1.24.6/x64/src/flag/flag.go:1028 +0x54d
2025-08-19T13:09:55.5451034Z flag.StringVar(...)
2025-08-19T13:09:55.5451313Z 	/opt/hostedtoolcache/go/1.24.6/x64/src/flag/flag.go:885
2025-08-19T13:09:55.5451745Z github.com/thc1006/nephoran-intent-operator/cmd/conductor-loop.parseFlags()
2025-08-19T13:09:55.5452415Z 	/home/runner/work/nephoran-intent-operator/nephoran-intent-operator/cmd/conductor-loop/main.go:226 +0x19f
2025-08-19T13:09:55.5453151Z github.com/thc1006/nephoran-intent-operator/cmd/conductor-loop.TestMain_FlagParsing.func3(0xc0000ff6c0)
2025-08-19T13:09:55.5454305Z 	/home/runner/work/nephoran-intent-operator/nephoran-intent-operator/cmd/conductor-loop/main_test.go:92 +0x353
2025-08-19T13:09:55.5454838Z testing.tRunner(0xc0000ff6c0, 0xc0000fd800)
2025-08-19T13:09:55.5455235Z 	/opt/hostedtoolcache/go/1.24.6/x64/src/testing/testing.go:1792 +0x226
2025-08-19T13:09:55.5455612Z created by testing.(*T).Run in goroutine 336
2025-08-19T13:09:55.5455991Z 	/opt/hostedtoolcache/go/1.24.6/x64/src/testing/testing.go:1851 +0x8f3
2025-08-19T13:09:55.5456469Z FAIL	github.com/thc1006/nephoran-intent-operator/cmd/conductor-loop	0.601s
2025-08-19T13:09:55.5456976Z FAIL	github.com/thc1006/nephoran-intent-operator/internal/loop [build failed]
2025-08-19T13:09:55.5457337Z FAIL
2025-08-19T13:09:55.6192642Z ##[error]Process completed with exit code 1.
2025-08-19T13:09:55.6283392Z Post job cleanup.
2025-08-19T13:09:55.7236051Z [command]/usr/bin/git version
2025-08-19T13:09:55.7277187Z git version 2.50.1
2025-08-19T13:09:55.7322164Z Temporarily overriding HOME='/home/runner/work/_temp/4011827a-ab0b-4c89-8c3c-9971db241b3a' before making global git config changes
2025-08-19T13:09:55.7323524Z Adding repository directory to the temporary git global config as a safe directory
2025-08-19T13:09:55.7336950Z [command]/usr/bin/git config --global --add safe.directory /home/runner/work/nephoran-intent-operator/nephoran-intent-operator
2025-08-19T13:09:55.7376233Z [command]/usr/bin/git config --local --name-only --get-regexp core\.sshCommand
2025-08-19T13:09:55.7411924Z [command]/usr/bin/git submodule foreach --recursive sh -c "git config --local --name-only --get-regexp 'core\.sshCommand' && git config --local --unset-all 'core.sshCommand' || :"
2025-08-19T13:09:55.7678060Z [command]/usr/bin/git config --local --name-only --get-regexp http\.https\:\/\/github\.com\/\.extraheader
2025-08-19T13:09:55.7702578Z http.https://github.com/.extraheader
2025-08-19T13:09:55.7716626Z [command]/usr/bin/git config --local --unset-all http.https://github.com/.extraheader
2025-08-19T13:09:55.7753582Z [command]/usr/bin/git submodule foreach --recursive sh -c "git config --local --name-only --get-regexp 'http\.https\:\/\/github\.com\/\.extraheader' && git config --local --unset-all 'http.https://github.com/.extraheader' || :"
2025-08-19T13:09:55.8117681Z Post job cleanup.
2025-08-19T13:09:55.8848361Z [harden-runner] post-step
2025-08-19T13:09:56.8874722Z log:
2025-08-19T13:09:56.8875770Z Tue, 19 Aug 2025 13:09:00 GMT:[buildInfo] tag=v0.14.2 commit=a33c48b038c7b6ac98c789579037e76204e082d0 branch=HEAD 
2025-08-19T13:09:56.8876484Z 
2025-08-19T13:09:56.8876657Z Tue, 19 Aug 2025 13:09:00 GMT:read config 
2025-08-19T13:09:56.8879567Z  &{Repo:thc1006/nephoran-intent-operator CorrelationId:28abf3f7-5677-455f-b845-31596c72d9b8 RunId:17070554235 WorkingDirectory:/home/runner/work/nephoran-intent-operator/nephoran-intent-operator APIURL:https://agent.api.stepsecurity.io/v1 OneTimeKey: Endpoints:map[] EgressPolicy:audit DisableTelemetry:false DisableSudo:false DisableSudoAndContainers:false DisableFileMonitoring:false Private:false}
2025-08-19T13:09:56.8881971Z 
2025-08-19T13:09:56.8882382Z Tue, 19 Aug 2025 13:09:00 GMT:Step Security Job Correlation ID: 28abf3f7-5677-455f-b845-31596c72d9b8
2025-08-19T13:09:56.8882898Z 
2025-08-19T13:09:56.8883310Z Tue, 19 Aug 2025 13:09:01 GMT:Global feature flags: {AgentType:agent-oss EnableArmour:true}
2025-08-19T13:09:56.8884242Z Tue, 19 Aug 2025 13:09:01 GMT:initialized global feature flags
2025-08-19T13:09:56.8884643Z 
2025-08-19T13:09:56.8884842Z Tue, 19 Aug 2025 13:09:01 GMT:started process monitor
2025-08-19T13:09:56.8885166Z 
2025-08-19T13:09:56.8885360Z Tue, 19 Aug 2025 13:09:01 GMT:Monitor Processes called
2025-08-19T13:09:56.8885865Z Tue, 19 Aug 2025 13:09:01 GMT:NewAuditClient created
2025-08-19T13:09:56.8886343Z Tue, 19 Aug 2025 13:09:01 GMT:Status is enabled
2025-08-19T13:09:56.8886784Z Tue, 19 Aug 2025 13:09:01 GMT:Rules deleted
2025-08-19T13:09:56.8887582Z Tue, 19 Aug 2025 13:09:01 GMT:File monitor added for /home/runner/work/nephoran-intent-operator/nephoran-intent-operator
2025-08-19T13:09:56.8888716Z Tue, 19 Aug 2025 13:09:01 GMT:Agent file monitor added
2025-08-19T13:09:56.8889118Z Tue, 19 Aug 2025 13:09:01 GMT:Docker's daemon.json file monitor added
2025-08-19T13:09:56.8889564Z Tue, 19 Aug 2025 13:09:01 GMT:Systemd's resolved.conf file monitor added
2025-08-19T13:09:56.8889941Z Tue, 19 Aug 2025 13:09:01 GMT:Net monitor added
2025-08-19T13:09:56.8890275Z Tue, 19 Aug 2025 13:09:01 GMT:Process monitor added
2025-08-19T13:09:56.8890604Z Tue, 19 Aug 2025 13:09:01 GMT:receive called
2025-08-19T13:09:56.8890795Z 
2025-08-19T13:09:56.8890799Z 
2025-08-19T13:09:56.8890928Z Tue, 19 Aug 2025 13:09:01 GMT:updated resolved
2025-08-19T13:09:56.8891125Z 
2025-08-19T13:09:56.8891248Z Tue, 19 Aug 2025 13:09:02 GMT:set docker config
2025-08-19T13:09:56.8891443Z 
2025-08-19T13:09:56.8891565Z Tue, 19 Aug 2025 13:09:02 GMT:before audit rules
2025-08-19T13:09:56.8891881Z Tue, 19 Aug 2025 13:09:02 GMT:added audit rules
2025-08-19T13:09:56.8892192Z Tue, 19 Aug 2025 13:09:02 GMT:Armour is enabled
2025-08-19T13:09:56.8892502Z Tue, 19 Aug 2025 13:09:03 GMT:Armour attached
2025-08-19T13:09:56.8892791Z Tue, 19 Aug 2025 13:09:03 GMT:done
2025-08-19T13:09:56.8894146Z Tue, 19 Aug 2025 13:09:03 GMT:[Source code overwritten] file: /home/runner/work/nephoran-intent-operator/nephoran-intent-operator/.git/config.lock syscall: openat by exe: /usr/bin/git [324c8e1c70df886c33f9de6baea3e69badf185588d7724d68da69d4be7933a74] Timestamp: 2025-08-19T13:09:03.734Z
2025-08-19T13:09:56.8896237Z Tue, 19 Aug 2025 13:09:03 GMT:[Source code overwritten] file: /home/runner/work/nephoran-intent-operator/nephoran-intent-operator/.git/config syscall: rename by exe: /usr/bin/git [324c8e1c70df886c33f9de6baea3e69badf185588d7724d68da69d4be7933a74] Timestamp: 2025-08-19T13:09:03.734Z
2025-08-19T13:09:56.8898325Z Tue, 19 Aug 2025 13:09:03 GMT:[Source code overwritten] file: /home/runner/work/nephoran-intent-operator/nephoran-intent-operator/.git/config.lock syscall: openat by exe: /usr/bin/git [324c8e1c70df886c33f9de6baea3e69badf185588d7724d68da69d4be7933a74] Timestamp: 2025-08-19T13:09:03.734Z
2025-08-19T13:09:56.8899547Z Tue, 19 Aug 2025 13:09:03 GMT:domain resolved: github.com., ip address: 140.82.114.4, TTL: 60
2025-08-19T13:09:56.8901409Z Tue, 19 Aug 2025 13:09:03 GMT:[Source code overwritten] file: /home/runner/work/nephoran-intent-operator/nephoran-intent-operator/.git/config syscall: openat by exe: /home/runner/actions-runner/cached/externals/node20/bin/node [2fef68bbc03f7bf68b3daa917d43ab198466080302b2a9d731cf43614a574d25] Timestamp: 2025-08-19T13:09:03.81Z
2025-08-19T13:09:56.8904274Z Tue, 19 Aug 2025 13:09:04 GMT:endpoint called ip address:port 140.82.114.4:443, domain: github.com., pid: 2573, process: git-remote-http
2025-08-19T13:09:56.8905468Z Tue, 19 Aug 2025 13:09:07 GMT:domain resolved: results-receiver.actions.githubusercontent.com., ip address: 140.82.113.21, TTL: 37
2025-08-19T13:09:56.8906367Z Tue, 19 Aug 2025 13:09:07 GMT:domain resolved: productionresultssa4.blob.core.windows.net., ip address: 57.150.87.97, TTL: 49
2025-08-19T13:09:56.8907354Z Tue, 19 Aug 2025 13:09:08 GMT:endpoint called ip address:port 140.82.113.21:443, domain: results-receiver.actions.githubusercontent.com., pid: 2588, process: node
2025-08-19T13:09:56.8908664Z Tue, 19 Aug 2025 13:09:08 GMT:endpoint called ip address:port 57.150.87.97:443, domain: productionresultssa4.blob.core.windows.net., pid: 2588, process: node
2025-08-19T13:09:56.8909449Z 
2025-08-19T13:09:56.8909609Z Tue, 19 Aug 2025 13:09:55 GMT:post_event called
2025-08-19T13:09:56.8910555Z Tue, 19 Aug 2025 13:09:56 GMT:domain resolved: results-receiver.actions.githubusercontent.com., ip address: 140.82.114.22, TTL: 30
2025-08-19T13:09:56.8911297Z 
2025-08-19T13:09:56.8911441Z status:
2025-08-19T13:09:56.8911724Z Initialized
2025-08-19T13:09:56.9043634Z agent.service log:
2025-08-19T13:09:56.9045045Z Aug 19 13:09:00 pkrvmubgrv54qmi systemd[1]: /etc/systemd/system/agent.service:9: Standard output type syslog is obsolete, automatically updating to journal. Please update your unit file, and consider removing the setting altogether.
2025-08-19T13:09:56.9047067Z Aug 19 13:09:00 pkrvmubgrv54qmi systemd[1]: /etc/systemd/system/agent.service:10: Standard output type syslog is obsolete, automatically updating to journal. Please update your unit file, and consider removing the setting altogether.
2025-08-19T13:09:56.9048149Z Aug 19 13:09:00 pkrvmubgrv54qmi systemd[1]: Started agent.service - Agent.
2025-08-19T13:09:56.9049070Z Aug 19 13:09:01 pkrvmubgrv54qmi sudo[2147]:     root : *** ; USER=root ; COMMAND=/usr/bin/systemctl stop systemd-resolved
2025-08-19T13:09:56.9049831Z Aug 19 13:09:01 pkrvmubgrv54qmi sudo[2147]: pam_unix(sudo:session): session opened for user root(uid=0) by (uid=0)
2025-08-19T13:09:56.9050508Z Aug 19 13:09:01 pkrvmubgrv54qmi sudo[2147]: pam_unix(sudo:session): session closed for user root
2025-08-19T13:09:56.9051482Z Aug 19 13:09:01 pkrvmubgrv54qmi sudo[2153]:     root : *** ; USER=root ; COMMAND=/usr/bin/systemctl restart systemd-resolved
2025-08-19T13:09:56.9052506Z Aug 19 13:09:01 pkrvmubgrv54qmi sudo[2153]: pam_unix(sudo:session): session opened for user root(uid=0) by (uid=0)
2025-08-19T13:09:56.9053339Z Aug 19 13:09:01 pkrvmubgrv54qmi sudo[2153]: pam_unix(sudo:session): session closed for user root
2025-08-19T13:09:56.9054322Z Aug 19 13:09:01 pkrvmubgrv54qmi sudo[2158]:     root : *** ; USER=root ; COMMAND=/usr/bin/resolvectl flush-caches
2025-08-19T13:09:56.9055056Z Aug 19 13:09:01 pkrvmubgrv54qmi sudo[2158]: pam_unix(sudo:session): session opened for user root(uid=0) by (uid=0)
2025-08-19T13:09:56.9055722Z Aug 19 13:09:01 pkrvmubgrv54qmi sudo[2158]: pam_unix(sudo:session): session closed for user root
2025-08-19T13:09:56.9056429Z Aug 19 13:09:01 pkrvmubgrv54qmi sudo[2161]:     root : *** ; USER=root ; COMMAND=/usr/bin/systemctl reload docker
2025-08-19T13:09:56.9057118Z Aug 19 13:09:01 pkrvmubgrv54qmi sudo[2161]: pam_unix(sudo:session): session opened for user root(uid=0) by (uid=0)
2025-08-19T13:09:56.9057785Z Aug 19 13:09:01 pkrvmubgrv54qmi sudo[2161]: pam_unix(sudo:session): session closed for user root
2025-08-19T13:09:56.9058770Z Aug 19 13:09:01 pkrvmubgrv54qmi sudo[2169]:     root : *** ; USER=root ; COMMAND=/usr/bin/systemctl daemon-reload
2025-08-19T13:09:56.9060027Z Aug 19 13:09:01 pkrvmubgrv54qmi sudo[2169]: pam_unix(sudo:session): session opened for user root(uid=0) by (uid=0)
2025-08-19T13:09:56.9061907Z Aug 19 13:09:01 pkrvmubgrv54qmi systemd[1]: /etc/systemd/system/agent.service:9: Standard output type syslog is obsolete, automatically updating to journal. Please update your unit file, and consider removing the setting altogether.
2025-08-19T13:09:56.9063803Z Aug 19 13:09:01 pkrvmubgrv54qmi systemd[1]: /etc/systemd/system/agent.service:10: Standard output type syslog is obsolete, automatically updating to journal. Please update your unit file, and consider removing the setting altogether.
2025-08-19T13:09:56.9065880Z Aug 19 13:09:01 pkrvmubgrv54qmi sudo[2169]: pam_unix(sudo:session): session closed for user root
2025-08-19T13:09:56.9066560Z Aug 19 13:09:01 pkrvmubgrv54qmi sudo[2241]:     root : *** ; USER=root ; COMMAND=/usr/bin/systemctl restart docker
2025-08-19T13:09:56.9067190Z Aug 19 13:09:01 pkrvmubgrv54qmi sudo[2241]: pam_unix(sudo:session): session opened for user root(uid=0) by (uid=0)
2025-08-19T13:09:56.9067765Z Aug 19 13:09:02 pkrvmubgrv54qmi sudo[2241]: pam_unix(sudo:session): session closed for user root
2025-08-19T13:09:56.9068304Z Aug 19 13:09:02 pkrvmubgrv54qmi agentservice[2075]: 2025/08/19 13:09:02 INFO Config AGENT_PID=2075
2025-08-19T13:09:56.9068874Z Aug 19 13:09:02 pkrvmubgrv54qmi agentservice[2075]: 2025/08/19 13:09:02 INFO Config ENFORCE_READ_BLOCK=false
2025-08-19T13:09:56.9069489Z Aug 19 13:09:02 pkrvmubgrv54qmi agentservice[2075]: 2025/08/19 13:09:02 INFO Config ENFORCE_WRITE_BLOCK=false
2025-08-19T13:09:56.9070101Z Aug 19 13:09:02 pkrvmubgrv54qmi agentservice[2075]: 2025/08/19 13:09:02 INFO Config ENFORCE_KILL_BLOCK=false
2025-08-19T13:09:56.9070692Z Aug 19 13:09:02 pkrvmubgrv54qmi agentservice[2075]: 2025/08/19 13:09:02 INFO Map size protected_pids=1
2025-08-19T13:09:56.9071479Z Aug 19 13:09:02 pkrvmubgrv54qmi agentservice[2075]: 2025/08/19 13:09:02 INFO Map size protected_pid_inodes=1
2025-08-19T13:09:56.9072065Z Aug 19 13:09:02 pkrvmubgrv54qmi agentservice[2075]: 2025/08/19 13:09:02 INFO Map size protected_bpf_ids=9
2025-08-19T13:09:56.9072651Z Aug 19 13:09:02 pkrvmubgrv54qmi agentservice[2075]: 2025/08/19 13:09:02 INFO Map size protected_fs_inodes=6
2025-08-19T13:09:56.9073248Z Aug 19 13:09:02 pkrvmubgrv54qmi agentservice[2075]: 2025/08/19 13:09:02 INFO Map size protected_proc_fs_inodes=2
2025-08-19T13:09:56.9073879Z Aug 19 13:09:03 pkrvmubgrv54qmi agentservice[2075]: 2025/08/19 13:09:03 INFO ProtectedPids err=<nil> pids=map[2375:2075]
2025-08-19T13:09:56.9074733Z Aug 19 13:09:03 pkrvmubgrv54qmi agentservice[2075]: 2025/08/19 13:09:03 INFO ProtectedBPFIDs freezed ids="[9 3 7 10 8]"
2025-08-19T13:09:56.9075870Z Aug 19 13:09:03 pkrvmubgrv54qmi agentservice[2075]: 2025/08/19 13:09:03 INFO Write protected inodes="map[509:/etc/systemd/resolved.conf 988:/etc/resolv.conf 1643:/etc/sudoers.d/runner 16135:/proc/1948/mem 16136:/proc/1925/mem 3189531:/etc/docker/daemon.json]" freezeErr=<nil>
2025-08-19T13:09:56.9076922Z Aug 19 13:09:03 pkrvmubgrv54qmi agentservice[2075]: 2025/08/19 13:09:03 INFO Linking completed
2025-08-19T13:09:56.9077440Z Aug 19 13:09:03 pkrvmubgrv54qmi agentservice[2075]: 2025/08/19 13:09:03 INFO Armour engaged
2025-08-19T13:09:56.9077732Z 
2025-08-19T13:09:57.3215982Z Cleaning up orphan processes
