2025-08-19T13:07:32.8483633Z Current runner version: '2.327.1'
2025-08-19T13:07:32.8506262Z ##[group]Runner Image Provisioner
2025-08-19T13:07:32.8506988Z Hosted Compute Agent
2025-08-19T13:07:32.8507489Z Version: 20250818.377
2025-08-19T13:07:32.8508020Z Commit: 3c593e9f75fe0b87e893bca80d6e12ba089c61fc
2025-08-19T13:07:32.8508624Z Build Date: 2025-08-18T14:52:18Z
2025-08-19T13:07:32.8509138Z ##[endgroup]
2025-08-19T13:07:32.8509592Z ##[group]Operating System
2025-08-19T13:07:32.8510080Z Microsoft Windows Server 2022
2025-08-19T13:07:32.8510601Z 10.0.20348
2025-08-19T13:07:32.8510989Z Datacenter
2025-08-19T13:07:32.8511432Z ##[endgroup]
2025-08-19T13:07:32.8511867Z ##[group]Runner Image
2025-08-19T13:07:32.8512385Z Image: windows-2022
2025-08-19T13:07:32.8512864Z Version: 20250811.1.0
2025-08-19T13:07:32.8513774Z Included Software: https://github.com/actions/runner-images/blob/win22/20250811.1/images/windows/Windows2022-Readme.md
2025-08-19T13:07:32.8515424Z Image Release: https://github.com/actions/runner-images/releases/tag/win22%2F20250811.1
2025-08-19T13:07:32.8516324Z ##[endgroup]
2025-08-19T13:07:32.8517426Z ##[group]GITHUB_TOKEN Permissions
2025-08-19T13:07:32.8519130Z Contents: read
2025-08-19T13:07:32.8519615Z Metadata: read
2025-08-19T13:07:32.8520047Z Packages: write
2025-08-19T13:07:32.8520462Z SecurityEvents: write
2025-08-19T13:07:32.8520939Z ##[endgroup]
2025-08-19T13:07:32.8522818Z Secret source: Actions
2025-08-19T13:07:32.8523453Z Prepare workflow directory
2025-08-19T13:07:32.8917764Z Prepare all required actions
2025-08-19T13:07:32.8971438Z Getting action download info
2025-08-19T13:07:33.3363458Z Download action repository 'actions/checkout@v4' (SHA:08eba0b27e820071cde6df949e0beb9ba4906955)
2025-08-19T13:07:34.3177833Z Download action repository 'actions/setup-go@v5' (SHA:d35c59abb061a4a6fb18e82ac0862c26744d6ab5)
2025-08-19T13:07:35.2903809Z Download action repository 'actions/upload-artifact@v4' (SHA:ea165f8d65b6e75b540449e92b4886f43607fa02)
2025-08-19T13:07:35.5852332Z Complete job name: Test (windows-latest)
2025-08-19T13:07:35.7299735Z ##[group]Run actions/checkout@v4
2025-08-19T13:07:35.7300498Z with:
2025-08-19T13:07:35.7300736Z   fetch-depth: 0
2025-08-19T13:07:35.7301033Z   repository: thc1006/nephoran-intent-operator
2025-08-19T13:07:35.7301562Z   token: ***
2025-08-19T13:07:35.7301790Z   ssh-strict: true
2025-08-19T13:07:35.7302029Z   ssh-user: git
2025-08-19T13:07:35.7302282Z   persist-credentials: true
2025-08-19T13:07:35.7302559Z   clean: true
2025-08-19T13:07:35.7302801Z   sparse-checkout-cone-mode: true
2025-08-19T13:07:35.7303101Z   fetch-tags: false
2025-08-19T13:07:35.7303351Z   show-progress: true
2025-08-19T13:07:35.7303590Z   lfs: false
2025-08-19T13:07:35.7303824Z   submodules: false
2025-08-19T13:07:35.7304083Z   set-safe-directory: true
2025-08-19T13:07:35.7304546Z env:
2025-08-19T13:07:35.7304789Z   REGISTRY: ghcr.io
2025-08-19T13:07:35.7305068Z   IMAGE_NAME: conductor-loop
2025-08-19T13:07:35.7305355Z   GO_VERSION: 1.24.x
2025-08-19T13:07:35.7305638Z ##[endgroup]
2025-08-19T13:07:35.8947971Z Syncing repository: thc1006/nephoran-intent-operator
2025-08-19T13:07:35.8949980Z ##[group]Getting Git version info
2025-08-19T13:07:35.8950793Z Working directory is 'D:\a\nephoran-intent-operator\nephoran-intent-operator'
2025-08-19T13:07:36.0155663Z [command]"C:\Program Files\Git\bin\git.exe" version
2025-08-19T13:07:36.2751364Z git version 2.50.1.windows.1
2025-08-19T13:07:36.2798101Z ##[endgroup]
2025-08-19T13:07:36.2817016Z Temporarily overriding HOME='D:\a\_temp\99b611e5-1d4d-42c1-8914-e0aaff05e1b2' before making global git config changes
2025-08-19T13:07:36.2818020Z Adding repository directory to the temporary git global config as a safe directory
2025-08-19T13:07:36.2828727Z [command]"C:\Program Files\Git\bin\git.exe" config --global --add safe.directory D:\a\nephoran-intent-operator\nephoran-intent-operator
2025-08-19T13:07:36.3206519Z Deleting the contents of 'D:\a\nephoran-intent-operator\nephoran-intent-operator'
2025-08-19T13:07:36.3212007Z ##[group]Initializing the repository
2025-08-19T13:07:36.3221730Z [command]"C:\Program Files\Git\bin\git.exe" init D:\a\nephoran-intent-operator\nephoran-intent-operator
2025-08-19T13:07:36.3777870Z Initialized empty Git repository in D:/a/nephoran-intent-operator/nephoran-intent-operator/.git/
2025-08-19T13:07:36.3811037Z [command]"C:\Program Files\Git\bin\git.exe" remote add origin https://github.com/thc1006/nephoran-intent-operator
2025-08-19T13:07:36.4208042Z ##[endgroup]
2025-08-19T13:07:36.4208612Z ##[group]Disabling automatic garbage collection
2025-08-19T13:07:36.4217373Z [command]"C:\Program Files\Git\bin\git.exe" config --local gc.auto 0
2025-08-19T13:07:36.4437299Z ##[endgroup]
2025-08-19T13:07:36.4437778Z ##[group]Setting up auth
2025-08-19T13:07:36.4450216Z [command]"C:\Program Files\Git\bin\git.exe" config --local --name-only --get-regexp core\.sshCommand
2025-08-19T13:07:36.4669217Z [command]"C:\Program Files\Git\bin\git.exe" submodule foreach --recursive "sh -c \"git config --local --name-only --get-regexp 'core\.sshCommand' && git config --local --unset-all 'core.sshCommand' || :\""
2025-08-19T13:07:37.5561630Z [command]"C:\Program Files\Git\bin\git.exe" config --local --name-only --get-regexp http\.https\:\/\/github\.com\/\.extraheader
2025-08-19T13:07:37.5783244Z [command]"C:\Program Files\Git\bin\git.exe" submodule foreach --recursive "sh -c \"git config --local --name-only --get-regexp 'http\.https\:\/\/github\.com\/\.extraheader' && git config --local --unset-all 'http.https://github.com/.extraheader' || :\""
2025-08-19T13:07:38.0365412Z [command]"C:\Program Files\Git\bin\git.exe" config --local http.https://github.com/.extraheader "AUTHORIZATION: basic ***"
2025-08-19T13:07:38.0585452Z ##[endgroup]
2025-08-19T13:07:38.0586043Z ##[group]Fetching the repository
2025-08-19T13:07:38.0599391Z [command]"C:\Program Files\Git\bin\git.exe" -c protocol.version=2 fetch --prune --no-recurse-submodules origin +refs/heads/*:refs/remotes/origin/* +refs/tags/*:refs/tags/*
2025-08-19T13:07:46.2670593Z From https://github.com/thc1006/nephoran-intent-operator
2025-08-19T13:07:46.2671706Z  * [new branch]        chore/claude-commands-and-hooks -> origin/chore/claude-commands-and-hooks
2025-08-19T13:07:46.2672666Z  * [new branch]        chore/conductor-governance -> origin/chore/conductor-governance
2025-08-19T13:07:46.2673607Z  * [new branch]        chore/conductor-setup  -> origin/chore/conductor-setup
2025-08-19T13:07:46.2674328Z  * [new branch]        chore/repo-hygiene     -> origin/chore/repo-hygiene
2025-08-19T13:07:46.2675355Z  * [new branch]        dependabot/github_actions/actions/configure-pages-5 -> origin/dependabot/github_actions/actions/configure-pages-5
2025-08-19T13:07:46.2676272Z  * [new branch]        dependabot/github_actions/codecov/codecov-action-5 -> origin/dependabot/github_actions/codecov/codecov-action-5
2025-08-19T13:07:46.2677713Z  * [new branch]        dependabot/github_actions/golangci/golangci-lint-action-8 -> origin/dependabot/github_actions/golangci/golangci-lint-action-8
2025-08-19T13:07:46.2678757Z  * [new branch]        dependabot/github_actions/hashicorp/setup-terraform-3 -> origin/dependabot/github_actions/hashicorp/setup-terraform-3
2025-08-19T13:07:46.2679664Z  * [new branch]        dependabot/github_actions/helm/kind-action-1.12.0 -> origin/dependabot/github_actions/helm/kind-action-1.12.0
2025-08-19T13:07:46.2680536Z  * [new branch]        dependabot/go_modules/cloud.google.com/go/compute-1.43.0 -> origin/dependabot/go_modules/cloud.google.com/go/compute-1.43.0
2025-08-19T13:07:46.2681480Z  * [new branch]        dependabot/go_modules/cloud.google.com/go/container-1.44.0 -> origin/dependabot/go_modules/cloud.google.com/go/container-1.44.0
2025-08-19T13:07:46.2682541Z  * [new branch]        dependabot/go_modules/github.com/Azure/azure-sdk-for-go/sdk/azcore-1.18.2 -> origin/dependabot/go_modules/github.com/Azure/azure-sdk-for-go/sdk/azcore-1.18.2
2025-08-19T13:07:46.2683618Z  * [new branch]        dependabot/go_modules/github.com/aws/aws-sdk-go-v2-1.38.0 -> origin/dependabot/go_modules/github.com/aws/aws-sdk-go-v2-1.38.0
2025-08-19T13:07:46.2685449Z  * [new branch]        dependabot/go_modules/github.com/aws/aws-sdk-go-v2/credentials-1.18.4 -> origin/dependabot/go_modules/github.com/aws/aws-sdk-go-v2/credentials-1.18.4
2025-08-19T13:07:46.2686603Z  * [new branch]        dependabot/go_modules/github.com/aws/aws-sdk-go-v2/service/sts-1.37.0 -> origin/dependabot/go_modules/github.com/aws/aws-sdk-go-v2/service/sts-1.37.0
2025-08-19T13:07:46.2687762Z  * [new branch]        dependabot/go_modules/go.opentelemetry.io/otel/exporters/prometheus-0.59.1 -> origin/dependabot/go_modules/go.opentelemetry.io/otel/exporters/prometheus-0.59.1
2025-08-19T13:07:46.2688763Z  * [new branch]        dependabot/go_modules/golang.org/x/net-0.43.0 -> origin/dependabot/go_modules/golang.org/x/net-0.43.0
2025-08-19T13:07:46.2689490Z  * [new branch]        dependabot/go_modules/helm.sh/helm/v3-3.18.5 -> origin/dependabot/go_modules/helm.sh/helm/v3-3.18.5
2025-08-19T13:07:46.2690235Z  * [new branch]        dependabot/go_modules/k8s.io/client-go-0.33.4 -> origin/dependabot/go_modules/k8s.io/client-go-0.33.4
2025-08-19T13:07:46.2690822Z  * [new branch]        feat/a1-policy-sim     -> origin/feat/a1-policy-sim
2025-08-19T13:07:46.2691260Z  * [new branch]        feat/admission-webhook -> origin/feat/admission-webhook
2025-08-19T13:07:46.2691697Z  * [new branch]        feat/ci-guard          -> origin/feat/ci-guard
2025-08-19T13:07:46.2692184Z  * [new branch]        feat/conductor-file-watcher -> origin/feat/conductor-file-watcher
2025-08-19T13:07:46.2692724Z  * [new branch]        feat/conductor-loop    -> origin/feat/conductor-loop
2025-08-19T13:07:46.2693185Z  * [new branch]        feat/e2-kpm-sim        -> origin/feat/e2-kpm-sim
2025-08-19T13:07:46.2693556Z  * [new branch]        feat/e2e               -> origin/feat/e2e
2025-08-19T13:07:46.2693924Z  * [new branch]        feat/examples-mvp      -> origin/feat/examples-mvp
2025-08-19T13:07:46.2694795Z  * [new branch]        feat/ingest-llm        -> origin/feat/ingest-llm
2025-08-19T13:07:46.2695298Z  * [new branch]        feat/ingest-tests-and-errors -> origin/feat/ingest-tests-and-errors
2025-08-19T13:07:46.2695772Z  * [new branch]        feat/o1-ves-sim        -> origin/feat/o1-ves-sim
2025-08-19T13:07:46.2696146Z  * [new branch]        feat/planner           -> origin/feat/planner
2025-08-19T13:07:46.2696724Z  * [new branch]        feat/porch-direct      -> origin/feat/porch-direct
2025-08-19T13:07:46.2697462Z  * [new branch]        feat/porch-publisher   -> origin/feat/porch-publisher
2025-08-19T13:07:46.2698350Z  * [new branch]        feat/porch-structured-patch -> origin/feat/porch-structured-patch
2025-08-19T13:07:46.2698983Z  * [new branch]        feat/sim-fcaps-to-intent -> origin/feat/sim-fcaps-to-intent
2025-08-19T13:07:46.2699434Z  * [new branch]        feat/test-harness      -> origin/feat/test-harness
2025-08-19T13:07:46.2699834Z  * [new branch]        integrate/mvp          -> origin/integrate/mvp
2025-08-19T13:07:46.2700212Z  * [new branch]        main                   -> origin/main
2025-08-19T13:07:46.2700665Z  * [new tag]           backup/pre-cleanup-20250813234213 -> backup/pre-cleanup-20250813234213
2025-08-19T13:07:46.2701092Z  * [new tag]           v0.1.0-mvp             -> v0.1.0-mvp
2025-08-19T13:07:46.2924580Z [command]"C:\Program Files\Git\bin\git.exe" branch --list --remote origin/feat/conductor-loop
2025-08-19T13:07:46.3220350Z   origin/feat/conductor-loop
2025-08-19T13:07:46.3254150Z [command]"C:\Program Files\Git\bin\git.exe" rev-parse refs/remotes/origin/feat/conductor-loop
2025-08-19T13:07:46.3481738Z 466806fe950338ae4ffff485b592c7e933197d57
2025-08-19T13:07:46.3505115Z ##[endgroup]
2025-08-19T13:07:46.3505477Z ##[group]Determining the checkout info
2025-08-19T13:07:46.3507250Z ##[endgroup]
2025-08-19T13:07:46.3516642Z [command]"C:\Program Files\Git\bin\git.exe" sparse-checkout disable
2025-08-19T13:07:46.3768520Z [command]"C:\Program Files\Git\bin\git.exe" config --local --unset-all extensions.worktreeConfig
2025-08-19T13:07:46.3984571Z ##[group]Checking out the ref
2025-08-19T13:07:46.4000077Z [command]"C:\Program Files\Git\bin\git.exe" checkout --progress --force -B feat/conductor-loop refs/remotes/origin/feat/conductor-loop
2025-08-19T13:07:47.0576518Z branch 'feat/conductor-loop' set up to track 'origin/feat/conductor-loop'.
2025-08-19T13:07:47.0582224Z Switched to a new branch 'feat/conductor-loop'
2025-08-19T13:07:47.0637257Z ##[endgroup]
2025-08-19T13:07:47.0895883Z [command]"C:\Program Files\Git\bin\git.exe" log -1 --format=%H
2025-08-19T13:07:47.1092202Z 466806fe950338ae4ffff485b592c7e933197d57
2025-08-19T13:07:47.1418782Z ##[group]Run actions/setup-go@v5
2025-08-19T13:07:47.1419071Z with:
2025-08-19T13:07:47.1419228Z   go-version: 1.24.x
2025-08-19T13:07:47.1419412Z   cache: true
2025-08-19T13:07:47.1419599Z   cache-dependency-path: go.sum
2025-08-19T13:07:47.1419810Z   check-latest: false
2025-08-19T13:07:47.1420118Z   token: ***
2025-08-19T13:07:47.1420286Z env:
2025-08-19T13:07:47.1420420Z   REGISTRY: ghcr.io
2025-08-19T13:07:47.1420596Z   IMAGE_NAME: conductor-loop
2025-08-19T13:07:47.1420795Z   GO_VERSION: 1.24.x
2025-08-19T13:07:47.1420960Z ##[endgroup]
2025-08-19T13:07:47.3472795Z Setup go version spec 1.24.x
2025-08-19T13:07:47.3710625Z Found in cache @ C:\hostedtoolcache\windows\go\1.24.6\x64
2025-08-19T13:07:47.3718464Z Added go to the path
2025-08-19T13:07:47.3722944Z Successfully set up Go version 1.24.x
2025-08-19T13:07:48.5476851Z [command]C:\hostedtoolcache\windows\go\1.24.6\x64\bin\go.exe env GOMODCACHE
2025-08-19T13:07:48.5516685Z [command]C:\hostedtoolcache\windows\go\1.24.6\x64\bin\go.exe env GOCACHE
2025-08-19T13:07:48.5859753Z C:\Users\runneradmin\go\pkg\mod
2025-08-19T13:07:48.5892708Z C:\Users\runneradmin\AppData\Local\go-build
2025-08-19T13:07:48.9645583Z Cache is not found
2025-08-19T13:07:48.9666647Z go version go1.24.6 windows/amd64
2025-08-19T13:07:48.9666853Z 
2025-08-19T13:07:48.9667095Z ##[group]go env
2025-08-19T13:07:50.9797878Z set AR=ar
2025-08-19T13:07:50.9798163Z set CC=gcc
2025-08-19T13:07:50.9798465Z set CGO_CFLAGS=-O2 -g
2025-08-19T13:07:50.9798768Z set CGO_CPPFLAGS=
2025-08-19T13:07:50.9799051Z set CGO_CXXFLAGS=-O2 -g
2025-08-19T13:07:50.9799323Z set CGO_ENABLED=1
2025-08-19T13:07:50.9799580Z set CGO_FFLAGS=-O2 -g
2025-08-19T13:07:50.9799853Z set CGO_LDFLAGS=-O2 -g
2025-08-19T13:07:50.9800132Z set CXX=g++
2025-08-19T13:07:50.9800352Z set GCCGO=gccgo
2025-08-19T13:07:50.9800586Z set GO111MODULE=
2025-08-19T13:07:50.9800838Z set GOAMD64=v1
2025-08-19T13:07:50.9801095Z set GOARCH=amd64
2025-08-19T13:07:50.9801429Z set GOAUTH=netrc
2025-08-19T13:07:50.9801691Z set GOBIN=
2025-08-19T13:07:50.9802065Z set GOCACHE=C:\Users\runneradmin\AppData\Local\go-build
2025-08-19T13:07:50.9802525Z set GOCACHEPROG=
2025-08-19T13:07:50.9802807Z set GODEBUG=
2025-08-19T13:07:50.9803147Z set GOENV=C:\Users\runneradmin\AppData\Roaming\go\env
2025-08-19T13:07:50.9803601Z set GOEXE=.exe
2025-08-19T13:07:50.9803924Z set GOEXPERIMENT=
2025-08-19T13:07:50.9804383Z set GOFIPS140=off
2025-08-19T13:07:50.9804650Z set GOFLAGS=
2025-08-19T13:07:50.9805990Z set GOGCCFLAGS=-m64 -mthreads -Wl,--no-gc-sections -fmessage-length=0 -ffile-prefix-map=C:\Users\RUNNER~1\AppData\Local\Temp\go-build2025037008=/tmp/go-build -gno-record-gcc-switches
2025-08-19T13:07:50.9807185Z set GOHOSTARCH=amd64
2025-08-19T13:07:50.9807488Z set GOHOSTOS=windows
2025-08-19T13:07:50.9807784Z set GOINSECURE=
2025-08-19T13:07:50.9808269Z set GOMOD=D:\a\nephoran-intent-operator\nephoran-intent-operator\go.mod
2025-08-19T13:07:50.9808929Z set GOMODCACHE=C:\Users\runneradmin\go\pkg\mod
2025-08-19T13:07:50.9809334Z set GONOPROXY=
2025-08-19T13:07:50.9809601Z set GONOSUMDB=
2025-08-19T13:07:50.9809862Z set GOOS=windows
2025-08-19T13:07:50.9810167Z set GOPATH=C:\Users\runneradmin\go
2025-08-19T13:07:50.9810537Z set GOPRIVATE=
2025-08-19T13:07:50.9810906Z set GOPROXY=https://proxy.golang.org,direct
2025-08-19T13:07:50.9811435Z set GOROOT=C:\hostedtoolcache\windows\go\1.24.6\x64
2025-08-19T13:07:50.9812230Z set GOSUMDB=sum.golang.org
2025-08-19T13:07:50.9812576Z set GOTELEMETRY=local
2025-08-19T13:07:50.9813072Z set GOTELEMETRYDIR=C:\Users\runneradmin\AppData\Roaming\go\telemetry
2025-08-19T13:07:50.9813643Z set GOTMPDIR=
2025-08-19T13:07:50.9813932Z set GOTOOLCHAIN=auto
2025-08-19T13:07:50.9814469Z set GOTOOLDIR=C:\hostedtoolcache\windows\go\1.24.6\x64\pkg\tool\windows_amd64
2025-08-19T13:07:50.9815071Z set GOVCS=
2025-08-19T13:07:50.9815330Z set GOVERSION=go1.24.6
2025-08-19T13:07:50.9815625Z set GOWORK=
2025-08-19T13:07:50.9815932Z set PKG_CONFIG=pkg-config
2025-08-19T13:07:50.9818282Z 
2025-08-19T13:07:50.9818769Z ##[endgroup]
2025-08-19T13:07:51.0019905Z ##[group]Run go mod download
2025-08-19T13:07:51.0020237Z [36;1mgo mod download[0m
2025-08-19T13:07:51.0020439Z [36;1mgo mod verify[0m
2025-08-19T13:07:51.0203045Z shell: C:\Program Files\PowerShell\7\pwsh.EXE -command ". '{0}'"
2025-08-19T13:07:51.0203557Z env:
2025-08-19T13:07:51.0203744Z   REGISTRY: ghcr.io
2025-08-19T13:07:51.0203936Z   IMAGE_NAME: conductor-loop
2025-08-19T13:07:51.0204150Z   GO_VERSION: 1.24.x
2025-08-19T13:07:51.0204318Z ##[endgroup]
2025-08-19T13:08:41.8271096Z ##[error]The operation was canceled.
2025-08-19T13:08:41.9066110Z ##[group]Run actions/upload-artifact@v4
2025-08-19T13:08:41.9066444Z with:
2025-08-19T13:08:41.9066628Z   name: test-results-windows-latest
2025-08-19T13:08:41.9066869Z   path: test-results/
2025-08-19T13:08:41.9067054Z   retention-days: 3
2025-08-19T13:08:41.9067220Z   if-no-files-found: warn
2025-08-19T13:08:41.9067407Z   compression-level: 6
2025-08-19T13:08:41.9067576Z   overwrite: false
2025-08-19T13:08:41.9067751Z   include-hidden-files: false
2025-08-19T13:08:41.9067932Z env:
2025-08-19T13:08:41.9068074Z   REGISTRY: ghcr.io
2025-08-19T13:08:41.9068250Z   IMAGE_NAME: conductor-loop
2025-08-19T13:08:41.9068442Z   GO_VERSION: 1.24.x
2025-08-19T13:08:41.9068612Z ##[endgroup]
2025-08-19T13:08:42.2618246Z ##[warning]No files were found with the provided path: test-results/. No artifacts will be uploaded.
2025-08-19T13:08:42.3459193Z Post job cleanup.
2025-08-19T13:08:42.6837620Z [command]"C:\Program Files\Git\bin\git.exe" version
2025-08-19T13:08:42.7085879Z git version 2.50.1.windows.1
2025-08-19T13:08:42.7153517Z Temporarily overriding HOME='D:\a\_temp\ed438639-736d-4717-b34c-a13aebba2205' before making global git config changes
2025-08-19T13:08:42.7154199Z Adding repository directory to the temporary git global config as a safe directory
2025-08-19T13:08:42.7165397Z [command]"C:\Program Files\Git\bin\git.exe" config --global --add safe.directory D:\a\nephoran-intent-operator\nephoran-intent-operator
2025-08-19T13:08:42.7423299Z [command]"C:\Program Files\Git\bin\git.exe" config --local --name-only --get-regexp core\.sshCommand
2025-08-19T13:08:42.7656186Z [command]"C:\Program Files\Git\bin\git.exe" submodule foreach --recursive "sh -c \"git config --local --name-only --get-regexp 'core\.sshCommand' && git config --local --unset-all 'core.sshCommand' || :\""
2025-08-19T13:08:43.2277638Z [command]"C:\Program Files\Git\bin\git.exe" config --local --name-only --get-regexp http\.https\:\/\/github\.com\/\.extraheader
2025-08-19T13:08:43.2472000Z http.https://github.com/.extraheader
2025-08-19T13:08:43.2504980Z [command]"C:\Program Files\Git\bin\git.exe" config --local --unset-all http.https://github.com/.extraheader
2025-08-19T13:08:43.2755531Z [command]"C:\Program Files\Git\bin\git.exe" submodule foreach --recursive "sh -c \"git config --local --name-only --get-regexp 'http\.https\:\/\/github\.com\/\.extraheader' && git config --local --unset-all 'http.https://github.com/.extraheader' || :\""
2025-08-19T13:08:43.7150435Z Cleaning up orphan processes
