2025-08-19T13:07:35.1952800Z Current runner version: '2.327.1'
2025-08-19T13:07:35.1965250Z ##[group]Runner Image Provisioner
2025-08-19T13:07:35.1965700Z Hosted Compute Agent
2025-08-19T13:07:35.1966010Z Version: 20250818.377
2025-08-19T13:07:35.1966370Z Commit: 3c593e9f75fe0b87e893bca80d6e12ba089c61fc
2025-08-19T13:07:35.1966780Z Build Date: 2025-08-18T14:52:18Z
2025-08-19T13:07:35.1967160Z ##[endgroup]
2025-08-19T13:07:35.1967470Z ##[group]Operating System
2025-08-19T13:07:35.1967810Z macOS
2025-08-19T13:07:35.1968090Z 15.5
2025-08-19T13:07:35.1968360Z 24F74
2025-08-19T13:07:35.1968630Z ##[endgroup]
2025-08-19T13:07:35.1968920Z ##[group]Runner Image
2025-08-19T13:07:35.1969240Z Image: macos-15-arm64
2025-08-19T13:07:35.1969540Z Version: 20250811.2170
2025-08-19T13:07:35.1970190Z Included Software: https://github.com/actions/runner-images/blob/macos-15-arm64/20250811.2170/images/macos/macos-15-arm64-Readme.md
2025-08-19T13:07:35.1971140Z Image Release: https://github.com/actions/runner-images/releases/tag/macos-15-arm64%2F20250811.2170
2025-08-19T13:07:35.1971720Z ##[endgroup]
2025-08-19T13:07:35.1972430Z ##[group]GITHUB_TOKEN Permissions
2025-08-19T13:07:35.1973260Z Contents: read
2025-08-19T13:07:35.1973570Z Metadata: read
2025-08-19T13:07:35.1973850Z Packages: write
2025-08-19T13:07:35.1974150Z SecurityEvents: write
2025-08-19T13:07:35.1974460Z ##[endgroup]
2025-08-19T13:07:35.1975610Z Secret source: Actions
2025-08-19T13:07:35.1976000Z Prepare workflow directory
2025-08-19T13:07:35.2194410Z Prepare all required actions
2025-08-19T13:07:35.2218380Z Getting action download info
2025-08-19T13:07:35.7185500Z Download action repository 'actions/checkout@v4' (SHA:08eba0b27e820071cde6df949e0beb9ba4906955)
2025-08-19T13:07:36.4423890Z Download action repository 'actions/setup-go@v5' (SHA:d35c59abb061a4a6fb18e82ac0862c26744d6ab5)
2025-08-19T13:07:37.0723640Z Download action repository 'actions/upload-artifact@v4' (SHA:ea165f8d65b6e75b540449e92b4886f43607fa02)
2025-08-19T13:07:37.2646960Z Complete job name: Test (macos-latest)
2025-08-19T13:07:37.3002660Z ##[group]Run actions/checkout@v4
2025-08-19T13:07:37.3003540Z with:
2025-08-19T13:07:37.3003840Z   fetch-depth: 0
2025-08-19T13:07:37.3004190Z   repository: thc1006/nephoran-intent-operator
2025-08-19T13:07:37.3004750Z   token: ***
2025-08-19T13:07:37.3005040Z   ssh-strict: true
2025-08-19T13:07:37.3005340Z   ssh-user: git
2025-08-19T13:07:37.3005660Z   persist-credentials: true
2025-08-19T13:07:37.3005990Z   clean: true
2025-08-19T13:07:37.3006300Z   sparse-checkout-cone-mode: true
2025-08-19T13:07:37.3006670Z   fetch-tags: false
2025-08-19T13:07:37.3006960Z   show-progress: true
2025-08-19T13:07:37.3007300Z   lfs: false
2025-08-19T13:07:37.3007580Z   submodules: false
2025-08-19T13:07:37.3007890Z   set-safe-directory: true
2025-08-19T13:07:37.3008350Z env:
2025-08-19T13:07:37.3008640Z   REGISTRY: ghcr.io
2025-08-19T13:07:37.3008950Z   IMAGE_NAME: conductor-loop
2025-08-19T13:07:37.3009290Z   GO_VERSION: 1.24.x
2025-08-19T13:07:37.3009600Z ##[endgroup]
2025-08-19T13:07:38.0447500Z Syncing repository: thc1006/nephoran-intent-operator
2025-08-19T13:07:38.0450600Z ##[group]Getting Git version info
2025-08-19T13:07:38.0451910Z Working directory is '/Users/runner/work/nephoran-intent-operator/nephoran-intent-operator'
2025-08-19T13:07:38.0454570Z [command]/opt/homebrew/bin/git version
2025-08-19T13:07:38.1011490Z git version 2.50.1
2025-08-19T13:07:38.1044500Z ##[endgroup]
2025-08-19T13:07:38.1050480Z Copying '/Users/runner/.gitconfig' to '/Users/runner/work/_temp/02058c13-3696-4408-a17b-bc9721aa436d/.gitconfig'
2025-08-19T13:07:38.1057080Z Temporarily overriding HOME='/Users/runner/work/_temp/02058c13-3696-4408-a17b-bc9721aa436d' before making global git config changes
2025-08-19T13:07:38.1059250Z Adding repository directory to the temporary git global config as a safe directory
2025-08-19T13:07:38.1080510Z [command]/opt/homebrew/bin/git config --global --add safe.directory /Users/runner/work/nephoran-intent-operator/nephoran-intent-operator
2025-08-19T13:07:38.1156800Z Deleting the contents of '/Users/runner/work/nephoran-intent-operator/nephoran-intent-operator'
2025-08-19T13:07:38.1159520Z ##[group]Initializing the repository
2025-08-19T13:07:38.1161810Z [command]/opt/homebrew/bin/git init /Users/runner/work/nephoran-intent-operator/nephoran-intent-operator
2025-08-19T13:07:38.1346210Z hint: Using 'master' as the name for the initial branch. This default branch name
2025-08-19T13:07:38.1348510Z hint: is subject to change. To configure the initial branch name to use in all
2025-08-19T13:07:38.1350080Z hint: of your new repositories, which will suppress this warning, call:
2025-08-19T13:07:38.1351200Z hint:
2025-08-19T13:07:38.1351990Z hint: 	git config --global init.defaultBranch <name>
2025-08-19T13:07:38.1352930Z hint:
2025-08-19T13:07:38.1353790Z hint: Names commonly chosen instead of 'master' are 'main', 'trunk' and
2025-08-19T13:07:38.1355320Z hint: 'development'. The just-created branch can be renamed via this command:
2025-08-19T13:07:38.1356530Z hint:
2025-08-19T13:07:38.1357150Z hint: 	git branch -m <name>
2025-08-19T13:07:38.1357830Z hint:
2025-08-19T13:07:38.1358800Z hint: Disable this message with "git config set advice.defaultBranchName false"
2025-08-19T13:07:38.1361020Z Initialized empty Git repository in /Users/runner/work/nephoran-intent-operator/nephoran-intent-operator/.git/
2025-08-19T13:07:38.1364460Z [command]/opt/homebrew/bin/git remote add origin https://github.com/thc1006/nephoran-intent-operator
2025-08-19T13:07:38.1432030Z ##[endgroup]
2025-08-19T13:07:38.1433090Z ##[group]Disabling automatic garbage collection
2025-08-19T13:07:38.1434180Z [command]/opt/homebrew/bin/git config --local gc.auto 0
2025-08-19T13:07:38.1497190Z ##[endgroup]
2025-08-19T13:07:38.1498130Z ##[group]Setting up auth
2025-08-19T13:07:38.1501600Z [command]/opt/homebrew/bin/git config --local --name-only --get-regexp core\.sshCommand
2025-08-19T13:07:38.1566550Z [command]/opt/homebrew/bin/git submodule foreach --recursive sh -c "git config --local --name-only --get-regexp 'core\.sshCommand' && git config --local --unset-all 'core.sshCommand' || :"
2025-08-19T13:07:38.2434990Z [command]/opt/homebrew/bin/git config --local --name-only --get-regexp http\.https\:\/\/github\.com\/\.extraheader
2025-08-19T13:07:38.2494760Z [command]/opt/homebrew/bin/git submodule foreach --recursive sh -c "git config --local --name-only --get-regexp 'http\.https\:\/\/github\.com\/\.extraheader' && git config --local --unset-all 'http.https://github.com/.extraheader' || :"
2025-08-19T13:07:38.3207180Z [command]/opt/homebrew/bin/git config --local http.https://github.com/.extraheader AUTHORIZATION: basic ***
2025-08-19T13:07:38.3265950Z ##[endgroup]
2025-08-19T13:07:38.3267120Z ##[group]Fetching the repository
2025-08-19T13:07:38.3273310Z [command]/opt/homebrew/bin/git -c protocol.version=2 fetch --prune --no-recurse-submodules origin +refs/heads/*:refs/remotes/origin/* +refs/tags/*:refs/tags/* +b2d2f9e6163e49eb901d50ee19c3952abb66101c:refs/remotes/pull/85/merge
2025-08-19T13:07:45.4864370Z From https://github.com/thc1006/nephoran-intent-operator
2025-08-19T13:07:45.4965960Z  * [new branch]        chore/claude-commands-and-hooks          -> origin/chore/claude-commands-and-hooks
2025-08-19T13:07:45.5066690Z  * [new branch]        chore/conductor-governance               -> origin/chore/conductor-governance
2025-08-19T13:07:45.5108590Z  * [new branch]        chore/conductor-setup                    -> origin/chore/conductor-setup
2025-08-19T13:07:45.5110250Z  * [new branch]        chore/repo-hygiene                       -> origin/chore/repo-hygiene
2025-08-19T13:07:45.5110930Z  * [new branch]        dependabot/github_actions/actions/configure-pages-5 -> origin/dependabot/github_actions/actions/configure-pages-5
2025-08-19T13:07:45.5112260Z  * [new branch]        dependabot/github_actions/codecov/codecov-action-5 -> origin/dependabot/github_actions/codecov/codecov-action-5
2025-08-19T13:07:45.5113250Z  * [new branch]        dependabot/github_actions/golangci/golangci-lint-action-8 -> origin/dependabot/github_actions/golangci/golangci-lint-action-8
2025-08-19T13:07:45.5129850Z  * [new branch]        dependabot/github_actions/hashicorp/setup-terraform-3 -> origin/dependabot/github_actions/hashicorp/setup-terraform-3
2025-08-19T13:07:45.5155930Z  * [new branch]        dependabot/github_actions/helm/kind-action-1.12.0 -> origin/dependabot/github_actions/helm/kind-action-1.12.0
2025-08-19T13:07:45.5175220Z  * [new branch]        dependabot/go_modules/cloud.google.com/go/compute-1.43.0 -> origin/dependabot/go_modules/cloud.google.com/go/compute-1.43.0
2025-08-19T13:07:45.5288310Z  * [new branch]        dependabot/go_modules/cloud.google.com/go/container-1.44.0 -> origin/dependabot/go_modules/cloud.google.com/go/container-1.44.0
2025-08-19T13:07:45.5395850Z  * [new branch]        dependabot/go_modules/github.com/Azure/azure-sdk-for-go/sdk/azcore-1.18.2 -> origin/dependabot/go_modules/github.com/Azure/azure-sdk-for-go/sdk/azcore-1.18.2
2025-08-19T13:07:45.5514810Z  * [new branch]        dependabot/go_modules/github.com/aws/aws-sdk-go-v2-1.38.0 -> origin/dependabot/go_modules/github.com/aws/aws-sdk-go-v2-1.38.0
2025-08-19T13:07:45.5625500Z  * [new branch]        dependabot/go_modules/github.com/aws/aws-sdk-go-v2/credentials-1.18.4 -> origin/dependabot/go_modules/github.com/aws/aws-sdk-go-v2/credentials-1.18.4
2025-08-19T13:07:45.5727570Z  * [new branch]        dependabot/go_modules/github.com/aws/aws-sdk-go-v2/service/sts-1.37.0 -> origin/dependabot/go_modules/github.com/aws/aws-sdk-go-v2/service/sts-1.37.0
2025-08-19T13:07:45.5833960Z  * [new branch]        dependabot/go_modules/go.opentelemetry.io/otel/exporters/prometheus-0.59.1 -> origin/dependabot/go_modules/go.opentelemetry.io/otel/exporters/prometheus-0.59.1
2025-08-19T13:07:45.5949780Z  * [new branch]        dependabot/go_modules/golang.org/x/net-0.43.0 -> origin/dependabot/go_modules/golang.org/x/net-0.43.0
2025-08-19T13:07:45.6063500Z  * [new branch]        dependabot/go_modules/helm.sh/helm/v3-3.18.5 -> origin/dependabot/go_modules/helm.sh/helm/v3-3.18.5
2025-08-19T13:07:45.6183860Z  * [new branch]        dependabot/go_modules/k8s.io/client-go-0.33.4 -> origin/dependabot/go_modules/k8s.io/client-go-0.33.4
2025-08-19T13:07:45.6317020Z  * [new branch]        feat/a1-policy-sim                       -> origin/feat/a1-policy-sim
2025-08-19T13:07:45.6536830Z  * [new branch]        feat/admission-webhook                   -> origin/feat/admission-webhook
2025-08-19T13:07:45.6686260Z  * [new branch]        feat/ci-guard                            -> origin/feat/ci-guard
2025-08-19T13:07:45.6803730Z  * [new branch]        feat/conductor-file-watcher              -> origin/feat/conductor-file-watcher
2025-08-19T13:07:45.6889700Z  * [new branch]        feat/conductor-loop                      -> origin/feat/conductor-loop
2025-08-19T13:07:45.6890450Z  * [new branch]        feat/e2-kpm-sim                          -> origin/feat/e2-kpm-sim
2025-08-19T13:07:45.6891070Z  * [new branch]        feat/e2e                                 -> origin/feat/e2e
2025-08-19T13:07:45.6891600Z  * [new branch]        feat/examples-mvp                        -> origin/feat/examples-mvp
2025-08-19T13:07:45.6892250Z  * [new branch]        feat/ingest-llm                          -> origin/feat/ingest-llm
2025-08-19T13:07:45.6893020Z  * [new branch]        feat/ingest-tests-and-errors             -> origin/feat/ingest-tests-and-errors
2025-08-19T13:07:45.6893710Z  * [new branch]        feat/o1-ves-sim                          -> origin/feat/o1-ves-sim
2025-08-19T13:07:45.6894280Z  * [new branch]        feat/planner                             -> origin/feat/planner
2025-08-19T13:07:45.6894800Z  * [new branch]        feat/porch-direct                        -> origin/feat/porch-direct
2025-08-19T13:07:45.6895430Z  * [new branch]        feat/porch-publisher                     -> origin/feat/porch-publisher
2025-08-19T13:07:45.6895960Z  * [new branch]        feat/porch-structured-patch              -> origin/feat/porch-structured-patch
2025-08-19T13:07:45.6896500Z  * [new branch]        feat/sim-fcaps-to-intent                 -> origin/feat/sim-fcaps-to-intent
2025-08-19T13:07:45.6897290Z  * [new branch]        feat/test-harness                        -> origin/feat/test-harness
2025-08-19T13:07:45.6897840Z  * [new branch]        integrate/mvp                            -> origin/integrate/mvp
2025-08-19T13:07:45.6898310Z  * [new branch]        main                                     -> origin/main
2025-08-19T13:07:45.6898870Z  * [new tag]           backup/pre-cleanup-20250813234213        -> backup/pre-cleanup-20250813234213
2025-08-19T13:07:45.6899440Z  * [new tag]           v0.1.0-mvp                               -> v0.1.0-mvp
2025-08-19T13:07:45.6900250Z  * [new ref]           b2d2f9e6163e49eb901d50ee19c3952abb66101c -> pull/85/merge
2025-08-19T13:07:45.6902000Z ##[endgroup]
2025-08-19T13:07:45.6902430Z ##[group]Determining the checkout info
2025-08-19T13:07:45.6902960Z ##[endgroup]
2025-08-19T13:07:45.6903380Z [command]/opt/homebrew/bin/git sparse-checkout disable
2025-08-19T13:07:45.6905510Z [command]/opt/homebrew/bin/git config --local --unset-all extensions.worktreeConfig
2025-08-19T13:07:45.6906820Z ##[group]Checking out the ref
2025-08-19T13:07:45.6907250Z [command]/opt/homebrew/bin/git checkout --progress --force refs/remotes/pull/85/merge
2025-08-19T13:07:45.9720580Z HEAD is now at b2d2f9e6 Merge 466806fe950338ae4ffff485b592c7e933197d57 into 0b73e8179a00202aac1e6350f982ce84a46a32a0
2025-08-19T13:07:45.9734220Z ##[endgroup]
2025-08-19T13:07:45.9823340Z [command]/opt/homebrew/bin/git log -1 --format=%H
2025-08-19T13:07:45.9895380Z b2d2f9e6163e49eb901d50ee19c3952abb66101c
2025-08-19T13:07:46.0389900Z ##[group]Run actions/setup-go@v5
2025-08-19T13:07:46.0390080Z with:
2025-08-19T13:07:46.0390290Z   go-version: 1.24.x
2025-08-19T13:07:46.0390410Z   cache: true
2025-08-19T13:07:46.0390540Z   cache-dependency-path: go.sum
2025-08-19T13:07:46.0390770Z   check-latest: false
2025-08-19T13:07:46.0391110Z   token: ***
2025-08-19T13:07:46.0391230Z env:
2025-08-19T13:07:46.0391340Z   REGISTRY: ghcr.io
2025-08-19T13:07:46.0391600Z   IMAGE_NAME: conductor-loop
2025-08-19T13:07:46.0391790Z   GO_VERSION: 1.24.x
2025-08-19T13:07:46.0391920Z ##[endgroup]
2025-08-19T13:07:46.1829100Z Setup go version spec 1.24.x
2025-08-19T13:07:46.1883840Z Found in cache @ /Users/runner/hostedtoolcache/go/1.24.6/arm64
2025-08-19T13:07:46.1886490Z Added go to the path
2025-08-19T13:07:46.1888230Z Successfully set up Go version 1.24.x
2025-08-19T13:07:46.2787370Z [command]/Users/runner/hostedtoolcache/go/1.24.6/arm64/bin/go env GOMODCACHE
2025-08-19T13:07:46.2805180Z [command]/Users/runner/hostedtoolcache/go/1.24.6/arm64/bin/go env GOCACHE
2025-08-19T13:07:46.2891470Z /Users/runner/go/pkg/mod
2025-08-19T13:07:46.2892340Z /Users/runner/Library/Caches/go-build
2025-08-19T13:07:46.6175160Z Cache is not found
2025-08-19T13:07:46.6200230Z go version go1.24.6 darwin/arm64
2025-08-19T13:07:46.6200720Z 
2025-08-19T13:07:46.6201090Z ##[group]go env
2025-08-19T13:07:48.1357200Z AR='ar'
2025-08-19T13:07:48.1357740Z CC='clang'
2025-08-19T13:07:48.1358230Z CGO_CFLAGS='-O2 -g'
2025-08-19T13:07:48.1361940Z CGO_CPPFLAGS=''
2025-08-19T13:07:48.1362230Z CGO_CXXFLAGS='-O2 -g'
2025-08-19T13:07:48.1362390Z CGO_ENABLED='1'
2025-08-19T13:07:48.1362540Z CGO_FFLAGS='-O2 -g'
2025-08-19T13:07:48.1362690Z CGO_LDFLAGS='-O2 -g'
2025-08-19T13:07:48.1362930Z CXX='clang++'
2025-08-19T13:07:48.1363130Z GCCGO='gccgo'
2025-08-19T13:07:48.1363270Z GO111MODULE=''
2025-08-19T13:07:48.1363440Z GOARCH='arm64'
2025-08-19T13:07:48.1363660Z GOARM64='v8.0'
2025-08-19T13:07:48.1363820Z GOAUTH='netrc'
2025-08-19T13:07:48.1363990Z GOBIN=''
2025-08-19T13:07:48.1364200Z GOCACHE='/Users/runner/Library/Caches/go-build'
2025-08-19T13:07:48.1364460Z GOCACHEPROG=''
2025-08-19T13:07:48.1364680Z GODEBUG=''
2025-08-19T13:07:48.1365000Z GOENV='/Users/runner/Library/Application Support/go/env'
2025-08-19T13:07:48.1365340Z GOEXE=''
2025-08-19T13:07:48.1365600Z GOEXPERIMENT=''
2025-08-19T13:07:48.1365850Z GOFIPS140='off'
2025-08-19T13:07:48.1366170Z GOFLAGS=''
2025-08-19T13:07:48.1367130Z GOGCCFLAGS='-fPIC -arch arm64 -pthread -fno-caret-diagnostics -Qunused-arguments -fmessage-length=0 -ffile-prefix-map=/var/folders/x7/ch5v91h56_zbvbd1y2f600dm0000gn/T/go-build3875019634=/tmp/go-build -gno-record-gcc-switches -fno-common'
2025-08-19T13:07:48.1368490Z GOHOSTARCH='arm64'
2025-08-19T13:07:48.1368670Z GOHOSTOS='darwin'
2025-08-19T13:07:48.1368900Z GOINSECURE=''
2025-08-19T13:07:48.1369260Z GOMOD='/Users/runner/work/nephoran-intent-operator/nephoran-intent-operator/go.mod'
2025-08-19T13:07:48.1369620Z GOMODCACHE='/Users/runner/go/pkg/mod'
2025-08-19T13:07:48.1369890Z GONOPROXY=''
2025-08-19T13:07:48.1370010Z GONOSUMDB=''
2025-08-19T13:07:48.1370190Z GOOS='darwin'
2025-08-19T13:07:48.1370360Z GOPATH='/Users/runner/go'
2025-08-19T13:07:48.1370520Z GOPRIVATE=''
2025-08-19T13:07:48.1370730Z GOPROXY='https://proxy.golang.org,direct'
2025-08-19T13:07:48.1371020Z GOROOT='/Users/runner/hostedtoolcache/go/1.24.6/arm64'
2025-08-19T13:07:48.1371280Z GOSUMDB='sum.golang.org'
2025-08-19T13:07:48.1371490Z GOTELEMETRY='local'
2025-08-19T13:07:48.1375340Z GOTELEMETRYDIR='/Users/runner/Library/Application Support/go/telemetry'
2025-08-19T13:07:48.1376160Z GOTMPDIR=''
2025-08-19T13:07:48.1376390Z GOTOOLCHAIN='auto'
2025-08-19T13:07:48.1376970Z GOTOOLDIR='/Users/runner/hostedtoolcache/go/1.24.6/arm64/pkg/tool/darwin_arm64'
2025-08-19T13:07:48.1379580Z GOVCS=''
2025-08-19T13:07:48.1380060Z GOVERSION='go1.24.6'
2025-08-19T13:07:48.1382230Z GOWORK=''
2025-08-19T13:07:48.1382810Z PKG_CONFIG='pkg-config'
2025-08-19T13:07:48.1383020Z 
2025-08-19T13:07:48.1384290Z ##[endgroup]
2025-08-19T13:07:48.1454980Z ##[group]Run go mod download
2025-08-19T13:07:48.1455340Z [36;1mgo mod download[0m
2025-08-19T13:07:48.1455550Z [36;1mgo mod verify[0m
2025-08-19T13:07:48.1501860Z shell: /bin/bash -e {0}
2025-08-19T13:07:48.1502070Z env:
2025-08-19T13:07:48.1502200Z   REGISTRY: ghcr.io
2025-08-19T13:07:48.1502360Z   IMAGE_NAME: conductor-loop
2025-08-19T13:07:48.1502580Z   GO_VERSION: 1.24.x
2025-08-19T13:07:48.1502760Z ##[endgroup]
2025-08-19T13:08:10.9119540Z all modules verified
2025-08-19T13:08:10.9195210Z ##[group]Run mkdir -p test-results
2025-08-19T13:08:10.9195540Z [36;1mmkdir -p test-results[0m
2025-08-19T13:08:10.9196030Z [36;1mtimeout 300 go test -v -race -timeout=5m -coverprofile=test-results/coverage.out -covermode=atomic ./cmd/conductor-loop ./internal/loop[0m
2025-08-19T13:08:10.9196670Z [36;1mgo tool cover -html=test-results/coverage.out -o test-results/coverage.html[0m
2025-08-19T13:08:10.9309520Z shell: /bin/bash -e {0}
2025-08-19T13:08:10.9309840Z env:
2025-08-19T13:08:10.9310070Z   REGISTRY: ghcr.io
2025-08-19T13:08:10.9310290Z   IMAGE_NAME: conductor-loop
2025-08-19T13:08:10.9310530Z   GO_VERSION: 1.24.x
2025-08-19T13:08:10.9310860Z ##[endgroup]
2025-08-19T13:08:11.0092000Z /Users/runner/work/_temp/1aa979f0-c64e-4d9d-bb83-7a700fb6e4e6.sh: line 2: timeout: command not found
2025-08-19T13:08:11.0107430Z ##[error]Process completed with exit code 127.
2025-08-19T13:08:11.0236410Z ##[group]Run actions/upload-artifact@v4
2025-08-19T13:08:11.0236740Z with:
2025-08-19T13:08:11.0237610Z   name: test-results-macos-latest
2025-08-19T13:08:11.0237880Z   path: test-results/
2025-08-19T13:08:11.0238080Z   retention-days: 3
2025-08-19T13:08:11.0239180Z   if-no-files-found: warn
2025-08-19T13:08:11.0240220Z   compression-level: 6
2025-08-19T13:08:11.0241280Z   overwrite: false
2025-08-19T13:08:11.0241490Z   include-hidden-files: false
2025-08-19T13:08:11.0241790Z env:
2025-08-19T13:08:11.0241900Z   REGISTRY: ghcr.io
2025-08-19T13:08:11.0242110Z   IMAGE_NAME: conductor-loop
2025-08-19T13:08:11.0242420Z   GO_VERSION: 1.24.x
2025-08-19T13:08:11.0244420Z ##[endgroup]
2025-08-19T13:08:11.3779630Z ##[warning]No files were found with the provided path: test-results/. No artifacts will be uploaded.
2025-08-19T13:08:11.4002240Z Post job cleanup.
2025-08-19T13:08:11.4976500Z [command]/opt/homebrew/bin/git version
2025-08-19T13:08:11.5628470Z git version 2.50.1
2025-08-19T13:08:11.5665710Z Copying '/Users/runner/.gitconfig' to '/Users/runner/work/_temp/69e686ec-0b06-41eb-b5ee-0435ff435edc/.gitconfig'
2025-08-19T13:08:11.5677110Z Temporarily overriding HOME='/Users/runner/work/_temp/69e686ec-0b06-41eb-b5ee-0435ff435edc' before making global git config changes
2025-08-19T13:08:11.5678030Z Adding repository directory to the temporary git global config as a safe directory
2025-08-19T13:08:11.5683390Z [command]/opt/homebrew/bin/git config --global --add safe.directory /Users/runner/work/nephoran-intent-operator/nephoran-intent-operator
2025-08-19T13:08:11.5790320Z [command]/opt/homebrew/bin/git config --local --name-only --get-regexp core\.sshCommand
2025-08-19T13:08:11.5842640Z [command]/opt/homebrew/bin/git submodule foreach --recursive sh -c "git config --local --name-only --get-regexp 'core\.sshCommand' && git config --local --unset-all 'core.sshCommand' || :"
2025-08-19T13:08:11.6567190Z [command]/opt/homebrew/bin/git config --local --name-only --get-regexp http\.https\:\/\/github\.com\/\.extraheader
2025-08-19T13:08:11.6610320Z http.https://github.com/.extraheader
2025-08-19T13:08:11.6618300Z [command]/opt/homebrew/bin/git config --local --unset-all http.https://github.com/.extraheader
2025-08-19T13:08:11.6698120Z [command]/opt/homebrew/bin/git submodule foreach --recursive sh -c "git config --local --name-only --get-regexp 'http\.https\:\/\/github\.com\/\.extraheader' && git config --local --unset-all 'http.https://github.com/.extraheader' || :"
2025-08-19T13:08:11.7439080Z Cleaning up orphan processes
