2025-08-19T13:07:32.6208320Z Current runner version: '2.327.1'
2025-08-19T13:07:32.6224560Z ##[group]Runner Image Provisioner
2025-08-19T13:07:32.6225240Z Hosted Compute Agent
2025-08-19T13:07:32.6225610Z Version: 20250818.377
2025-08-19T13:07:32.6226120Z Commit: 3c593e9f75fe0b87e893bca80d6e12ba089c61fc
2025-08-19T13:07:32.6226640Z Build Date: 2025-08-18T14:52:18Z
2025-08-19T13:07:32.6227010Z ##[endgroup]
2025-08-19T13:07:32.6227380Z ##[group]Operating System
2025-08-19T13:07:32.6228320Z macOS
2025-08-19T13:07:32.6228660Z 15.5
2025-08-19T13:07:32.6228950Z 24F74
2025-08-19T13:07:32.6229230Z ##[endgroup]
2025-08-19T13:07:32.6229530Z ##[group]Runner Image
2025-08-19T13:07:32.6229900Z Image: macos-15-arm64
2025-08-19T13:07:32.6230220Z Version: 20250811.2170
2025-08-19T13:07:32.6230940Z Included Software: https://github.com/actions/runner-images/blob/macos-15-arm64/20250811.2170/images/macos/macos-15-arm64-Readme.md
2025-08-19T13:07:32.6232110Z Image Release: https://github.com/actions/runner-images/releases/tag/macos-15-arm64%2F20250811.2170
2025-08-19T13:07:32.6232750Z ##[endgroup]
2025-08-19T13:07:32.6233560Z ##[group]GITHUB_TOKEN Permissions
2025-08-19T13:07:32.6234780Z Contents: read
2025-08-19T13:07:32.6235220Z Metadata: read
2025-08-19T13:07:32.6235610Z Packages: write
2025-08-19T13:07:32.6235980Z SecurityEvents: write
2025-08-19T13:07:32.6236310Z ##[endgroup]
2025-08-19T13:07:32.6237800Z Secret source: Actions
2025-08-19T13:07:32.6238240Z Prepare workflow directory
2025-08-19T13:07:32.6488840Z Prepare all required actions
2025-08-19T13:07:32.6516650Z Getting action download info
2025-08-19T13:07:32.9567120Z Download action repository 'actions/checkout@v4' (SHA:08eba0b27e820071cde6df949e0beb9ba4906955)
2025-08-19T13:07:34.0654160Z Download action repository 'actions/setup-go@v5' (SHA:d35c59abb061a4a6fb18e82ac0862c26744d6ab5)
2025-08-19T13:07:35.0716210Z Download action repository 'actions/upload-artifact@v4' (SHA:ea165f8d65b6e75b540449e92b4886f43607fa02)
2025-08-19T13:07:35.2119710Z Complete job name: Test (macos-latest)
2025-08-19T13:07:35.2553520Z ##[group]Run actions/checkout@v4
2025-08-19T13:07:35.2554310Z with:
2025-08-19T13:07:35.2554790Z   fetch-depth: 0
2025-08-19T13:07:35.2555390Z   repository: thc1006/nephoran-intent-operator
2025-08-19T13:07:35.2556300Z   token: ***
2025-08-19T13:07:35.2556800Z   ssh-strict: true
2025-08-19T13:07:35.2557310Z   ssh-user: git
2025-08-19T13:07:35.2557830Z   persist-credentials: true
2025-08-19T13:07:35.2558410Z   clean: true
2025-08-19T13:07:35.2558960Z   sparse-checkout-cone-mode: true
2025-08-19T13:07:35.2559620Z   fetch-tags: false
2025-08-19T13:07:35.2560210Z   show-progress: true
2025-08-19T13:07:35.2560840Z   lfs: false
2025-08-19T13:07:35.2561340Z   submodules: false
2025-08-19T13:07:35.2561900Z   set-safe-directory: true
2025-08-19T13:07:35.2562620Z env:
2025-08-19T13:07:35.2563100Z   REGISTRY: ghcr.io
2025-08-19T13:07:35.2563670Z   IMAGE_NAME: conductor-loop
2025-08-19T13:07:35.2564290Z   GO_VERSION: 1.24.x
2025-08-19T13:07:35.2564850Z ##[endgroup]
2025-08-19T13:07:35.3965960Z Syncing repository: thc1006/nephoran-intent-operator
2025-08-19T13:07:35.3967950Z ##[group]Getting Git version info
2025-08-19T13:07:35.3969200Z Working directory is '/Users/runner/work/nephoran-intent-operator/nephoran-intent-operator'
2025-08-19T13:07:35.3970970Z [command]/opt/homebrew/bin/git version
2025-08-19T13:07:35.4450740Z git version 2.50.1
2025-08-19T13:07:35.4466060Z ##[endgroup]
2025-08-19T13:07:35.4471420Z Copying '/Users/runner/.gitconfig' to '/Users/runner/work/_temp/29e61338-329e-4b45-907c-a58a7a6875b0/.gitconfig'
2025-08-19T13:07:35.4477570Z Temporarily overriding HOME='/Users/runner/work/_temp/29e61338-329e-4b45-907c-a58a7a6875b0' before making global git config changes
2025-08-19T13:07:35.4479940Z Adding repository directory to the temporary git global config as a safe directory
2025-08-19T13:07:35.4482250Z [command]/opt/homebrew/bin/git config --global --add safe.directory /Users/runner/work/nephoran-intent-operator/nephoran-intent-operator
2025-08-19T13:07:35.4570680Z Deleting the contents of '/Users/runner/work/nephoran-intent-operator/nephoran-intent-operator'
2025-08-19T13:07:35.4573180Z ##[group]Initializing the repository
2025-08-19T13:07:35.4575930Z [command]/opt/homebrew/bin/git init /Users/runner/work/nephoran-intent-operator/nephoran-intent-operator
2025-08-19T13:07:35.4738000Z hint: Using 'master' as the name for the initial branch. This default branch name
2025-08-19T13:07:35.4740350Z hint: is subject to change. To configure the initial branch name to use in all
2025-08-19T13:07:35.4741760Z hint: of your new repositories, which will suppress this warning, call:
2025-08-19T13:07:35.4742740Z hint:
2025-08-19T13:07:35.4743430Z hint: 	git config --global init.defaultBranch <name>
2025-08-19T13:07:35.4744250Z hint:
2025-08-19T13:07:35.4745030Z hint: Names commonly chosen instead of 'master' are 'main', 'trunk' and
2025-08-19T13:07:35.4746320Z hint: 'development'. The just-created branch can be renamed via this command:
2025-08-19T13:07:35.4747330Z hint:
2025-08-19T13:07:35.4747910Z hint: 	git branch -m <name>
2025-08-19T13:07:35.4748530Z hint:
2025-08-19T13:07:35.4749370Z hint: Disable this message with "git config set advice.defaultBranchName false"
2025-08-19T13:07:35.4751130Z Initialized empty Git repository in /Users/runner/work/nephoran-intent-operator/nephoran-intent-operator/.git/
2025-08-19T13:07:35.4754220Z [command]/opt/homebrew/bin/git remote add origin https://github.com/thc1006/nephoran-intent-operator
2025-08-19T13:07:35.4805060Z ##[endgroup]
2025-08-19T13:07:35.4806210Z ##[group]Disabling automatic garbage collection
2025-08-19T13:07:35.4807210Z [command]/opt/homebrew/bin/git config --local gc.auto 0
2025-08-19T13:07:35.4854160Z ##[endgroup]
2025-08-19T13:07:35.4855120Z ##[group]Setting up auth
2025-08-19T13:07:35.4858140Z [command]/opt/homebrew/bin/git config --local --name-only --get-regexp core\.sshCommand
2025-08-19T13:07:35.4915490Z [command]/opt/homebrew/bin/git submodule foreach --recursive sh -c "git config --local --name-only --get-regexp 'core\.sshCommand' && git config --local --unset-all 'core.sshCommand' || :"
2025-08-19T13:07:35.5563180Z [command]/opt/homebrew/bin/git config --local --name-only --get-regexp http\.https\:\/\/github\.com\/\.extraheader
2025-08-19T13:07:35.5607510Z [command]/opt/homebrew/bin/git submodule foreach --recursive sh -c "git config --local --name-only --get-regexp 'http\.https\:\/\/github\.com\/\.extraheader' && git config --local --unset-all 'http.https://github.com/.extraheader' || :"
2025-08-19T13:07:35.6180090Z [command]/opt/homebrew/bin/git config --local http.https://github.com/.extraheader AUTHORIZATION: basic ***
2025-08-19T13:07:35.6235330Z ##[endgroup]
2025-08-19T13:07:35.6236370Z ##[group]Fetching the repository
2025-08-19T13:07:35.6241060Z [command]/opt/homebrew/bin/git -c protocol.version=2 fetch --prune --no-recurse-submodules origin +refs/heads/*:refs/remotes/origin/* +refs/tags/*:refs/tags/*
2025-08-19T13:07:45.3086250Z From https://github.com/thc1006/nephoran-intent-operator
2025-08-19T13:07:45.3093540Z  * [new branch]        chore/claude-commands-and-hooks -> origin/chore/claude-commands-and-hooks
2025-08-19T13:07:45.3096610Z  * [new branch]        chore/conductor-governance -> origin/chore/conductor-governance
2025-08-19T13:07:45.3098360Z  * [new branch]        chore/conductor-setup  -> origin/chore/conductor-setup
2025-08-19T13:07:45.3098940Z  * [new branch]        chore/repo-hygiene     -> origin/chore/repo-hygiene
2025-08-19T13:07:45.3100840Z  * [new branch]        dependabot/github_actions/actions/configure-pages-5 -> origin/dependabot/github_actions/actions/configure-pages-5
2025-08-19T13:07:45.3101960Z  * [new branch]        dependabot/github_actions/codecov/codecov-action-5 -> origin/dependabot/github_actions/codecov/codecov-action-5
2025-08-19T13:07:45.3102850Z  * [new branch]        dependabot/github_actions/golangci/golangci-lint-action-8 -> origin/dependabot/github_actions/golangci/golangci-lint-action-8
2025-08-19T13:07:45.3105370Z  * [new branch]        dependabot/github_actions/hashicorp/setup-terraform-3 -> origin/dependabot/github_actions/hashicorp/setup-terraform-3
2025-08-19T13:07:45.3108380Z  * [new branch]        dependabot/github_actions/helm/kind-action-1.12.0 -> origin/dependabot/github_actions/helm/kind-action-1.12.0
2025-08-19T13:07:45.3113580Z  * [new branch]        dependabot/go_modules/cloud.google.com/go/compute-1.43.0 -> origin/dependabot/go_modules/cloud.google.com/go/compute-1.43.0
2025-08-19T13:07:45.3115710Z  * [new branch]        dependabot/go_modules/cloud.google.com/go/container-1.44.0 -> origin/dependabot/go_modules/cloud.google.com/go/container-1.44.0
2025-08-19T13:07:45.3121070Z  * [new branch]        dependabot/go_modules/github.com/Azure/azure-sdk-for-go/sdk/azcore-1.18.2 -> origin/dependabot/go_modules/github.com/Azure/azure-sdk-for-go/sdk/azcore-1.18.2
2025-08-19T13:07:45.3124190Z  * [new branch]        dependabot/go_modules/github.com/aws/aws-sdk-go-v2-1.38.0 -> origin/dependabot/go_modules/github.com/aws/aws-sdk-go-v2-1.38.0
2025-08-19T13:07:45.3126720Z  * [new branch]        dependabot/go_modules/github.com/aws/aws-sdk-go-v2/credentials-1.18.4 -> origin/dependabot/go_modules/github.com/aws/aws-sdk-go-v2/credentials-1.18.4
2025-08-19T13:07:45.3129990Z  * [new branch]        dependabot/go_modules/github.com/aws/aws-sdk-go-v2/service/sts-1.37.0 -> origin/dependabot/go_modules/github.com/aws/aws-sdk-go-v2/service/sts-1.37.0
2025-08-19T13:07:45.3134140Z  * [new branch]        dependabot/go_modules/go.opentelemetry.io/otel/exporters/prometheus-0.59.1 -> origin/dependabot/go_modules/go.opentelemetry.io/otel/exporters/prometheus-0.59.1
2025-08-19T13:07:45.3137550Z  * [new branch]        dependabot/go_modules/golang.org/x/net-0.43.0 -> origin/dependabot/go_modules/golang.org/x/net-0.43.0
2025-08-19T13:07:45.3142720Z  * [new branch]        dependabot/go_modules/helm.sh/helm/v3-3.18.5 -> origin/dependabot/go_modules/helm.sh/helm/v3-3.18.5
2025-08-19T13:07:45.3159260Z  * [new branch]        dependabot/go_modules/k8s.io/client-go-0.33.4 -> origin/dependabot/go_modules/k8s.io/client-go-0.33.4
2025-08-19T13:07:45.3162300Z  * [new branch]        feat/a1-policy-sim     -> origin/feat/a1-policy-sim
2025-08-19T13:07:45.3162790Z  * [new branch]        feat/admission-webhook -> origin/feat/admission-webhook
2025-08-19T13:07:45.3163730Z  * [new branch]        feat/ci-guard          -> origin/feat/ci-guard
2025-08-19T13:07:45.3164420Z  * [new branch]        feat/conductor-file-watcher -> origin/feat/conductor-file-watcher
2025-08-19T13:07:45.3165220Z  * [new branch]        feat/conductor-loop    -> origin/feat/conductor-loop
2025-08-19T13:07:45.3165860Z  * [new branch]        feat/e2-kpm-sim        -> origin/feat/e2-kpm-sim
2025-08-19T13:07:45.3166750Z  * [new branch]        feat/e2e               -> origin/feat/e2e
2025-08-19T13:07:45.3167240Z  * [new branch]        feat/examples-mvp      -> origin/feat/examples-mvp
2025-08-19T13:07:45.3168600Z  * [new branch]        feat/ingest-llm        -> origin/feat/ingest-llm
2025-08-19T13:07:45.3169930Z  * [new branch]        feat/ingest-tests-and-errors -> origin/feat/ingest-tests-and-errors
2025-08-19T13:07:45.3171620Z  * [new branch]        feat/o1-ves-sim        -> origin/feat/o1-ves-sim
2025-08-19T13:07:45.3173480Z  * [new branch]        feat/planner           -> origin/feat/planner
2025-08-19T13:07:45.3175820Z  * [new branch]        feat/porch-direct      -> origin/feat/porch-direct
2025-08-19T13:07:45.3178170Z  * [new branch]        feat/porch-publisher   -> origin/feat/porch-publisher
2025-08-19T13:07:45.3180500Z  * [new branch]        feat/porch-structured-patch -> origin/feat/porch-structured-patch
2025-08-19T13:07:45.3182290Z  * [new branch]        feat/sim-fcaps-to-intent -> origin/feat/sim-fcaps-to-intent
2025-08-19T13:07:45.3184820Z  * [new branch]        feat/test-harness      -> origin/feat/test-harness
2025-08-19T13:07:45.3188050Z  * [new branch]        integrate/mvp          -> origin/integrate/mvp
2025-08-19T13:07:45.3189920Z  * [new branch]        main                   -> origin/main
2025-08-19T13:07:45.3196630Z  * [new tag]           backup/pre-cleanup-20250813234213 -> backup/pre-cleanup-20250813234213
2025-08-19T13:07:45.3197640Z  * [new tag]           v0.1.0-mvp             -> v0.1.0-mvp
2025-08-19T13:07:45.3276060Z [command]/opt/homebrew/bin/git branch --list --remote origin/feat/conductor-loop
2025-08-19T13:07:45.3340070Z   origin/feat/conductor-loop
2025-08-19T13:07:45.3346420Z [command]/opt/homebrew/bin/git rev-parse refs/remotes/origin/feat/conductor-loop
2025-08-19T13:07:45.3393810Z 466806fe950338ae4ffff485b592c7e933197d57
2025-08-19T13:07:45.3396490Z ##[endgroup]
2025-08-19T13:07:45.3396800Z ##[group]Determining the checkout info
2025-08-19T13:07:45.3397260Z ##[endgroup]
2025-08-19T13:07:45.3400590Z [command]/opt/homebrew/bin/git sparse-checkout disable
2025-08-19T13:07:45.3832690Z [command]/opt/homebrew/bin/git config --local --unset-all extensions.worktreeConfig
2025-08-19T13:07:45.3956260Z ##[group]Checking out the ref
2025-08-19T13:07:45.3956990Z [command]/opt/homebrew/bin/git checkout --progress --force -B feat/conductor-loop refs/remotes/origin/feat/conductor-loop
2025-08-19T13:07:45.8478330Z Switched to a new branch 'feat/conductor-loop'
2025-08-19T13:07:45.8483810Z branch 'feat/conductor-loop' set up to track 'origin/feat/conductor-loop'.
2025-08-19T13:07:45.8493040Z ##[endgroup]
2025-08-19T13:07:45.8591480Z [command]/opt/homebrew/bin/git log -1 --format=%H
2025-08-19T13:07:45.8661750Z 466806fe950338ae4ffff485b592c7e933197d57
2025-08-19T13:07:45.8840270Z ##[group]Run actions/setup-go@v5
2025-08-19T13:07:45.8840450Z with:
2025-08-19T13:07:45.8840580Z   go-version: 1.24.x
2025-08-19T13:07:45.8840720Z   cache: true
2025-08-19T13:07:45.8840850Z   cache-dependency-path: go.sum
2025-08-19T13:07:45.8841000Z   check-latest: false
2025-08-19T13:07:45.8841210Z   token: ***
2025-08-19T13:07:45.8841320Z env:
2025-08-19T13:07:45.8841420Z   REGISTRY: ghcr.io
2025-08-19T13:07:45.8841550Z   IMAGE_NAME: conductor-loop
2025-08-19T13:07:45.8841690Z   GO_VERSION: 1.24.x
2025-08-19T13:07:45.8841810Z ##[endgroup]
2025-08-19T13:07:46.0471900Z Setup go version spec 1.24.x
2025-08-19T13:07:46.0532800Z Found in cache @ /Users/runner/hostedtoolcache/go/1.24.6/arm64
2025-08-19T13:07:46.0536270Z Added go to the path
2025-08-19T13:07:46.0537760Z Successfully set up Go version 1.24.x
2025-08-19T13:07:46.1556660Z [command]/Users/runner/hostedtoolcache/go/1.24.6/arm64/bin/go env GOMODCACHE
2025-08-19T13:07:46.1570520Z [command]/Users/runner/hostedtoolcache/go/1.24.6/arm64/bin/go env GOCACHE
2025-08-19T13:07:46.1627570Z /Users/runner/Library/Caches/go-build
2025-08-19T13:07:46.1659310Z /Users/runner/go/pkg/mod
2025-08-19T13:07:46.3543990Z Cache is not found
2025-08-19T13:07:46.3562810Z go version go1.24.6 darwin/arm64
2025-08-19T13:07:46.3562960Z 
2025-08-19T13:07:46.3563190Z ##[group]go env
2025-08-19T13:07:47.7756600Z AR='ar'
2025-08-19T13:07:47.7756810Z CC='clang'
2025-08-19T13:07:47.7756970Z CGO_CFLAGS='-O2 -g'
2025-08-19T13:07:47.7757150Z CGO_CPPFLAGS=''
2025-08-19T13:07:47.7757310Z CGO_CXXFLAGS='-O2 -g'
2025-08-19T13:07:47.7757490Z CGO_ENABLED='1'
2025-08-19T13:07:47.7757650Z CGO_FFLAGS='-O2 -g'
2025-08-19T13:07:47.7757820Z CGO_LDFLAGS='-O2 -g'
2025-08-19T13:07:47.7758030Z CXX='clang++'
2025-08-19T13:07:47.7758190Z GCCGO='gccgo'
2025-08-19T13:07:47.7758330Z GO111MODULE=''
2025-08-19T13:07:47.7758470Z GOARCH='arm64'
2025-08-19T13:07:47.7758610Z GOARM64='v8.0'
2025-08-19T13:07:47.7758760Z GOAUTH='netrc'
2025-08-19T13:07:47.7758900Z GOBIN=''
2025-08-19T13:07:47.7759080Z GOCACHE='/Users/runner/Library/Caches/go-build'
2025-08-19T13:07:47.7759310Z GOCACHEPROG=''
2025-08-19T13:07:47.7759480Z GODEBUG=''
2025-08-19T13:07:47.7759690Z GOENV='/Users/runner/Library/Application Support/go/env'
2025-08-19T13:07:47.7759920Z GOEXE=''
2025-08-19T13:07:47.7760050Z GOEXPERIMENT=''
2025-08-19T13:07:47.7760210Z GOFIPS140='off'
2025-08-19T13:07:47.7760350Z GOFLAGS=''
2025-08-19T13:07:47.7761110Z GOGCCFLAGS='-fPIC -arch arm64 -pthread -fno-caret-diagnostics -Qunused-arguments -fmessage-length=0 -ffile-prefix-map=/var/folders/x7/ch5v91h56_zbvbd1y2f600dm0000gn/T/go-build736728935=/tmp/go-build -gno-record-gcc-switches -fno-common'
2025-08-19T13:07:47.7762220Z GOHOSTARCH='arm64'
2025-08-19T13:07:47.7762400Z GOHOSTOS='darwin'
2025-08-19T13:07:47.7762530Z GOINSECURE=''
2025-08-19T13:07:47.7762830Z GOMOD='/Users/runner/work/nephoran-intent-operator/nephoran-intent-operator/go.mod'
2025-08-19T13:07:47.7763220Z GOMODCACHE='/Users/runner/go/pkg/mod'
2025-08-19T13:07:47.7763410Z GONOPROXY=''
2025-08-19T13:07:47.7763540Z GONOSUMDB=''
2025-08-19T13:07:47.7763680Z GOOS='darwin'
2025-08-19T13:07:47.7763890Z GOPATH='/Users/runner/go'
2025-08-19T13:07:47.7764060Z GOPRIVATE=''
2025-08-19T13:07:47.7764290Z GOPROXY='https://proxy.golang.org,direct'
2025-08-19T13:07:47.7764560Z GOROOT='/Users/runner/hostedtoolcache/go/1.24.6/arm64'
2025-08-19T13:07:47.7764810Z GOSUMDB='sum.golang.org'
2025-08-19T13:07:47.7764980Z GOTELEMETRY='local'
2025-08-19T13:07:47.7765280Z GOTELEMETRYDIR='/Users/runner/Library/Application Support/go/telemetry'
2025-08-19T13:07:47.7765570Z GOTMPDIR=''
2025-08-19T13:07:47.7765710Z GOTOOLCHAIN='auto'
2025-08-19T13:07:47.7766000Z GOTOOLDIR='/Users/runner/hostedtoolcache/go/1.24.6/arm64/pkg/tool/darwin_arm64'
2025-08-19T13:07:47.7766280Z GOVCS=''
2025-08-19T13:07:47.7766500Z GOVERSION='go1.24.6'
2025-08-19T13:07:47.7766680Z GOWORK=''
2025-08-19T13:07:47.7766830Z PKG_CONFIG='pkg-config'
2025-08-19T13:07:47.7766950Z 
2025-08-19T13:07:47.7767290Z ##[endgroup]
2025-08-19T13:07:47.7827250Z ##[group]Run go mod download
2025-08-19T13:07:47.7827500Z [36;1mgo mod download[0m
2025-08-19T13:07:47.7827660Z [36;1mgo mod verify[0m
2025-08-19T13:07:47.7879050Z shell: /bin/bash -e {0}
2025-08-19T13:07:47.7879230Z env:
2025-08-19T13:07:47.7879450Z   REGISTRY: ghcr.io
2025-08-19T13:07:47.7879600Z   IMAGE_NAME: conductor-loop
2025-08-19T13:07:47.7879770Z   GO_VERSION: 1.24.x
2025-08-19T13:07:47.7879920Z ##[endgroup]
2025-08-19T13:08:37.6689010Z all modules verified
2025-08-19T13:08:37.6746460Z ##[group]Run mkdir -p test-results
2025-08-19T13:08:37.6746850Z [36;1mmkdir -p test-results[0m
2025-08-19T13:08:37.6747330Z [36;1mtimeout 300 go test -v -race -timeout=5m -coverprofile=test-results/coverage.out -covermode=atomic ./cmd/conductor-loop ./internal/loop[0m
2025-08-19T13:08:37.6748020Z [36;1mgo tool cover -html=test-results/coverage.out -o test-results/coverage.html[0m
2025-08-19T13:08:37.6852500Z shell: /bin/bash -e {0}
2025-08-19T13:08:37.6852850Z env:
2025-08-19T13:08:37.6853090Z   REGISTRY: ghcr.io
2025-08-19T13:08:37.6853300Z   IMAGE_NAME: conductor-loop
2025-08-19T13:08:37.6853510Z   GO_VERSION: 1.24.x
2025-08-19T13:08:37.6853770Z ##[endgroup]
2025-08-19T13:08:37.7579120Z /Users/runner/work/_temp/af971588-3b3d-411a-911b-8c1d101793e4.sh: line 2: timeout: command not found
2025-08-19T13:08:37.7590530Z ##[error]Process completed with exit code 127.
2025-08-19T13:08:37.7679340Z ##[group]Run actions/upload-artifact@v4
2025-08-19T13:08:37.7679630Z with:
2025-08-19T13:08:37.7679830Z   name: test-results-macos-latest
2025-08-19T13:08:37.7680040Z   path: test-results/
2025-08-19T13:08:37.7680180Z   retention-days: 3
2025-08-19T13:08:37.7680400Z   if-no-files-found: warn
2025-08-19T13:08:37.7680710Z   compression-level: 6
2025-08-19T13:08:37.7681000Z   overwrite: false
2025-08-19T13:08:37.7681230Z   include-hidden-files: false
2025-08-19T13:08:37.7681470Z env:
2025-08-19T13:08:37.7681710Z   REGISTRY: ghcr.io
2025-08-19T13:08:37.7681980Z   IMAGE_NAME: conductor-loop
2025-08-19T13:08:37.7682240Z   GO_VERSION: 1.24.x
2025-08-19T13:08:37.7682420Z ##[endgroup]
2025-08-19T13:08:38.1636520Z ##[warning]No files were found with the provided path: test-results/. No artifacts will be uploaded.
2025-08-19T13:08:38.1935480Z Post job cleanup.
2025-08-19T13:08:38.2862820Z [command]/opt/homebrew/bin/git version
2025-08-19T13:08:38.3065890Z git version 2.50.1
2025-08-19T13:08:38.3111670Z Copying '/Users/runner/.gitconfig' to '/Users/runner/work/_temp/e48abf9d-0745-49c3-8a0a-b13cc0556920/.gitconfig'
2025-08-19T13:08:38.3118040Z Temporarily overriding HOME='/Users/runner/work/_temp/e48abf9d-0745-49c3-8a0a-b13cc0556920' before making global git config changes
2025-08-19T13:08:38.3119230Z Adding repository directory to the temporary git global config as a safe directory
2025-08-19T13:08:38.3126140Z [command]/opt/homebrew/bin/git config --global --add safe.directory /Users/runner/work/nephoran-intent-operator/nephoran-intent-operator
2025-08-19T13:08:38.3237130Z [command]/opt/homebrew/bin/git config --local --name-only --get-regexp core\.sshCommand
2025-08-19T13:08:38.3296740Z [command]/opt/homebrew/bin/git submodule foreach --recursive sh -c "git config --local --name-only --get-regexp 'core\.sshCommand' && git config --local --unset-all 'core.sshCommand' || :"
2025-08-19T13:08:38.4047050Z [command]/opt/homebrew/bin/git config --local --name-only --get-regexp http\.https\:\/\/github\.com\/\.extraheader
2025-08-19T13:08:38.4097500Z http.https://github.com/.extraheader
2025-08-19T13:08:38.4106400Z [command]/opt/homebrew/bin/git config --local --unset-all http.https://github.com/.extraheader
2025-08-19T13:08:38.4157670Z [command]/opt/homebrew/bin/git submodule foreach --recursive sh -c "git config --local --name-only --get-regexp 'http\.https\:\/\/github\.com\/\.extraheader' && git config --local --unset-all 'http.https://github.com/.extraheader' || :"
2025-08-19T13:08:38.4888460Z Cleaning up orphan processes
