2025-08-19T13:08:55.4446015Z Current runner version: '2.327.1'
2025-08-19T13:08:55.4480621Z ##[group]Runner Image Provisioner
2025-08-19T13:08:55.4481785Z Hosted Compute Agent
2025-08-19T13:08:55.4482722Z Version: 20250818.377
2025-08-19T13:08:55.4483671Z Commit: 3c593e9f75fe0b87e893bca80d6e12ba089c61fc
2025-08-19T13:08:55.4484804Z Build Date: 2025-08-18T14:52:18Z
2025-08-19T13:08:55.4485868Z ##[endgroup]
2025-08-19T13:08:55.4487142Z ##[group]Operating System
2025-08-19T13:08:55.4488075Z Ubuntu
2025-08-19T13:08:55.4489055Z 24.04.2
2025-08-19T13:08:55.4489843Z LTS
2025-08-19T13:08:55.4490678Z ##[endgroup]
2025-08-19T13:08:55.4491757Z ##[group]Runner Image
2025-08-19T13:08:55.4492701Z Image: ubuntu-24.04
2025-08-19T13:08:55.4493594Z Version: 20250810.1.0
2025-08-19T13:08:55.4495378Z Included Software: https://github.com/actions/runner-images/blob/ubuntu24/20250810.1/images/ubuntu/Ubuntu2404-Readme.md
2025-08-19T13:08:55.4498382Z Image Release: https://github.com/actions/runner-images/releases/tag/ubuntu24%2F20250810.1
2025-08-19T13:08:55.4500273Z ##[endgroup]
2025-08-19T13:08:55.4502875Z ##[group]GITHUB_TOKEN Permissions
2025-08-19T13:08:55.4505652Z Actions: read
2025-08-19T13:08:55.4506722Z Checks: write
2025-08-19T13:08:55.4507756Z Contents: read
2025-08-19T13:08:55.4508700Z Metadata: read
2025-08-19T13:08:55.4509471Z Packages: write
2025-08-19T13:08:55.4510391Z PullRequests: write
2025-08-19T13:08:55.4511241Z SecurityEvents: write
2025-08-19T13:08:55.4512128Z ##[endgroup]
2025-08-19T13:08:55.4515244Z Secret source: Actions
2025-08-19T13:08:55.4516663Z Prepare workflow directory
2025-08-19T13:08:55.5290137Z Prepare all required actions
2025-08-19T13:08:55.5327755Z Getting action download info
2025-08-19T13:08:55.8561634Z Download action repository 'step-security/harden-runner@v2' (SHA:ec9f2d5744a09debf3a187a3f4f675c53b671911)
2025-08-19T13:08:56.2497282Z Download action repository 'actions/checkout@v4' (SHA:08eba0b27e820071cde6df949e0beb9ba4906955)
2025-08-19T13:08:56.4643136Z Download action repository 'actions/setup-go@v5' (SHA:d35c59abb061a4a6fb18e82ac0862c26744d6ab5)
2025-08-19T13:08:56.7495030Z Download action repository 'github/codeql-action@v3' (SHA:96f518a34f7a870018057716cc4d7a5c014bd61c)
2025-08-19T13:09:01.7611800Z Download action repository 'semgrep/semgrep-action@v1' (SHA:713efdd345f3035192eaa63f56867b88e63e4e5d)
2025-08-19T13:09:02.0476445Z Download action repository 'dependency-check/Dependency-Check_Action@main' (SHA:2ba636726705b0f74f126ebeaacaf2ad4600b967)
2025-08-19T13:09:02.2801227Z Download action repository 'actions/upload-artifact@v4' (SHA:ea165f8d65b6e75b540449e92b4886f43607fa02)
2025-08-19T13:09:02.4675435Z Complete job name: Security Analysis (govulncheck)
2025-08-19T13:09:02.5072800Z ##[group]Pull down action image 'returntocorp/semgrep-agent:v1'
2025-08-19T13:09:02.5203786Z ##[command]/usr/bin/docker pull returntocorp/semgrep-agent:v1
2025-08-19T13:09:02.8764732Z v1: Pulling from returntocorp/semgrep-agent
2025-08-19T13:09:02.9519524Z 7264a8db6415: Pulling fs layer
2025-08-19T13:09:02.9520305Z 66e1d5e70e42: Pulling fs layer
2025-08-19T13:09:02.9521095Z 64dfa579cd50: Pulling fs layer
2025-08-19T13:09:02.9521542Z afa58c10ee34: Pulling fs layer
2025-08-19T13:09:02.9522181Z cd87b3fa61f8: Pulling fs layer
2025-08-19T13:09:02.9522566Z a54df9278105: Pulling fs layer
2025-08-19T13:09:02.9522956Z 22d9c0f131ae: Pulling fs layer
2025-08-19T13:09:02.9523345Z bfa6cbe2a060: Pulling fs layer
2025-08-19T13:09:02.9523726Z e6455d0c4d0a: Pulling fs layer
2025-08-19T13:09:02.9524109Z 4e6528b8b44b: Pulling fs layer
2025-08-19T13:09:02.9524526Z 77aae498c7b4: Pulling fs layer
2025-08-19T13:09:02.9524917Z f6a963258091: Pulling fs layer
2025-08-19T13:09:02.9525357Z e68b04e3dc22: Pulling fs layer
2025-08-19T13:09:02.9525739Z e50eacad623d: Pulling fs layer
2025-08-19T13:09:02.9526101Z 464938719a27: Pulling fs layer
2025-08-19T13:09:02.9526447Z c09dc33c2ea4: Pulling fs layer
2025-08-19T13:09:02.9526923Z db70a1bf97d5: Pulling fs layer
2025-08-19T13:09:02.9527144Z 5667267dbf96: Pulling fs layer
2025-08-19T13:09:02.9527384Z 55e5ab738d77: Pulling fs layer
2025-08-19T13:09:02.9527936Z fbf9ea8fb0f3: Pulling fs layer
2025-08-19T13:09:02.9528153Z afa58c10ee34: Waiting
2025-08-19T13:09:02.9528352Z cd87b3fa61f8: Waiting
2025-08-19T13:09:02.9528538Z a54df9278105: Waiting
2025-08-19T13:09:02.9528723Z 22d9c0f131ae: Waiting
2025-08-19T13:09:02.9528908Z bfa6cbe2a060: Waiting
2025-08-19T13:09:02.9529093Z e6455d0c4d0a: Waiting
2025-08-19T13:09:02.9529268Z f6a963258091: Waiting
2025-08-19T13:09:02.9529448Z 4e6528b8b44b: Waiting
2025-08-19T13:09:02.9529628Z e68b04e3dc22: Waiting
2025-08-19T13:09:02.9529803Z db70a1bf97d5: Waiting
2025-08-19T13:09:02.9529970Z 77aae498c7b4: Waiting
2025-08-19T13:09:02.9530140Z 5667267dbf96: Waiting
2025-08-19T13:09:02.9530312Z e50eacad623d: Waiting
2025-08-19T13:09:02.9530601Z 464938719a27: Waiting
2025-08-19T13:09:02.9530772Z 55e5ab738d77: Waiting
2025-08-19T13:09:02.9530940Z c09dc33c2ea4: Waiting
2025-08-19T13:09:03.0576928Z 66e1d5e70e42: Verifying Checksum
2025-08-19T13:09:03.0577389Z 66e1d5e70e42: Download complete
2025-08-19T13:09:03.0816104Z 7264a8db6415: Verifying Checksum
2025-08-19T13:09:03.0816649Z 7264a8db6415: Download complete
2025-08-19T13:09:03.1852696Z 7264a8db6415: Pull complete
2025-08-19T13:09:03.1910867Z cd87b3fa61f8: Verifying Checksum
2025-08-19T13:09:03.1911606Z cd87b3fa61f8: Download complete
2025-08-19T13:09:03.2275611Z afa58c10ee34: Verifying Checksum
2025-08-19T13:09:03.2276101Z afa58c10ee34: Download complete
2025-08-19T13:09:03.2730410Z a54df9278105: Verifying Checksum
2025-08-19T13:09:03.2731095Z a54df9278105: Download complete
2025-08-19T13:09:03.3088847Z 64dfa579cd50: Verifying Checksum
2025-08-19T13:09:03.3089302Z 64dfa579cd50: Download complete
2025-08-19T13:09:03.3462829Z 22d9c0f131ae: Download complete
2025-08-19T13:09:03.4655957Z e6455d0c4d0a: Verifying Checksum
2025-08-19T13:09:03.4658104Z e6455d0c4d0a: Download complete
2025-08-19T13:09:03.4915447Z bfa6cbe2a060: Verifying Checksum
2025-08-19T13:09:03.4916052Z bfa6cbe2a060: Download complete
2025-08-19T13:09:03.5457650Z 77aae498c7b4: Verifying Checksum
2025-08-19T13:09:03.5458135Z 77aae498c7b4: Download complete
2025-08-19T13:09:03.5817196Z 4e6528b8b44b: Verifying Checksum
2025-08-19T13:09:03.5817650Z 4e6528b8b44b: Download complete
2025-08-19T13:09:03.6308068Z 66e1d5e70e42: Pull complete
2025-08-19T13:09:03.6697341Z e68b04e3dc22: Verifying Checksum
2025-08-19T13:09:03.6697870Z e68b04e3dc22: Download complete
2025-08-19T13:09:03.6926278Z e50eacad623d: Verifying Checksum
2025-08-19T13:09:03.6927010Z e50eacad623d: Download complete
2025-08-19T13:09:03.7868515Z 464938719a27: Verifying Checksum
2025-08-19T13:09:03.7869302Z 464938719a27: Download complete
2025-08-19T13:09:03.7998634Z c09dc33c2ea4: Verifying Checksum
2025-08-19T13:09:03.7999192Z c09dc33c2ea4: Download complete
2025-08-19T13:09:03.8717458Z db70a1bf97d5: Download complete
2025-08-19T13:09:03.9021377Z 5667267dbf96: Verifying Checksum
2025-08-19T13:09:03.9021976Z 5667267dbf96: Download complete
2025-08-19T13:09:03.9217628Z f6a963258091: Verifying Checksum
2025-08-19T13:09:03.9218485Z f6a963258091: Download complete
2025-08-19T13:09:03.9715877Z 55e5ab738d77: Verifying Checksum
2025-08-19T13:09:03.9717115Z 55e5ab738d77: Download complete
2025-08-19T13:09:04.0111479Z fbf9ea8fb0f3: Verifying Checksum
2025-08-19T13:09:04.0112065Z fbf9ea8fb0f3: Download complete
2025-08-19T13:09:04.1360547Z 64dfa579cd50: Pull complete
2025-08-19T13:09:04.1548438Z afa58c10ee34: Pull complete
2025-08-19T13:09:04.4428760Z cd87b3fa61f8: Pull complete
2025-08-19T13:09:04.4529669Z a54df9278105: Pull complete
2025-08-19T13:09:04.4794874Z 22d9c0f131ae: Pull complete
2025-08-19T13:09:04.7050297Z bfa6cbe2a060: Pull complete
2025-08-19T13:09:05.4736858Z e6455d0c4d0a: Pull complete
2025-08-19T13:09:06.6092938Z 4e6528b8b44b: Pull complete
2025-08-19T13:09:06.6215817Z 77aae498c7b4: Pull complete
2025-08-19T13:09:07.1654387Z f6a963258091: Pull complete
2025-08-19T13:09:07.1772758Z e68b04e3dc22: Pull complete
2025-08-19T13:09:07.1871908Z e50eacad623d: Pull complete
2025-08-19T13:09:07.2042499Z 464938719a27: Pull complete
2025-08-19T13:09:07.2134543Z c09dc33c2ea4: Pull complete
2025-08-19T13:09:07.2241229Z db70a1bf97d5: Pull complete
2025-08-19T13:09:07.2349878Z 5667267dbf96: Pull complete
2025-08-19T13:09:07.2442978Z 55e5ab738d77: Pull complete
2025-08-19T13:09:07.2684126Z fbf9ea8fb0f3: Pull complete
2025-08-19T13:09:07.2731216Z Digest: sha256:2ed984f89000f77516016248700ad91681cb89bbe2adbdecd1d38dc84394adbb
2025-08-19T13:09:07.2750519Z Status: Downloaded newer image for returntocorp/semgrep-agent:v1
2025-08-19T13:09:07.2764224Z docker.io/returntocorp/semgrep-agent:v1
2025-08-19T13:09:07.2788229Z ##[endgroup]
2025-08-19T13:09:07.2824991Z ##[group]Build container for action use: '/home/runner/work/_actions/dependency-check/Dependency-Check_Action/main/Dockerfile'.
2025-08-19T13:09:07.2831497Z ##[command]/usr/bin/docker build -t 0531c7:47f03b7cf12348bca85552409eff2504 -f "/home/runner/work/_actions/dependency-check/Dependency-Check_Action/main/Dockerfile" "/home/runner/work/_actions/dependency-check/Dependency-Check_Action/main"
2025-08-19T13:09:07.8741615Z #0 building with "default" instance using docker driver
2025-08-19T13:09:07.8741979Z 
2025-08-19T13:09:07.8742110Z #1 [internal] load build definition from Dockerfile
2025-08-19T13:09:07.8742594Z #1 transferring dockerfile: 631B done
2025-08-19T13:09:07.8742851Z #1 DONE 0.0s
2025-08-19T13:09:07.8742985Z 
2025-08-19T13:09:07.8743206Z #2 [auth] owasp/dependency-check-action:pull token for registry-1.docker.io
2025-08-19T13:09:07.8743622Z #2 DONE 0.0s
2025-08-19T13:09:07.8743744Z 
2025-08-19T13:09:07.8744085Z #3 [internal] load metadata for docker.io/owasp/dependency-check-action:latest
2025-08-19T13:09:07.9854167Z #3 DONE 0.3s
2025-08-19T13:09:08.1201839Z 
2025-08-19T13:09:08.1202285Z #4 [internal] load .dockerignore
2025-08-19T13:09:08.1202775Z #4 transferring context: 2B done
2025-08-19T13:09:08.1203139Z #4 DONE 0.0s
2025-08-19T13:09:08.1203292Z 
2025-08-19T13:09:08.1203415Z #5 [internal] load build context
2025-08-19T13:09:08.1203781Z #5 transferring context: 136B done
2025-08-19T13:09:08.1204178Z #5 DONE 0.0s
2025-08-19T13:09:08.1204389Z 
2025-08-19T13:09:08.1205074Z #6 [1/3] FROM docker.io/owasp/dependency-check-action:latest@sha256:327342634059eaa597815b5ebd1c73fd5bef6157e277ccbc113b4e6efd7e0943
2025-08-19T13:09:08.1206892Z #6 resolve docker.io/owasp/dependency-check-action:latest@sha256:327342634059eaa597815b5ebd1c73fd5bef6157e277ccbc113b4e6efd7e0943 done
2025-08-19T13:09:08.1208389Z #6 sha256:45ddd00e34dd292e9160aa703aff0bff2950fc06cb5272dea967325de2e941ae 0B / 44.09MB 0.1s
2025-08-19T13:09:08.1209653Z #6 sha256:cceb4befa491c3767afaa6af498fc78e7a724c29c577317890987c2ad467b680 3.09MB / 3.09MB 0.1s done
2025-08-19T13:09:08.1210920Z #6 sha256:86e65beaa5918cd0bdec672c0561e37cb894455cfda278de5c4c78e3335ad8f0 0B / 32.25MB 0.1s
2025-08-19T13:09:08.1212111Z #6 sha256:619be1103602d98e1963557998c954c892b3872986c27365e9f651f5bc27cab8 0B / 3.40MB 0.1s
2025-08-19T13:09:08.1213282Z #6 sha256:3e3762385f229926114f644db8c313a1b55517d678b5879ab9c39f2a9989abcd 1.24kB / 1.24kB 0.1s done
2025-08-19T13:09:08.1214573Z #6 sha256:327342634059eaa597815b5ebd1c73fd5bef6157e277ccbc113b4e6efd7e0943 2.63kB / 2.63kB done
2025-08-19T13:09:08.1215788Z #6 sha256:a48106d553a8f37683d50fc82e00037d537de6a04d0f2beedb4ae586f9171a37 9.47kB / 9.47kB done
2025-08-19T13:09:08.2525193Z #6 sha256:45ddd00e34dd292e9160aa703aff0bff2950fc06cb5272dea967325de2e941ae 10.49MB / 44.09MB 0.2s
2025-08-19T13:09:08.2526715Z #6 sha256:86e65beaa5918cd0bdec672c0561e37cb894455cfda278de5c4c78e3335ad8f0 7.34MB / 32.25MB 0.2s
2025-08-19T13:09:08.2527868Z #6 sha256:619be1103602d98e1963557998c954c892b3872986c27365e9f651f5bc27cab8 3.40MB / 3.40MB 0.2s done
2025-08-19T13:09:08.2528957Z #6 extracting sha256:619be1103602d98e1963557998c954c892b3872986c27365e9f651f5bc27cab8 0.1s done
2025-08-19T13:09:08.2529987Z #6 sha256:7bd0a72d0e6ae9a7bcf5f3131817f93f19914ccf94d1c052ee9903a452f72b47 0B / 78.98MB 0.2s
2025-08-19T13:09:08.3567666Z #6 sha256:45ddd00e34dd292e9160aa703aff0bff2950fc06cb5272dea967325de2e941ae 17.83MB / 44.09MB 0.3s
2025-08-19T13:09:08.3576162Z #6 sha256:86e65beaa5918cd0bdec672c0561e37cb894455cfda278de5c4c78e3335ad8f0 13.63MB / 32.25MB 0.3s
2025-08-19T13:09:08.3577802Z #6 sha256:7bd0a72d0e6ae9a7bcf5f3131817f93f19914ccf94d1c052ee9903a452f72b47 9.44MB / 78.98MB 0.3s
2025-08-19T13:09:08.3578883Z #6 extracting sha256:cceb4befa491c3767afaa6af498fc78e7a724c29c577317890987c2ad467b680 0.1s done
2025-08-19T13:09:08.4661006Z #6 sha256:45ddd00e34dd292e9160aa703aff0bff2950fc06cb5272dea967325de2e941ae 22.02MB / 44.09MB 0.4s
2025-08-19T13:09:08.4662629Z #6 sha256:86e65beaa5918cd0bdec672c0561e37cb894455cfda278de5c4c78e3335ad8f0 28.31MB / 32.25MB 0.4s
2025-08-19T13:09:08.4664211Z #6 extracting sha256:3e3762385f229926114f644db8c313a1b55517d678b5879ab9c39f2a9989abcd done
2025-08-19T13:09:08.4665213Z #6 extracting sha256:86e65beaa5918cd0bdec672c0561e37cb894455cfda278de5c4c78e3335ad8f0
2025-08-19T13:09:08.5693263Z #6 sha256:86e65beaa5918cd0bdec672c0561e37cb894455cfda278de5c4c78e3335ad8f0 32.25MB / 32.25MB 0.4s done
2025-08-19T13:09:08.5694503Z #6 sha256:7bd0a72d0e6ae9a7bcf5f3131817f93f19914ccf94d1c052ee9903a452f72b47 18.87MB / 78.98MB 0.5s
2025-08-19T13:09:08.5696245Z #6 sha256:43c57f8bbf131e1db9ee428171fdea2d8a55c342f9d1e229fc2c21c92fc50ebd 1.05MB / 37.05MB 0.5s
2025-08-19T13:09:08.6723353Z #6 sha256:45ddd00e34dd292e9160aa703aff0bff2950fc06cb5272dea967325de2e941ae 26.21MB / 44.09MB 0.6s
2025-08-19T13:09:08.6725091Z #6 sha256:43c57f8bbf131e1db9ee428171fdea2d8a55c342f9d1e229fc2c21c92fc50ebd 14.68MB / 37.05MB 0.6s
2025-08-19T13:09:08.7737962Z #6 sha256:45ddd00e34dd292e9160aa703aff0bff2950fc06cb5272dea967325de2e941ae 35.65MB / 44.09MB 0.7s
2025-08-19T13:09:08.7739128Z #6 sha256:7bd0a72d0e6ae9a7bcf5f3131817f93f19914ccf94d1c052ee9903a452f72b47 24.12MB / 78.98MB 0.7s
2025-08-19T13:09:08.7740192Z #6 sha256:43c57f8bbf131e1db9ee428171fdea2d8a55c342f9d1e229fc2c21c92fc50ebd 28.31MB / 37.05MB 0.7s
2025-08-19T13:09:08.8771798Z #6 sha256:45ddd00e34dd292e9160aa703aff0bff2950fc06cb5272dea967325de2e941ae 42.06MB / 44.09MB 0.8s
2025-08-19T13:09:08.8772959Z #6 sha256:7bd0a72d0e6ae9a7bcf5f3131817f93f19914ccf94d1c052ee9903a452f72b47 30.41MB / 78.98MB 0.8s
2025-08-19T13:09:08.8774094Z #6 sha256:43c57f8bbf131e1db9ee428171fdea2d8a55c342f9d1e229fc2c21c92fc50ebd 37.05MB / 37.05MB 0.8s
2025-08-19T13:09:09.0198488Z #6 sha256:45ddd00e34dd292e9160aa703aff0bff2950fc06cb5272dea967325de2e941ae 44.09MB / 44.09MB 0.8s done
2025-08-19T13:09:09.0199617Z #6 sha256:7bd0a72d0e6ae9a7bcf5f3131817f93f19914ccf94d1c052ee9903a452f72b47 41.94MB / 78.98MB 1.0s
2025-08-19T13:09:09.0200716Z #6 extracting sha256:86e65beaa5918cd0bdec672c0561e37cb894455cfda278de5c4c78e3335ad8f0 0.4s done
2025-08-19T13:09:09.0201878Z #6 sha256:43c57f8bbf131e1db9ee428171fdea2d8a55c342f9d1e229fc2c21c92fc50ebd 37.05MB / 37.05MB 0.8s done
2025-08-19T13:09:09.0202983Z #6 sha256:6a01d4b2139c6ae8b6b93432a8b0297e818c2f8516dc418e9fc0dd35f101af0a 12.58MB / 90.98MB 1.0s
2025-08-19T13:09:09.0204031Z #6 sha256:4f4fb700ef54461cfa02571ae0db9a0dc1e0cdb5577484a6d75e68dc38e8acc1 32B / 32B 0.9s done
2025-08-19T13:09:09.0205016Z #6 extracting sha256:45ddd00e34dd292e9160aa703aff0bff2950fc06cb5272dea967325de2e941ae
2025-08-19T13:09:09.0205997Z #6 sha256:37f6d4265e844579cb629fcbd090415d48327f28732fd49fa221ec03ab5b7b12 0B / 115.67MB 1.0s
2025-08-19T13:09:09.0207154Z #6 sha256:5760c89e07714b82733d6a984449296731b17907fece9a3030b50d70252ca109 95B / 95B 1.0s done
2025-08-19T13:09:09.1197009Z #6 sha256:7bd0a72d0e6ae9a7bcf5f3131817f93f19914ccf94d1c052ee9903a452f72b47 49.28MB / 78.98MB 1.1s
2025-08-19T13:09:09.1201162Z #6 sha256:6a01d4b2139c6ae8b6b93432a8b0297e818c2f8516dc418e9fc0dd35f101af0a 19.92MB / 90.98MB 1.1s
2025-08-19T13:09:09.2725185Z #6 sha256:7bd0a72d0e6ae9a7bcf5f3131817f93f19914ccf94d1c052ee9903a452f72b47 69.21MB / 78.98MB 1.2s
2025-08-19T13:09:09.2726735Z #6 sha256:6a01d4b2139c6ae8b6b93432a8b0297e818c2f8516dc418e9fc0dd35f101af0a 27.26MB / 90.98MB 1.2s
2025-08-19T13:09:09.2728112Z #6 sha256:37f6d4265e844579cb629fcbd090415d48327f28732fd49fa221ec03ab5b7b12 17.83MB / 115.67MB 1.2s
2025-08-19T13:09:09.4197351Z #6 sha256:7bd0a72d0e6ae9a7bcf5f3131817f93f19914ccf94d1c052ee9903a452f72b47 78.98MB / 78.98MB 1.3s done
2025-08-19T13:09:09.4198474Z #6 sha256:6a01d4b2139c6ae8b6b93432a8b0297e818c2f8516dc418e9fc0dd35f101af0a 42.99MB / 90.98MB 1.4s
2025-08-19T13:09:09.4199086Z #6 extracting sha256:45ddd00e34dd292e9160aa703aff0bff2950fc06cb5272dea967325de2e941ae 0.4s done
2025-08-19T13:09:09.4199683Z #6 sha256:37f6d4265e844579cb629fcbd090415d48327f28732fd49fa221ec03ab5b7b12 33.55MB / 115.67MB 1.4s
2025-08-19T13:09:09.5197924Z #6 sha256:6a01d4b2139c6ae8b6b93432a8b0297e818c2f8516dc418e9fc0dd35f101af0a 54.53MB / 90.98MB 1.5s
2025-08-19T13:09:09.5200115Z #6 sha256:37f6d4265e844579cb629fcbd090415d48327f28732fd49fa221ec03ab5b7b12 47.19MB / 115.67MB 1.5s
2025-08-19T13:09:09.5201167Z #6 extracting sha256:7bd0a72d0e6ae9a7bcf5f3131817f93f19914ccf94d1c052ee9903a452f72b47
2025-08-19T13:09:09.6769703Z #6 sha256:6a01d4b2139c6ae8b6b93432a8b0297e818c2f8516dc418e9fc0dd35f101af0a 66.06MB / 90.98MB 1.6s
2025-08-19T13:09:09.6772750Z #6 sha256:37f6d4265e844579cb629fcbd090415d48327f28732fd49fa221ec03ab5b7b12 54.53MB / 115.67MB 1.6s
2025-08-19T13:09:09.7834400Z #6 sha256:6a01d4b2139c6ae8b6b93432a8b0297e818c2f8516dc418e9fc0dd35f101af0a 79.69MB / 90.98MB 1.7s
2025-08-19T13:09:09.7835606Z #6 sha256:37f6d4265e844579cb629fcbd090415d48327f28732fd49fa221ec03ab5b7b12 63.96MB / 115.67MB 1.7s
2025-08-19T13:09:09.8872578Z #6 sha256:6a01d4b2139c6ae8b6b93432a8b0297e818c2f8516dc418e9fc0dd35f101af0a 90.98MB / 90.98MB 1.8s
2025-08-19T13:09:09.8873726Z #6 sha256:37f6d4265e844579cb629fcbd090415d48327f28732fd49fa221ec03ab5b7b12 71.30MB / 115.67MB 1.8s
2025-08-19T13:09:09.9874640Z #6 sha256:6a01d4b2139c6ae8b6b93432a8b0297e818c2f8516dc418e9fc0dd35f101af0a 90.98MB / 90.98MB 1.8s done
2025-08-19T13:09:09.9875807Z #6 sha256:37f6d4265e844579cb629fcbd090415d48327f28732fd49fa221ec03ab5b7b12 78.64MB / 115.67MB 1.9s
2025-08-19T13:09:10.2195219Z #6 sha256:37f6d4265e844579cb629fcbd090415d48327f28732fd49fa221ec03ab5b7b12 94.37MB / 115.67MB 2.2s
2025-08-19T13:09:10.5745905Z #6 sha256:37f6d4265e844579cb629fcbd090415d48327f28732fd49fa221ec03ab5b7b12 104.86MB / 115.67MB 2.5s
2025-08-19T13:09:10.7193943Z #6 sha256:37f6d4265e844579cb629fcbd090415d48327f28732fd49fa221ec03ab5b7b12 115.67MB / 115.67MB 2.6s done
2025-08-19T13:09:13.6687624Z #6 extracting sha256:7bd0a72d0e6ae9a7bcf5f3131817f93f19914ccf94d1c052ee9903a452f72b47 4.2s done
2025-08-19T13:09:14.3643279Z #6 extracting sha256:43c57f8bbf131e1db9ee428171fdea2d8a55c342f9d1e229fc2c21c92fc50ebd
2025-08-19T13:09:14.5713850Z #6 extracting sha256:43c57f8bbf131e1db9ee428171fdea2d8a55c342f9d1e229fc2c21c92fc50ebd 0.1s done
2025-08-19T13:09:14.5714958Z #6 extracting sha256:6a01d4b2139c6ae8b6b93432a8b0297e818c2f8516dc418e9fc0dd35f101af0a
2025-08-19T13:09:17.0046093Z #6 extracting sha256:6a01d4b2139c6ae8b6b93432a8b0297e818c2f8516dc418e9fc0dd35f101af0a 2.3s done
2025-08-19T13:09:17.1137513Z #6 extracting sha256:4f4fb700ef54461cfa02571ae0db9a0dc1e0cdb5577484a6d75e68dc38e8acc1
2025-08-19T13:09:17.2499914Z #6 extracting sha256:4f4fb700ef54461cfa02571ae0db9a0dc1e0cdb5577484a6d75e68dc38e8acc1 done
2025-08-19T13:09:17.2502206Z #6 extracting sha256:5760c89e07714b82733d6a984449296731b17907fece9a3030b50d70252ca109 done
2025-08-19T13:09:17.2503200Z #6 extracting sha256:37f6d4265e844579cb629fcbd090415d48327f28732fd49fa221ec03ab5b7b12 0.1s
2025-08-19T13:09:18.3885939Z #6 extracting sha256:37f6d4265e844579cb629fcbd090415d48327f28732fd49fa221ec03ab5b7b12 1.1s done
2025-08-19T13:09:18.5467392Z #6 DONE 10.5s
2025-08-19T13:09:18.7111681Z 
2025-08-19T13:09:18.7113554Z #7 [2/3] COPY entrypoint.sh /entrypoint.sh
2025-08-19T13:09:18.7114442Z #7 DONE 0.0s
2025-08-19T13:09:18.7114965Z 
2025-08-19T13:09:18.7115336Z #8 [3/3] RUN chmod +x /entrypoint.sh
2025-08-19T13:09:18.7154008Z #8 DONE 0.2s
2025-08-19T13:09:18.8675285Z 
2025-08-19T13:09:18.8676248Z #9 exporting to image
2025-08-19T13:09:18.8677263Z #9 exporting layers
2025-08-19T13:09:19.7936086Z #9 exporting layers 1.1s done
2025-08-19T13:09:19.8177674Z #9 writing image sha256:fee95094a390c4a4daddaa1a4b5ea5a29555cf9e244fff4e6705bd28a9289975 done
2025-08-19T13:09:19.8178572Z #9 naming to docker.io/library/0531c7:47f03b7cf12348bca85552409eff2504 done
2025-08-19T13:09:19.8179527Z #9 DONE 1.1s
2025-08-19T13:09:19.8231925Z ##[endgroup]
2025-08-19T13:09:19.8430419Z ##[group]Run step-security/harden-runner@v2
2025-08-19T13:09:19.8430987Z with:
2025-08-19T13:09:19.8431174Z   egress-policy: audit
2025-08-19T13:09:19.8431695Z   allowed-endpoints: api.github.com:443 github.com:443 golang.org:443 proxy.golang.org:443 sum.golang.org:443 objects.githubusercontent.com:443

2025-08-19T13:09:19.8432359Z   token: ***
2025-08-19T13:09:19.8432548Z   disable-telemetry: false
2025-08-19T13:09:19.8432755Z   disable-sudo: false
2025-08-19T13:09:19.8432968Z   disable-sudo-and-containers: false
2025-08-19T13:09:19.8433220Z   disable-file-monitoring: false
2025-08-19T13:09:19.8433613Z env:
2025-08-19T13:09:19.8433778Z   GO_VERSION: 1.24
2025-08-19T13:09:19.8433954Z   REGISTRY: ghcr.io
2025-08-19T13:09:19.8434155Z   IMAGE_NAME: nephoran/conductor-loop
2025-08-19T13:09:19.8434394Z   SECURITY_SCAN_LEVEL: standard
2025-08-19T13:09:19.8434601Z ##[endgroup]
2025-08-19T13:09:20.0097812Z [harden-runner] pre-step
2025-08-19T13:09:20.0101623Z [!] Current Configuration: 
2025-08-19T13:09:20.0104906Z {"repo":"thc1006/nephoran-intent-operator","run_id":"17070554235","correlation_id":"77f8ee52-75ed-4c64-9284-bfd74b91362e","working_directory":"/home/runner/work/nephoran-intent-operator/nephoran-intent-operator","api_url":"https://agent.api.stepsecurity.io/v1","allowed_endpoints":"api.github.com:443 github.com:443 golang.org:443 proxy.golang.org:443 sum.golang.org:443 objects.githubusercontent.com:443","egress_policy":"audit","disable_telemetry":false,"disable_sudo":false,"disable_sudo_and_containers":false,"disable_file_monitoring":false,"private":false,"is_github_hosted":true,"is_debug":false,"one_time_key":""}
2025-08-19T13:09:20.0107227Z 
2025-08-19T13:09:20.0107644Z [32mView security insights and recommended policy at:[0m
2025-08-19T13:09:20.0108178Z https://app.stepsecurity.io/github/thc1006/nephoran-intent-operator/actions/runs/17070554235
2025-08-19T13:09:20.0108659Z RUNNER_NAME: GitHub Actions 1000010563
2025-08-19T13:09:20.8591731Z Runner IP Address: 48.214.55.54
2025-08-19T13:09:20.8592278Z Step Security Job Correlation ID: 77f8ee52-75ed-4c64-9284-bfd74b91362e
2025-08-19T13:09:20.8790994Z [!] Checking TLS_STATUS: thc1006
2025-08-19T13:09:21.1472327Z [!] TLS_NOT_ENABLED: thc1006
2025-08-19T13:09:21.3376991Z [command]/usr/bin/tar xz --warning=no-unknown-keyword --overwrite -C /home/runner/work/_temp/90ab2c1b-382a-4354-94ae-25e6852d32c8 -f /home/runner/work/_temp/37813a8b-0652-41e1-ad49-47136784ff89
2025-08-19T13:09:24.3715461Z Initialized
2025-08-19T13:09:24.3873048Z ##[group]Run step-security/harden-runner@v2
2025-08-19T13:09:24.3873402Z with:
2025-08-19T13:09:24.3873731Z   egress-policy: audit
2025-08-19T13:09:24.3874373Z   allowed-endpoints: api.github.com:443 github.com:443 golang.org:443 proxy.golang.org:443 sum.golang.org:443 objects.githubusercontent.com:443

2025-08-19T13:09:24.3875107Z   token: ***
2025-08-19T13:09:24.3875426Z   disable-telemetry: false
2025-08-19T13:09:24.3875765Z   disable-sudo: false
2025-08-19T13:09:24.3897976Z   disable-sudo-and-containers: false
2025-08-19T13:09:24.3898284Z   disable-file-monitoring: false
2025-08-19T13:09:24.3898509Z env:
2025-08-19T13:09:24.3898659Z   GO_VERSION: 1.24
2025-08-19T13:09:24.3898837Z   REGISTRY: ghcr.io
2025-08-19T13:09:24.3899074Z   IMAGE_NAME: nephoran/conductor-loop
2025-08-19T13:09:24.3899348Z   SECURITY_SCAN_LEVEL: standard
2025-08-19T13:09:24.3899563Z   STATE_disableSudo: false
2025-08-19T13:09:24.3899776Z   STATE_disableSudoAndContainers: false
2025-08-19T13:09:24.3900076Z   STATE_monitorStatusCode: 200
2025-08-19T13:09:24.3900290Z   STATE_addSummary: false
2025-08-19T13:09:24.3900549Z   STATE_correlation_id: 77f8ee52-75ed-4c64-9284-bfd74b91362e
2025-08-19T13:09:24.3900857Z   STATE_isTLS: false
2025-08-19T13:09:24.3901042Z ##[endgroup]
2025-08-19T13:09:24.4612938Z [harden-runner] main-step
2025-08-19T13:09:24.4620259Z [32mView security insights and recommended policy at:[0m
2025-08-19T13:09:24.4621605Z https://app.stepsecurity.io/github/thc1006/nephoran-intent-operator/actions/runs/17070554235
2025-08-19T13:09:24.4742518Z ##[group]Run actions/checkout@v4
2025-08-19T13:09:24.4742766Z with:
2025-08-19T13:09:24.4742933Z   fetch-depth: 0
2025-08-19T13:09:24.4743147Z   repository: thc1006/nephoran-intent-operator
2025-08-19T13:09:24.4743519Z   token: ***
2025-08-19T13:09:24.4743689Z   ssh-strict: true
2025-08-19T13:09:24.4743869Z   ssh-user: git
2025-08-19T13:09:24.4744049Z   persist-credentials: true
2025-08-19T13:09:24.4744258Z   clean: true
2025-08-19T13:09:24.4744443Z   sparse-checkout-cone-mode: true
2025-08-19T13:09:24.4744673Z   fetch-tags: false
2025-08-19T13:09:24.4744856Z   show-progress: true
2025-08-19T13:09:24.4745045Z   lfs: false
2025-08-19T13:09:24.4745222Z   submodules: false
2025-08-19T13:09:24.4745408Z   set-safe-directory: true
2025-08-19T13:09:24.4745608Z env:
2025-08-19T13:09:24.4745758Z   GO_VERSION: 1.24
2025-08-19T13:09:24.4745940Z   REGISTRY: ghcr.io
2025-08-19T13:09:24.4746155Z   IMAGE_NAME: nephoran/conductor-loop
2025-08-19T13:09:24.4746411Z   SECURITY_SCAN_LEVEL: standard
2025-08-19T13:09:24.4746812Z ##[endgroup]
2025-08-19T13:09:24.5736784Z Syncing repository: thc1006/nephoran-intent-operator
2025-08-19T13:09:24.5738437Z ##[group]Getting Git version info
2025-08-19T13:09:24.5738916Z Working directory is '/home/runner/work/nephoran-intent-operator/nephoran-intent-operator'
2025-08-19T13:09:24.5739530Z [command]/usr/bin/git version
2025-08-19T13:09:24.5749008Z git version 2.50.1
2025-08-19T13:09:24.5774657Z ##[endgroup]
2025-08-19T13:09:24.5793398Z Temporarily overriding HOME='/home/runner/work/_temp/9344ad7a-2496-4a72-8e6d-72a43015952c' before making global git config changes
2025-08-19T13:09:24.5794652Z Adding repository directory to the temporary git global config as a safe directory
2025-08-19T13:09:24.5798812Z [command]/usr/bin/git config --global --add safe.directory /home/runner/work/nephoran-intent-operator/nephoran-intent-operator
2025-08-19T13:09:24.5836004Z Deleting the contents of '/home/runner/work/nephoran-intent-operator/nephoran-intent-operator'
2025-08-19T13:09:24.5839797Z ##[group]Initializing the repository
2025-08-19T13:09:24.5844483Z [command]/usr/bin/git init /home/runner/work/nephoran-intent-operator/nephoran-intent-operator
2025-08-19T13:09:24.5939755Z hint: Using 'master' as the name for the initial branch. This default branch name
2025-08-19T13:09:24.5940640Z hint: is subject to change. To configure the initial branch name to use in all
2025-08-19T13:09:24.5941447Z hint: of your new repositories, which will suppress this warning, call:
2025-08-19T13:09:24.5942021Z hint:
2025-08-19T13:09:24.5942413Z hint: 	git config --global init.defaultBranch <name>
2025-08-19T13:09:24.5942906Z hint:
2025-08-19T13:09:24.5943364Z hint: Names commonly chosen instead of 'master' are 'main', 'trunk' and
2025-08-19T13:09:24.5944126Z hint: 'development'. The just-created branch can be renamed via this command:
2025-08-19T13:09:24.5944702Z hint:
2025-08-19T13:09:24.5944988Z hint: 	git branch -m <name>
2025-08-19T13:09:24.5945337Z hint:
2025-08-19T13:09:24.5945901Z hint: Disable this message with "git config set advice.defaultBranchName false"
2025-08-19T13:09:24.5947145Z Initialized empty Git repository in /home/runner/work/nephoran-intent-operator/nephoran-intent-operator/.git/
2025-08-19T13:09:24.5957112Z [command]/usr/bin/git remote add origin https://github.com/thc1006/nephoran-intent-operator
2025-08-19T13:09:24.5995462Z ##[endgroup]
2025-08-19T13:09:24.5996100Z ##[group]Disabling automatic garbage collection
2025-08-19T13:09:24.6001077Z [command]/usr/bin/git config --local gc.auto 0
2025-08-19T13:09:24.6035118Z ##[endgroup]
2025-08-19T13:09:24.6035662Z ##[group]Setting up auth
2025-08-19T13:09:24.6043992Z [command]/usr/bin/git config --local --name-only --get-regexp core\.sshCommand
2025-08-19T13:09:24.6078494Z [command]/usr/bin/git submodule foreach --recursive sh -c "git config --local --name-only --get-regexp 'core\.sshCommand' && git config --local --unset-all 'core.sshCommand' || :"
2025-08-19T13:09:24.6380817Z [command]/usr/bin/git config --local --name-only --get-regexp http\.https\:\/\/github\.com\/\.extraheader
2025-08-19T13:09:24.6411404Z [command]/usr/bin/git submodule foreach --recursive sh -c "git config --local --name-only --get-regexp 'http\.https\:\/\/github\.com\/\.extraheader' && git config --local --unset-all 'http.https://github.com/.extraheader' || :"
2025-08-19T13:09:24.6662765Z [command]/usr/bin/git config --local http.https://github.com/.extraheader AUTHORIZATION: basic ***
2025-08-19T13:09:24.6703494Z ##[endgroup]
2025-08-19T13:09:24.6704119Z ##[group]Fetching the repository
2025-08-19T13:09:24.6713437Z [command]/usr/bin/git -c protocol.version=2 fetch --prune --no-recurse-submodules origin +refs/heads/*:refs/remotes/origin/* +refs/tags/*:refs/tags/*
2025-08-19T13:09:32.4877546Z From https://github.com/thc1006/nephoran-intent-operator
2025-08-19T13:09:32.4878434Z  * [new branch]        chore/claude-commands-and-hooks -> origin/chore/claude-commands-and-hooks
2025-08-19T13:09:32.4880213Z  * [new branch]        chore/conductor-governance -> origin/chore/conductor-governance
2025-08-19T13:09:32.4884192Z  * [new branch]        chore/conductor-setup  -> origin/chore/conductor-setup
2025-08-19T13:09:32.4889388Z  * [new branch]        chore/repo-hygiene     -> origin/chore/repo-hygiene
2025-08-19T13:09:32.4896273Z  * [new branch]        dependabot/github_actions/actions/configure-pages-5 -> origin/dependabot/github_actions/actions/configure-pages-5
2025-08-19T13:09:32.4900966Z  * [new branch]        dependabot/github_actions/codecov/codecov-action-5 -> origin/dependabot/github_actions/codecov/codecov-action-5
2025-08-19T13:09:32.4906169Z  * [new branch]        dependabot/github_actions/golangci/golangci-lint-action-8 -> origin/dependabot/github_actions/golangci/golangci-lint-action-8
2025-08-19T13:09:32.4911255Z  * [new branch]        dependabot/github_actions/hashicorp/setup-terraform-3 -> origin/dependabot/github_actions/hashicorp/setup-terraform-3
2025-08-19T13:09:32.4919039Z  * [new branch]        dependabot/github_actions/helm/kind-action-1.12.0 -> origin/dependabot/github_actions/helm/kind-action-1.12.0
2025-08-19T13:09:32.4926226Z  * [new branch]        dependabot/go_modules/cloud.google.com/go/compute-1.43.0 -> origin/dependabot/go_modules/cloud.google.com/go/compute-1.43.0
2025-08-19T13:09:32.4930905Z  * [new branch]        dependabot/go_modules/cloud.google.com/go/container-1.44.0 -> origin/dependabot/go_modules/cloud.google.com/go/container-1.44.0
2025-08-19T13:09:32.4939043Z  * [new branch]        dependabot/go_modules/github.com/Azure/azure-sdk-for-go/sdk/azcore-1.18.2 -> origin/dependabot/go_modules/github.com/Azure/azure-sdk-for-go/sdk/azcore-1.18.2
2025-08-19T13:09:32.4944362Z  * [new branch]        dependabot/go_modules/github.com/aws/aws-sdk-go-v2-1.38.0 -> origin/dependabot/go_modules/github.com/aws/aws-sdk-go-v2-1.38.0
2025-08-19T13:09:32.4950727Z  * [new branch]        dependabot/go_modules/github.com/aws/aws-sdk-go-v2/credentials-1.18.4 -> origin/dependabot/go_modules/github.com/aws/aws-sdk-go-v2/credentials-1.18.4
2025-08-19T13:09:32.4956274Z  * [new branch]        dependabot/go_modules/github.com/aws/aws-sdk-go-v2/service/sts-1.37.0 -> origin/dependabot/go_modules/github.com/aws/aws-sdk-go-v2/service/sts-1.37.0
2025-08-19T13:09:32.4963792Z  * [new branch]        dependabot/go_modules/go.opentelemetry.io/otel/exporters/prometheus-0.59.1 -> origin/dependabot/go_modules/go.opentelemetry.io/otel/exporters/prometheus-0.59.1
2025-08-19T13:09:32.4970016Z  * [new branch]        dependabot/go_modules/golang.org/x/net-0.43.0 -> origin/dependabot/go_modules/golang.org/x/net-0.43.0
2025-08-19T13:09:32.4976078Z  * [new branch]        dependabot/go_modules/helm.sh/helm/v3-3.18.5 -> origin/dependabot/go_modules/helm.sh/helm/v3-3.18.5
2025-08-19T13:09:32.4981902Z  * [new branch]        dependabot/go_modules/k8s.io/client-go-0.33.4 -> origin/dependabot/go_modules/k8s.io/client-go-0.33.4
2025-08-19T13:09:32.4986662Z  * [new branch]        feat/a1-policy-sim     -> origin/feat/a1-policy-sim
2025-08-19T13:09:32.4990483Z  * [new branch]        feat/admission-webhook -> origin/feat/admission-webhook
2025-08-19T13:09:32.4995639Z  * [new branch]        feat/ci-guard          -> origin/feat/ci-guard
2025-08-19T13:09:32.5000228Z  * [new branch]        feat/conductor-file-watcher -> origin/feat/conductor-file-watcher
2025-08-19T13:09:32.5003994Z  * [new branch]        feat/conductor-loop    -> origin/feat/conductor-loop
2025-08-19T13:09:32.5008338Z  * [new branch]        feat/e2-kpm-sim        -> origin/feat/e2-kpm-sim
2025-08-19T13:09:32.5012727Z  * [new branch]        feat/e2e               -> origin/feat/e2e
2025-08-19T13:09:32.5016384Z  * [new branch]        feat/examples-mvp      -> origin/feat/examples-mvp
2025-08-19T13:09:32.5021397Z  * [new branch]        feat/ingest-llm        -> origin/feat/ingest-llm
2025-08-19T13:09:32.5029360Z  * [new branch]        feat/ingest-tests-and-errors -> origin/feat/ingest-tests-and-errors
2025-08-19T13:09:32.5032038Z  * [new branch]        feat/o1-ves-sim        -> origin/feat/o1-ves-sim
2025-08-19T13:09:32.5037795Z  * [new branch]        feat/planner           -> origin/feat/planner
2025-08-19T13:09:32.5040611Z  * [new branch]        feat/porch-direct      -> origin/feat/porch-direct
2025-08-19T13:09:32.5048933Z  * [new branch]        feat/porch-publisher   -> origin/feat/porch-publisher
2025-08-19T13:09:32.5049877Z  * [new branch]        feat/porch-structured-patch -> origin/feat/porch-structured-patch
2025-08-19T13:09:32.5060579Z  * [new branch]        feat/sim-fcaps-to-intent -> origin/feat/sim-fcaps-to-intent
2025-08-19T13:09:32.5064053Z  * [new branch]        feat/test-harness      -> origin/feat/test-harness
2025-08-19T13:09:32.5067982Z  * [new branch]        integrate/mvp          -> origin/integrate/mvp
2025-08-19T13:09:32.5072630Z  * [new branch]        main                   -> origin/main
2025-08-19T13:09:32.5073517Z  * [new tag]           backup/pre-cleanup-20250813234213 -> backup/pre-cleanup-20250813234213
2025-08-19T13:09:32.5074269Z  * [new tag]           v0.1.0-mvp             -> v0.1.0-mvp
2025-08-19T13:09:32.5129497Z [command]/usr/bin/git branch --list --remote origin/feat/conductor-loop
2025-08-19T13:09:32.5162478Z   origin/feat/conductor-loop
2025-08-19T13:09:32.5171795Z [command]/usr/bin/git rev-parse refs/remotes/origin/feat/conductor-loop
2025-08-19T13:09:32.5193945Z 466806fe950338ae4ffff485b592c7e933197d57
2025-08-19T13:09:32.5199621Z ##[endgroup]
2025-08-19T13:09:32.5200152Z ##[group]Determining the checkout info
2025-08-19T13:09:32.5201363Z ##[endgroup]
2025-08-19T13:09:32.5205491Z [command]/usr/bin/git sparse-checkout disable
2025-08-19T13:09:32.5248547Z [command]/usr/bin/git config --local --unset-all extensions.worktreeConfig
2025-08-19T13:09:32.5278467Z ##[group]Checking out the ref
2025-08-19T13:09:32.5283023Z [command]/usr/bin/git checkout --progress --force -B feat/conductor-loop refs/remotes/origin/feat/conductor-loop
2025-08-19T13:09:32.9912668Z Switched to a new branch 'feat/conductor-loop'
2025-08-19T13:09:32.9916209Z branch 'feat/conductor-loop' set up to track 'origin/feat/conductor-loop'.
2025-08-19T13:09:32.9948387Z ##[endgroup]
2025-08-19T13:09:32.9991391Z [command]/usr/bin/git log -1 --format=%H
2025-08-19T13:09:33.0015745Z 466806fe950338ae4ffff485b592c7e933197d57
2025-08-19T13:09:33.0151289Z ##[group]Run actions/setup-go@v5
2025-08-19T13:09:33.0151535Z with:
2025-08-19T13:09:33.0151702Z   go-version: 1.24
2025-08-19T13:09:33.0151881Z   cache: true
2025-08-19T13:09:33.0152047Z   check-latest: false
2025-08-19T13:09:33.0152340Z   token: ***
2025-08-19T13:09:33.0152505Z env:
2025-08-19T13:09:33.0152662Z   GO_VERSION: 1.24
2025-08-19T13:09:33.0152834Z   REGISTRY: ghcr.io
2025-08-19T13:09:33.0153034Z   IMAGE_NAME: nephoran/conductor-loop
2025-08-19T13:09:33.0153274Z   SECURITY_SCAN_LEVEL: standard
2025-08-19T13:09:33.0153484Z ##[endgroup]
2025-08-19T13:09:33.1719669Z Setup go version spec 1.24
2025-08-19T13:09:33.1872728Z Found in cache @ /opt/hostedtoolcache/go/1.24.6/x64
2025-08-19T13:09:33.1877560Z Added go to the path
2025-08-19T13:09:33.1880894Z Successfully set up Go version 1.24
2025-08-19T13:09:34.0726943Z [command]/opt/hostedtoolcache/go/1.24.6/x64/bin/go env GOMODCACHE
2025-08-19T13:09:34.0757996Z [command]/opt/hostedtoolcache/go/1.24.6/x64/bin/go env GOCACHE
2025-08-19T13:09:34.0779586Z /home/runner/go/pkg/mod
2025-08-19T13:09:34.0804007Z /home/runner/.cache/go-build
2025-08-19T13:09:34.2114771Z Cache hit for: setup-go-Linux-x64-ubuntu24-go-1.24.6-583fed57d4cf4dd6f943285f723932abe219c2045356bcefc416fcf717aeff8b
2025-08-19T13:09:35.2743545Z Received 213909504 of 528556000 (40.5%), 202.8 MBs/sec
2025-08-19T13:09:36.2826949Z Received 465567744 of 528556000 (88.1%), 220.5 MBs/sec
2025-08-19T13:09:36.5251815Z Received 528556000 of 528556000 (100.0%), 223.4 MBs/sec
2025-08-19T13:09:36.5252411Z Cache Size: ~504 MB (528556000 B)
2025-08-19T13:09:36.5292131Z [command]/usr/bin/tar -xf /home/runner/work/_temp/d2ab8a1a-011d-46d7-8162-2e203c7bcf1e/cache.tzst -P -C /home/runner/work/nephoran-intent-operator/nephoran-intent-operator --use-compress-program unzstd
2025-08-19T13:09:42.7767049Z Cache restored successfully
2025-08-19T13:09:42.8735369Z Cache restored from key: setup-go-Linux-x64-ubuntu24-go-1.24.6-583fed57d4cf4dd6f943285f723932abe219c2045356bcefc416fcf717aeff8b
2025-08-19T13:09:42.8754446Z go version go1.24.6 linux/amd64
2025-08-19T13:09:42.8754629Z 
2025-08-19T13:09:42.8754903Z ##[group]go env
2025-08-19T13:09:42.9495630Z AR='ar'
2025-08-19T13:09:42.9495937Z CC='gcc'
2025-08-19T13:09:42.9496248Z CGO_CFLAGS='-O2 -g'
2025-08-19T13:09:42.9496769Z CGO_CPPFLAGS=''
2025-08-19T13:09:42.9497103Z CGO_CXXFLAGS='-O2 -g'
2025-08-19T13:09:42.9497330Z CGO_ENABLED='1'
2025-08-19T13:09:42.9497534Z CGO_FFLAGS='-O2 -g'
2025-08-19T13:09:42.9497731Z CGO_LDFLAGS='-O2 -g'
2025-08-19T13:09:42.9497928Z CXX='g++'
2025-08-19T13:09:42.9498101Z GCCGO='gccgo'
2025-08-19T13:09:42.9498286Z GO111MODULE=''
2025-08-19T13:09:42.9498521Z GOAMD64='v1'
2025-08-19T13:09:42.9498699Z GOARCH='amd64'
2025-08-19T13:09:42.9498872Z GOAUTH='netrc'
2025-08-19T13:09:42.9499112Z GOBIN=''
2025-08-19T13:09:42.9499307Z GOCACHE='/home/runner/.cache/go-build'
2025-08-19T13:09:42.9499592Z GOCACHEPROG=''
2025-08-19T13:09:42.9499760Z GODEBUG=''
2025-08-19T13:09:42.9499945Z GOENV='/home/runner/.config/go/env'
2025-08-19T13:09:42.9500184Z GOEXE=''
2025-08-19T13:09:42.9500345Z GOEXPERIMENT=''
2025-08-19T13:09:42.9500527Z GOFIPS140='off'
2025-08-19T13:09:42.9500697Z GOFLAGS=''
2025-08-19T13:09:42.9501298Z GOGCCFLAGS='-fPIC -m64 -pthread -Wl,--no-gc-sections -fmessage-length=0 -ffile-prefix-map=/tmp/go-build3147703278=/tmp/go-build -gno-record-gcc-switches'
2025-08-19T13:09:42.9501920Z GOHOSTARCH='amd64'
2025-08-19T13:09:42.9502117Z GOHOSTOS='linux'
2025-08-19T13:09:42.9502313Z GOINSECURE=''
2025-08-19T13:09:42.9502671Z GOMOD='/home/runner/work/nephoran-intent-operator/nephoran-intent-operator/go.mod'
2025-08-19T13:09:42.9503097Z GOMODCACHE='/home/runner/go/pkg/mod'
2025-08-19T13:09:42.9503333Z GONOPROXY=''
2025-08-19T13:09:42.9503497Z GONOSUMDB=''
2025-08-19T13:09:42.9503663Z GOOS='linux'
2025-08-19T13:09:42.9503847Z GOPATH='/home/runner/go'
2025-08-19T13:09:42.9504047Z GOPRIVATE=''
2025-08-19T13:09:42.9504278Z GOPROXY='https://proxy.golang.org,direct'
2025-08-19T13:09:42.9504587Z GOROOT='/opt/hostedtoolcache/go/1.24.6/x64'
2025-08-19T13:09:42.9505132Z GOSUMDB='sum.golang.org'
2025-08-19T13:09:42.9505364Z GOTELEMETRY='local'
2025-08-19T13:09:42.9505613Z GOTELEMETRYDIR='/home/runner/.config/go/telemetry'
2025-08-19T13:09:42.9505890Z GOTMPDIR=''
2025-08-19T13:09:42.9506062Z GOTOOLCHAIN='auto'
2025-08-19T13:09:42.9506360Z GOTOOLDIR='/opt/hostedtoolcache/go/1.24.6/x64/pkg/tool/linux_amd64'
2025-08-19T13:09:42.9506901Z GOVCS=''
2025-08-19T13:09:42.9507075Z GOVERSION='go1.24.6'
2025-08-19T13:09:42.9507264Z GOWORK=''
2025-08-19T13:09:42.9507471Z PKG_CONFIG='pkg-config'
2025-08-19T13:09:42.9507604Z 
2025-08-19T13:09:42.9507904Z ##[endgroup]
2025-08-19T13:09:42.9672264Z ##[group]Run go mod download
2025-08-19T13:09:42.9672577Z [36;1mgo mod download[0m
2025-08-19T13:09:42.9672797Z [36;1mgo mod verify[0m
2025-08-19T13:09:42.9719389Z shell: /usr/bin/bash -e {0}
2025-08-19T13:09:42.9719639Z env:
2025-08-19T13:09:42.9719803Z   GO_VERSION: 1.24
2025-08-19T13:09:42.9720000Z   REGISTRY: ghcr.io
2025-08-19T13:09:42.9720222Z   IMAGE_NAME: nephoran/conductor-loop
2025-08-19T13:09:42.9720480Z   SECURITY_SCAN_LEVEL: standard
2025-08-19T13:09:42.9720700Z ##[endgroup]
2025-08-19T13:09:47.6677289Z all modules verified
2025-08-19T13:09:47.6720918Z ##[group]Run go install golang.org/x/vuln/cmd/govulncheck@v1.1.4
2025-08-19T13:09:47.6721385Z [36;1mgo install golang.org/x/vuln/cmd/govulncheck@v1.1.4[0m
2025-08-19T13:09:47.6721870Z [36;1mgovulncheck -json ./cmd/conductor-loop ./internal/loop > govulncheck-report.json[0m
2025-08-19T13:09:47.6722403Z [36;1mecho "::notice title=Vulnerability Scan::govulncheck completed successfully"[0m
2025-08-19T13:09:47.6772392Z shell: /usr/bin/bash -e {0}
2025-08-19T13:09:47.6772616Z env:
2025-08-19T13:09:47.6772784Z   GO_VERSION: 1.24
2025-08-19T13:09:47.6772977Z   REGISTRY: ghcr.io
2025-08-19T13:09:47.6773197Z   IMAGE_NAME: nephoran/conductor-loop
2025-08-19T13:09:47.6773452Z   SECURITY_SCAN_LEVEL: standard
2025-08-19T13:09:47.6773669Z ##[endgroup]
2025-08-19T13:09:48.0111246Z go: downloading golang.org/x/telemetry v0.0.0-20240522233618-39ace7a40ae7
2025-08-19T13:09:48.6909001Z go: downloading golang.org/x/sync v0.10.0
2025-08-19T13:09:49.1675265Z go: downloading golang.org/x/mod v0.22.0
2025-08-19T13:09:49.1676335Z go: downloading golang.org/x/tools v0.29.0
2025-08-19T13:10:12.9302281Z ##[notice]govulncheck completed successfully
2025-08-19T13:10:12.9414034Z ##[group]Run actions/upload-artifact@v4
2025-08-19T13:10:12.9414324Z with:
2025-08-19T13:10:12.9414519Z   name: security-reports-govulncheck
2025-08-19T13:10:12.9414772Z   path: *.json
*.sarif
*.xml

2025-08-19T13:10:12.9414993Z   retention-days: 30
2025-08-19T13:10:12.9415191Z   if-no-files-found: warn
2025-08-19T13:10:12.9415396Z   compression-level: 6
2025-08-19T13:10:12.9415591Z   overwrite: false
2025-08-19T13:10:12.9415799Z   include-hidden-files: false
2025-08-19T13:10:12.9416003Z env:
2025-08-19T13:10:12.9416158Z   GO_VERSION: 1.24
2025-08-19T13:10:12.9416336Z   REGISTRY: ghcr.io
2025-08-19T13:10:12.9416834Z   IMAGE_NAME: nephoran/conductor-loop
2025-08-19T13:10:12.9417097Z   SECURITY_SCAN_LEVEL: standard
2025-08-19T13:10:12.9417315Z ##[endgroup]
2025-08-19T13:10:13.1735631Z With the provided path, there will be 5 files uploaded
2025-08-19T13:10:13.1742976Z Artifact name is valid!
2025-08-19T13:10:13.1743456Z Root directory input is valid!
2025-08-19T13:10:13.2777969Z Beginning upload of artifact content to blob storage
2025-08-19T13:10:13.3726810Z Uploaded bytes 51142
2025-08-19T13:10:13.3910330Z Finished uploading artifact content to blob storage!
2025-08-19T13:10:13.3913433Z SHA256 digest of uploaded artifact zip is 62d65fab91f32aadae3b1d6cbd4df963f5da08c8108f925a90d3aa4538bff9b8
2025-08-19T13:10:13.3915399Z Finalizing artifact upload
2025-08-19T13:10:13.4926075Z Artifact security-reports-govulncheck.zip successfully finalized. Artifact ID 3798655912
2025-08-19T13:10:13.4927460Z Artifact security-reports-govulncheck has been successfully uploaded! Final size is 51142 bytes. Artifact ID is 3798655912
2025-08-19T13:10:13.4932837Z Artifact download URL: https://github.com/thc1006/nephoran-intent-operator/actions/runs/17070554235/artifacts/3798655912
2025-08-19T13:10:13.5045018Z Post job cleanup.
2025-08-19T13:10:13.6581693Z [command]/opt/hostedtoolcache/go/1.24.6/x64/bin/go env GOMODCACHE
2025-08-19T13:10:13.6620615Z [command]/opt/hostedtoolcache/go/1.24.6/x64/bin/go env GOCACHE
2025-08-19T13:10:13.6644954Z /home/runner/go/pkg/mod
2025-08-19T13:10:13.6668020Z /home/runner/.cache/go-build
2025-08-19T13:10:13.6673169Z Cache hit occurred on the primary key setup-go-Linux-x64-ubuntu24-go-1.24.6-583fed57d4cf4dd6f943285f723932abe219c2045356bcefc416fcf717aeff8b, not saving cache.
2025-08-19T13:10:13.6770389Z Post job cleanup.
2025-08-19T13:10:13.7697570Z [command]/usr/bin/git version
2025-08-19T13:10:13.7736139Z git version 2.50.1
2025-08-19T13:10:13.7784670Z Temporarily overriding HOME='/home/runner/work/_temp/0018d0a9-900f-4517-a7e7-2107f0f559d5' before making global git config changes
2025-08-19T13:10:13.7785919Z Adding repository directory to the temporary git global config as a safe directory
2025-08-19T13:10:13.7798159Z [command]/usr/bin/git config --global --add safe.directory /home/runner/work/nephoran-intent-operator/nephoran-intent-operator
2025-08-19T13:10:13.7835586Z [command]/usr/bin/git config --local --name-only --get-regexp core\.sshCommand
2025-08-19T13:10:13.7871718Z [command]/usr/bin/git submodule foreach --recursive sh -c "git config --local --name-only --get-regexp 'core\.sshCommand' && git config --local --unset-all 'core.sshCommand' || :"
2025-08-19T13:10:13.8152081Z [command]/usr/bin/git config --local --name-only --get-regexp http\.https\:\/\/github\.com\/\.extraheader
2025-08-19T13:10:13.8177978Z http.https://github.com/.extraheader
2025-08-19T13:10:13.8194230Z [command]/usr/bin/git config --local --unset-all http.https://github.com/.extraheader
2025-08-19T13:10:13.8234881Z [command]/usr/bin/git submodule foreach --recursive sh -c "git config --local --name-only --get-regexp 'http\.https\:\/\/github\.com\/\.extraheader' && git config --local --unset-all 'http.https://github.com/.extraheader' || :"
2025-08-19T13:10:13.8604712Z Post job cleanup.
2025-08-19T13:10:13.9317279Z [harden-runner] post-step
2025-08-19T13:10:14.9351200Z log:
2025-08-19T13:10:14.9352291Z Tue, 19 Aug 2025 13:09:22 GMT:[buildInfo] tag=v0.14.2 commit=a33c48b038c7b6ac98c789579037e76204e082d0 branch=HEAD 
2025-08-19T13:10:14.9353085Z 
2025-08-19T13:10:14.9353331Z Tue, 19 Aug 2025 13:09:22 GMT:read config 
2025-08-19T13:10:14.9360249Z  &{Repo:thc1006/nephoran-intent-operator CorrelationId:77f8ee52-75ed-4c64-9284-bfd74b91362e RunId:17070554235 WorkingDirectory:/home/runner/work/nephoran-intent-operator/nephoran-intent-operator APIURL:https://agent.api.stepsecurity.io/v1 OneTimeKey: Endpoints:map[api.github.com.:[{domainName:api.github.com. port:443}] github.com.:[{domainName:github.com. port:443}] golang.org.:[{domainName:golang.org. port:443}] objects.githubusercontent.com.:[{domainName:objects.githubusercontent.com. port:443}] proxy.golang.org.:[{domainName:proxy.golang.org. port:443}] sum.golang.org.:[{domainName:sum.golang.org. port:443}]] EgressPolicy:audit DisableTelemetry:false DisableSudo:false DisableSudoAndContainers:false DisableFileMonitoring:false Private:false}
2025-08-19T13:10:14.9364410Z 
2025-08-19T13:10:14.9364696Z Tue, 19 Aug 2025 13:09:22 GMT:Step Security Job Correlation ID: 77f8ee52-75ed-4c64-9284-bfd74b91362e
2025-08-19T13:10:14.9365040Z 
2025-08-19T13:10:14.9365283Z Tue, 19 Aug 2025 13:09:22 GMT:Global feature flags: {AgentType:agent-oss EnableArmour:true}
2025-08-19T13:10:14.9365758Z Tue, 19 Aug 2025 13:09:22 GMT:initialized global feature flags
2025-08-19T13:10:14.9365990Z 
2025-08-19T13:10:14.9366128Z Tue, 19 Aug 2025 13:09:22 GMT:started process monitor
2025-08-19T13:10:14.9366336Z 
2025-08-19T13:10:14.9366645Z Tue, 19 Aug 2025 13:09:22 GMT:Monitor Processes called
2025-08-19T13:10:14.9367016Z Tue, 19 Aug 2025 13:09:22 GMT:NewAuditClient created
2025-08-19T13:10:14.9367333Z Tue, 19 Aug 2025 13:09:22 GMT:Status is enabled
2025-08-19T13:10:14.9367623Z Tue, 19 Aug 2025 13:09:22 GMT:Rules deleted
2025-08-19T13:10:14.9368146Z Tue, 19 Aug 2025 13:09:22 GMT:File monitor added for /home/runner/work/nephoran-intent-operator/nephoran-intent-operator
2025-08-19T13:10:14.9368675Z Tue, 19 Aug 2025 13:09:22 GMT:Agent file monitor added
2025-08-19T13:10:14.9369038Z Tue, 19 Aug 2025 13:09:22 GMT:Docker's daemon.json file monitor added
2025-08-19T13:10:14.9369448Z Tue, 19 Aug 2025 13:09:22 GMT:Systemd's resolved.conf file monitor added
2025-08-19T13:10:14.9369798Z Tue, 19 Aug 2025 13:09:22 GMT:Net monitor added
2025-08-19T13:10:14.9370109Z Tue, 19 Aug 2025 13:09:22 GMT:Process monitor added
2025-08-19T13:10:14.9370416Z Tue, 19 Aug 2025 13:09:22 GMT:receive called
2025-08-19T13:10:14.9370597Z 
2025-08-19T13:10:14.9370601Z 
2025-08-19T13:10:14.9371008Z Tue, 19 Aug 2025 13:09:22 GMT:updated resolved
2025-08-19T13:10:14.9371192Z 
2025-08-19T13:10:14.9371302Z Tue, 19 Aug 2025 13:09:23 GMT:set docker config
2025-08-19T13:10:14.9371488Z 
2025-08-19T13:10:14.9371601Z Tue, 19 Aug 2025 13:09:23 GMT:before audit rules
2025-08-19T13:10:14.9372035Z Tue, 19 Aug 2025 13:09:23 GMT:added audit rules
2025-08-19T13:10:14.9372534Z Tue, 19 Aug 2025 13:09:23 GMT:Armour is enabled
2025-08-19T13:10:14.9373037Z Tue, 19 Aug 2025 13:09:24 GMT:Armour attached
2025-08-19T13:10:14.9373503Z Tue, 19 Aug 2025 13:09:24 GMT:done
2025-08-19T13:10:14.9374897Z Tue, 19 Aug 2025 13:09:24 GMT:[Source code overwritten] file: /home/runner/work/nephoran-intent-operator/nephoran-intent-operator/.git/config.lock syscall: openat by exe: /usr/bin/git [324c8e1c70df886c33f9de6baea3e69badf185588d7724d68da69d4be7933a74] Timestamp: 2025-08-19T13:09:24.596Z
2025-08-19T13:10:14.9376951Z Tue, 19 Aug 2025 13:09:24 GMT:[Source code overwritten] file: /home/runner/work/nephoran-intent-operator/nephoran-intent-operator/.git/config syscall: rename by exe: /usr/bin/git [324c8e1c70df886c33f9de6baea3e69badf185588d7724d68da69d4be7933a74] Timestamp: 2025-08-19T13:09:24.596Z
2025-08-19T13:10:14.9379667Z Tue, 19 Aug 2025 13:09:24 GMT:[Source code overwritten] file: /home/runner/work/nephoran-intent-operator/nephoran-intent-operator/.git/config.lock syscall: openat by exe: /usr/bin/git [324c8e1c70df886c33f9de6baea3e69badf185588d7724d68da69d4be7933a74] Timestamp: 2025-08-19T13:09:24.596Z
2025-08-19T13:10:14.9381504Z Tue, 19 Aug 2025 13:09:24 GMT:domain resolved: github.com., ip address: 140.82.112.4, TTL: 60
2025-08-19T13:10:14.9382919Z Tue, 19 Aug 2025 13:09:24 GMT:[Source code overwritten] file: /home/runner/work/nephoran-intent-operator/nephoran-intent-operator/.git/config syscall: openat by exe: /home/runner/actions-runner/cached/externals/node20/bin/node [2fef68bbc03f7bf68b3daa917d43ab198466080302b2a9d731cf43614a574d25] Timestamp: 2025-08-19T13:09:24.668Z
2025-08-19T13:10:14.9384381Z Tue, 19 Aug 2025 13:09:24 GMT:endpoint called ip address:port 140.82.112.4:443, domain: github.com., pid: 2877, process: git-remote-http
2025-08-19T13:10:14.9385178Z Tue, 19 Aug 2025 13:09:34 GMT:domain resolved: results-receiver.actions.githubusercontent.com., ip address: 140.82.112.21, TTL: 54
2025-08-19T13:10:14.9385957Z Tue, 19 Aug 2025 13:09:34 GMT:domain resolved: productionresultssa4.blob.core.windows.net., ip address: 57.150.27.1, TTL: 30
2025-08-19T13:10:14.9387731Z Tue, 19 Aug 2025 13:09:34 GMT:endpoint called ip address:port 140.82.112.21:443, domain: results-receiver.actions.githubusercontent.com., pid: 2896, process: node
2025-08-19T13:10:14.9388899Z Tue, 19 Aug 2025 13:09:34 GMT:endpoint called ip address:port 57.150.27.1:443, domain: productionresultssa4.blob.core.windows.net., pid: 2896, process: node
2025-08-19T13:10:14.9389642Z Tue, 19 Aug 2025 13:09:47 GMT:domain resolved: proxy.golang.org., ip address: 172.253.115.141, TTL: 300
2025-08-19T13:10:14.9390214Z Tue, 19 Aug 2025 13:09:47 GMT:domain resolved: sum.golang.org., ip address: 142.251.111.141, TTL: 300
2025-08-19T13:10:14.9390862Z Tue, 19 Aug 2025 13:09:47 GMT:endpoint called ip address:port 172.253.115.141:443, domain: proxy.golang.org., pid: 2968, process: go
2025-08-19T13:10:14.9391573Z Tue, 19 Aug 2025 13:09:48 GMT:endpoint called ip address:port 142.251.111.141:443, domain: sum.golang.org., pid: 2968, process: go
2025-08-19T13:10:14.9392181Z Tue, 19 Aug 2025 13:10:09 GMT:domain resolved: vuln.go.dev., ip address: 34.117.213.18, TTL: 182
2025-08-19T13:10:14.9392821Z Tue, 19 Aug 2025 13:10:09 GMT:endpoint called ip address:port 34.117.213.18:443, domain: vuln.go.dev., pid: 5004, process: govulncheck
2025-08-19T13:10:14.9393582Z Tue, 19 Aug 2025 13:10:13 GMT:domain resolved: productionresultssa12.blob.core.windows.net., ip address: 20.209.226.1, TTL: 30
2025-08-19T13:10:14.9394449Z Tue, 19 Aug 2025 13:10:13 GMT:endpoint called ip address:port 140.82.112.21:443, domain: results-receiver.actions.githubusercontent.com., pid: 5153, process: node
2025-08-19T13:10:14.9395566Z Tue, 19 Aug 2025 13:10:13 GMT:endpoint called ip address:port 20.209.226.1:443, domain: productionresultssa12.blob.core.windows.net., pid: 5153, process: node
2025-08-19T13:10:14.9396057Z 
2025-08-19T13:10:14.9396184Z Tue, 19 Aug 2025 13:10:13 GMT:post_event called
2025-08-19T13:10:14.9396379Z 
2025-08-19T13:10:14.9396624Z status:
2025-08-19T13:10:14.9396930Z Initialized
2025-08-19T13:10:14.9508436Z agent.service log:
2025-08-19T13:10:14.9509957Z Aug 19 13:09:22 pkrvmubgrv54qmi systemd[1]: /etc/systemd/system/agent.service:9: Standard output type syslog is obsolete, automatically updating to journal. Please update your unit file, and consider removing the setting altogether.
2025-08-19T13:10:14.9511527Z Aug 19 13:09:22 pkrvmubgrv54qmi systemd[1]: /etc/systemd/system/agent.service:10: Standard output type syslog is obsolete, automatically updating to journal. Please update your unit file, and consider removing the setting altogether.
2025-08-19T13:10:14.9512467Z Aug 19 13:09:22 pkrvmubgrv54qmi systemd[1]: Started agent.service - Agent.
2025-08-19T13:10:14.9513268Z Aug 19 13:09:22 pkrvmubgrv54qmi sudo[2454]:     root : *** ; USER=root ; COMMAND=/usr/bin/systemctl stop systemd-resolved
2025-08-19T13:10:14.9514179Z Aug 19 13:09:22 pkrvmubgrv54qmi sudo[2454]: pam_unix(sudo:session): session opened for user root(uid=0) by (uid=0)
2025-08-19T13:10:14.9514807Z Aug 19 13:09:22 pkrvmubgrv54qmi sudo[2454]: pam_unix(sudo:session): session closed for user root
2025-08-19T13:10:14.9515501Z Aug 19 13:09:22 pkrvmubgrv54qmi sudo[2460]:     root : *** ; USER=root ; COMMAND=/usr/bin/systemctl restart systemd-resolved
2025-08-19T13:10:14.9516178Z Aug 19 13:09:22 pkrvmubgrv54qmi sudo[2460]: pam_unix(sudo:session): session opened for user root(uid=0) by (uid=0)
2025-08-19T13:10:14.9517152Z Aug 19 13:09:22 pkrvmubgrv54qmi sudo[2460]: pam_unix(sudo:session): session closed for user root
2025-08-19T13:10:14.9517801Z Aug 19 13:09:22 pkrvmubgrv54qmi sudo[2466]:     root : *** ; USER=root ; COMMAND=/usr/bin/resolvectl flush-caches
2025-08-19T13:10:14.9518440Z Aug 19 13:09:22 pkrvmubgrv54qmi sudo[2466]: pam_unix(sudo:session): session opened for user root(uid=0) by (uid=0)
2025-08-19T13:10:14.9519037Z Aug 19 13:09:22 pkrvmubgrv54qmi sudo[2466]: pam_unix(sudo:session): session closed for user root
2025-08-19T13:10:14.9519667Z Aug 19 13:09:22 pkrvmubgrv54qmi sudo[2469]:     root : *** ; USER=root ; COMMAND=/usr/bin/systemctl reload docker
2025-08-19T13:10:14.9520286Z Aug 19 13:09:23 pkrvmubgrv54qmi sudo[2469]: pam_unix(sudo:session): session opened for user root(uid=0) by (uid=0)
2025-08-19T13:10:14.9520868Z Aug 19 13:09:23 pkrvmubgrv54qmi sudo[2469]: pam_unix(sudo:session): session closed for user root
2025-08-19T13:10:14.9521488Z Aug 19 13:09:23 pkrvmubgrv54qmi sudo[2475]:     root : *** ; USER=root ; COMMAND=/usr/bin/systemctl daemon-reload
2025-08-19T13:10:14.9522221Z Aug 19 13:09:23 pkrvmubgrv54qmi sudo[2475]: pam_unix(sudo:session): session opened for user root(uid=0) by (uid=0)
2025-08-19T13:10:14.9523320Z Aug 19 13:09:23 pkrvmubgrv54qmi systemd[1]: /etc/systemd/system/agent.service:9: Standard output type syslog is obsolete, automatically updating to journal. Please update your unit file, and consider removing the setting altogether.
2025-08-19T13:10:14.9524776Z Aug 19 13:09:23 pkrvmubgrv54qmi systemd[1]: /etc/systemd/system/agent.service:10: Standard output type syslog is obsolete, automatically updating to journal. Please update your unit file, and consider removing the setting altogether.
2025-08-19T13:10:14.9525743Z Aug 19 13:09:23 pkrvmubgrv54qmi sudo[2475]: pam_unix(sudo:session): session closed for user root
2025-08-19T13:10:14.9526632Z Aug 19 13:09:23 pkrvmubgrv54qmi sudo[2545]:     root : *** ; USER=root ; COMMAND=/usr/bin/systemctl restart docker
2025-08-19T13:10:14.9527330Z Aug 19 13:09:23 pkrvmubgrv54qmi sudo[2545]: pam_unix(sudo:session): session opened for user root(uid=0) by (uid=0)
2025-08-19T13:10:14.9527922Z Aug 19 13:09:23 pkrvmubgrv54qmi sudo[2545]: pam_unix(sudo:session): session closed for user root
2025-08-19T13:10:14.9529153Z Aug 19 13:09:23 pkrvmubgrv54qmi agentservice[2441]: 2025/08/19 13:09:23 INFO Config AGENT_PID=2441
2025-08-19T13:10:14.9530212Z Aug 19 13:09:23 pkrvmubgrv54qmi agentservice[2441]: 2025/08/19 13:09:23 INFO Config ENFORCE_READ_BLOCK=false
2025-08-19T13:10:14.9530879Z Aug 19 13:09:23 pkrvmubgrv54qmi agentservice[2441]: 2025/08/19 13:09:23 INFO Config ENFORCE_WRITE_BLOCK=false
2025-08-19T13:10:14.9531503Z Aug 19 13:09:23 pkrvmubgrv54qmi agentservice[2441]: 2025/08/19 13:09:23 INFO Config ENFORCE_KILL_BLOCK=false
2025-08-19T13:10:14.9532105Z Aug 19 13:09:23 pkrvmubgrv54qmi agentservice[2441]: 2025/08/19 13:09:23 INFO Map size protected_pids=1
2025-08-19T13:10:14.9532717Z Aug 19 13:09:23 pkrvmubgrv54qmi agentservice[2441]: 2025/08/19 13:09:23 INFO Map size protected_pid_inodes=1
2025-08-19T13:10:14.9533328Z Aug 19 13:09:23 pkrvmubgrv54qmi agentservice[2441]: 2025/08/19 13:09:23 INFO Map size protected_bpf_ids=9
2025-08-19T13:10:14.9533936Z Aug 19 13:09:23 pkrvmubgrv54qmi agentservice[2441]: 2025/08/19 13:09:23 INFO Map size protected_fs_inodes=6
2025-08-19T13:10:14.9534647Z Aug 19 13:09:23 pkrvmubgrv54qmi agentservice[2441]: 2025/08/19 13:09:23 INFO Map size protected_proc_fs_inodes=2
2025-08-19T13:10:14.9535468Z Aug 19 13:09:24 pkrvmubgrv54qmi agentservice[2441]: 2025/08/19 13:09:24 INFO ProtectedPids err=<nil> pids=map[2741:2441]
2025-08-19T13:10:14.9536154Z Aug 19 13:09:24 pkrvmubgrv54qmi agentservice[2441]: 2025/08/19 13:09:24 INFO ProtectedBPFIDs freezed ids="[10 4 8 11 9]"
2025-08-19T13:10:14.9537999Z Aug 19 13:09:24 pkrvmubgrv54qmi agentservice[2441]: 2025/08/19 13:09:24 INFO Write protected inodes="map[509:/etc/systemd/resolved.conf 980:/etc/resolv.conf 1643:/etc/sudoers.d/runner 16767:/proc/1949/mem 16768:/proc/1934/mem 3189531:/etc/docker/daemon.json]" freezeErr=<nil>
2025-08-19T13:10:14.9540003Z Aug 19 13:09:24 pkrvmubgrv54qmi agentservice[2441]: 2025/08/19 13:09:24 INFO Linking completed
2025-08-19T13:10:14.9540993Z Aug 19 13:09:24 pkrvmubgrv54qmi agentservice[2441]: 2025/08/19 13:09:24 INFO Armour engaged
2025-08-19T13:10:14.9541554Z 
2025-08-19T13:10:14.9602511Z Cleaning up orphan processes
