2025-08-19T13:07:33.2473430Z Current runner version: '2.327.1'
2025-08-19T13:07:33.2497693Z ##[group]Runner Image Provisioner
2025-08-19T13:07:33.2498457Z Hosted Compute Agent
2025-08-19T13:07:33.2499362Z Version: 20250818.377
2025-08-19T13:07:33.2500060Z Commit: 3c593e9f75fe0b87e893bca80d6e12ba089c61fc
2025-08-19T13:07:33.2500755Z Build Date: 2025-08-18T14:52:18Z
2025-08-19T13:07:33.2501414Z ##[endgroup]
2025-08-19T13:07:33.2501904Z ##[group]Operating System
2025-08-19T13:07:33.2502483Z Ubuntu
2025-08-19T13:07:33.2502961Z 24.04.2
2025-08-19T13:07:33.2503443Z LTS
2025-08-19T13:07:33.2503894Z ##[endgroup]
2025-08-19T13:07:33.2504403Z ##[group]Runner Image
2025-08-19T13:07:33.2504938Z Image: ubuntu-24.04
2025-08-19T13:07:33.2505399Z Version: 20250810.1.0
2025-08-19T13:07:33.2506441Z Included Software: https://github.com/actions/runner-images/blob/ubuntu24/20250810.1/images/ubuntu/Ubuntu2404-Readme.md
2025-08-19T13:07:33.2508060Z Image Release: https://github.com/actions/runner-images/releases/tag/ubuntu24%2F20250810.1
2025-08-19T13:07:33.2509065Z ##[endgroup]
2025-08-19T13:07:33.2510470Z ##[group]GITHUB_TOKEN Permissions
2025-08-19T13:07:33.2512290Z Contents: read
2025-08-19T13:07:33.2512957Z Metadata: read
2025-08-19T13:07:33.2513463Z Packages: write
2025-08-19T13:07:33.2513956Z SecurityEvents: write
2025-08-19T13:07:33.2514530Z ##[endgroup]
2025-08-19T13:07:33.2516554Z Secret source: Actions
2025-08-19T13:07:33.2517246Z Prepare workflow directory
2025-08-19T13:07:33.2906088Z Prepare all required actions
2025-08-19T13:07:33.2945020Z Getting action download info
2025-08-19T13:07:33.7725558Z Download action repository 'actions/checkout@v4' (SHA:08eba0b27e820071cde6df949e0beb9ba4906955)
2025-08-19T13:07:34.2992474Z Download action repository 'actions/setup-go@v5' (SHA:d35c59abb061a4a6fb18e82ac0862c26744d6ab5)
2025-08-19T13:07:34.9080668Z Download action repository 'actions/upload-artifact@v4' (SHA:ea165f8d65b6e75b540449e92b4886f43607fa02)
2025-08-19T13:07:35.1558893Z Complete job name: Test (ubuntu-latest)
2025-08-19T13:07:35.2278487Z ##[group]Run actions/checkout@v4
2025-08-19T13:07:35.2279714Z with:
2025-08-19T13:07:35.2280148Z   fetch-depth: 0
2025-08-19T13:07:35.2280658Z   repository: thc1006/nephoran-intent-operator
2025-08-19T13:07:35.2281494Z   token: ***
2025-08-19T13:07:35.2281908Z   ssh-strict: true
2025-08-19T13:07:35.2282345Z   ssh-user: git
2025-08-19T13:07:35.2282788Z   persist-credentials: true
2025-08-19T13:07:35.2283350Z   clean: true
2025-08-19T13:07:35.2283828Z   sparse-checkout-cone-mode: true
2025-08-19T13:07:35.2284378Z   fetch-tags: false
2025-08-19T13:07:35.2284830Z   show-progress: true
2025-08-19T13:07:35.2285286Z   lfs: false
2025-08-19T13:07:35.2285694Z   submodules: false
2025-08-19T13:07:35.2286136Z   set-safe-directory: true
2025-08-19T13:07:35.2286880Z env:
2025-08-19T13:07:35.2287274Z   REGISTRY: ghcr.io
2025-08-19T13:07:35.2287749Z   IMAGE_NAME: conductor-loop
2025-08-19T13:07:35.2288256Z   GO_VERSION: 1.24.x
2025-08-19T13:07:35.2288692Z ##[endgroup]
2025-08-19T13:07:35.3420188Z Syncing repository: thc1006/nephoran-intent-operator
2025-08-19T13:07:35.3423270Z ##[group]Getting Git version info
2025-08-19T13:07:35.3425065Z Working directory is '/home/runner/work/nephoran-intent-operator/nephoran-intent-operator'
2025-08-19T13:07:35.3427552Z [command]/usr/bin/git version
2025-08-19T13:07:35.3428529Z git version 2.50.1
2025-08-19T13:07:35.3439436Z ##[endgroup]
2025-08-19T13:07:35.3462722Z Temporarily overriding HOME='/home/runner/work/_temp/c41ec8e6-0244-42ee-96b9-9a4c51caa60e' before making global git config changes
2025-08-19T13:07:35.3465632Z Adding repository directory to the temporary git global config as a safe directory
2025-08-19T13:07:35.3468732Z [command]/usr/bin/git config --global --add safe.directory /home/runner/work/nephoran-intent-operator/nephoran-intent-operator
2025-08-19T13:07:35.3506218Z Deleting the contents of '/home/runner/work/nephoran-intent-operator/nephoran-intent-operator'
2025-08-19T13:07:35.3509557Z ##[group]Initializing the repository
2025-08-19T13:07:35.3514163Z [command]/usr/bin/git init /home/runner/work/nephoran-intent-operator/nephoran-intent-operator
2025-08-19T13:07:35.3569650Z hint: Using 'master' as the name for the initial branch. This default branch name
2025-08-19T13:07:35.3573381Z hint: is subject to change. To configure the initial branch name to use in all
2025-08-19T13:07:35.3575293Z hint: of your new repositories, which will suppress this warning, call:
2025-08-19T13:07:35.3576763Z hint:
2025-08-19T13:07:35.3577671Z hint: 	git config --global init.defaultBranch <name>
2025-08-19T13:07:35.3579661Z hint:
2025-08-19T13:07:35.3581002Z hint: Names commonly chosen instead of 'master' are 'main', 'trunk' and
2025-08-19T13:07:35.3582871Z hint: 'development'. The just-created branch can be renamed via this command:
2025-08-19T13:07:35.3584375Z hint:
2025-08-19T13:07:35.3585104Z hint: 	git branch -m <name>
2025-08-19T13:07:35.3585965Z hint:
2025-08-19T13:07:35.3587098Z hint: Disable this message with "git config set advice.defaultBranchName false"
2025-08-19T13:07:35.3589720Z Initialized empty Git repository in /home/runner/work/nephoran-intent-operator/nephoran-intent-operator/.git/
2025-08-19T13:07:35.3593445Z [command]/usr/bin/git remote add origin https://github.com/thc1006/nephoran-intent-operator
2025-08-19T13:07:35.3624827Z ##[endgroup]
2025-08-19T13:07:35.3626204Z ##[group]Disabling automatic garbage collection
2025-08-19T13:07:35.3628072Z [command]/usr/bin/git config --local gc.auto 0
2025-08-19T13:07:35.3660610Z ##[endgroup]
2025-08-19T13:07:35.3662008Z ##[group]Setting up auth
2025-08-19T13:07:35.3667264Z [command]/usr/bin/git config --local --name-only --get-regexp core\.sshCommand
2025-08-19T13:07:35.3702132Z [command]/usr/bin/git submodule foreach --recursive sh -c "git config --local --name-only --get-regexp 'core\.sshCommand' && git config --local --unset-all 'core.sshCommand' || :"
2025-08-19T13:07:35.3965489Z [command]/usr/bin/git config --local --name-only --get-regexp http\.https\:\/\/github\.com\/\.extraheader
2025-08-19T13:07:35.3996670Z [command]/usr/bin/git submodule foreach --recursive sh -c "git config --local --name-only --get-regexp 'http\.https\:\/\/github\.com\/\.extraheader' && git config --local --unset-all 'http.https://github.com/.extraheader' || :"
2025-08-19T13:07:35.4224255Z [command]/usr/bin/git config --local http.https://github.com/.extraheader AUTHORIZATION: basic ***
2025-08-19T13:07:35.4261432Z ##[endgroup]
2025-08-19T13:07:35.4262317Z ##[group]Fetching the repository
2025-08-19T13:07:35.4270468Z [command]/usr/bin/git -c protocol.version=2 fetch --prune --no-recurse-submodules origin +refs/heads/*:refs/remotes/origin/* +refs/tags/*:refs/tags/*
2025-08-19T13:07:46.1190731Z From https://github.com/thc1006/nephoran-intent-operator
2025-08-19T13:07:46.1192147Z  * [new branch]        chore/claude-commands-and-hooks -> origin/chore/claude-commands-and-hooks
2025-08-19T13:07:46.1193747Z  * [new branch]        chore/conductor-governance -> origin/chore/conductor-governance
2025-08-19T13:07:46.1194962Z  * [new branch]        chore/conductor-setup  -> origin/chore/conductor-setup
2025-08-19T13:07:46.1197485Z  * [new branch]        chore/repo-hygiene     -> origin/chore/repo-hygiene
2025-08-19T13:07:46.1199553Z  * [new branch]        dependabot/github_actions/actions/configure-pages-5 -> origin/dependabot/github_actions/actions/configure-pages-5
2025-08-19T13:07:46.1203432Z  * [new branch]        dependabot/github_actions/codecov/codecov-action-5 -> origin/dependabot/github_actions/codecov/codecov-action-5
2025-08-19T13:07:46.1206534Z  * [new branch]        dependabot/github_actions/golangci/golangci-lint-action-8 -> origin/dependabot/github_actions/golangci/golangci-lint-action-8
2025-08-19T13:07:46.1210188Z  * [new branch]        dependabot/github_actions/hashicorp/setup-terraform-3 -> origin/dependabot/github_actions/hashicorp/setup-terraform-3
2025-08-19T13:07:46.1213547Z  * [new branch]        dependabot/github_actions/helm/kind-action-1.12.0 -> origin/dependabot/github_actions/helm/kind-action-1.12.0
2025-08-19T13:07:46.1218139Z  * [new branch]        dependabot/go_modules/cloud.google.com/go/compute-1.43.0 -> origin/dependabot/go_modules/cloud.google.com/go/compute-1.43.0
2025-08-19T13:07:46.1220445Z  * [new branch]        dependabot/go_modules/cloud.google.com/go/container-1.44.0 -> origin/dependabot/go_modules/cloud.google.com/go/container-1.44.0
2025-08-19T13:07:46.1225851Z  * [new branch]        dependabot/go_modules/github.com/Azure/azure-sdk-for-go/sdk/azcore-1.18.2 -> origin/dependabot/go_modules/github.com/Azure/azure-sdk-for-go/sdk/azcore-1.18.2
2025-08-19T13:07:46.1228611Z  * [new branch]        dependabot/go_modules/github.com/aws/aws-sdk-go-v2-1.38.0 -> origin/dependabot/go_modules/github.com/aws/aws-sdk-go-v2-1.38.0
2025-08-19T13:07:46.1232787Z  * [new branch]        dependabot/go_modules/github.com/aws/aws-sdk-go-v2/credentials-1.18.4 -> origin/dependabot/go_modules/github.com/aws/aws-sdk-go-v2/credentials-1.18.4
2025-08-19T13:07:46.1236245Z  * [new branch]        dependabot/go_modules/github.com/aws/aws-sdk-go-v2/service/sts-1.37.0 -> origin/dependabot/go_modules/github.com/aws/aws-sdk-go-v2/service/sts-1.37.0
2025-08-19T13:07:46.1241359Z  * [new branch]        dependabot/go_modules/go.opentelemetry.io/otel/exporters/prometheus-0.59.1 -> origin/dependabot/go_modules/go.opentelemetry.io/otel/exporters/prometheus-0.59.1
2025-08-19T13:07:46.1244694Z  * [new branch]        dependabot/go_modules/golang.org/x/net-0.43.0 -> origin/dependabot/go_modules/golang.org/x/net-0.43.0
2025-08-19T13:07:46.1248651Z  * [new branch]        dependabot/go_modules/helm.sh/helm/v3-3.18.5 -> origin/dependabot/go_modules/helm.sh/helm/v3-3.18.5
2025-08-19T13:07:46.1252138Z  * [new branch]        dependabot/go_modules/k8s.io/client-go-0.33.4 -> origin/dependabot/go_modules/k8s.io/client-go-0.33.4
2025-08-19T13:07:46.1254894Z  * [new branch]        feat/a1-policy-sim     -> origin/feat/a1-policy-sim
2025-08-19T13:07:46.1257065Z  * [new branch]        feat/admission-webhook -> origin/feat/admission-webhook
2025-08-19T13:07:46.1259571Z  * [new branch]        feat/ci-guard          -> origin/feat/ci-guard
2025-08-19T13:07:46.1262029Z  * [new branch]        feat/conductor-file-watcher -> origin/feat/conductor-file-watcher
2025-08-19T13:07:46.1263971Z  * [new branch]        feat/conductor-loop    -> origin/feat/conductor-loop
2025-08-19T13:07:46.1266846Z  * [new branch]        feat/e2-kpm-sim        -> origin/feat/e2-kpm-sim
2025-08-19T13:07:46.1268576Z  * [new branch]        feat/e2e               -> origin/feat/e2e
2025-08-19T13:07:46.1271490Z  * [new branch]        feat/examples-mvp      -> origin/feat/examples-mvp
2025-08-19T13:07:46.1273578Z  * [new branch]        feat/ingest-llm        -> origin/feat/ingest-llm
2025-08-19T13:07:46.1276443Z  * [new branch]        feat/ingest-tests-and-errors -> origin/feat/ingest-tests-and-errors
2025-08-19T13:07:46.1278052Z  * [new branch]        feat/o1-ves-sim        -> origin/feat/o1-ves-sim
2025-08-19T13:07:46.1281357Z  * [new branch]        feat/planner           -> origin/feat/planner
2025-08-19T13:07:46.1282836Z  * [new branch]        feat/porch-direct      -> origin/feat/porch-direct
2025-08-19T13:07:46.1285275Z  * [new branch]        feat/porch-publisher   -> origin/feat/porch-publisher
2025-08-19T13:07:46.1287747Z  * [new branch]        feat/porch-structured-patch -> origin/feat/porch-structured-patch
2025-08-19T13:07:46.1289871Z  * [new branch]        feat/sim-fcaps-to-intent -> origin/feat/sim-fcaps-to-intent
2025-08-19T13:07:46.1292522Z  * [new branch]        feat/test-harness      -> origin/feat/test-harness
2025-08-19T13:07:46.1296251Z  * [new branch]        integrate/mvp          -> origin/integrate/mvp
2025-08-19T13:07:46.1297757Z  * [new branch]        main                   -> origin/main
2025-08-19T13:07:46.1300083Z  * [new tag]           backup/pre-cleanup-20250813234213 -> backup/pre-cleanup-20250813234213
2025-08-19T13:07:46.1301623Z  * [new tag]           v0.1.0-mvp             -> v0.1.0-mvp
2025-08-19T13:07:46.1348093Z [command]/usr/bin/git branch --list --remote origin/feat/conductor-loop
2025-08-19T13:07:46.1376191Z   origin/feat/conductor-loop
2025-08-19T13:07:46.1385534Z [command]/usr/bin/git rev-parse refs/remotes/origin/feat/conductor-loop
2025-08-19T13:07:46.1405371Z 466806fe950338ae4ffff485b592c7e933197d57
2025-08-19T13:07:46.1411241Z ##[endgroup]
2025-08-19T13:07:46.1411703Z ##[group]Determining the checkout info
2025-08-19T13:07:46.1412395Z ##[endgroup]
2025-08-19T13:07:46.1416909Z [command]/usr/bin/git sparse-checkout disable
2025-08-19T13:07:46.1456527Z [command]/usr/bin/git config --local --unset-all extensions.worktreeConfig
2025-08-19T13:07:46.1485156Z ##[group]Checking out the ref
2025-08-19T13:07:46.1485838Z [command]/usr/bin/git checkout --progress --force -B feat/conductor-loop refs/remotes/origin/feat/conductor-loop
2025-08-19T13:07:46.4381076Z Switched to a new branch 'feat/conductor-loop'
2025-08-19T13:07:46.4382626Z branch 'feat/conductor-loop' set up to track 'origin/feat/conductor-loop'.
2025-08-19T13:07:46.4413631Z ##[endgroup]
2025-08-19T13:07:46.4458930Z [command]/usr/bin/git log -1 --format=%H
2025-08-19T13:07:46.4482030Z 466806fe950338ae4ffff485b592c7e933197d57
2025-08-19T13:07:46.4685540Z ##[group]Run actions/setup-go@v5
2025-08-19T13:07:46.4685797Z with:
2025-08-19T13:07:46.4685974Z   go-version: 1.24.x
2025-08-19T13:07:46.4686161Z   cache: true
2025-08-19T13:07:46.4686349Z   cache-dependency-path: go.sum
2025-08-19T13:07:46.4686567Z   check-latest: false
2025-08-19T13:07:46.4686873Z   token: ***
2025-08-19T13:07:46.4687042Z env:
2025-08-19T13:07:46.4687202Z   REGISTRY: ghcr.io
2025-08-19T13:07:46.4687386Z   IMAGE_NAME: conductor-loop
2025-08-19T13:07:46.4687598Z   GO_VERSION: 1.24.x
2025-08-19T13:07:46.4687773Z ##[endgroup]
2025-08-19T13:07:46.6293657Z Setup go version spec 1.24.x
2025-08-19T13:07:46.6432368Z Found in cache @ /opt/hostedtoolcache/go/1.24.6/x64
2025-08-19T13:07:46.6437242Z Added go to the path
2025-08-19T13:07:46.6440894Z Successfully set up Go version 1.24.x
2025-08-19T13:07:47.3560157Z [command]/opt/hostedtoolcache/go/1.24.6/x64/bin/go env GOMODCACHE
2025-08-19T13:07:47.3596635Z [command]/opt/hostedtoolcache/go/1.24.6/x64/bin/go env GOCACHE
2025-08-19T13:07:47.3620008Z /home/runner/go/pkg/mod
2025-08-19T13:07:47.3648986Z /home/runner/.cache/go-build
2025-08-19T13:07:47.6411390Z Cache hit for: setup-go-Linux-x64-ubuntu24-go-1.24.6-583fed57d4cf4dd6f943285f723932abe219c2045356bcefc416fcf717aeff8b
2025-08-19T13:07:48.9413796Z Received 0 of 528556000 (0.0%), 0.0 MBs/sec
2025-08-19T13:07:49.9425409Z Received 88080384 of 528556000 (16.7%), 42.0 MBs/sec
2025-08-19T13:07:50.9434854Z Received 188743680 of 528556000 (35.7%), 60.0 MBs/sec
2025-08-19T13:07:51.9506672Z Received 268435456 of 528556000 (50.8%), 63.9 MBs/sec
2025-08-19T13:07:52.9512401Z Received 402653184 of 528556000 (76.2%), 76.6 MBs/sec
2025-08-19T13:07:53.9517139Z Received 520167392 of 528556000 (98.4%), 82.5 MBs/sec
2025-08-19T13:07:54.8968039Z Received 528556000 of 528556000 (100.0%), 72.5 MBs/sec
2025-08-19T13:07:54.8970138Z Cache Size: ~504 MB (528556000 B)
2025-08-19T13:07:54.9089324Z [command]/usr/bin/tar -xf /home/runner/work/_temp/b135671c-9698-43f8-a7f9-adf6193f490d/cache.tzst -P -C /home/runner/work/nephoran-intent-operator/nephoran-intent-operator --use-compress-program unzstd
2025-08-19T13:08:00.2538799Z Cache restored successfully
2025-08-19T13:08:00.3534923Z Cache restored from key: setup-go-Linux-x64-ubuntu24-go-1.24.6-583fed57d4cf4dd6f943285f723932abe219c2045356bcefc416fcf717aeff8b
2025-08-19T13:08:00.3563029Z go version go1.24.6 linux/amd64
2025-08-19T13:08:00.3563222Z 
2025-08-19T13:08:00.3563490Z ##[group]go env
2025-08-19T13:08:00.3705317Z AR='ar'
2025-08-19T13:08:00.3705729Z CC='gcc'
2025-08-19T13:08:00.3706164Z CGO_CFLAGS='-O2 -g'
2025-08-19T13:08:00.3706577Z CGO_CPPFLAGS=''
2025-08-19T13:08:00.3707020Z CGO_CXXFLAGS='-O2 -g'
2025-08-19T13:08:00.3707455Z CGO_ENABLED='1'
2025-08-19T13:08:00.3707958Z CGO_FFLAGS='-O2 -g'
2025-08-19T13:08:00.3708447Z CGO_LDFLAGS='-O2 -g'
2025-08-19T13:08:00.3708857Z CXX='g++'
2025-08-19T13:08:00.3709439Z GCCGO='gccgo'
2025-08-19T13:08:00.3709819Z GO111MODULE=''
2025-08-19T13:08:00.3710195Z GOAMD64='v1'
2025-08-19T13:08:00.3710918Z GOARCH='amd64'
2025-08-19T13:08:00.3711369Z GOAUTH='netrc'
2025-08-19T13:08:00.3711788Z GOBIN=''
2025-08-19T13:08:00.3712146Z GOCACHE='/home/runner/.cache/go-build'
2025-08-19T13:08:00.3712597Z GOCACHEPROG=''
2025-08-19T13:08:00.3712964Z GODEBUG=''
2025-08-19T13:08:00.3713295Z GOENV='/home/runner/.config/go/env'
2025-08-19T13:08:00.3713717Z GOEXE=''
2025-08-19T13:08:00.3714058Z GOEXPERIMENT=''
2025-08-19T13:08:00.3714389Z GOFIPS140='off'
2025-08-19T13:08:00.3714710Z GOFLAGS=''
2025-08-19T13:08:00.3715895Z GOGCCFLAGS='-fPIC -m64 -pthread -Wl,--no-gc-sections -fmessage-length=0 -ffile-prefix-map=/tmp/go-build3289289963=/tmp/go-build -gno-record-gcc-switches'
2025-08-19T13:08:00.3717068Z GOHOSTARCH='amd64'
2025-08-19T13:08:00.3717438Z GOHOSTOS='linux'
2025-08-19T13:08:00.3717800Z GOINSECURE=''
2025-08-19T13:08:00.3718468Z GOMOD='/home/runner/work/nephoran-intent-operator/nephoran-intent-operator/go.mod'
2025-08-19T13:08:00.3719460Z GOMODCACHE='/home/runner/go/pkg/mod'
2025-08-19T13:08:00.3719888Z GONOPROXY=''
2025-08-19T13:08:00.3720481Z GONOSUMDB=''
2025-08-19T13:08:00.3720778Z GOOS='linux'
2025-08-19T13:08:00.3721065Z GOPATH='/home/runner/go'
2025-08-19T13:08:00.3721405Z GOPRIVATE=''
2025-08-19T13:08:00.3721834Z GOPROXY='https://proxy.golang.org,direct'
2025-08-19T13:08:00.3722330Z GOROOT='/opt/hostedtoolcache/go/1.24.6/x64'
2025-08-19T13:08:00.3722759Z GOSUMDB='sum.golang.org'
2025-08-19T13:08:00.3723084Z GOTELEMETRY='local'
2025-08-19T13:08:00.3723449Z GOTELEMETRYDIR='/home/runner/.config/go/telemetry'
2025-08-19T13:08:00.3723849Z GOTMPDIR=''
2025-08-19T13:08:00.3724093Z GOTOOLCHAIN='auto'
2025-08-19T13:08:00.3724553Z GOTOOLDIR='/opt/hostedtoolcache/go/1.24.6/x64/pkg/tool/linux_amd64'
2025-08-19T13:08:00.3725074Z GOVCS=''
2025-08-19T13:08:00.3725347Z GOVERSION='go1.24.6'
2025-08-19T13:08:00.3725656Z GOWORK=''
2025-08-19T13:08:00.3725969Z PKG_CONFIG='pkg-config'
2025-08-19T13:08:00.3726183Z 
2025-08-19T13:08:00.3726592Z ##[endgroup]
2025-08-19T13:08:00.3927175Z ##[group]Run go mod download
2025-08-19T13:08:00.3927509Z [36;1mgo mod download[0m
2025-08-19T13:08:00.3927733Z [36;1mgo mod verify[0m
2025-08-19T13:08:00.4000513Z shell: /usr/bin/bash -e {0}
2025-08-19T13:08:00.4000812Z env:
2025-08-19T13:08:00.4001028Z   REGISTRY: ghcr.io
2025-08-19T13:08:00.4001285Z   IMAGE_NAME: conductor-loop
2025-08-19T13:08:00.4001566Z   GO_VERSION: 1.24.x
2025-08-19T13:08:00.4001806Z ##[endgroup]
2025-08-19T13:08:05.1010491Z all modules verified
2025-08-19T13:08:05.1064245Z ##[group]Run mkdir -p test-results
2025-08-19T13:08:05.1064568Z [36;1mmkdir -p test-results[0m
2025-08-19T13:08:05.1065150Z [36;1mtimeout 300 go test -v -race -timeout=5m -coverprofile=test-results/coverage.out -covermode=atomic ./cmd/conductor-loop ./internal/loop[0m
2025-08-19T13:08:05.1065850Z [36;1mgo tool cover -html=test-results/coverage.out -o test-results/coverage.html[0m
2025-08-19T13:08:05.1106727Z shell: /usr/bin/bash -e {0}
2025-08-19T13:08:05.1106956Z env:
2025-08-19T13:08:05.1107124Z   REGISTRY: ghcr.io
2025-08-19T13:08:05.1107341Z   IMAGE_NAME: conductor-loop
2025-08-19T13:08:05.1107554Z   GO_VERSION: 1.24.x
2025-08-19T13:08:05.1107740Z ##[endgroup]
2025-08-19T13:08:36.0383700Z # github.com/thc1006/nephoran-intent-operator/internal/loop [github.com/thc1006/nephoran-intent-operator/internal/loop.test]
2025-08-19T13:08:36.0413503Z ##[error]internal/loop/security_validation_test.go:419:2: MaxJSONDepth redeclared in this block
2025-08-19T13:08:36.0421861Z ##[error]	internal/loop/watcher.go:193:2: other declaration of MaxJSONDepth
2025-08-19T13:08:37.5886257Z === RUN   TestComprehensiveSecuritySuite
2025-08-19T13:08:37.5887111Z === RUN   TestComprehensiveSecuritySuite/InputValidationSecurity
2025-08-19T13:08:37.5888203Z === RUN   TestComprehensiveSecuritySuite/InputValidationSecurity/SQL_injection_attempt
2025-08-19T13:08:37.5888817Z 2025/08/19 13:08:37 Metrics server disabled (port=0)
2025-08-19T13:08:37.5889770Z 2025/08/19 13:08:37 LOOP:START - Starting watcher on directory: /tmp/TestComprehensiveSecuritySuite4026549102/001/handoff
2025-08-19T13:08:37.5891133Z 2025/08/19 13:08:37 Configuration: workers=3, debounce=100ms, once=true, period=0s, metrics_port=0, processor=false
2025-08-19T13:08:37.5891827Z 2025/08/19 13:08:37 Started 3 enhanced workers
2025-08-19T13:08:37.5892180Z 2025/08/19 13:08:37 Enhanced worker 1 started
2025-08-19T13:08:37.5892607Z 2025/08/19 13:08:37 Enhanced worker 0 started
2025-08-19T13:08:37.5892982Z 2025/08/19 13:08:37 Enhanced worker 2 started
2025-08-19T13:08:37.5893473Z 2025/08/19 13:08:37 Queued 0 existing intent files for processing
2025-08-19T13:08:37.5893928Z 2025/08/19 13:08:37 Signaling enhanced workers to stop...
2025-08-19T13:08:37.5894450Z 2025/08/19 13:08:37 Waiting for enhanced workers to finish...
2025-08-19T13:08:37.5894900Z 2025/08/19 13:08:37 Enhanced worker 1: work queue closed, exiting
2025-08-19T13:08:37.5895363Z 2025/08/19 13:08:37 Enhanced worker 2: work queue closed, exiting
2025-08-19T13:08:37.5895904Z 2025/08/19 13:08:37 Enhanced worker 0: work queue closed, exiting
2025-08-19T13:08:37.5896323Z 2025/08/19 13:08:37 All enhanced workers stopped
2025-08-19T13:08:37.5896666Z 2025/08/19 13:08:37 Closing watcher...
2025-08-19T13:08:37.5896971Z 2025/08/19 13:08:37 Watcher closed
2025-08-19T13:08:37.5897431Z === RUN   TestComprehensiveSecuritySuite/InputValidationSecurity/XSS_attempt
2025-08-19T13:08:37.5898352Z 2025/08/19 13:08:37 Loaded 0 file states from /tmp/TestComprehensiveSecuritySuite4026549102/001/handoff/.conductor-state.json
2025-08-19T13:08:37.5899056Z 2025/08/19 13:08:37 Metrics server disabled (port=0)
2025-08-19T13:08:37.5899923Z 2025/08/19 13:08:37 LOOP:START - Starting watcher on directory: /tmp/TestComprehensiveSecuritySuite4026549102/001/handoff
2025-08-19T13:08:37.5900640Z 2025/08/19 13:08:37 Configuration: workers=3, debounce=100ms, once=true, period=0s, metrics_port=0, processor=false
2025-08-19T13:08:37.5901097Z 2025/08/19 13:08:37 Started 3 enhanced workers
2025-08-19T13:08:37.5901369Z 2025/08/19 13:08:37 Enhanced worker 0 started
2025-08-19T13:08:37.5901733Z 2025/08/19 13:08:37 Enhanced worker 2 started
2025-08-19T13:08:37.5902015Z 2025/08/19 13:08:37 Enhanced worker 1 started
2025-08-19T13:08:37.5902332Z 2025/08/19 13:08:37 Queued 0 existing intent files for processing
2025-08-19T13:08:37.5902681Z 2025/08/19 13:08:37 Signaling enhanced workers to stop...
2025-08-19T13:08:37.5903016Z 2025/08/19 13:08:37 Waiting for enhanced workers to finish...
2025-08-19T13:08:37.5903584Z 2025/08/19 13:08:37 Enhanced worker 2: work queue closed, exiting
2025-08-19T13:08:37.5903944Z 2025/08/19 13:08:37 Enhanced worker 1: work queue closed, exiting
2025-08-19T13:08:37.5904284Z 2025/08/19 13:08:37 Enhanced worker 0: work queue closed, exiting
2025-08-19T13:08:37.5904587Z 2025/08/19 13:08:37 All enhanced workers stopped
2025-08-19T13:08:37.5904853Z 2025/08/19 13:08:37 Closing watcher...
2025-08-19T13:08:37.5905086Z 2025/08/19 13:08:37 Watcher closed
2025-08-19T13:08:37.5905576Z === RUN   TestComprehensiveSecuritySuite/InputValidationSecurity/Buffer_overflow_attempt
2025-08-19T13:08:37.5906256Z 2025/08/19 13:08:37 Loaded 0 file states from /tmp/TestComprehensiveSecuritySuite4026549102/001/handoff/.conductor-state.json
2025-08-19T13:08:37.5906785Z 2025/08/19 13:08:37 Metrics server disabled (port=0)
2025-08-19T13:08:37.5907301Z 2025/08/19 13:08:37 LOOP:START - Starting watcher on directory: /tmp/TestComprehensiveSecuritySuite4026549102/001/handoff
2025-08-19T13:08:37.5907980Z 2025/08/19 13:08:37 Configuration: workers=3, debounce=100ms, once=true, period=0s, metrics_port=0, processor=false
2025-08-19T13:08:37.5908435Z 2025/08/19 13:08:37 Started 3 enhanced workers
2025-08-19T13:08:37.5908813Z 2025/08/19 13:08:37 Enhanced worker 0 started
2025-08-19T13:08:37.5909230Z 2025/08/19 13:08:37 Enhanced worker 1 started
2025-08-19T13:08:37.5909509Z 2025/08/19 13:08:37 Enhanced worker 2 started
2025-08-19T13:08:37.5909815Z 2025/08/19 13:08:37 Queued 0 existing intent files for processing
2025-08-19T13:08:37.5910158Z 2025/08/19 13:08:37 Signaling enhanced workers to stop...
2025-08-19T13:08:37.5910624Z 2025/08/19 13:08:37 Waiting for enhanced workers to finish...
2025-08-19T13:08:37.5910968Z 2025/08/19 13:08:37 Enhanced worker 2: work queue closed, exiting
2025-08-19T13:08:37.5911312Z 2025/08/19 13:08:37 Enhanced worker 1: work queue closed, exiting
2025-08-19T13:08:37.5911650Z 2025/08/19 13:08:37 Enhanced worker 0: work queue closed, exiting
2025-08-19T13:08:37.5911951Z 2025/08/19 13:08:37 All enhanced workers stopped
2025-08-19T13:08:37.5912217Z 2025/08/19 13:08:37 Closing watcher...
2025-08-19T13:08:37.5912451Z 2025/08/19 13:08:37 Watcher closed
2025-08-19T13:08:37.5912853Z === RUN   TestComprehensiveSecuritySuite/InputValidationSecurity/Control_character_injection
2025-08-19T13:08:37.5913534Z 2025/08/19 13:08:37 Loaded 0 file states from /tmp/TestComprehensiveSecuritySuite4026549102/001/handoff/.conductor-state.json
2025-08-19T13:08:37.5914061Z 2025/08/19 13:08:37 Metrics server disabled (port=0)
2025-08-19T13:08:37.5914571Z 2025/08/19 13:08:37 LOOP:START - Starting watcher on directory: /tmp/TestComprehensiveSecuritySuite4026549102/001/handoff
2025-08-19T13:08:37.5915250Z 2025/08/19 13:08:37 Configuration: workers=3, debounce=100ms, once=true, period=0s, metrics_port=0, processor=false
2025-08-19T13:08:37.5915699Z 2025/08/19 13:08:37 Started 3 enhanced workers
2025-08-19T13:08:37.5915965Z 2025/08/19 13:08:37 Enhanced worker 1 started
2025-08-19T13:08:37.5916227Z 2025/08/19 13:08:37 Enhanced worker 0 started
2025-08-19T13:08:37.5916544Z 2025/08/19 13:08:37 Queued 0 existing intent files for processing
2025-08-19T13:08:37.5916895Z 2025/08/19 13:08:37 Signaling enhanced workers to stop...
2025-08-19T13:08:37.5917249Z 2025/08/19 13:08:37 Enhanced worker 2 started
2025-08-19T13:08:37.5917574Z 2025/08/19 13:08:37 Waiting for enhanced workers to finish...
2025-08-19T13:08:37.5917914Z 2025/08/19 13:08:37 Enhanced worker 2: work queue closed, exiting
2025-08-19T13:08:37.5918260Z 2025/08/19 13:08:37 Enhanced worker 1: work queue closed, exiting
2025-08-19T13:08:37.5918598Z 2025/08/19 13:08:37 Enhanced worker 0: work queue closed, exiting
2025-08-19T13:08:37.5918907Z 2025/08/19 13:08:37 All enhanced workers stopped
2025-08-19T13:08:37.5919535Z 2025/08/19 13:08:37 Closing watcher...
2025-08-19T13:08:37.5919932Z 2025/08/19 13:08:37 Watcher closed
2025-08-19T13:08:37.5920306Z === RUN   TestComprehensiveSecuritySuite/InputValidationSecurity/JSON_bomb
2025-08-19T13:08:37.5921104Z 2025/08/19 13:08:37 Loaded 0 file states from /tmp/TestComprehensiveSecuritySuite4026549102/001/handoff/.conductor-state.json
2025-08-19T13:08:37.5921650Z 2025/08/19 13:08:37 Metrics server disabled (port=0)
2025-08-19T13:08:37.5922301Z 2025/08/19 13:08:37 LOOP:START - Starting watcher on directory: /tmp/TestComprehensiveSecuritySuite4026549102/001/handoff
2025-08-19T13:08:37.5923018Z 2025/08/19 13:08:37 Configuration: workers=3, debounce=100ms, once=true, period=0s, metrics_port=0, processor=false
2025-08-19T13:08:37.5923491Z 2025/08/19 13:08:37 Started 3 enhanced workers
2025-08-19T13:08:37.5923760Z 2025/08/19 13:08:37 Enhanced worker 0 started
2025-08-19T13:08:37.5924038Z 2025/08/19 13:08:37 Enhanced worker 2 started
2025-08-19T13:08:37.5924287Z 2025/08/19 13:08:37 Enhanced worker 1 started
2025-08-19T13:08:37.5924595Z 2025/08/19 13:08:37 Queued 0 existing intent files for processing
2025-08-19T13:08:37.5924937Z 2025/08/19 13:08:37 Signaling enhanced workers to stop...
2025-08-19T13:08:37.5925264Z 2025/08/19 13:08:37 Waiting for enhanced workers to finish...
2025-08-19T13:08:37.5925612Z 2025/08/19 13:08:37 Enhanced worker 0: work queue closed, exiting
2025-08-19T13:08:37.5925957Z 2025/08/19 13:08:37 Enhanced worker 2: work queue closed, exiting
2025-08-19T13:08:37.5926297Z 2025/08/19 13:08:37 Enhanced worker 1: work queue closed, exiting
2025-08-19T13:08:37.5926602Z 2025/08/19 13:08:37 All enhanced workers stopped
2025-08-19T13:08:37.5926863Z 2025/08/19 13:08:37 Closing watcher...
2025-08-19T13:08:37.5927097Z 2025/08/19 13:08:37 Watcher closed
2025-08-19T13:08:37.5927396Z === RUN   TestComprehensiveSecuritySuite/PathTraversalSecurity
2025-08-19T13:08:37.5927988Z === RUN   TestComprehensiveSecuritySuite/PathTraversalSecurity/Unix_path_traversal
2025-08-19T13:08:37.5928639Z 2025/08/19 13:08:37 Loaded 0 file states from /tmp/TestComprehensiveSecuritySuite4026549102/001/handoff/.conductor-state.json
2025-08-19T13:08:37.5929319Z 2025/08/19 13:08:37 Metrics server disabled (port=0)
2025-08-19T13:08:37.5929994Z 2025/08/19 13:08:37 LOOP:START - Starting watcher on directory: /tmp/TestComprehensiveSecuritySuite4026549102/001/handoff
2025-08-19T13:08:37.5930982Z 2025/08/19 13:08:37 Configuration: workers=3, debounce=100ms, once=true, period=0s, metrics_port=0, processor=false
2025-08-19T13:08:37.5931799Z 2025/08/19 13:08:37 Started 3 enhanced workers
2025-08-19T13:08:37.5932265Z 2025/08/19 13:08:37 Enhanced worker 0 started
2025-08-19T13:08:37.5932697Z 2025/08/19 13:08:37 Enhanced worker 2 started
2025-08-19T13:08:37.5933147Z 2025/08/19 13:08:37 Enhanced worker 1 started
2025-08-19T13:08:37.5933681Z 2025/08/19 13:08:37 Queued 0 existing intent files for processing
2025-08-19T13:08:37.5934288Z 2025/08/19 13:08:37 Signaling enhanced workers to stop...
2025-08-19T13:08:37.5934856Z 2025/08/19 13:08:37 Waiting for enhanced workers to finish...
2025-08-19T13:08:37.5935458Z 2025/08/19 13:08:37 Enhanced worker 1: work queue closed, exiting
2025-08-19T13:08:37.5936065Z 2025/08/19 13:08:37 Enhanced worker 0: work queue closed, exiting
2025-08-19T13:08:37.5936676Z 2025/08/19 13:08:37 Enhanced worker 2: work queue closed, exiting
2025-08-19T13:08:37.5937222Z 2025/08/19 13:08:37 All enhanced workers stopped
2025-08-19T13:08:37.5937671Z 2025/08/19 13:08:37 Closing watcher...
2025-08-19T13:08:37.5938064Z 2025/08/19 13:08:37 Watcher closed
2025-08-19T13:08:37.5938732Z === RUN   TestComprehensiveSecuritySuite/PathTraversalSecurity/Windows_path_traversal
2025-08-19T13:08:37.5940306Z 2025/08/19 13:08:37 Loaded 0 file states from /tmp/TestComprehensiveSecuritySuite4026549102/001/handoff/.conductor-state.json
2025-08-19T13:08:37.5941233Z 2025/08/19 13:08:37 Metrics server disabled (port=0)
2025-08-19T13:08:37.5942142Z 2025/08/19 13:08:37 LOOP:START - Starting watcher on directory: /tmp/TestComprehensiveSecuritySuite4026549102/001/handoff
2025-08-19T13:08:37.5943322Z 2025/08/19 13:08:37 Configuration: workers=3, debounce=100ms, once=true, period=0s, metrics_port=0, processor=false
2025-08-19T13:08:37.5944111Z 2025/08/19 13:08:37 Started 3 enhanced workers
2025-08-19T13:08:37.5944585Z 2025/08/19 13:08:37 Enhanced worker 0 started
2025-08-19T13:08:37.5945218Z 2025/08/19 13:08:37 Enhanced worker 1 started
2025-08-19T13:08:37.5945683Z 2025/08/19 13:08:37 Enhanced worker 2 started
2025-08-19T13:08:37.5946211Z 2025/08/19 13:08:37 Queued 0 existing intent files for processing
2025-08-19T13:08:37.5946804Z 2025/08/19 13:08:37 Signaling enhanced workers to stop...
2025-08-19T13:08:37.5947372Z 2025/08/19 13:08:37 Waiting for enhanced workers to finish...
2025-08-19T13:08:37.5947971Z 2025/08/19 13:08:37 Enhanced worker 0: work queue closed, exiting
2025-08-19T13:08:37.5948590Z 2025/08/19 13:08:37 Enhanced worker 2: work queue closed, exiting
2025-08-19T13:08:37.5949387Z 2025/08/19 13:08:37 Enhanced worker 1: work queue closed, exiting
2025-08-19T13:08:37.5949939Z 2025/08/19 13:08:37 All enhanced workers stopped
2025-08-19T13:08:37.5950387Z 2025/08/19 13:08:37 Closing watcher...
2025-08-19T13:08:37.5950788Z 2025/08/19 13:08:37 Watcher closed
2025-08-19T13:08:37.5951499Z === RUN   TestComprehensiveSecuritySuite/PathTraversalSecurity/URL_encoded_path_traversal
2025-08-19T13:08:37.5952678Z 2025/08/19 13:08:37 Loaded 0 file states from /tmp/TestComprehensiveSecuritySuite4026549102/001/handoff/.conductor-state.json
2025-08-19T13:08:37.5953581Z 2025/08/19 13:08:37 Metrics server disabled (port=0)
2025-08-19T13:08:37.5954469Z 2025/08/19 13:08:37 LOOP:START - Starting watcher on directory: /tmp/TestComprehensiveSecuritySuite4026549102/001/handoff
2025-08-19T13:08:37.5955646Z 2025/08/19 13:08:37 Configuration: workers=3, debounce=100ms, once=true, period=0s, metrics_port=0, processor=false
2025-08-19T13:08:37.5956629Z 2025/08/19 13:08:37 Started 3 enhanced workers
2025-08-19T13:08:37.5957075Z 2025/08/19 13:08:37 Enhanced worker 1 started
2025-08-19T13:08:37.5957526Z 2025/08/19 13:08:37 Enhanced worker 2 started
2025-08-19T13:08:37.5957970Z 2025/08/19 13:08:37 Enhanced worker 0 started
2025-08-19T13:08:37.5958492Z 2025/08/19 13:08:37 Queued 0 existing intent files for processing
2025-08-19T13:08:37.5959244Z 2025/08/19 13:08:37 Signaling enhanced workers to stop...
2025-08-19T13:08:37.5959817Z 2025/08/19 13:08:37 Waiting for enhanced workers to finish...
2025-08-19T13:08:37.5960379Z 2025/08/19 13:08:37 Enhanced worker 2: work queue closed, exiting
2025-08-19T13:08:37.5960942Z 2025/08/19 13:08:37 Enhanced worker 1: work queue closed, exiting
2025-08-19T13:08:37.5961551Z 2025/08/19 13:08:37 Enhanced worker 0: work queue closed, exiting
2025-08-19T13:08:37.5961901Z 2025/08/19 13:08:37 All enhanced workers stopped
2025-08-19T13:08:37.5962165Z 2025/08/19 13:08:37 Closing watcher...
2025-08-19T13:08:37.5962402Z 2025/08/19 13:08:37 Watcher closed
2025-08-19T13:08:37.5962823Z === RUN   TestComprehensiveSecuritySuite/PathTraversalSecurity/Double_encoded_path_traversal
2025-08-19T13:08:37.5963511Z 2025/08/19 13:08:37 Loaded 0 file states from /tmp/TestComprehensiveSecuritySuite4026549102/001/handoff/.conductor-state.json
2025-08-19T13:08:37.5964042Z 2025/08/19 13:08:37 Metrics server disabled (port=0)
2025-08-19T13:08:37.5964568Z 2025/08/19 13:08:37 LOOP:START - Starting watcher on directory: /tmp/TestComprehensiveSecuritySuite4026549102/001/handoff
2025-08-19T13:08:37.5965254Z 2025/08/19 13:08:37 Configuration: workers=3, debounce=100ms, once=true, period=0s, metrics_port=0, processor=false
2025-08-19T13:08:37.5965704Z 2025/08/19 13:08:37 Started 3 enhanced workers
2025-08-19T13:08:37.5965973Z 2025/08/19 13:08:37 Enhanced worker 0 started
2025-08-19T13:08:37.5966233Z 2025/08/19 13:08:37 Enhanced worker 2 started
2025-08-19T13:08:37.5966489Z 2025/08/19 13:08:37 Enhanced worker 1 started
2025-08-19T13:08:37.5966788Z 2025/08/19 13:08:37 Queued 0 existing intent files for processing
2025-08-19T13:08:37.5967134Z 2025/08/19 13:08:37 Signaling enhanced workers to stop...
2025-08-19T13:08:37.5967467Z 2025/08/19 13:08:37 Waiting for enhanced workers to finish...
2025-08-19T13:08:37.5967803Z 2025/08/19 13:08:37 Enhanced worker 0: work queue closed, exiting
2025-08-19T13:08:37.5968144Z 2025/08/19 13:08:37 Enhanced worker 1: work queue closed, exiting
2025-08-19T13:08:37.5968628Z 2025/08/19 13:08:37 Enhanced worker 2: work queue closed, exiting
2025-08-19T13:08:37.5968947Z 2025/08/19 13:08:37 All enhanced workers stopped
2025-08-19T13:08:37.5969525Z 2025/08/19 13:08:37 Closing watcher...
2025-08-19T13:08:37.5969907Z 2025/08/19 13:08:37 Watcher closed
2025-08-19T13:08:37.5970414Z === RUN   TestComprehensiveSecuritySuite/CommandInjectionSecurity
2025-08-19T13:08:37.5971201Z === RUN   TestComprehensiveSecuritySuite/CommandInjectionSecurity/Semicolon_injection
2025-08-19T13:08:37.5972323Z 2025/08/19 13:08:37 Loaded 0 file states from /tmp/TestComprehensiveSecuritySuite4026549102/001/handoff/.conductor-state.json
2025-08-19T13:08:37.5973656Z 2025/08/19 13:08:37 Warning: Porch validation failed: porch validation failed: fork/exec porch; rm -rf /: no such file or directory
2025-08-19T13:08:37.5974534Z 2025/08/19 13:08:37 Metrics server disabled (port=0)
2025-08-19T13:08:37.5975413Z 2025/08/19 13:08:37 LOOP:START - Starting watcher on directory: /tmp/TestComprehensiveSecuritySuite4026549102/001/handoff
2025-08-19T13:08:37.5976566Z 2025/08/19 13:08:37 Configuration: workers=3, debounce=100ms, once=true, period=0s, metrics_port=0, processor=false
2025-08-19T13:08:37.5977309Z 2025/08/19 13:08:37 Started 3 enhanced workers
2025-08-19T13:08:37.5977736Z 2025/08/19 13:08:37 Enhanced worker 1 started
2025-08-19T13:08:37.5978146Z 2025/08/19 13:08:37 Enhanced worker 2 started
2025-08-19T13:08:37.5978407Z 2025/08/19 13:08:37 Enhanced worker 0 started
2025-08-19T13:08:37.5978715Z 2025/08/19 13:08:37 Queued 0 existing intent files for processing
2025-08-19T13:08:37.5979373Z 2025/08/19 13:08:37 Signaling enhanced workers to stop...
2025-08-19T13:08:37.5979705Z 2025/08/19 13:08:37 Waiting for enhanced workers to finish...
2025-08-19T13:08:37.5980047Z 2025/08/19 13:08:37 Enhanced worker 0: work queue closed, exiting
2025-08-19T13:08:37.5980387Z 2025/08/19 13:08:37 Enhanced worker 1: work queue closed, exiting
2025-08-19T13:08:37.5980728Z 2025/08/19 13:08:37 Enhanced worker 2: work queue closed, exiting
2025-08-19T13:08:37.5981044Z 2025/08/19 13:08:37 All enhanced workers stopped
2025-08-19T13:08:37.5981308Z 2025/08/19 13:08:37 Closing watcher...
2025-08-19T13:08:37.5981538Z 2025/08/19 13:08:37 Watcher closed
2025-08-19T13:08:37.5981906Z === RUN   TestComprehensiveSecuritySuite/CommandInjectionSecurity/Pipe_injection
2025-08-19T13:08:37.5982547Z 2025/08/19 13:08:37 Loaded 0 file states from /tmp/TestComprehensiveSecuritySuite4026549102/001/handoff/.conductor-state.json
2025-08-19T13:08:37.5983323Z 2025/08/19 13:08:37 Warning: Porch validation failed: porch validation failed: fork/exec porch | cat /etc/passwd: no such file or directory
2025-08-19T13:08:37.5983883Z 2025/08/19 13:08:37 Metrics server disabled (port=0)
2025-08-19T13:08:37.5984397Z 2025/08/19 13:08:37 LOOP:START - Starting watcher on directory: /tmp/TestComprehensiveSecuritySuite4026549102/001/handoff
2025-08-19T13:08:37.5985068Z 2025/08/19 13:08:37 Configuration: workers=3, debounce=100ms, once=true, period=0s, metrics_port=0, processor=false
2025-08-19T13:08:37.5985522Z 2025/08/19 13:08:37 Started 3 enhanced workers
2025-08-19T13:08:37.5985790Z 2025/08/19 13:08:37 Enhanced worker 0 started
2025-08-19T13:08:37.5986048Z 2025/08/19 13:08:37 Enhanced worker 1 started
2025-08-19T13:08:37.5986320Z 2025/08/19 13:08:37 Enhanced worker 2 started
2025-08-19T13:08:37.5986626Z 2025/08/19 13:08:37 Queued 0 existing intent files for processing
2025-08-19T13:08:37.5986960Z 2025/08/19 13:08:37 Signaling enhanced workers to stop...
2025-08-19T13:08:37.5987305Z 2025/08/19 13:08:37 Waiting for enhanced workers to finish...
2025-08-19T13:08:37.5987650Z 2025/08/19 13:08:37 Enhanced worker 0: work queue closed, exiting
2025-08-19T13:08:37.5987994Z 2025/08/19 13:08:37 Enhanced worker 1: work queue closed, exiting
2025-08-19T13:08:37.5988328Z 2025/08/19 13:08:37 Enhanced worker 2: work queue closed, exiting
2025-08-19T13:08:37.5988638Z 2025/08/19 13:08:37 All enhanced workers stopped
2025-08-19T13:08:37.5988896Z 2025/08/19 13:08:37 Closing watcher...
2025-08-19T13:08:37.5989487Z 2025/08/19 13:08:37 Watcher closed
2025-08-19T13:08:37.5989901Z === RUN   TestComprehensiveSecuritySuite/CommandInjectionSecurity/Ampersand_injection
2025-08-19T13:08:37.5990576Z 2025/08/19 13:08:37 Loaded 0 file states from /tmp/TestComprehensiveSecuritySuite4026549102/001/handoff/.conductor-state.json
2025-08-19T13:08:37.5991376Z 2025/08/19 13:08:37 Warning: Porch validation failed: porch validation failed: exec: "porch && echo 'injected'": executable file not found in $PATH
2025-08-19T13:08:37.5991923Z 2025/08/19 13:08:37 Metrics server disabled (port=0)
2025-08-19T13:08:37.5992442Z 2025/08/19 13:08:37 LOOP:START - Starting watcher on directory: /tmp/TestComprehensiveSecuritySuite4026549102/001/handoff
2025-08-19T13:08:37.5993115Z 2025/08/19 13:08:37 Configuration: workers=3, debounce=100ms, once=true, period=0s, metrics_port=0, processor=false
2025-08-19T13:08:37.5993580Z 2025/08/19 13:08:37 Started 3 enhanced workers
2025-08-19T13:08:37.5993842Z 2025/08/19 13:08:37 Enhanced worker 1 started
2025-08-19T13:08:37.5994105Z 2025/08/19 13:08:37 Enhanced worker 0 started
2025-08-19T13:08:37.5994362Z 2025/08/19 13:08:37 Enhanced worker 2 started
2025-08-19T13:08:37.5994663Z 2025/08/19 13:08:37 Queued 0 existing intent files for processing
2025-08-19T13:08:37.5995003Z 2025/08/19 13:08:37 Signaling enhanced workers to stop...
2025-08-19T13:08:37.5995335Z 2025/08/19 13:08:37 Waiting for enhanced workers to finish...
2025-08-19T13:08:37.5995675Z 2025/08/19 13:08:37 Enhanced worker 2: work queue closed, exiting
2025-08-19T13:08:37.5996009Z 2025/08/19 13:08:37 Enhanced worker 1: work queue closed, exiting
2025-08-19T13:08:37.5996467Z 2025/08/19 13:08:37 Enhanced worker 0: work queue closed, exiting
2025-08-19T13:08:37.5996776Z 2025/08/19 13:08:37 All enhanced workers stopped
2025-08-19T13:08:37.5997035Z 2025/08/19 13:08:37 Closing watcher...
2025-08-19T13:08:37.5997271Z 2025/08/19 13:08:37 Watcher closed
2025-08-19T13:08:37.5997660Z === RUN   TestComprehensiveSecuritySuite/CommandInjectionSecurity/Backtick_injection
2025-08-19T13:08:37.5998318Z 2025/08/19 13:08:37 Loaded 0 file states from /tmp/TestComprehensiveSecuritySuite4026549102/001/handoff/.conductor-state.json
2025-08-19T13:08:37.5999258Z 2025/08/19 13:08:37 Warning: Porch validation failed: porch validation failed: exec: "porch `whoami`": executable file not found in $PATH
2025-08-19T13:08:37.5999835Z 2025/08/19 13:08:37 Metrics server disabled (port=0)
2025-08-19T13:08:37.6000353Z 2025/08/19 13:08:37 LOOP:START - Starting watcher on directory: /tmp/TestComprehensiveSecuritySuite4026549102/001/handoff
2025-08-19T13:08:37.6001031Z 2025/08/19 13:08:37 Configuration: workers=3, debounce=100ms, once=true, period=0s, metrics_port=0, processor=false
2025-08-19T13:08:37.6001475Z 2025/08/19 13:08:37 Started 3 enhanced workers
2025-08-19T13:08:37.6001739Z 2025/08/19 13:08:37 Enhanced worker 0 started
2025-08-19T13:08:37.6001995Z 2025/08/19 13:08:37 Enhanced worker 1 started
2025-08-19T13:08:37.6002247Z 2025/08/19 13:08:37 Enhanced worker 2 started
2025-08-19T13:08:37.6002551Z 2025/08/19 13:08:37 Queued 0 existing intent files for processing
2025-08-19T13:08:37.6002886Z 2025/08/19 13:08:37 Signaling enhanced workers to stop...
2025-08-19T13:08:37.6003205Z 2025/08/19 13:08:37 Waiting for enhanced workers to finish...
2025-08-19T13:08:37.6003545Z 2025/08/19 13:08:37 Enhanced worker 2: work queue closed, exiting
2025-08-19T13:08:37.6003887Z 2025/08/19 13:08:37 Enhanced worker 1: work queue closed, exiting
2025-08-19T13:08:37.6004225Z 2025/08/19 13:08:37 Enhanced worker 0: work queue closed, exiting
2025-08-19T13:08:37.6004524Z 2025/08/19 13:08:37 All enhanced workers stopped
2025-08-19T13:08:37.6004787Z 2025/08/19 13:08:37 Closing watcher...
2025-08-19T13:08:37.6005021Z 2025/08/19 13:08:37 Watcher closed
2025-08-19T13:08:37.6005381Z === RUN   TestComprehensiveSecuritySuite/CommandInjectionSecurity/Dollar_injection
2025-08-19T13:08:37.6006035Z 2025/08/19 13:08:37 Loaded 0 file states from /tmp/TestComprehensiveSecuritySuite4026549102/001/handoff/.conductor-state.json
2025-08-19T13:08:37.6006910Z 2025/08/19 13:08:37 Warning: Porch validation failed: porch validation failed: exec: "porch $(id)": executable file not found in $PATH
2025-08-19T13:08:37.6007436Z 2025/08/19 13:08:37 Metrics server disabled (port=0)
2025-08-19T13:08:37.6007938Z 2025/08/19 13:08:37 LOOP:START - Starting watcher on directory: /tmp/TestComprehensiveSecuritySuite4026549102/001/handoff
2025-08-19T13:08:37.6008605Z 2025/08/19 13:08:37 Configuration: workers=3, debounce=100ms, once=true, period=0s, metrics_port=0, processor=false
2025-08-19T13:08:37.6009049Z 2025/08/19 13:08:37 Started 3 enhanced workers
2025-08-19T13:08:37.6009614Z 2025/08/19 13:08:37 Enhanced worker 0 started
2025-08-19T13:08:37.6009876Z 2025/08/19 13:08:37 Enhanced worker 2 started
2025-08-19T13:08:37.6010132Z 2025/08/19 13:08:37 Enhanced worker 1 started
2025-08-19T13:08:37.6010437Z 2025/08/19 13:08:37 Queued 0 existing intent files for processing
2025-08-19T13:08:37.6010768Z 2025/08/19 13:08:37 Signaling enhanced workers to stop...
2025-08-19T13:08:37.6011098Z 2025/08/19 13:08:37 Waiting for enhanced workers to finish...
2025-08-19T13:08:37.6011436Z 2025/08/19 13:08:37 Enhanced worker 2: work queue closed, exiting
2025-08-19T13:08:37.6011773Z 2025/08/19 13:08:37 Enhanced worker 0: work queue closed, exiting
2025-08-19T13:08:37.6012100Z 2025/08/19 13:08:37 Enhanced worker 1: work queue closed, exiting
2025-08-19T13:08:37.6012409Z 2025/08/19 13:08:37 All enhanced workers stopped
2025-08-19T13:08:37.6012666Z 2025/08/19 13:08:37 Closing watcher...
2025-08-19T13:08:37.6012891Z 2025/08/19 13:08:37 Watcher closed
2025-08-19T13:08:37.6013547Z === RUN   TestComprehensiveSecuritySuite/ResourceExhaustionSecurity
2025-08-19T13:08:37.6014044Z === RUN   TestComprehensiveSecuritySuite/ResourceExhaustionSecurity/Many_small_files
2025-08-19T13:08:37.6014708Z 2025/08/19 13:08:37 Loaded 0 file states from /tmp/TestComprehensiveSecuritySuite4026549102/001/handoff/.conductor-state.json
2025-08-19T13:08:37.6015225Z 2025/08/19 13:08:37 Metrics server disabled (port=0)
2025-08-19T13:08:37.6015743Z 2025/08/19 13:08:37 LOOP:START - Starting watcher on directory: /tmp/TestComprehensiveSecuritySuite4026549102/001/handoff
2025-08-19T13:08:37.6016408Z 2025/08/19 13:08:37 Configuration: workers=5, debounce=10ms, once=true, period=0s, metrics_port=0, processor=false
2025-08-19T13:08:37.6016846Z 2025/08/19 13:08:37 Started 5 enhanced workers
2025-08-19T13:08:37.6017107Z 2025/08/19 13:08:37 Enhanced worker 0 started
2025-08-19T13:08:37.6017369Z 2025/08/19 13:08:37 Enhanced worker 2 started
2025-08-19T13:08:37.6017622Z 2025/08/19 13:08:37 Enhanced worker 1 started
2025-08-19T13:08:37.6017881Z 2025/08/19 13:08:37 Enhanced worker 4 started
2025-08-19T13:08:37.6018131Z 2025/08/19 13:08:37 Enhanced worker 3 started
2025-08-19T13:08:37.6018430Z 2025/08/19 13:08:37 Queued 0 existing intent files for processing
2025-08-19T13:08:37.6018760Z 2025/08/19 13:08:37 Signaling enhanced workers to stop...
2025-08-19T13:08:37.6019217Z 2025/08/19 13:08:37 Waiting for enhanced workers to finish...
2025-08-19T13:08:37.6019564Z 2025/08/19 13:08:37 Enhanced worker 1: work queue closed, exiting
2025-08-19T13:08:37.6019901Z 2025/08/19 13:08:37 Enhanced worker 0: work queue closed, exiting
2025-08-19T13:08:37.6020231Z 2025/08/19 13:08:37 Enhanced worker 4: work queue closed, exiting
2025-08-19T13:08:37.6020566Z 2025/08/19 13:08:37 Enhanced worker 2: work queue closed, exiting
2025-08-19T13:08:37.6020900Z 2025/08/19 13:08:37 Enhanced worker 3: work queue closed, exiting
2025-08-19T13:08:37.6021197Z 2025/08/19 13:08:37 All enhanced workers stopped
2025-08-19T13:08:37.6021454Z 2025/08/19 13:08:37 Closing watcher...
2025-08-19T13:08:37.6021695Z 2025/08/19 13:08:37 Watcher closed
2025-08-19T13:08:37.6022051Z === RUN   TestComprehensiveSecuritySuite/ResourceExhaustionSecurity/Large_files
2025-08-19T13:08:37.6022678Z 2025/08/19 13:08:37 Loaded 0 file states from /tmp/TestComprehensiveSecuritySuite4026549102/001/handoff/.conductor-state.json
2025-08-19T13:08:37.6023195Z 2025/08/19 13:08:37 Metrics server disabled (port=0)
2025-08-19T13:08:37.6023836Z 2025/08/19 13:08:37 LOOP:START - Starting watcher on directory: /tmp/TestComprehensiveSecuritySuite4026549102/001/handoff
2025-08-19T13:08:37.6024497Z 2025/08/19 13:08:37 Configuration: workers=5, debounce=10ms, once=true, period=0s, metrics_port=0, processor=false
2025-08-19T13:08:37.6024941Z 2025/08/19 13:08:37 Started 5 enhanced workers
2025-08-19T13:08:37.6025213Z 2025/08/19 13:08:37 Enhanced worker 2 started
2025-08-19T13:08:37.6025468Z 2025/08/19 13:08:37 Enhanced worker 0 started
2025-08-19T13:08:37.6025714Z 2025/08/19 13:08:37 Enhanced worker 4 started
2025-08-19T13:08:37.6025977Z 2025/08/19 13:08:37 Enhanced worker 3 started
2025-08-19T13:08:37.6026227Z 2025/08/19 13:08:37 Enhanced worker 1 started
2025-08-19T13:08:37.6026519Z 2025/08/19 13:08:37 Queued 0 existing intent files for processing
2025-08-19T13:08:37.6026857Z 2025/08/19 13:08:37 Signaling enhanced workers to stop...
2025-08-19T13:08:37.6027180Z 2025/08/19 13:08:37 Waiting for enhanced workers to finish...
2025-08-19T13:08:37.6027523Z 2025/08/19 13:08:37 Enhanced worker 0: work queue closed, exiting
2025-08-19T13:08:37.6027859Z 2025/08/19 13:08:37 Enhanced worker 1: work queue closed, exiting
2025-08-19T13:08:37.6028195Z 2025/08/19 13:08:37 Enhanced worker 3: work queue closed, exiting
2025-08-19T13:08:37.6028532Z 2025/08/19 13:08:37 Enhanced worker 2: work queue closed, exiting
2025-08-19T13:08:37.6028864Z 2025/08/19 13:08:37 Enhanced worker 4: work queue closed, exiting
2025-08-19T13:08:37.6029315Z 2025/08/19 13:08:37 All enhanced workers stopped
2025-08-19T13:08:37.6029574Z 2025/08/19 13:08:37 Closing watcher...
2025-08-19T13:08:37.6029937Z 2025/08/19 13:08:37 Watcher closed
2025-08-19T13:08:37.6030317Z === RUN   TestComprehensiveSecuritySuite/ResourceExhaustionSecurity/Rapid_file_creation
2025-08-19T13:08:37.6030977Z 2025/08/19 13:08:37 Loaded 0 file states from /tmp/TestComprehensiveSecuritySuite4026549102/001/handoff/.conductor-state.json
2025-08-19T13:08:37.6031531Z 2025/08/19 13:08:37 Metrics server disabled (port=0)
2025-08-19T13:08:37.6032038Z 2025/08/19 13:08:37 LOOP:START - Starting watcher on directory: /tmp/TestComprehensiveSecuritySuite4026549102/001/handoff
2025-08-19T13:08:37.6032703Z 2025/08/19 13:08:37 Configuration: workers=5, debounce=10ms, once=true, period=0s, metrics_port=0, processor=false
2025-08-19T13:08:37.6033144Z 2025/08/19 13:08:37 Started 5 enhanced workers
2025-08-19T13:08:37.6033407Z 2025/08/19 13:08:37 Enhanced worker 2 started
2025-08-19T13:08:37.6033656Z 2025/08/19 13:08:37 Enhanced worker 0 started
2025-08-19T13:08:37.6033910Z 2025/08/19 13:08:37 Enhanced worker 1 started
2025-08-19T13:08:37.6034172Z 2025/08/19 13:08:37 Enhanced worker 4 started
2025-08-19T13:08:37.6034418Z 2025/08/19 13:08:37 Enhanced worker 3 started
2025-08-19T13:08:37.6034714Z 2025/08/19 13:08:37 Queued 0 existing intent files for processing
2025-08-19T13:08:37.6035053Z 2025/08/19 13:08:37 Signaling enhanced workers to stop...
2025-08-19T13:08:37.6035373Z 2025/08/19 13:08:37 Waiting for enhanced workers to finish...
2025-08-19T13:08:37.6035711Z 2025/08/19 13:08:37 Enhanced worker 1: work queue closed, exiting
2025-08-19T13:08:37.6036050Z 2025/08/19 13:08:37 Enhanced worker 0: work queue closed, exiting
2025-08-19T13:08:37.6036384Z 2025/08/19 13:08:37 Enhanced worker 3: work queue closed, exiting
2025-08-19T13:08:37.6036713Z 2025/08/19 13:08:37 Enhanced worker 4: work queue closed, exiting
2025-08-19T13:08:37.6037048Z 2025/08/19 13:08:37 Enhanced worker 2: work queue closed, exiting
2025-08-19T13:08:37.6037355Z 2025/08/19 13:08:37 All enhanced workers stopped
2025-08-19T13:08:37.6037616Z 2025/08/19 13:08:37 Closing watcher...
2025-08-19T13:08:37.6037840Z 2025/08/19 13:08:37 Watcher closed
2025-08-19T13:08:37.6038125Z === RUN   TestComprehensiveSecuritySuite/FileSystemSecurity
2025-08-19T13:08:37.6038571Z === RUN   TestComprehensiveSecuritySuite/FileSystemSecurity/Symlink_to_sensitive_file
2025-08-19T13:08:37.6039454Z 2025/08/19 13:08:37 Loaded 0 file states from /tmp/TestComprehensiveSecuritySuite4026549102/001/handoff/.conductor-state.json
2025-08-19T13:08:37.6039984Z 2025/08/19 13:08:37 Metrics server disabled (port=0)
2025-08-19T13:08:37.6040483Z 2025/08/19 13:08:37 LOOP:START - Starting watcher on directory: /tmp/TestComprehensiveSecuritySuite4026549102/001/handoff
2025-08-19T13:08:37.6041144Z 2025/08/19 13:08:37 Configuration: workers=3, debounce=100ms, once=true, period=0s, metrics_port=0, processor=false
2025-08-19T13:08:37.6041581Z 2025/08/19 13:08:37 Started 3 enhanced workers
2025-08-19T13:08:37.6041845Z 2025/08/19 13:08:37 Enhanced worker 0 started
2025-08-19T13:08:37.6042108Z 2025/08/19 13:08:37 Enhanced worker 1 started
2025-08-19T13:08:37.6042357Z 2025/08/19 13:08:37 Enhanced worker 2 started
2025-08-19T13:08:37.6042654Z 2025/08/19 13:08:37 Queued 0 existing intent files for processing
2025-08-19T13:08:37.6042986Z 2025/08/19 13:08:37 Signaling enhanced workers to stop...
2025-08-19T13:08:37.6043308Z 2025/08/19 13:08:37 Waiting for enhanced workers to finish...
2025-08-19T13:08:37.6043646Z 2025/08/19 13:08:37 Enhanced worker 2: work queue closed, exiting
2025-08-19T13:08:37.6043985Z 2025/08/19 13:08:37 Enhanced worker 1: work queue closed, exiting
2025-08-19T13:08:37.6044320Z 2025/08/19 13:08:37 Enhanced worker 0: work queue closed, exiting
2025-08-19T13:08:37.6044617Z 2025/08/19 13:08:37 All enhanced workers stopped
2025-08-19T13:08:37.6044873Z 2025/08/19 13:08:37 Closing watcher...
2025-08-19T13:08:37.6045101Z 2025/08/19 13:08:37 Watcher closed
2025-08-19T13:08:37.6045422Z === RUN   TestComprehensiveSecuritySuite/FileSystemSecurity/FIFO_pipe
2025-08-19T13:08:37.6046016Z 2025/08/19 13:08:37 Loaded 0 file states from /tmp/TestComprehensiveSecuritySuite4026549102/001/handoff/.conductor-state.json
2025-08-19T13:08:37.6046654Z 2025/08/19 13:08:37 Metrics server disabled (port=0)
2025-08-19T13:08:37.6047153Z 2025/08/19 13:08:37 LOOP:START - Starting watcher on directory: /tmp/TestComprehensiveSecuritySuite4026549102/001/handoff
2025-08-19T13:08:37.6047810Z 2025/08/19 13:08:37 Configuration: workers=3, debounce=100ms, once=true, period=0s, metrics_port=0, processor=false
2025-08-19T13:08:37.6048252Z 2025/08/19 13:08:37 Started 3 enhanced workers
2025-08-19T13:08:37.6048516Z 2025/08/19 13:08:37 Enhanced worker 0 started
2025-08-19T13:08:37.6048770Z 2025/08/19 13:08:37 Enhanced worker 2 started
2025-08-19T13:08:37.6049018Z 2025/08/19 13:08:37 Enhanced worker 1 started
2025-08-19T13:08:37.6049651Z 2025/08/19 13:08:37 Queued 0 existing intent files for processing
2025-08-19T13:08:37.6049994Z 2025/08/19 13:08:37 Signaling enhanced workers to stop...
2025-08-19T13:08:37.6050314Z 2025/08/19 13:08:37 Waiting for enhanced workers to finish...
2025-08-19T13:08:37.6050666Z 2025/08/19 13:08:37 Enhanced worker 0: work queue closed, exiting
2025-08-19T13:08:37.6051004Z 2025/08/19 13:08:37 Enhanced worker 2: work queue closed, exiting
2025-08-19T13:08:37.6051344Z 2025/08/19 13:08:37 Enhanced worker 1: work queue closed, exiting
2025-08-19T13:08:37.6051641Z 2025/08/19 13:08:37 All enhanced workers stopped
2025-08-19T13:08:37.6051899Z 2025/08/19 13:08:37 Closing watcher...
2025-08-19T13:08:37.6052130Z 2025/08/19 13:08:37 Watcher closed
2025-08-19T13:08:37.6052486Z === RUN   TestComprehensiveSecuritySuite/FileSystemSecurity/Device_file_simulation
2025-08-19T13:08:37.6053123Z 2025/08/19 13:08:37 Loaded 0 file states from /tmp/TestComprehensiveSecuritySuite4026549102/001/handoff/.conductor-state.json
2025-08-19T13:08:37.6053638Z 2025/08/19 13:08:37 Metrics server disabled (port=0)
2025-08-19T13:08:37.6054133Z 2025/08/19 13:08:37 LOOP:START - Starting watcher on directory: /tmp/TestComprehensiveSecuritySuite4026549102/001/handoff
2025-08-19T13:08:37.6054793Z 2025/08/19 13:08:37 Configuration: workers=3, debounce=100ms, once=true, period=0s, metrics_port=0, processor=false
2025-08-19T13:08:37.6055238Z 2025/08/19 13:08:37 Started 3 enhanced workers
2025-08-19T13:08:37.6055500Z 2025/08/19 13:08:37 Enhanced worker 1 started
2025-08-19T13:08:37.6055748Z 2025/08/19 13:08:37 Enhanced worker 0 started
2025-08-19T13:08:37.6056136Z 2025/08/19 13:08:37 Enhanced worker 2 started
2025-08-19T13:08:37.6056440Z 2025/08/19 13:08:37 Queued 0 existing intent files for processing
2025-08-19T13:08:37.6056773Z 2025/08/19 13:08:37 Signaling enhanced workers to stop...
2025-08-19T13:08:37.6057095Z 2025/08/19 13:08:37 Waiting for enhanced workers to finish...
2025-08-19T13:08:37.6057431Z 2025/08/19 13:08:37 Enhanced worker 1: work queue closed, exiting
2025-08-19T13:08:37.6057769Z 2025/08/19 13:08:37 Enhanced worker 2: work queue closed, exiting
2025-08-19T13:08:37.6058099Z 2025/08/19 13:08:37 Enhanced worker 0: work queue closed, exiting
2025-08-19T13:08:37.6058407Z 2025/08/19 13:08:37 All enhanced workers stopped
2025-08-19T13:08:37.6058663Z 2025/08/19 13:08:37 Closing watcher...
2025-08-19T13:08:37.6058891Z 2025/08/19 13:08:37 Watcher closed
2025-08-19T13:08:37.6059384Z === RUN   TestComprehensiveSecuritySuite/ConcurrencySecurity
2025-08-19T13:08:37.6060026Z 2025/08/19 13:08:37 Loaded 0 file states from /tmp/TestComprehensiveSecuritySuite4026549102/001/handoff/.conductor-state.json
2025-08-19T13:08:37.6060581Z 2025/08/19 13:08:37 Metrics server disabled (port=0)
2025-08-19T13:08:37.6061090Z 2025/08/19 13:08:37 LOOP:START - Starting watcher on directory: /tmp/TestComprehensiveSecuritySuite4026549102/001/handoff
2025-08-19T13:08:37.6061813Z 2025/08/19 13:08:37 Loaded 0 file states from /tmp/TestComprehensiveSecuritySuite4026549102/001/handoff/.conductor-state.json
2025-08-19T13:08:37.6062501Z 2025/08/19 13:08:37 Configuration: workers=3, debounce=100ms, once=true, period=0s, metrics_port=0, processor=false
2025-08-19T13:08:37.6062947Z 2025/08/19 13:08:37 Started 3 enhanced workers
2025-08-19T13:08:37.6063352Z 2025/08/19 13:08:37 Enhanced worker 1 started
2025-08-19T13:08:37.6063616Z 2025/08/19 13:08:37 Enhanced worker 2 started
2025-08-19T13:08:37.6063873Z 2025/08/19 13:08:37 Enhanced worker 0 started
2025-08-19T13:08:37.6064169Z 2025/08/19 13:08:37 Queued 0 existing intent files for processing
2025-08-19T13:08:37.6064503Z 2025/08/19 13:08:37 Signaling enhanced workers to stop...
2025-08-19T13:08:37.6064831Z 2025/08/19 13:08:37 Waiting for enhanced workers to finish...
2025-08-19T13:08:37.6065168Z 2025/08/19 13:08:37 Enhanced worker 0: work queue closed, exiting
2025-08-19T13:08:37.6065505Z 2025/08/19 13:08:37 Enhanced worker 2: work queue closed, exiting
2025-08-19T13:08:37.6065844Z 2025/08/19 13:08:37 Enhanced worker 1: work queue closed, exiting
2025-08-19T13:08:37.6066148Z 2025/08/19 13:08:37 All enhanced workers stopped
2025-08-19T13:08:37.6066429Z 2025/08/19 13:08:37 Metrics server disabled (port=0)
2025-08-19T13:08:37.6066935Z 2025/08/19 13:08:37 LOOP:START - Starting watcher on directory: /tmp/TestComprehensiveSecuritySuite4026549102/001/handoff
2025-08-19T13:08:37.6067604Z 2025/08/19 13:08:37 Configuration: workers=3, debounce=100ms, once=true, period=0s, metrics_port=0, processor=false
2025-08-19T13:08:37.6068046Z 2025/08/19 13:08:37 Started 3 enhanced workers
2025-08-19T13:08:37.6068301Z 2025/08/19 13:08:37 Enhanced worker 0 started
2025-08-19T13:08:37.6068558Z 2025/08/19 13:08:37 Enhanced worker 1 started
2025-08-19T13:08:37.6069065Z 2025/08/19 13:08:37 Loaded 0 file states from /tmp/TestComprehensiveSecuritySuite4026549102/001/handoff/.conductor-state.json
2025-08-19T13:08:37.6069732Z 2025/08/19 13:08:37 Enhanced worker 2 started
2025-08-19T13:08:37.6070024Z 2025/08/19 13:08:37 Queued 0 existing intent files for processing
2025-08-19T13:08:37.6070355Z 2025/08/19 13:08:37 Signaling enhanced workers to stop...
2025-08-19T13:08:37.6070678Z 2025/08/19 13:08:37 Waiting for enhanced workers to finish...
2025-08-19T13:08:37.6071011Z 2025/08/19 13:08:37 Enhanced worker 2: work queue closed, exiting
2025-08-19T13:08:37.6071352Z 2025/08/19 13:08:37 Enhanced worker 1: work queue closed, exiting
2025-08-19T13:08:37.6071689Z 2025/08/19 13:08:37 Enhanced worker 0: work queue closed, exiting
2025-08-19T13:08:37.6071995Z 2025/08/19 13:08:37 All enhanced workers stopped
2025-08-19T13:08:37.6072276Z 2025/08/19 13:08:37 Metrics server disabled (port=0)
2025-08-19T13:08:37.6072898Z 2025/08/19 13:08:37 LOOP:START - Starting watcher on directory: /tmp/TestComprehensiveSecuritySuite4026549102/001/handoff
2025-08-19T13:08:37.6073567Z 2025/08/19 13:08:37 Configuration: workers=3, debounce=100ms, once=true, period=0s, metrics_port=0, processor=false
2025-08-19T13:08:37.6074007Z 2025/08/19 13:08:37 Started 3 enhanced workers
2025-08-19T13:08:37.6074518Z 2025/08/19 13:08:37 Loaded 0 file states from /tmp/TestComprehensiveSecuritySuite4026549102/001/handoff/.conductor-state.json
2025-08-19T13:08:37.6075012Z 2025/08/19 13:08:37 Enhanced worker 2 started
2025-08-19T13:08:37.6075275Z 2025/08/19 13:08:37 Enhanced worker 0 started
2025-08-19T13:08:37.6075522Z 2025/08/19 13:08:37 Enhanced worker 1 started
2025-08-19T13:08:37.6075829Z 2025/08/19 13:08:37 Queued 0 existing intent files for processing
2025-08-19T13:08:37.6076164Z 2025/08/19 13:08:37 Signaling enhanced workers to stop...
2025-08-19T13:08:37.6076483Z 2025/08/19 13:08:37 Waiting for enhanced workers to finish...
2025-08-19T13:08:37.6076828Z 2025/08/19 13:08:37 Enhanced worker 0: work queue closed, exiting
2025-08-19T13:08:37.6077165Z 2025/08/19 13:08:37 Enhanced worker 2: work queue closed, exiting
2025-08-19T13:08:37.6077504Z 2025/08/19 13:08:37 Enhanced worker 1: work queue closed, exiting
2025-08-19T13:08:37.6077804Z 2025/08/19 13:08:37 All enhanced workers stopped
2025-08-19T13:08:37.6078092Z 2025/08/19 13:08:37 Metrics server disabled (port=0)
2025-08-19T13:08:37.6078589Z 2025/08/19 13:08:37 LOOP:START - Starting watcher on directory: /tmp/TestComprehensiveSecuritySuite4026549102/001/handoff
2025-08-19T13:08:37.6079523Z 2025/08/19 13:08:37 Configuration: workers=3, debounce=100ms, once=true, period=0s, metrics_port=0, processor=false
2025-08-19T13:08:37.6080226Z 2025/08/19 13:08:37 Loaded 0 file states from /tmp/TestComprehensiveSecuritySuite4026549102/001/handoff/.conductor-state.json
2025-08-19T13:08:37.6080730Z 2025/08/19 13:08:37 Started 3 enhanced workers
2025-08-19T13:08:37.6081003Z 2025/08/19 13:08:37 Enhanced worker 1 started
2025-08-19T13:08:37.6081261Z 2025/08/19 13:08:37 Enhanced worker 0 started
2025-08-19T13:08:37.6081515Z 2025/08/19 13:08:37 Enhanced worker 2 started
2025-08-19T13:08:37.6081822Z 2025/08/19 13:08:37 Queued 0 existing intent files for processing
2025-08-19T13:08:37.6082157Z 2025/08/19 13:08:37 Signaling enhanced workers to stop...
2025-08-19T13:08:37.6082490Z 2025/08/19 13:08:37 Waiting for enhanced workers to finish...
2025-08-19T13:08:37.6082829Z 2025/08/19 13:08:37 Enhanced worker 1: work queue closed, exiting
2025-08-19T13:08:37.6083171Z 2025/08/19 13:08:37 Enhanced worker 2: work queue closed, exiting
2025-08-19T13:08:37.6083513Z 2025/08/19 13:08:37 Enhanced worker 0: work queue closed, exiting
2025-08-19T13:08:37.6083818Z 2025/08/19 13:08:37 All enhanced workers stopped
2025-08-19T13:08:37.6084108Z 2025/08/19 13:08:37 Metrics server disabled (port=0)
2025-08-19T13:08:37.6084602Z 2025/08/19 13:08:37 LOOP:START - Starting watcher on directory: /tmp/TestComprehensiveSecuritySuite4026549102/001/handoff
2025-08-19T13:08:37.6085272Z 2025/08/19 13:08:37 Configuration: workers=3, debounce=100ms, once=true, period=0s, metrics_port=0, processor=false
2025-08-19T13:08:37.6085715Z 2025/08/19 13:08:37 Started 3 enhanced workers
2025-08-19T13:08:37.6085978Z 2025/08/19 13:08:37 Enhanced worker 1 started
2025-08-19T13:08:37.6086270Z 2025/08/19 13:08:37 Enhanced worker 0 started
2025-08-19T13:08:37.6086525Z 2025/08/19 13:08:37 Enhanced worker 2 started
2025-08-19T13:08:37.6086827Z 2025/08/19 13:08:37 Queued 0 existing intent files for processing
2025-08-19T13:08:37.6087157Z 2025/08/19 13:08:37 Signaling enhanced workers to stop...
2025-08-19T13:08:37.6087488Z 2025/08/19 13:08:37 Waiting for enhanced workers to finish...
2025-08-19T13:08:37.6087830Z 2025/08/19 13:08:37 Enhanced worker 0: work queue closed, exiting
2025-08-19T13:08:37.6088169Z 2025/08/19 13:08:37 Enhanced worker 1: work queue closed, exiting
2025-08-19T13:08:37.6088500Z 2025/08/19 13:08:37 Enhanced worker 2: work queue closed, exiting
2025-08-19T13:08:37.6088929Z 2025/08/19 13:08:37 All enhanced workers stopped
2025-08-19T13:08:37.6089360Z 2025/08/19 13:08:37 Closing watcher...
2025-08-19T13:08:37.6089588Z 2025/08/19 13:08:37 Watcher closed
2025-08-19T13:08:37.6089811Z 2025/08/19 13:08:37 Closing watcher...
2025-08-19T13:08:37.6090036Z 2025/08/19 13:08:37 Watcher closed
2025-08-19T13:08:37.6090258Z 2025/08/19 13:08:37 Closing watcher...
2025-08-19T13:08:37.6090478Z 2025/08/19 13:08:37 Watcher closed
2025-08-19T13:08:37.6090694Z 2025/08/19 13:08:37 Closing watcher...
2025-08-19T13:08:37.6090913Z 2025/08/19 13:08:37 Watcher closed
2025-08-19T13:08:37.6091131Z 2025/08/19 13:08:37 Closing watcher...
2025-08-19T13:08:37.6091354Z 2025/08/19 13:08:37 Watcher closed
2025-08-19T13:08:37.6091652Z === RUN   TestComprehensiveSecuritySuite/StateManagementSecurity
2025-08-19T13:08:37.6092235Z 2025/08/19 13:08:37 Loaded 0 file states from /tmp/TestComprehensiveSecuritySuite4026549102/001/handoff/.conductor-state.json
2025-08-19T13:08:37.6092753Z 2025/08/19 13:08:37 Metrics server disabled (port=0)
2025-08-19T13:08:37.6093263Z 2025/08/19 13:08:37 LOOP:START - Starting watcher on directory: /tmp/TestComprehensiveSecuritySuite4026549102/001/handoff
2025-08-19T13:08:37.6093930Z 2025/08/19 13:08:37 Configuration: workers=3, debounce=100ms, once=true, period=0s, metrics_port=0, processor=false
2025-08-19T13:08:37.6094365Z 2025/08/19 13:08:37 Started 3 enhanced workers
2025-08-19T13:08:37.6094632Z 2025/08/19 13:08:37 Enhanced worker 1 started
2025-08-19T13:08:37.6094892Z 2025/08/19 13:08:37 Enhanced worker 0 started
2025-08-19T13:08:37.6095136Z 2025/08/19 13:08:37 Enhanced worker 2 started
2025-08-19T13:08:37.6095562Z 2025/08/19 13:08:37 Queued 0 existing intent files for processing
2025-08-19T13:08:37.6095896Z 2025/08/19 13:08:37 Signaling enhanced workers to stop...
2025-08-19T13:08:37.6096220Z 2025/08/19 13:08:37 Waiting for enhanced workers to finish...
2025-08-19T13:08:37.6096553Z 2025/08/19 13:08:37 Enhanced worker 0: work queue closed, exiting
2025-08-19T13:08:37.6096894Z 2025/08/19 13:08:37 Enhanced worker 1: work queue closed, exiting
2025-08-19T13:08:37.6097234Z 2025/08/19 13:08:37 Enhanced worker 2: work queue closed, exiting
2025-08-19T13:08:37.6097532Z 2025/08/19 13:08:37 All enhanced workers stopped
2025-08-19T13:08:37.6097913Z     integration_security_test.go:795: 
2025-08-19T13:08:37.6098816Z         	Error Trace:	/home/runner/work/nephoran-intent-operator/nephoran-intent-operator/cmd/conductor-loop/integration_security_test.go:795
2025-08-19T13:08:37.6100726Z         	            				/home/runner/work/nephoran-intent-operator/nephoran-intent-operator/cmd/conductor-loop/integration_security_test.go:602
2025-08-19T13:08:37.6102272Z         	            				/home/runner/work/nephoran-intent-operator/nephoran-intent-operator/cmd/conductor-loop/integration_security_test.go:89
2025-08-19T13:08:37.6103655Z         	Error:      	"{\"files\":{\"$(whoami)\":{\"status\":\"processed\",\"timestamp\":\"2025-08-15T12:00:00Z\"},\"../../../etc/passwd\":{\"status\":\"processed\",\"timestamp\":\"2025-08-19T13:08:37Z\"}}}" should not contain "/etc/passwd"
2025-08-19T13:08:37.6104553Z         	Test:       	TestComprehensiveSecuritySuite/StateManagementSecurity
2025-08-19T13:08:37.6105142Z         	Messages:   	State file should not contain dangerous pattern: /etc/passwd
2025-08-19T13:08:37.6105538Z     integration_security_test.go:795: 
2025-08-19T13:08:37.6106408Z         	Error Trace:	/home/runner/work/nephoran-intent-operator/nephoran-intent-operator/cmd/conductor-loop/integration_security_test.go:795
2025-08-19T13:08:37.6107999Z         	            				/home/runner/work/nephoran-intent-operator/nephoran-intent-operator/cmd/conductor-loop/integration_security_test.go:602
2025-08-19T13:08:37.6109697Z         	            				/home/runner/work/nephoran-intent-operator/nephoran-intent-operator/cmd/conductor-loop/integration_security_test.go:89
2025-08-19T13:08:37.6111197Z         	Error:      	"{\"files\":{\"$(whoami)\":{\"status\":\"processed\",\"timestamp\":\"2025-08-15T12:00:00Z\"},\"../../../etc/passwd\":{\"status\":\"processed\",\"timestamp\":\"2025-08-19T13:08:37Z\"}}}" should not contain "$(whoami)"
2025-08-19T13:08:37.6112048Z         	Test:       	TestComprehensiveSecuritySuite/StateManagementSecurity
2025-08-19T13:08:37.6112620Z         	Messages:   	State file should not contain dangerous pattern: $(whoami)
2025-08-19T13:08:37.6112956Z 2025/08/19 13:08:37 Closing watcher...
2025-08-19T13:08:37.6113185Z 2025/08/19 13:08:37 Watcher closed
2025-08-19T13:08:37.6113492Z === RUN   TestComprehensiveSecuritySuite/ConfigurationSecurity
2025-08-19T13:08:37.6114117Z === RUN   TestComprehensiveSecuritySuite/ConfigurationSecurity/Negative_worker_count
2025-08-19T13:08:37.6114909Z 2025/08/19 13:08:37 Loaded 0 file states from /tmp/TestComprehensiveSecuritySuite4026549102/001/handoff/.conductor-state.json
2025-08-19T13:08:37.6115445Z 2025/08/19 13:08:37 Metrics server disabled (port=0)
2025-08-19T13:08:37.6115841Z 2025/08/19 13:08:37 Closing watcher...
2025-08-19T13:08:37.6116078Z 2025/08/19 13:08:37 Watcher closed
2025-08-19T13:08:37.6116605Z === RUN   TestComprehensiveSecuritySuite/ConfigurationSecurity/Extremely_large_worker_count
2025-08-19T13:08:37.6117087Z     integration_security_test.go:653: 
2025-08-19T13:08:37.6118182Z         	Error Trace:	/home/runner/work/nephoran-intent-operator/nephoran-intent-operator/cmd/conductor-loop/integration_security_test.go:653
2025-08-19T13:08:37.6118933Z         	Error:      	Received unexpected error:
2025-08-19T13:08:37.6120031Z         	            	invalid configuration: max_workers 999999 exceeds safe limit of 16 (4x CPU cores)
2025-08-19T13:08:37.6121136Z         	Test:       	TestComprehensiveSecuritySuite/ConfigurationSecurity/Extremely_large_worker_count
2025-08-19T13:08:37.6121828Z         	Messages:   	Should handle configuration safely
2025-08-19T13:08:37.6122287Z === RUN   TestComprehensiveSecuritySuite/ConfigurationSecurity/Negative_timeout
2025-08-19T13:08:37.6123016Z 2025/08/19 13:08:37 Loaded 0 file states from /tmp/TestComprehensiveSecuritySuite4026549102/001/handoff/.conductor-state.json
2025-08-19T13:08:37.6123674Z 2025/08/19 13:08:37 Metrics server disabled (port=0)
2025-08-19T13:08:37.6124010Z 2025/08/19 13:08:37 Closing watcher...
2025-08-19T13:08:37.6124295Z 2025/08/19 13:08:37 Watcher closed
2025-08-19T13:08:37.6124755Z === RUN   TestComprehensiveSecuritySuite/ConfigurationSecurity/Path_traversal_in_output_directory
2025-08-19T13:08:37.6125565Z 2025/08/19 13:08:37 Loaded 0 file states from /tmp/TestComprehensiveSecuritySuite4026549102/001/handoff/.conductor-state.json
2025-08-19T13:08:37.6126200Z 2025/08/19 13:08:37 Metrics server disabled (port=0)
2025-08-19T13:08:37.6126562Z 2025/08/19 13:08:37 Closing watcher...
2025-08-19T13:08:37.6126833Z 2025/08/19 13:08:37 Watcher closed
2025-08-19T13:08:37.6127181Z === NAME  TestComprehensiveSecuritySuite
2025-08-19T13:08:37.6128026Z     testing.go:1267: TempDir RemoveAll cleanup: unlinkat /tmp/TestComprehensiveSecuritySuite4026549102/001/handoff: directory not empty
2025-08-19T13:08:37.6128709Z --- FAIL: TestComprehensiveSecuritySuite (0.23s)
2025-08-19T13:08:37.6129366Z     --- PASS: TestComprehensiveSecuritySuite/InputValidationSecurity (0.04s)
2025-08-19T13:08:37.6130205Z         --- PASS: TestComprehensiveSecuritySuite/InputValidationSecurity/SQL_injection_attempt (0.00s)
2025-08-19T13:08:37.6131053Z         --- PASS: TestComprehensiveSecuritySuite/InputValidationSecurity/XSS_attempt (0.01s)
2025-08-19T13:08:37.6132061Z         --- PASS: TestComprehensiveSecuritySuite/InputValidationSecurity/Buffer_overflow_attempt (0.01s)
2025-08-19T13:08:37.6133010Z         --- PASS: TestComprehensiveSecuritySuite/InputValidationSecurity/Control_character_injection (0.01s)
2025-08-19T13:08:37.6133908Z         --- PASS: TestComprehensiveSecuritySuite/InputValidationSecurity/JSON_bomb (0.01s)
2025-08-19T13:08:37.6134605Z     --- PASS: TestComprehensiveSecuritySuite/PathTraversalSecurity (0.02s)
2025-08-19T13:08:37.6135374Z         --- PASS: TestComprehensiveSecuritySuite/PathTraversalSecurity/Unix_path_traversal (0.01s)
2025-08-19T13:08:37.6136325Z         --- PASS: TestComprehensiveSecuritySuite/PathTraversalSecurity/Windows_path_traversal (0.00s)
2025-08-19T13:08:37.6137246Z         --- PASS: TestComprehensiveSecuritySuite/PathTraversalSecurity/URL_encoded_path_traversal (0.01s)
2025-08-19T13:08:37.6138163Z         --- PASS: TestComprehensiveSecuritySuite/PathTraversalSecurity/Double_encoded_path_traversal (0.01s)
2025-08-19T13:08:37.6138902Z     --- PASS: TestComprehensiveSecuritySuite/CommandInjectionSecurity (0.02s)
2025-08-19T13:08:37.6139832Z         --- PASS: TestComprehensiveSecuritySuite/CommandInjectionSecurity/Semicolon_injection (0.00s)
2025-08-19T13:08:37.6140588Z         --- PASS: TestComprehensiveSecuritySuite/CommandInjectionSecurity/Pipe_injection (0.01s)
2025-08-19T13:08:37.6141341Z         --- PASS: TestComprehensiveSecuritySuite/CommandInjectionSecurity/Ampersand_injection (0.00s)
2025-08-19T13:08:37.6142277Z         --- PASS: TestComprehensiveSecuritySuite/CommandInjectionSecurity/Backtick_injection (0.00s)
2025-08-19T13:08:37.6143188Z         --- PASS: TestComprehensiveSecuritySuite/CommandInjectionSecurity/Dollar_injection (0.00s)
2025-08-19T13:08:37.6143847Z     --- PASS: TestComprehensiveSecuritySuite/ResourceExhaustionSecurity (0.07s)
2025-08-19T13:08:37.6144664Z         --- PASS: TestComprehensiveSecuritySuite/ResourceExhaustionSecurity/Many_small_files (0.02s)
2025-08-19T13:08:37.6145547Z         --- PASS: TestComprehensiveSecuritySuite/ResourceExhaustionSecurity/Large_files (0.05s)
2025-08-19T13:08:37.6146474Z         --- PASS: TestComprehensiveSecuritySuite/ResourceExhaustionSecurity/Rapid_file_creation (0.01s)
2025-08-19T13:08:37.6147385Z     --- PASS: TestComprehensiveSecuritySuite/FileSystemSecurity (0.02s)
2025-08-19T13:08:37.6148152Z         --- PASS: TestComprehensiveSecuritySuite/FileSystemSecurity/Symlink_to_sensitive_file (0.01s)
2025-08-19T13:08:37.6148996Z         --- PASS: TestComprehensiveSecuritySuite/FileSystemSecurity/FIFO_pipe (0.01s)
2025-08-19T13:08:37.6149913Z         --- PASS: TestComprehensiveSecuritySuite/FileSystemSecurity/Device_file_simulation (0.01s)
2025-08-19T13:08:37.6150600Z     --- PASS: TestComprehensiveSecuritySuite/ConcurrencySecurity (0.01s)
2025-08-19T13:08:37.6151236Z     --- FAIL: TestComprehensiveSecuritySuite/StateManagementSecurity (0.00s)
2025-08-19T13:08:37.6151878Z     --- FAIL: TestComprehensiveSecuritySuite/ConfigurationSecurity (0.02s)
2025-08-19T13:08:37.6152681Z         --- PASS: TestComprehensiveSecuritySuite/ConfigurationSecurity/Negative_worker_count (0.01s)
2025-08-19T13:08:37.6153605Z         --- FAIL: TestComprehensiveSecuritySuite/ConfigurationSecurity/Extremely_large_worker_count (0.00s)
2025-08-19T13:08:37.6154508Z         --- PASS: TestComprehensiveSecuritySuite/ConfigurationSecurity/Negative_timeout (0.01s)
2025-08-19T13:08:37.6155460Z         --- PASS: TestComprehensiveSecuritySuite/ConfigurationSecurity/Path_traversal_in_output_directory (0.01s)
2025-08-19T13:08:37.6156073Z === RUN   TestOnceMode_ExitCodes
2025-08-19T13:08:37.6156424Z === RUN   TestOnceMode_ExitCodes/all_files_processed_successfully
2025-08-19T13:08:37.6157353Z 2025/08/19 13:08:37 Warning: Porch validation failed: porch validation failed: fork/exec /tmp/TestOnceMode_ExitCodesall_files_processed_successfully281987942/001/mock-porch.bat: exec format error
2025-08-19T13:08:37.6158203Z 2025/08/19 13:08:37 Metrics server disabled (port=0)
2025-08-19T13:08:37.6158894Z 2025/08/19 13:08:37 LOOP:START - Starting watcher on directory: /tmp/TestOnceMode_ExitCodesall_files_processed_successfully281987942/001/handoff
2025-08-19T13:08:37.6159884Z 2025/08/19 13:08:37 Configuration: workers=2, debounce=100ms, once=true, period=0s, metrics_port=0, processor=false
2025-08-19T13:08:37.6160481Z 2025/08/19 13:08:37 Started 2 enhanced workers
2025-08-19T13:08:37.6160760Z 2025/08/19 13:08:37 Enhanced worker 0 started
2025-08-19T13:08:37.6161068Z 2025/08/19 13:08:37 Queued 1 existing intent files for processing
2025-08-19T13:08:37.6161379Z 2025/08/19 13:08:37 Enhanced worker 1 started
2025-08-19T13:08:37.6161922Z 2025/08/19 13:08:37 Signaling enhanced workers to stop...
2025-08-19T13:08:37.6162269Z 2025/08/19 13:08:37 Waiting for enhanced workers to finish...
2025-08-19T13:08:37.6162840Z 2025/08/19 13:08:37 LOOP:PROCESS - Worker 0 processing file: intent-test1.json (attempt 1)
2025-08-19T13:08:37.6184485Z 2025/08/19 13:08:37 Enhanced worker 1: work queue closed, exiting
2025-08-19T13:08:37.6185287Z 2025/08/19 13:08:37 LOOP:ERROR - Worker 0: JSON validation failed for intent-test1.json: intent validation failed: missing required field: namespace
2025-08-19T13:08:37.6186715Z 2025/08/19 13:08:37 Moved file /tmp/TestOnceMode_ExitCodesall_files_processed_successfully281987942/001/handoff/intent-test1.json to /tmp/TestOnceMode_ExitCodesall_files_processed_successfully281987942/001/handoff/failed/intent-test1.json
2025-08-19T13:08:37.6188134Z 2025/08/19 13:08:37 Created error log: /tmp/TestOnceMode_ExitCodesall_files_processed_successfully281987942/001/handoff/failed/intent-test1.json.error.log
2025-08-19T13:08:37.6189285Z 2025/08/19 13:08:37 Created directory: /tmp/TestOnceMode_ExitCodesall_files_processed_successfully281987942/001/handoff/status
2025-08-19T13:08:37.6190363Z 2025/08/19 13:08:37 Status written atomically to: /tmp/TestOnceMode_ExitCodesall_files_processed_successfully281987942/001/handoff/status/intent-test1.json-20250819-130837.status
2025-08-19T13:08:37.6191200Z 2025/08/19 13:08:37 Enhanced worker 0: work queue closed, exiting
2025-08-19T13:08:37.6191649Z 2025/08/19 13:08:37 All enhanced workers stopped
2025-08-19T13:08:37.6191980Z     main_once_test.go:111: 
2025-08-19T13:08:37.6193101Z         	Error Trace:	/home/runner/work/nephoran-intent-operator/nephoran-intent-operator/cmd/conductor-loop/main_once_test.go:111
2025-08-19T13:08:37.6193806Z         	Error:      	Not equal: 
2025-08-19T13:08:37.6194142Z         	            	expected: 0
2025-08-19T13:08:37.6194520Z         	            	actual  : 1
2025-08-19T13:08:37.6195165Z         	Test:       	TestOnceMode_ExitCodes/all_files_processed_successfully
2025-08-19T13:08:37.6196373Z         	Messages:   	Failed count mismatch. Failed files: [/tmp/TestOnceMode_ExitCodesall_files_processed_successfully281987942/001/handoff/failed/intent-test1.json]
2025-08-19T13:08:37.6197100Z     main_once_test.go:122: 
2025-08-19T13:08:37.6198052Z         	Error Trace:	/home/runner/work/nephoran-intent-operator/nephoran-intent-operator/cmd/conductor-loop/main_once_test.go:122
2025-08-19T13:08:37.6198638Z         	Error:      	Not equal: 
2025-08-19T13:08:37.6199194Z         	            	expected: 0
2025-08-19T13:08:37.6199701Z         	            	actual  : 8
2025-08-19T13:08:37.6200177Z         	Test:       	TestOnceMode_ExitCodes/all_files_processed_successfully
2025-08-19T13:08:37.6200882Z         	Messages:   	Exit code mismatch for test case: all_files_processed_successfully
2025-08-19T13:08:37.6201323Z 2025/08/19 13:08:37 Closing watcher...
2025-08-19T13:08:37.6201616Z 2025/08/19 13:08:37 Watcher closed
2025-08-19T13:08:37.6201882Z === RUN   TestOnceMode_ExitCodes/some_files_failed
2025-08-19T13:08:37.6202728Z 2025/08/19 13:08:37 Warning: Porch validation failed: porch validation failed: fork/exec /tmp/TestOnceMode_ExitCodessome_files_failed4029125408/001/mock-porch.bat: exec format error
2025-08-19T13:08:37.6203556Z 2025/08/19 13:08:37 Metrics server disabled (port=0)
2025-08-19T13:08:37.6204218Z 2025/08/19 13:08:37 LOOP:START - Starting watcher on directory: /tmp/TestOnceMode_ExitCodessome_files_failed4029125408/001/handoff
2025-08-19T13:08:37.6205039Z 2025/08/19 13:08:37 Configuration: workers=2, debounce=100ms, once=true, period=0s, metrics_port=0, processor=false
2025-08-19T13:08:37.6205614Z 2025/08/19 13:08:37 Started 2 enhanced workers
2025-08-19T13:08:37.6205892Z 2025/08/19 13:08:37 Enhanced worker 0 started
2025-08-19T13:08:37.6206169Z 2025/08/19 13:08:37 Enhanced worker 1 started
2025-08-19T13:08:37.6206585Z 2025/08/19 13:08:37 Queued 2 existing intent files for processing
2025-08-19T13:08:37.6206936Z 2025/08/19 13:08:37 Signaling enhanced workers to stop...
2025-08-19T13:08:37.6207638Z 2025/08/19 13:08:37 LOOP:PROCESS - Worker 0 processing file: intent-invalid.json (attempt 1)
2025-08-19T13:08:37.6208206Z 2025/08/19 13:08:37 Waiting for enhanced workers to finish...
2025-08-19T13:08:37.6208630Z 2025/08/19 13:08:37 LOOP:PROCESS - Worker 1 processing file: intent-valid.json (attempt 1)
2025-08-19T13:08:37.6209544Z 2025/08/19 13:08:37 LOOP:ERROR - Worker 0: JSON validation failed for intent-invalid.json: JSON bomb detected: invalid character 'i'
2025-08-19T13:08:37.6210526Z 2025/08/19 13:08:37 LOOP:ERROR - Worker 1: JSON validation failed for intent-valid.json: intent validation failed: missing required field: namespace
2025-08-19T13:08:37.6211813Z 2025/08/19 13:08:37 Moved file /tmp/TestOnceMode_ExitCodessome_files_failed4029125408/001/handoff/intent-invalid.json to /tmp/TestOnceMode_ExitCodessome_files_failed4029125408/001/handoff/failed/intent-invalid.json
2025-08-19T13:08:37.6213138Z 2025/08/19 13:08:37 Created error log: /tmp/TestOnceMode_ExitCodessome_files_failed4029125408/001/handoff/failed/intent-invalid.json.error.log
2025-08-19T13:08:37.6214012Z 2025/08/19 13:08:37 Created directory: /tmp/TestOnceMode_ExitCodessome_files_failed4029125408/001/handoff/status
2025-08-19T13:08:37.6214962Z 2025/08/19 13:08:37 Status written atomically to: /tmp/TestOnceMode_ExitCodessome_files_failed4029125408/001/handoff/status/intent-invalid.json-20250819-130837.status
2025-08-19T13:08:37.6215750Z 2025/08/19 13:08:37 Enhanced worker 0: work queue closed, exiting
2025-08-19T13:08:37.6216714Z 2025/08/19 13:08:37 Moved file /tmp/TestOnceMode_ExitCodessome_files_failed4029125408/001/handoff/intent-valid.json to /tmp/TestOnceMode_ExitCodessome_files_failed4029125408/001/handoff/failed/intent-valid.json
2025-08-19T13:08:37.6218176Z 2025/08/19 13:08:37 Created error log: /tmp/TestOnceMode_ExitCodessome_files_failed4029125408/001/handoff/failed/intent-valid.json.error.log
2025-08-19T13:08:37.6219504Z 2025/08/19 13:08:37 Status written atomically to: /tmp/TestOnceMode_ExitCodessome_files_failed4029125408/001/handoff/status/intent-valid.json-20250819-130837.status
2025-08-19T13:08:37.6220254Z 2025/08/19 13:08:37 Enhanced worker 1: work queue closed, exiting
2025-08-19T13:08:37.6220588Z 2025/08/19 13:08:37 All enhanced workers stopped
2025-08-19T13:08:37.6220909Z     main_once_test.go:111: 
2025-08-19T13:08:37.6221728Z         	Error Trace:	/home/runner/work/nephoran-intent-operator/nephoran-intent-operator/cmd/conductor-loop/main_once_test.go:111
2025-08-19T13:08:37.6222316Z         	Error:      	Not equal: 
2025-08-19T13:08:37.6222641Z         	            	expected: 1
2025-08-19T13:08:37.6222963Z         	            	actual  : 2
2025-08-19T13:08:37.6223331Z         	Test:       	TestOnceMode_ExitCodes/some_files_failed
2025-08-19T13:08:37.6224716Z         	Messages:   	Failed count mismatch. Failed files: [/tmp/TestOnceMode_ExitCodessome_files_failed4029125408/001/handoff/failed/intent-invalid.json /tmp/TestOnceMode_ExitCodessome_files_failed4029125408/001/handoff/failed/intent-valid.json]
2025-08-19T13:08:37.6225614Z 2025/08/19 13:08:37 Closing watcher...
2025-08-19T13:08:37.6225855Z 2025/08/19 13:08:37 Watcher closed
2025-08-19T13:08:37.6226115Z === RUN   TestOnceMode_ExitCodes/no_files_to_process
2025-08-19T13:08:37.6226839Z 2025/08/19 13:08:37 Warning: Porch validation failed: porch validation failed: fork/exec /tmp/TestOnceMode_ExitCodesno_files_to_process4020088478/001/mock-porch.bat: exec format error
2025-08-19T13:08:37.6227531Z 2025/08/19 13:08:37 Metrics server disabled (port=0)
2025-08-19T13:08:37.6228072Z 2025/08/19 13:08:37 LOOP:START - Starting watcher on directory: /tmp/TestOnceMode_ExitCodesno_files_to_process4020088478/001/handoff
2025-08-19T13:08:37.6228778Z 2025/08/19 13:08:37 Configuration: workers=2, debounce=100ms, once=true, period=0s, metrics_port=0, processor=false
2025-08-19T13:08:37.6229472Z 2025/08/19 13:08:37 Started 2 enhanced workers
2025-08-19T13:08:37.6229755Z 2025/08/19 13:08:37 Enhanced worker 1 started
2025-08-19T13:08:37.6230221Z 2025/08/19 13:08:37 Queued 0 existing intent files for processing
2025-08-19T13:08:37.6230591Z 2025/08/19 13:08:37 Signaling enhanced workers to stop...
2025-08-19T13:08:37.6230894Z 2025/08/19 13:08:37 Enhanced worker 0 started
2025-08-19T13:08:37.6231250Z 2025/08/19 13:08:37 Enhanced worker 1: work queue closed, exiting
2025-08-19T13:08:37.6231597Z 2025/08/19 13:08:37 Waiting for enhanced workers to finish...
2025-08-19T13:08:37.6231941Z 2025/08/19 13:08:37 Enhanced worker 0: work queue closed, exiting
2025-08-19T13:08:37.6232256Z 2025/08/19 13:08:37 All enhanced workers stopped
2025-08-19T13:08:37.6232519Z 2025/08/19 13:08:37 Closing watcher...
2025-08-19T13:08:37.6232769Z 2025/08/19 13:08:37 Watcher closed
2025-08-19T13:08:37.6233014Z --- FAIL: TestOnceMode_ExitCodes (0.32s)
2025-08-19T13:08:37.6233438Z     --- FAIL: TestOnceMode_ExitCodes/all_files_processed_successfully (0.11s)
2025-08-19T13:08:37.6233897Z     --- FAIL: TestOnceMode_ExitCodes/some_files_failed (0.10s)
2025-08-19T13:08:37.6234307Z     --- PASS: TestOnceMode_ExitCodes/no_files_to_process (0.11s)
2025-08-19T13:08:37.6234624Z === RUN   TestMain_FlagParsing
2025-08-19T13:08:37.6234864Z === RUN   TestMain_FlagParsing/default_flags
2025-08-19T13:08:37.6235138Z === RUN   TestMain_FlagParsing/custom_flags
2025-08-19T13:08:37.6235506Z /tmp/go-build3927249735/b001/conductor-loop.test flag redefined: handoff
2025-08-19T13:08:37.6235862Z --- FAIL: TestMain_FlagParsing (0.00s)
2025-08-19T13:08:37.6236196Z     --- PASS: TestMain_FlagParsing/default_flags (0.00s)
2025-08-19T13:08:37.6236556Z     --- FAIL: TestMain_FlagParsing/custom_flags (0.00s)
2025-08-19T13:08:37.6237148Z panic: /tmp/go-build3927249735/b001/conductor-loop.test flag redefined: handoff [recovered]
2025-08-19T13:08:37.6237713Z 	panic: /tmp/go-build3927249735/b001/conductor-loop.test flag redefined: handoff
2025-08-19T13:08:37.6238006Z 
2025-08-19T13:08:37.6238092Z goroutine 317 [running]:
2025-08-19T13:08:37.6238344Z testing.tRunner.func1.2({0xbc8620, 0xc00003a920})
2025-08-19T13:08:37.6238761Z 	/opt/hostedtoolcache/go/1.24.6/x64/src/testing/testing.go:1734 +0x3eb
2025-08-19T13:08:37.6239305Z testing.tRunner.func1()
2025-08-19T13:08:37.6239724Z 	/opt/hostedtoolcache/go/1.24.6/x64/src/testing/testing.go:1737 +0x696
2025-08-19T13:08:37.6240085Z panic({0xbc8620?, 0xc00003a920?})
2025-08-19T13:08:37.6240431Z 	/opt/hostedtoolcache/go/1.24.6/x64/src/runtime/panic.go:792 +0x132
2025-08-19T13:08:37.6240922Z flag.(*FlagSet).Var(0xc0000f4000, {0xd8b308, 0xc00042c620}, {0xc9d15b, 0x7}, {0xcb0b24, 0x23})
2025-08-19T13:08:37.6241407Z 	/opt/hostedtoolcache/go/1.24.6/x64/src/flag/flag.go:1028 +0x54d
2025-08-19T13:08:37.6241718Z flag.StringVar(...)
2025-08-19T13:08:37.6241986Z 	/opt/hostedtoolcache/go/1.24.6/x64/src/flag/flag.go:885
2025-08-19T13:08:37.6242416Z github.com/thc1006/nephoran-intent-operator/cmd/conductor-loop.parseFlags()
2025-08-19T13:08:37.6243072Z 	/home/runner/work/nephoran-intent-operator/nephoran-intent-operator/cmd/conductor-loop/main.go:226 +0x19f
2025-08-19T13:08:37.6243802Z github.com/thc1006/nephoran-intent-operator/cmd/conductor-loop.TestMain_FlagParsing.func3(0xc0005e5500)
2025-08-19T13:08:37.6244560Z 	/home/runner/work/nephoran-intent-operator/nephoran-intent-operator/cmd/conductor-loop/main_test.go:92 +0x353
2025-08-19T13:08:37.6245067Z testing.tRunner(0xc0005e5500, 0xc000334800)
2025-08-19T13:08:37.6245443Z 	/opt/hostedtoolcache/go/1.24.6/x64/src/testing/testing.go:1792 +0x226
2025-08-19T13:08:37.6245798Z created by testing.(*T).Run in goroutine 315
2025-08-19T13:08:37.6246172Z 	/opt/hostedtoolcache/go/1.24.6/x64/src/testing/testing.go:1851 +0x8f3
2025-08-19T13:08:37.6246630Z FAIL	github.com/thc1006/nephoran-intent-operator/cmd/conductor-loop	0.581s
2025-08-19T13:08:37.6247123Z FAIL	github.com/thc1006/nephoran-intent-operator/internal/loop [build failed]
2025-08-19T13:08:37.6247474Z FAIL
2025-08-19T13:08:37.6931024Z ##[error]Process completed with exit code 1.
2025-08-19T13:08:37.7018682Z ##[group]Run actions/upload-artifact@v4
2025-08-19T13:08:37.7018960Z with:
2025-08-19T13:08:37.7019474Z   name: test-results-ubuntu-latest
2025-08-19T13:08:37.7019842Z   path: test-results/
2025-08-19T13:08:37.7020126Z   retention-days: 3
2025-08-19T13:08:37.7020322Z   if-no-files-found: warn
2025-08-19T13:08:37.7020531Z   compression-level: 6
2025-08-19T13:08:37.7020718Z   overwrite: false
2025-08-19T13:08:37.7020909Z   include-hidden-files: false
2025-08-19T13:08:37.7021119Z env:
2025-08-19T13:08:37.7021268Z   REGISTRY: ghcr.io
2025-08-19T13:08:37.7021469Z   IMAGE_NAME: conductor-loop
2025-08-19T13:08:37.7021681Z   GO_VERSION: 1.24.x
2025-08-19T13:08:37.7021860Z ##[endgroup]
2025-08-19T13:08:37.9166592Z With the provided path, there will be 1 file uploaded
2025-08-19T13:08:37.9171505Z Artifact name is valid!
2025-08-19T13:08:37.9172948Z Root directory input is valid!
2025-08-19T13:08:38.2054620Z Beginning upload of artifact content to blob storage
2025-08-19T13:08:38.5718881Z Uploaded bytes 153
2025-08-19T13:08:38.6652896Z Finished uploading artifact content to blob storage!
2025-08-19T13:08:38.6655192Z SHA256 digest of uploaded artifact zip is aa911813ac9cb0daa897f57c673a82884d3c4c90c1d6788f610ad215e969bb62
2025-08-19T13:08:38.6657206Z Finalizing artifact upload
2025-08-19T13:08:38.8940115Z Artifact test-results-ubuntu-latest.zip successfully finalized. Artifact ID 3798640775
2025-08-19T13:08:38.8942089Z Artifact test-results-ubuntu-latest has been successfully uploaded! Final size is 153 bytes. Artifact ID is 3798640775
2025-08-19T13:08:38.8950081Z Artifact download URL: https://github.com/thc1006/nephoran-intent-operator/actions/runs/17070554241/artifacts/3798640775
2025-08-19T13:08:38.9086655Z Post job cleanup.
2025-08-19T13:08:39.0020687Z [command]/usr/bin/git version
2025-08-19T13:08:39.0060725Z git version 2.50.1
2025-08-19T13:08:39.0105075Z Temporarily overriding HOME='/home/runner/work/_temp/5842c570-8f27-42fe-9456-d87697c5a615' before making global git config changes
2025-08-19T13:08:39.0106457Z Adding repository directory to the temporary git global config as a safe directory
2025-08-19T13:08:39.0119493Z [command]/usr/bin/git config --global --add safe.directory /home/runner/work/nephoran-intent-operator/nephoran-intent-operator
2025-08-19T13:08:39.0157571Z [command]/usr/bin/git config --local --name-only --get-regexp core\.sshCommand
2025-08-19T13:08:39.0191421Z [command]/usr/bin/git submodule foreach --recursive sh -c "git config --local --name-only --get-regexp 'core\.sshCommand' && git config --local --unset-all 'core.sshCommand' || :"
2025-08-19T13:08:39.0429912Z [command]/usr/bin/git config --local --name-only --get-regexp http\.https\:\/\/github\.com\/\.extraheader
2025-08-19T13:08:39.0453028Z http.https://github.com/.extraheader
2025-08-19T13:08:39.0466478Z [command]/usr/bin/git config --local --unset-all http.https://github.com/.extraheader
2025-08-19T13:08:39.0499727Z [command]/usr/bin/git submodule foreach --recursive sh -c "git config --local --name-only --get-regexp 'http\.https\:\/\/github\.com\/\.extraheader' && git config --local --unset-all 'http.https://github.com/.extraheader' || :"
2025-08-19T13:08:39.0847800Z Cleaning up orphan processes
