2025-08-19T13:08:55.9974426Z Current runner version: '2.327.1'
2025-08-19T13:08:55.9998702Z ##[group]Runner Image Provisioner
2025-08-19T13:08:55.9999500Z Hosted Compute Agent
2025-08-19T13:08:56.0000137Z Version: 20250818.377
2025-08-19T13:08:56.0000786Z Commit: 3c593e9f75fe0b87e893bca80d6e12ba089c61fc
2025-08-19T13:08:56.0001439Z Build Date: 2025-08-18T14:52:18Z
2025-08-19T13:08:56.0002098Z ##[endgroup]
2025-08-19T13:08:56.0002625Z ##[group]Operating System
2025-08-19T13:08:56.0003141Z Ubuntu
2025-08-19T13:08:56.0003680Z 24.04.2
2025-08-19T13:08:56.0004148Z LTS
2025-08-19T13:08:56.0004598Z ##[endgroup]
2025-08-19T13:08:56.0005092Z ##[group]Runner Image
2025-08-19T13:08:56.0005654Z Image: ubuntu-24.04
2025-08-19T13:08:56.0006130Z Version: 20250810.1.0
2025-08-19T13:08:56.0007762Z Included Software: https://github.com/actions/runner-images/blob/ubuntu24/20250810.1/images/ubuntu/Ubuntu2404-Readme.md
2025-08-19T13:08:56.0009389Z Image Release: https://github.com/actions/runner-images/releases/tag/ubuntu24%2F20250810.1
2025-08-19T13:08:56.0010454Z ##[endgroup]
2025-08-19T13:08:56.0012182Z ##[group]GITHUB_TOKEN Permissions
2025-08-19T13:08:56.0015015Z Actions: read
2025-08-19T13:08:56.0015882Z Checks: write
2025-08-19T13:08:56.0016699Z Contents: read
2025-08-19T13:08:56.0017452Z Metadata: read
2025-08-19T13:08:56.0018698Z Packages: write
2025-08-19T13:08:56.0019581Z PullRequests: write
2025-08-19T13:08:56.0020562Z SecurityEvents: write
2025-08-19T13:08:56.0021575Z ##[endgroup]
2025-08-19T13:08:56.0024406Z Secret source: Actions
2025-08-19T13:08:56.0025887Z Prepare workflow directory
2025-08-19T13:08:56.0648718Z Prepare all required actions
2025-08-19T13:08:56.0703461Z Getting action download info
2025-08-19T13:08:56.5111625Z Download action repository 'step-security/harden-runner@v2' (SHA:ec9f2d5744a09debf3a187a3f4f675c53b671911)
2025-08-19T13:08:57.2621812Z Download action repository 'actions/checkout@v4' (SHA:08eba0b27e820071cde6df949e0beb9ba4906955)
2025-08-19T13:08:57.6852539Z Download action repository 'actions/setup-go@v5' (SHA:d35c59abb061a4a6fb18e82ac0862c26744d6ab5)
2025-08-19T13:08:58.1982340Z Download action repository 'github/codeql-action@v3' (SHA:96f518a34f7a870018057716cc4d7a5c014bd61c)
2025-08-19T13:09:03.6833870Z Download action repository 'semgrep/semgrep-action@v1' (SHA:713efdd345f3035192eaa63f56867b88e63e4e5d)
2025-08-19T13:09:04.0528559Z Download action repository 'dependency-check/Dependency-Check_Action@main' (SHA:2ba636726705b0f74f126ebeaacaf2ad4600b967)
2025-08-19T13:09:04.4637514Z Download action repository 'actions/upload-artifact@v4' (SHA:ea165f8d65b6e75b540449e92b4886f43607fa02)
2025-08-19T13:09:04.6550948Z Complete job name: Security Analysis (dependency-check)
2025-08-19T13:09:04.6952058Z ##[group]Pull down action image 'returntocorp/semgrep-agent:v1'
2025-08-19T13:09:04.7142359Z ##[command]/usr/bin/docker pull returntocorp/semgrep-agent:v1
2025-08-19T13:09:05.5216253Z v1: Pulling from returntocorp/semgrep-agent
2025-08-19T13:09:05.6811494Z 7264a8db6415: Pulling fs layer
2025-08-19T13:09:05.6812123Z 66e1d5e70e42: Pulling fs layer
2025-08-19T13:09:05.6812671Z 64dfa579cd50: Pulling fs layer
2025-08-19T13:09:05.6813171Z afa58c10ee34: Pulling fs layer
2025-08-19T13:09:05.6813504Z cd87b3fa61f8: Pulling fs layer
2025-08-19T13:09:05.6813875Z a54df9278105: Pulling fs layer
2025-08-19T13:09:05.6814170Z 22d9c0f131ae: Pulling fs layer
2025-08-19T13:09:05.6814485Z bfa6cbe2a060: Pulling fs layer
2025-08-19T13:09:05.6814790Z e6455d0c4d0a: Pulling fs layer
2025-08-19T13:09:05.6815092Z 4e6528b8b44b: Pulling fs layer
2025-08-19T13:09:05.6815388Z 77aae498c7b4: Pulling fs layer
2025-08-19T13:09:05.6815701Z f6a963258091: Pulling fs layer
2025-08-19T13:09:05.6816051Z e68b04e3dc22: Pulling fs layer
2025-08-19T13:09:05.6816271Z e50eacad623d: Pulling fs layer
2025-08-19T13:09:05.6816475Z 464938719a27: Pulling fs layer
2025-08-19T13:09:05.6816672Z c09dc33c2ea4: Pulling fs layer
2025-08-19T13:09:05.6816892Z db70a1bf97d5: Pulling fs layer
2025-08-19T13:09:05.6817099Z 5667267dbf96: Pulling fs layer
2025-08-19T13:09:05.6817316Z 55e5ab738d77: Pulling fs layer
2025-08-19T13:09:05.6818179Z fbf9ea8fb0f3: Pulling fs layer
2025-08-19T13:09:05.6818388Z f6a963258091: Waiting
2025-08-19T13:09:05.6818646Z e68b04e3dc22: Waiting
2025-08-19T13:09:05.6818827Z e50eacad623d: Waiting
2025-08-19T13:09:05.6819004Z 464938719a27: Waiting
2025-08-19T13:09:05.6819172Z c09dc33c2ea4: Waiting
2025-08-19T13:09:05.6819348Z db70a1bf97d5: Waiting
2025-08-19T13:09:05.6819519Z 22d9c0f131ae: Waiting
2025-08-19T13:09:05.6819696Z afa58c10ee34: Waiting
2025-08-19T13:09:05.6819865Z bfa6cbe2a060: Waiting
2025-08-19T13:09:05.6820038Z e6455d0c4d0a: Waiting
2025-08-19T13:09:05.6820208Z cd87b3fa61f8: Waiting
2025-08-19T13:09:05.6820378Z a54df9278105: Waiting
2025-08-19T13:09:05.6820551Z 5667267dbf96: Waiting
2025-08-19T13:09:05.6820823Z 55e5ab738d77: Waiting
2025-08-19T13:09:05.6820992Z 77aae498c7b4: Waiting
2025-08-19T13:09:05.6821156Z 4e6528b8b44b: Waiting
2025-08-19T13:09:05.6821331Z fbf9ea8fb0f3: Waiting
2025-08-19T13:09:05.9433205Z 66e1d5e70e42: Verifying Checksum
2025-08-19T13:09:05.9434176Z 66e1d5e70e42: Download complete
2025-08-19T13:09:06.0014373Z 7264a8db6415: Verifying Checksum
2025-08-19T13:09:06.0015270Z 7264a8db6415: Download complete
2025-08-19T13:09:06.1171008Z 7264a8db6415: Pull complete
2025-08-19T13:09:06.1826618Z afa58c10ee34: Verifying Checksum
2025-08-19T13:09:06.1827879Z afa58c10ee34: Download complete
2025-08-19T13:09:06.2804869Z 64dfa579cd50: Verifying Checksum
2025-08-19T13:09:06.2806613Z 64dfa579cd50: Download complete
2025-08-19T13:09:06.3283992Z cd87b3fa61f8: Verifying Checksum
2025-08-19T13:09:06.3287180Z cd87b3fa61f8: Download complete
2025-08-19T13:09:06.4081615Z a54df9278105: Verifying Checksum
2025-08-19T13:09:06.4082136Z a54df9278105: Download complete
2025-08-19T13:09:06.5741474Z 22d9c0f131ae: Download complete
2025-08-19T13:09:06.7098353Z e6455d0c4d0a: Verifying Checksum
2025-08-19T13:09:06.7098900Z e6455d0c4d0a: Download complete
2025-08-19T13:09:06.7783337Z bfa6cbe2a060: Verifying Checksum
2025-08-19T13:09:06.7784326Z bfa6cbe2a060: Download complete
2025-08-19T13:09:06.7967186Z 66e1d5e70e42: Pull complete
2025-08-19T13:09:06.9451233Z 77aae498c7b4: Verifying Checksum
2025-08-19T13:09:06.9451992Z 77aae498c7b4: Download complete
2025-08-19T13:09:07.1555102Z e68b04e3dc22: Verifying Checksum
2025-08-19T13:09:07.1555662Z e68b04e3dc22: Download complete
2025-08-19T13:09:07.1883638Z 4e6528b8b44b: Verifying Checksum
2025-08-19T13:09:07.1885045Z 4e6528b8b44b: Download complete
2025-08-19T13:09:07.2897172Z 64dfa579cd50: Pull complete
2025-08-19T13:09:07.3068730Z afa58c10ee34: Pull complete
2025-08-19T13:09:07.3452342Z f6a963258091: Verifying Checksum
2025-08-19T13:09:07.3452844Z f6a963258091: Download complete
2025-08-19T13:09:07.3785158Z e50eacad623d: Verifying Checksum
2025-08-19T13:09:07.3785788Z e50eacad623d: Download complete
2025-08-19T13:09:07.4062616Z 464938719a27: Verifying Checksum
2025-08-19T13:09:07.4063131Z 464938719a27: Download complete
2025-08-19T13:09:07.5616550Z c09dc33c2ea4: Verifying Checksum
2025-08-19T13:09:07.5617775Z c09dc33c2ea4: Download complete
2025-08-19T13:09:07.5648806Z cd87b3fa61f8: Pull complete
2025-08-19T13:09:07.5723553Z a54df9278105: Pull complete
2025-08-19T13:09:07.5926668Z 22d9c0f131ae: Pull complete
2025-08-19T13:09:07.6062028Z db70a1bf97d5: Verifying Checksum
2025-08-19T13:09:07.6062524Z db70a1bf97d5: Download complete
2025-08-19T13:09:07.6552040Z 5667267dbf96: Verifying Checksum
2025-08-19T13:09:07.6552507Z 5667267dbf96: Download complete
2025-08-19T13:09:07.7949985Z 55e5ab738d77: Verifying Checksum
2025-08-19T13:09:07.7950437Z 55e5ab738d77: Download complete
2025-08-19T13:09:07.8158257Z bfa6cbe2a060: Pull complete
2025-08-19T13:09:07.8578530Z fbf9ea8fb0f3: Verifying Checksum
2025-08-19T13:09:07.8579684Z fbf9ea8fb0f3: Download complete
2025-08-19T13:09:08.5841000Z e6455d0c4d0a: Pull complete
2025-08-19T13:09:09.6900505Z 4e6528b8b44b: Pull complete
2025-08-19T13:09:09.6990601Z 77aae498c7b4: Pull complete
2025-08-19T13:09:10.2374931Z f6a963258091: Pull complete
2025-08-19T13:09:10.2466654Z e68b04e3dc22: Pull complete
2025-08-19T13:09:10.2542994Z e50eacad623d: Pull complete
2025-08-19T13:09:10.2659533Z 464938719a27: Pull complete
2025-08-19T13:09:10.2739068Z c09dc33c2ea4: Pull complete
2025-08-19T13:09:10.2825158Z db70a1bf97d5: Pull complete
2025-08-19T13:09:10.2897300Z 5667267dbf96: Pull complete
2025-08-19T13:09:10.2991214Z 55e5ab738d77: Pull complete
2025-08-19T13:09:10.3193412Z fbf9ea8fb0f3: Pull complete
2025-08-19T13:09:10.3230566Z Digest: sha256:2ed984f89000f77516016248700ad91681cb89bbe2adbdecd1d38dc84394adbb
2025-08-19T13:09:10.3241245Z Status: Downloaded newer image for returntocorp/semgrep-agent:v1
2025-08-19T13:09:10.3253423Z docker.io/returntocorp/semgrep-agent:v1
2025-08-19T13:09:10.3278299Z ##[endgroup]
2025-08-19T13:09:10.3317058Z ##[group]Build container for action use: '/home/runner/work/_actions/dependency-check/Dependency-Check_Action/main/Dockerfile'.
2025-08-19T13:09:10.3323342Z ##[command]/usr/bin/docker build -t 0843c7:35e9af7272de405bb14bb7069b8b0733 -f "/home/runner/work/_actions/dependency-check/Dependency-Check_Action/main/Dockerfile" "/home/runner/work/_actions/dependency-check/Dependency-Check_Action/main"
2025-08-19T13:09:10.7791125Z #0 building with "default" instance using docker driver
2025-08-19T13:09:10.7791542Z 
2025-08-19T13:09:10.7791738Z #1 [internal] load build definition from Dockerfile
2025-08-19T13:09:10.7792048Z #1 transferring dockerfile: 631B done
2025-08-19T13:09:10.7792325Z #1 DONE 0.0s
2025-08-19T13:09:10.7792500Z 
2025-08-19T13:09:10.7792707Z #2 [auth] owasp/dependency-check-action:pull token for registry-1.docker.io
2025-08-19T13:09:10.9293449Z #2 DONE 0.0s
2025-08-19T13:09:10.9293731Z 
2025-08-19T13:09:10.9294131Z #3 [internal] load metadata for docker.io/owasp/dependency-check-action:latest
2025-08-19T13:09:11.2963953Z #3 DONE 0.6s
2025-08-19T13:09:11.4105566Z 
2025-08-19T13:09:11.4105981Z #4 [internal] load .dockerignore
2025-08-19T13:09:11.4106567Z #4 transferring context: 2B done
2025-08-19T13:09:11.4107012Z #4 DONE 0.0s
2025-08-19T13:09:11.4107157Z 
2025-08-19T13:09:11.4107268Z #5 [internal] load build context
2025-08-19T13:09:11.4107799Z #5 transferring context: 136B done
2025-08-19T13:09:11.4108106Z #5 DONE 0.0s
2025-08-19T13:09:11.4108239Z 
2025-08-19T13:09:11.4108810Z #6 [1/3] FROM docker.io/owasp/dependency-check-action:latest@sha256:327342634059eaa597815b5ebd1c73fd5bef6157e277ccbc113b4e6efd7e0943
2025-08-19T13:09:11.4110070Z #6 resolve docker.io/owasp/dependency-check-action:latest@sha256:327342634059eaa597815b5ebd1c73fd5bef6157e277ccbc113b4e6efd7e0943 done
2025-08-19T13:09:11.4111170Z #6 sha256:327342634059eaa597815b5ebd1c73fd5bef6157e277ccbc113b4e6efd7e0943 2.63kB / 2.63kB done
2025-08-19T13:09:11.4112067Z #6 sha256:3e3762385f229926114f644db8c313a1b55517d678b5879ab9c39f2a9989abcd 1.24kB / 1.24kB 0.1s done
2025-08-19T13:09:11.4112950Z #6 sha256:86e65beaa5918cd0bdec672c0561e37cb894455cfda278de5c4c78e3335ad8f0 0B / 32.25MB 0.1s
2025-08-19T13:09:11.4113792Z #6 sha256:a48106d553a8f37683d50fc82e00037d537de6a04d0f2beedb4ae586f9171a37 9.47kB / 9.47kB done
2025-08-19T13:09:11.4114417Z #6 sha256:619be1103602d98e1963557998c954c892b3872986c27365e9f651f5bc27cab8 0B / 3.40MB 0.1s
2025-08-19T13:09:11.4115042Z #6 sha256:cceb4befa491c3767afaa6af498fc78e7a724c29c577317890987c2ad467b680 0B / 3.09MB 0.1s
2025-08-19T13:09:11.5107976Z #6 sha256:619be1103602d98e1963557998c954c892b3872986c27365e9f651f5bc27cab8 2.10MB / 3.40MB 0.2s
2025-08-19T13:09:11.6416172Z #6 sha256:619be1103602d98e1963557998c954c892b3872986c27365e9f651f5bc27cab8 3.40MB / 3.40MB 0.2s done
2025-08-19T13:09:11.6418463Z #6 sha256:cceb4befa491c3767afaa6af498fc78e7a724c29c577317890987c2ad467b680 2.10MB / 3.09MB 0.3s
2025-08-19T13:09:11.6419469Z #6 extracting sha256:619be1103602d98e1963557998c954c892b3872986c27365e9f651f5bc27cab8 0.1s done
2025-08-19T13:09:11.6421236Z #6 sha256:45ddd00e34dd292e9160aa703aff0bff2950fc06cb5272dea967325de2e941ae 3.15MB / 44.09MB 0.3s
2025-08-19T13:09:11.6423100Z #6 extracting sha256:cceb4befa491c3767afaa6af498fc78e7a724c29c577317890987c2ad467b680
2025-08-19T13:09:11.7436858Z #6 sha256:86e65beaa5918cd0bdec672c0561e37cb894455cfda278de5c4c78e3335ad8f0 14.68MB / 32.25MB 0.4s
2025-08-19T13:09:11.7438478Z #6 sha256:cceb4befa491c3767afaa6af498fc78e7a724c29c577317890987c2ad467b680 3.09MB / 3.09MB 0.3s done
2025-08-19T13:09:11.7439685Z #6 sha256:45ddd00e34dd292e9160aa703aff0bff2950fc06cb5272dea967325de2e941ae 22.02MB / 44.09MB 0.4s
2025-08-19T13:09:11.7443372Z #6 extracting sha256:cceb4befa491c3767afaa6af498fc78e7a724c29c577317890987c2ad467b680 0.1s done
2025-08-19T13:09:11.7444574Z #6 sha256:7bd0a72d0e6ae9a7bcf5f3131817f93f19914ccf94d1c052ee9903a452f72b47 0B / 78.98MB 0.4s
2025-08-19T13:09:11.7445698Z #6 extracting sha256:3e3762385f229926114f644db8c313a1b55517d678b5879ab9c39f2a9989abcd
2025-08-19T13:09:11.9108217Z #6 sha256:86e65beaa5918cd0bdec672c0561e37cb894455cfda278de5c4c78e3335ad8f0 27.26MB / 32.25MB 0.6s
2025-08-19T13:09:11.9109149Z #6 sha256:45ddd00e34dd292e9160aa703aff0bff2950fc06cb5272dea967325de2e941ae 44.09MB / 44.09MB 0.5s done
2025-08-19T13:09:11.9109996Z #6 sha256:7bd0a72d0e6ae9a7bcf5f3131817f93f19914ccf94d1c052ee9903a452f72b47 25.17MB / 78.98MB 0.6s
2025-08-19T13:09:11.9110768Z #6 extracting sha256:3e3762385f229926114f644db8c313a1b55517d678b5879ab9c39f2a9989abcd done
2025-08-19T13:09:11.9111524Z #6 sha256:43c57f8bbf131e1db9ee428171fdea2d8a55c342f9d1e229fc2c21c92fc50ebd 0B / 37.05MB 0.6s
2025-08-19T13:09:12.0108319Z #6 sha256:86e65beaa5918cd0bdec672c0561e37cb894455cfda278de5c4c78e3335ad8f0 30.41MB / 32.25MB 0.7s
2025-08-19T13:09:12.0109074Z #6 sha256:7bd0a72d0e6ae9a7bcf5f3131817f93f19914ccf94d1c052ee9903a452f72b47 34.60MB / 78.98MB 0.7s
2025-08-19T13:09:12.0109709Z #6 sha256:43c57f8bbf131e1db9ee428171fdea2d8a55c342f9d1e229fc2c21c92fc50ebd 10.49MB / 37.05MB 0.7s
2025-08-19T13:09:12.1111871Z #6 sha256:86e65beaa5918cd0bdec672c0561e37cb894455cfda278de5c4c78e3335ad8f0 32.25MB / 32.25MB 0.7s done
2025-08-19T13:09:12.1113682Z #6 sha256:7bd0a72d0e6ae9a7bcf5f3131817f93f19914ccf94d1c052ee9903a452f72b47 43.29MB / 78.98MB 0.8s
2025-08-19T13:09:12.1114949Z #6 sha256:43c57f8bbf131e1db9ee428171fdea2d8a55c342f9d1e229fc2c21c92fc50ebd 16.78MB / 37.05MB 0.8s
2025-08-19T13:09:12.1116257Z #6 extracting sha256:86e65beaa5918cd0bdec672c0561e37cb894455cfda278de5c4c78e3335ad8f0
2025-08-19T13:09:12.1117252Z #6 sha256:6a01d4b2139c6ae8b6b93432a8b0297e818c2f8516dc418e9fc0dd35f101af0a 0B / 90.98MB 0.8s
2025-08-19T13:09:12.2687757Z #6 sha256:7bd0a72d0e6ae9a7bcf5f3131817f93f19914ccf94d1c052ee9903a452f72b47 48.61MB / 78.98MB 0.9s
2025-08-19T13:09:12.2696168Z #6 sha256:43c57f8bbf131e1db9ee428171fdea2d8a55c342f9d1e229fc2c21c92fc50ebd 29.36MB / 37.05MB 0.9s
2025-08-19T13:09:12.2697153Z #6 sha256:6a01d4b2139c6ae8b6b93432a8b0297e818c2f8516dc418e9fc0dd35f101af0a 8.39MB / 90.98MB 0.9s
2025-08-19T13:09:12.3733986Z #6 sha256:7bd0a72d0e6ae9a7bcf5f3131817f93f19914ccf94d1c052ee9903a452f72b47 62.91MB / 78.98MB 1.0s
2025-08-19T13:09:12.3738816Z #6 sha256:43c57f8bbf131e1db9ee428171fdea2d8a55c342f9d1e229fc2c21c92fc50ebd 37.05MB / 37.05MB 1.0s done
2025-08-19T13:09:12.3740101Z #6 sha256:6a01d4b2139c6ae8b6b93432a8b0297e818c2f8516dc418e9fc0dd35f101af0a 26.21MB / 90.98MB 1.0s
2025-08-19T13:09:12.3742496Z #6 sha256:4f4fb700ef54461cfa02571ae0db9a0dc1e0cdb5577484a6d75e68dc38e8acc1 0B / 32B 1.0s
2025-08-19T13:09:12.4754825Z #6 sha256:7bd0a72d0e6ae9a7bcf5f3131817f93f19914ccf94d1c052ee9903a452f72b47 73.40MB / 78.98MB 1.1s
2025-08-19T13:09:12.4755955Z #6 sha256:6a01d4b2139c6ae8b6b93432a8b0297e818c2f8516dc418e9fc0dd35f101af0a 35.65MB / 90.98MB 1.1s
2025-08-19T13:09:12.4756985Z #6 sha256:4f4fb700ef54461cfa02571ae0db9a0dc1e0cdb5577484a6d75e68dc38e8acc1 32B / 32B 1.1s done
2025-08-19T13:09:12.4758093Z #6 sha256:5760c89e07714b82733d6a984449296731b17907fece9a3030b50d70252ca109 0B / 95B 1.1s
2025-08-19T13:09:12.6107167Z #6 sha256:7bd0a72d0e6ae9a7bcf5f3131817f93f19914ccf94d1c052ee9903a452f72b47 78.98MB / 78.98MB 1.2s done
2025-08-19T13:09:12.6108354Z #6 extracting sha256:86e65beaa5918cd0bdec672c0561e37cb894455cfda278de5c4c78e3335ad8f0 0.4s done
2025-08-19T13:09:12.6109347Z #6 sha256:6a01d4b2139c6ae8b6b93432a8b0297e818c2f8516dc418e9fc0dd35f101af0a 45.09MB / 90.98MB 1.3s
2025-08-19T13:09:12.6110211Z #6 sha256:5760c89e07714b82733d6a984449296731b17907fece9a3030b50d70252ca109 95B / 95B 1.2s done
2025-08-19T13:09:12.6527999Z #6 sha256:37f6d4265e844579cb629fcbd090415d48327f28732fd49fa221ec03ab5b7b12 0B / 115.67MB 1.3s
2025-08-19T13:09:12.8015418Z #6 sha256:6a01d4b2139c6ae8b6b93432a8b0297e818c2f8516dc418e9fc0dd35f101af0a 53.48MB / 90.98MB 1.4s
2025-08-19T13:09:12.8018137Z #6 sha256:37f6d4265e844579cb629fcbd090415d48327f28732fd49fa221ec03ab5b7b12 8.39MB / 115.67MB 1.4s
2025-08-19T13:09:12.8019158Z #6 extracting sha256:45ddd00e34dd292e9160aa703aff0bff2950fc06cb5272dea967325de2e941ae 0.1s
2025-08-19T13:09:12.9026433Z #6 sha256:6a01d4b2139c6ae8b6b93432a8b0297e818c2f8516dc418e9fc0dd35f101af0a 66.06MB / 90.98MB 1.5s
2025-08-19T13:09:12.9032987Z #6 sha256:37f6d4265e844579cb629fcbd090415d48327f28732fd49fa221ec03ab5b7b12 19.92MB / 115.67MB 1.5s
2025-08-19T13:09:13.0055179Z #6 sha256:6a01d4b2139c6ae8b6b93432a8b0297e818c2f8516dc418e9fc0dd35f101af0a 80.74MB / 90.98MB 1.6s
2025-08-19T13:09:13.0056331Z #6 sha256:37f6d4265e844579cb629fcbd090415d48327f28732fd49fa221ec03ab5b7b12 26.21MB / 115.67MB 1.6s
2025-08-19T13:09:13.1105164Z #6 sha256:6a01d4b2139c6ae8b6b93432a8b0297e818c2f8516dc418e9fc0dd35f101af0a 90.98MB / 90.98MB 1.7s done
2025-08-19T13:09:13.1106192Z #6 sha256:37f6d4265e844579cb629fcbd090415d48327f28732fd49fa221ec03ab5b7b12 39.69MB / 115.67MB 1.8s
2025-08-19T13:09:13.1107190Z #6 extracting sha256:45ddd00e34dd292e9160aa703aff0bff2950fc06cb5272dea967325de2e941ae 0.3s done
2025-08-19T13:09:13.2330153Z #6 sha256:37f6d4265e844579cb629fcbd090415d48327f28732fd49fa221ec03ab5b7b12 54.53MB / 115.67MB 1.9s
2025-08-19T13:09:13.2331773Z #6 extracting sha256:7bd0a72d0e6ae9a7bcf5f3131817f93f19914ccf94d1c052ee9903a452f72b47 0.1s
2025-08-19T13:09:13.4433996Z #6 sha256:37f6d4265e844579cb629fcbd090415d48327f28732fd49fa221ec03ab5b7b12 62.91MB / 115.67MB 2.1s
2025-08-19T13:09:13.5461646Z #6 sha256:37f6d4265e844579cb629fcbd090415d48327f28732fd49fa221ec03ab5b7b12 82.84MB / 115.67MB 2.2s
2025-08-19T13:09:13.6466241Z #6 sha256:37f6d4265e844579cb629fcbd090415d48327f28732fd49fa221ec03ab5b7b12 95.42MB / 115.67MB 2.3s
2025-08-19T13:09:13.7524674Z #6 sha256:37f6d4265e844579cb629fcbd090415d48327f28732fd49fa221ec03ab5b7b12 105.91MB / 115.67MB 2.4s
2025-08-19T13:09:13.9607199Z #6 sha256:37f6d4265e844579cb629fcbd090415d48327f28732fd49fa221ec03ab5b7b12 115.67MB / 115.67MB 2.5s done
2025-08-19T13:09:17.3743121Z #6 extracting sha256:7bd0a72d0e6ae9a7bcf5f3131817f93f19914ccf94d1c052ee9903a452f72b47 4.2s done
2025-08-19T13:09:18.0627344Z #6 extracting sha256:43c57f8bbf131e1db9ee428171fdea2d8a55c342f9d1e229fc2c21c92fc50ebd
2025-08-19T13:09:18.2875352Z #6 extracting sha256:43c57f8bbf131e1db9ee428171fdea2d8a55c342f9d1e229fc2c21c92fc50ebd 0.1s done
2025-08-19T13:09:18.2876221Z #6 extracting sha256:6a01d4b2139c6ae8b6b93432a8b0297e818c2f8516dc418e9fc0dd35f101af0a
2025-08-19T13:09:20.7272668Z #6 extracting sha256:6a01d4b2139c6ae8b6b93432a8b0297e818c2f8516dc418e9fc0dd35f101af0a 2.3s done
2025-08-19T13:09:20.8582462Z #6 extracting sha256:4f4fb700ef54461cfa02571ae0db9a0dc1e0cdb5577484a6d75e68dc38e8acc1
2025-08-19T13:09:20.9896077Z #6 extracting sha256:4f4fb700ef54461cfa02571ae0db9a0dc1e0cdb5577484a6d75e68dc38e8acc1 done
2025-08-19T13:09:20.9898137Z #6 extracting sha256:5760c89e07714b82733d6a984449296731b17907fece9a3030b50d70252ca109 done
2025-08-19T13:09:20.9899613Z #6 extracting sha256:37f6d4265e844579cb629fcbd090415d48327f28732fd49fa221ec03ab5b7b12 0.1s
2025-08-19T13:09:22.1251430Z #6 extracting sha256:37f6d4265e844579cb629fcbd090415d48327f28732fd49fa221ec03ab5b7b12 1.1s done
2025-08-19T13:09:22.2950071Z #6 DONE 11.0s
2025-08-19T13:09:22.4533635Z 
2025-08-19T13:09:22.4534090Z #7 [2/3] COPY entrypoint.sh /entrypoint.sh
2025-08-19T13:09:22.4534599Z #7 DONE 0.0s
2025-08-19T13:09:22.4534774Z 
2025-08-19T13:09:22.4534909Z #8 [3/3] RUN chmod +x /entrypoint.sh
2025-08-19T13:09:22.4535276Z #8 DONE 0.1s
2025-08-19T13:09:22.6050064Z 
2025-08-19T13:09:22.6050374Z #9 exporting to image
2025-08-19T13:09:23.5260950Z #9 exporting layers
2025-08-19T13:09:23.5261451Z #9 exporting layers 1.1s done
2025-08-19T13:09:23.5433184Z #9 writing image sha256:4d8f02af8b115ff3bf6fd2a257a36fba2be4565d055b2f369393ea6446535074 done
2025-08-19T13:09:23.5434251Z #9 naming to docker.io/library/0843c7:35e9af7272de405bb14bb7069b8b0733 done
2025-08-19T13:09:23.5434845Z #9 DONE 1.1s
2025-08-19T13:09:23.5488316Z ##[endgroup]
2025-08-19T13:09:23.5685978Z ##[group]Run step-security/harden-runner@v2
2025-08-19T13:09:23.5686531Z with:
2025-08-19T13:09:23.5686722Z   egress-policy: audit
2025-08-19T13:09:23.5687251Z   allowed-endpoints: api.github.com:443 github.com:443 golang.org:443 proxy.golang.org:443 sum.golang.org:443 objects.githubusercontent.com:443

2025-08-19T13:09:23.5688210Z   token: ***
2025-08-19T13:09:23.5688404Z   disable-telemetry: false
2025-08-19T13:09:23.5688609Z   disable-sudo: false
2025-08-19T13:09:23.5688816Z   disable-sudo-and-containers: false
2025-08-19T13:09:23.5689063Z   disable-file-monitoring: false
2025-08-19T13:09:23.5689546Z env:
2025-08-19T13:09:23.5689714Z   GO_VERSION: 1.24
2025-08-19T13:09:23.5689907Z   REGISTRY: ghcr.io
2025-08-19T13:09:23.5690112Z   IMAGE_NAME: nephoran/conductor-loop
2025-08-19T13:09:23.5690348Z   SECURITY_SCAN_LEVEL: standard
2025-08-19T13:09:23.5690560Z ##[endgroup]
2025-08-19T13:09:23.7386364Z [harden-runner] pre-step
2025-08-19T13:09:23.7389436Z [!] Current Configuration: 
2025-08-19T13:09:23.7393192Z {"repo":"thc1006/nephoran-intent-operator","run_id":"17070554235","correlation_id":"0dc32596-76ce-41ab-8834-6b85dc4754e8","working_directory":"/home/runner/work/nephoran-intent-operator/nephoran-intent-operator","api_url":"https://agent.api.stepsecurity.io/v1","allowed_endpoints":"api.github.com:443 github.com:443 golang.org:443 proxy.golang.org:443 sum.golang.org:443 objects.githubusercontent.com:443","egress_policy":"audit","disable_telemetry":false,"disable_sudo":false,"disable_sudo_and_containers":false,"disable_file_monitoring":false,"private":false,"is_github_hosted":true,"is_debug":false,"one_time_key":""}
2025-08-19T13:09:23.7396027Z 
2025-08-19T13:09:23.7396464Z [32mView security insights and recommended policy at:[0m
2025-08-19T13:09:23.7397095Z https://app.stepsecurity.io/github/thc1006/nephoran-intent-operator/actions/runs/17070554235
2025-08-19T13:09:23.7397801Z RUNNER_NAME: GitHub Actions 1000010565
2025-08-19T13:09:24.4621519Z Runner IP Address: 52.173.163.130
2025-08-19T13:09:24.4622200Z Step Security Job Correlation ID: 0dc32596-76ce-41ab-8834-6b85dc4754e8
2025-08-19T13:09:24.4823822Z [!] Checking TLS_STATUS: thc1006
2025-08-19T13:09:24.6652189Z [!] TLS_NOT_ENABLED: thc1006
2025-08-19T13:09:25.1489889Z [command]/usr/bin/tar xz --warning=no-unknown-keyword --overwrite -C /home/runner/work/_temp/bead84e5-2fe1-415e-bead-aed861d4187d -f /home/runner/work/_temp/666d5eb5-0e20-4222-ba61-3a4666ea9b98
2025-08-19T13:09:28.2191145Z Initialized
2025-08-19T13:09:28.2371202Z ##[group]Run step-security/harden-runner@v2
2025-08-19T13:09:28.2371522Z with:
2025-08-19T13:09:28.2371692Z   egress-policy: audit
2025-08-19T13:09:28.2372200Z   allowed-endpoints: api.github.com:443 github.com:443 golang.org:443 proxy.golang.org:443 sum.golang.org:443 objects.githubusercontent.com:443

2025-08-19T13:09:28.2372875Z   token: ***
2025-08-19T13:09:28.2373051Z   disable-telemetry: false
2025-08-19T13:09:28.2373253Z   disable-sudo: false
2025-08-19T13:09:28.2373446Z   disable-sudo-and-containers: false
2025-08-19T13:09:28.2373683Z   disable-file-monitoring: false
2025-08-19T13:09:28.2373881Z env:
2025-08-19T13:09:28.2374017Z   GO_VERSION: 1.24
2025-08-19T13:09:28.2374179Z   REGISTRY: ghcr.io
2025-08-19T13:09:28.2374360Z   IMAGE_NAME: nephoran/conductor-loop
2025-08-19T13:09:28.2374589Z   SECURITY_SCAN_LEVEL: standard
2025-08-19T13:09:28.2374789Z   STATE_disableSudo: false
2025-08-19T13:09:28.2374996Z   STATE_disableSudoAndContainers: false
2025-08-19T13:09:28.2375264Z   STATE_monitorStatusCode: 200
2025-08-19T13:09:28.2375465Z   STATE_addSummary: false
2025-08-19T13:09:28.2375711Z   STATE_correlation_id: 0dc32596-76ce-41ab-8834-6b85dc4754e8
2025-08-19T13:09:28.2375981Z   STATE_isTLS: false
2025-08-19T13:09:28.2376393Z ##[endgroup]
2025-08-19T13:09:28.3091282Z [harden-runner] main-step
2025-08-19T13:09:28.3098338Z [32mView security insights and recommended policy at:[0m
2025-08-19T13:09:28.3099479Z https://app.stepsecurity.io/github/thc1006/nephoran-intent-operator/actions/runs/17070554235
2025-08-19T13:09:28.3223115Z ##[group]Run actions/checkout@v4
2025-08-19T13:09:28.3223372Z with:
2025-08-19T13:09:28.3223546Z   fetch-depth: 0
2025-08-19T13:09:28.3223765Z   repository: thc1006/nephoran-intent-operator
2025-08-19T13:09:28.3224138Z   token: ***
2025-08-19T13:09:28.3224310Z   ssh-strict: true
2025-08-19T13:09:28.3224486Z   ssh-user: git
2025-08-19T13:09:28.3224665Z   persist-credentials: true
2025-08-19T13:09:28.3224874Z   clean: true
2025-08-19T13:09:28.3225056Z   sparse-checkout-cone-mode: true
2025-08-19T13:09:28.3225285Z   fetch-tags: false
2025-08-19T13:09:28.3225469Z   show-progress: true
2025-08-19T13:09:28.3225644Z   lfs: false
2025-08-19T13:09:28.3225806Z   submodules: false
2025-08-19T13:09:28.3225995Z   set-safe-directory: true
2025-08-19T13:09:28.3226189Z env:
2025-08-19T13:09:28.3226337Z   GO_VERSION: 1.24
2025-08-19T13:09:28.3226508Z   REGISTRY: ghcr.io
2025-08-19T13:09:28.3226696Z   IMAGE_NAME: nephoran/conductor-loop
2025-08-19T13:09:28.3226936Z   SECURITY_SCAN_LEVEL: standard
2025-08-19T13:09:28.3227176Z ##[endgroup]
2025-08-19T13:09:28.4251086Z Syncing repository: thc1006/nephoran-intent-operator
2025-08-19T13:09:28.4252682Z ##[group]Getting Git version info
2025-08-19T13:09:28.4253246Z Working directory is '/home/runner/work/nephoran-intent-operator/nephoran-intent-operator'
2025-08-19T13:09:28.4254000Z [command]/usr/bin/git version
2025-08-19T13:09:28.4265420Z git version 2.50.1
2025-08-19T13:09:28.4300258Z ##[endgroup]
2025-08-19T13:09:28.4313725Z Temporarily overriding HOME='/home/runner/work/_temp/ecab84ae-948e-49e3-963d-d9c61e36a4c1' before making global git config changes
2025-08-19T13:09:28.4314606Z Adding repository directory to the temporary git global config as a safe directory
2025-08-19T13:09:28.4319269Z [command]/usr/bin/git config --global --add safe.directory /home/runner/work/nephoran-intent-operator/nephoran-intent-operator
2025-08-19T13:09:28.4356597Z Deleting the contents of '/home/runner/work/nephoran-intent-operator/nephoran-intent-operator'
2025-08-19T13:09:28.4360206Z ##[group]Initializing the repository
2025-08-19T13:09:28.4364279Z [command]/usr/bin/git init /home/runner/work/nephoran-intent-operator/nephoran-intent-operator
2025-08-19T13:09:28.4497742Z hint: Using 'master' as the name for the initial branch. This default branch name
2025-08-19T13:09:28.4498376Z hint: is subject to change. To configure the initial branch name to use in all
2025-08-19T13:09:28.4498859Z hint: of your new repositories, which will suppress this warning, call:
2025-08-19T13:09:28.4499173Z hint:
2025-08-19T13:09:28.4499414Z hint: 	git config --global init.defaultBranch <name>
2025-08-19T13:09:28.4499694Z hint:
2025-08-19T13:09:28.4500144Z hint: Names commonly chosen instead of 'master' are 'main', 'trunk' and
2025-08-19T13:09:28.4500970Z hint: 'development'. The just-created branch can be renamed via this command:
2025-08-19T13:09:28.4501578Z hint:
2025-08-19T13:09:28.4501870Z hint: 	git branch -m <name>
2025-08-19T13:09:28.4502217Z hint:
2025-08-19T13:09:28.4502748Z hint: Disable this message with "git config set advice.defaultBranchName false"
2025-08-19T13:09:28.4505358Z Initialized empty Git repository in /home/runner/work/nephoran-intent-operator/nephoran-intent-operator/.git/
2025-08-19T13:09:28.4517045Z [command]/usr/bin/git remote add origin https://github.com/thc1006/nephoran-intent-operator
2025-08-19T13:09:28.4556411Z ##[endgroup]
2025-08-19T13:09:28.4556807Z ##[group]Disabling automatic garbage collection
2025-08-19T13:09:28.4560817Z [command]/usr/bin/git config --local gc.auto 0
2025-08-19T13:09:28.4592409Z ##[endgroup]
2025-08-19T13:09:28.4592735Z ##[group]Setting up auth
2025-08-19T13:09:28.4599558Z [command]/usr/bin/git config --local --name-only --get-regexp core\.sshCommand
2025-08-19T13:09:28.4633030Z [command]/usr/bin/git submodule foreach --recursive sh -c "git config --local --name-only --get-regexp 'core\.sshCommand' && git config --local --unset-all 'core.sshCommand' || :"
2025-08-19T13:09:28.5015985Z [command]/usr/bin/git config --local --name-only --get-regexp http\.https\:\/\/github\.com\/\.extraheader
2025-08-19T13:09:28.5046739Z [command]/usr/bin/git submodule foreach --recursive sh -c "git config --local --name-only --get-regexp 'http\.https\:\/\/github\.com\/\.extraheader' && git config --local --unset-all 'http.https://github.com/.extraheader' || :"
2025-08-19T13:09:28.5304221Z [command]/usr/bin/git config --local http.https://github.com/.extraheader AUTHORIZATION: basic ***
2025-08-19T13:09:28.5352150Z ##[endgroup]
2025-08-19T13:09:28.5352742Z ##[group]Fetching the repository
2025-08-19T13:09:28.5363262Z [command]/usr/bin/git -c protocol.version=2 fetch --prune --no-recurse-submodules origin +refs/heads/*:refs/remotes/origin/* +refs/tags/*:refs/tags/*
2025-08-19T13:09:36.5408027Z From https://github.com/thc1006/nephoran-intent-operator
2025-08-19T13:09:36.5408984Z  * [new branch]        chore/claude-commands-and-hooks -> origin/chore/claude-commands-and-hooks
2025-08-19T13:09:36.5412932Z  * [new branch]        chore/conductor-governance -> origin/chore/conductor-governance
2025-08-19T13:09:36.5413787Z  * [new branch]        chore/conductor-setup  -> origin/chore/conductor-setup
2025-08-19T13:09:36.5416883Z  * [new branch]        chore/repo-hygiene     -> origin/chore/repo-hygiene
2025-08-19T13:09:36.5425021Z  * [new branch]        dependabot/github_actions/actions/configure-pages-5 -> origin/dependabot/github_actions/actions/configure-pages-5
2025-08-19T13:09:36.5429951Z  * [new branch]        dependabot/github_actions/codecov/codecov-action-5 -> origin/dependabot/github_actions/codecov/codecov-action-5
2025-08-19T13:09:36.5435310Z  * [new branch]        dependabot/github_actions/golangci/golangci-lint-action-8 -> origin/dependabot/github_actions/golangci/golangci-lint-action-8
2025-08-19T13:09:36.5442753Z  * [new branch]        dependabot/github_actions/hashicorp/setup-terraform-3 -> origin/dependabot/github_actions/hashicorp/setup-terraform-3
2025-08-19T13:09:36.5447141Z  * [new branch]        dependabot/github_actions/helm/kind-action-1.12.0 -> origin/dependabot/github_actions/helm/kind-action-1.12.0
2025-08-19T13:09:36.5454353Z  * [new branch]        dependabot/go_modules/cloud.google.com/go/compute-1.43.0 -> origin/dependabot/go_modules/cloud.google.com/go/compute-1.43.0
2025-08-19T13:09:36.5457487Z  * [new branch]        dependabot/go_modules/cloud.google.com/go/container-1.44.0 -> origin/dependabot/go_modules/cloud.google.com/go/container-1.44.0
2025-08-19T13:09:36.5465207Z  * [new branch]        dependabot/go_modules/github.com/Azure/azure-sdk-for-go/sdk/azcore-1.18.2 -> origin/dependabot/go_modules/github.com/Azure/azure-sdk-for-go/sdk/azcore-1.18.2
2025-08-19T13:09:36.5470592Z  * [new branch]        dependabot/go_modules/github.com/aws/aws-sdk-go-v2-1.38.0 -> origin/dependabot/go_modules/github.com/aws/aws-sdk-go-v2-1.38.0
2025-08-19T13:09:36.5476673Z  * [new branch]        dependabot/go_modules/github.com/aws/aws-sdk-go-v2/credentials-1.18.4 -> origin/dependabot/go_modules/github.com/aws/aws-sdk-go-v2/credentials-1.18.4
2025-08-19T13:09:36.5482107Z  * [new branch]        dependabot/go_modules/github.com/aws/aws-sdk-go-v2/service/sts-1.37.0 -> origin/dependabot/go_modules/github.com/aws/aws-sdk-go-v2/service/sts-1.37.0
2025-08-19T13:09:36.5489226Z  * [new branch]        dependabot/go_modules/go.opentelemetry.io/otel/exporters/prometheus-0.59.1 -> origin/dependabot/go_modules/go.opentelemetry.io/otel/exporters/prometheus-0.59.1
2025-08-19T13:09:36.5494960Z  * [new branch]        dependabot/go_modules/golang.org/x/net-0.43.0 -> origin/dependabot/go_modules/golang.org/x/net-0.43.0
2025-08-19T13:09:36.5501231Z  * [new branch]        dependabot/go_modules/helm.sh/helm/v3-3.18.5 -> origin/dependabot/go_modules/helm.sh/helm/v3-3.18.5
2025-08-19T13:09:36.5506270Z  * [new branch]        dependabot/go_modules/k8s.io/client-go-0.33.4 -> origin/dependabot/go_modules/k8s.io/client-go-0.33.4
2025-08-19T13:09:36.5511521Z  * [new branch]        feat/a1-policy-sim     -> origin/feat/a1-policy-sim
2025-08-19T13:09:36.5516721Z  * [new branch]        feat/admission-webhook -> origin/feat/admission-webhook
2025-08-19T13:09:36.5519407Z  * [new branch]        feat/ci-guard          -> origin/feat/ci-guard
2025-08-19T13:09:36.5523587Z  * [new branch]        feat/conductor-file-watcher -> origin/feat/conductor-file-watcher
2025-08-19T13:09:36.5528054Z  * [new branch]        feat/conductor-loop    -> origin/feat/conductor-loop
2025-08-19T13:09:36.5532055Z  * [new branch]        feat/e2-kpm-sim        -> origin/feat/e2-kpm-sim
2025-08-19T13:09:36.5535004Z  * [new branch]        feat/e2e               -> origin/feat/e2e
2025-08-19T13:09:36.5539725Z  * [new branch]        feat/examples-mvp      -> origin/feat/examples-mvp
2025-08-19T13:09:36.5545615Z  * [new branch]        feat/ingest-llm        -> origin/feat/ingest-llm
2025-08-19T13:09:36.5553708Z  * [new branch]        feat/ingest-tests-and-errors -> origin/feat/ingest-tests-and-errors
2025-08-19T13:09:36.5555241Z  * [new branch]        feat/o1-ves-sim        -> origin/feat/o1-ves-sim
2025-08-19T13:09:36.5561432Z  * [new branch]        feat/planner           -> origin/feat/planner
2025-08-19T13:09:36.5562357Z  * [new branch]        feat/porch-direct      -> origin/feat/porch-direct
2025-08-19T13:09:36.5565440Z  * [new branch]        feat/porch-publisher   -> origin/feat/porch-publisher
2025-08-19T13:09:36.5571600Z  * [new branch]        feat/porch-structured-patch -> origin/feat/porch-structured-patch
2025-08-19T13:09:36.5574798Z  * [new branch]        feat/sim-fcaps-to-intent -> origin/feat/sim-fcaps-to-intent
2025-08-19T13:09:36.5581585Z  * [new branch]        feat/test-harness      -> origin/feat/test-harness
2025-08-19T13:09:36.5587389Z  * [new branch]        integrate/mvp          -> origin/integrate/mvp
2025-08-19T13:09:36.5590591Z  * [new branch]        main                   -> origin/main
2025-08-19T13:09:36.5595207Z  * [new tag]           backup/pre-cleanup-20250813234213 -> backup/pre-cleanup-20250813234213
2025-08-19T13:09:36.5597890Z  * [new tag]           v0.1.0-mvp             -> v0.1.0-mvp
2025-08-19T13:09:36.5652563Z [command]/usr/bin/git branch --list --remote origin/feat/conductor-loop
2025-08-19T13:09:36.5686986Z   origin/feat/conductor-loop
2025-08-19T13:09:36.5696724Z [command]/usr/bin/git rev-parse refs/remotes/origin/feat/conductor-loop
2025-08-19T13:09:36.5718677Z 466806fe950338ae4ffff485b592c7e933197d57
2025-08-19T13:09:36.5724149Z ##[endgroup]
2025-08-19T13:09:36.5724679Z ##[group]Determining the checkout info
2025-08-19T13:09:36.5728916Z ##[endgroup]
2025-08-19T13:09:36.5731627Z [command]/usr/bin/git sparse-checkout disable
2025-08-19T13:09:36.5775394Z [command]/usr/bin/git config --local --unset-all extensions.worktreeConfig
2025-08-19T13:09:36.5804152Z ##[group]Checking out the ref
2025-08-19T13:09:36.5808715Z [command]/usr/bin/git checkout --progress --force -B feat/conductor-loop refs/remotes/origin/feat/conductor-loop
2025-08-19T13:09:37.0544880Z Switched to a new branch 'feat/conductor-loop'
2025-08-19T13:09:37.0549433Z branch 'feat/conductor-loop' set up to track 'origin/feat/conductor-loop'.
2025-08-19T13:09:37.0580526Z ##[endgroup]
2025-08-19T13:09:37.0631007Z [command]/usr/bin/git log -1 --format=%H
2025-08-19T13:09:37.0656577Z 466806fe950338ae4ffff485b592c7e933197d57
2025-08-19T13:09:37.0792311Z ##[group]Run actions/setup-go@v5
2025-08-19T13:09:37.0792551Z with:
2025-08-19T13:09:37.0792714Z   go-version: 1.24
2025-08-19T13:09:37.0792887Z   cache: true
2025-08-19T13:09:37.0793048Z   check-latest: false
2025-08-19T13:09:37.0793343Z   token: ***
2025-08-19T13:09:37.0793504Z env:
2025-08-19T13:09:37.0793657Z   GO_VERSION: 1.24
2025-08-19T13:09:37.0793825Z   REGISTRY: ghcr.io
2025-08-19T13:09:37.0794024Z   IMAGE_NAME: nephoran/conductor-loop
2025-08-19T13:09:37.0794267Z   SECURITY_SCAN_LEVEL: standard
2025-08-19T13:09:37.0794705Z ##[endgroup]
2025-08-19T13:09:37.2378307Z Setup go version spec 1.24
2025-08-19T13:09:37.2561956Z Found in cache @ /opt/hostedtoolcache/go/1.24.6/x64
2025-08-19T13:09:37.2566763Z Added go to the path
2025-08-19T13:09:37.2570713Z Successfully set up Go version 1.24
2025-08-19T13:09:37.9526553Z [command]/opt/hostedtoolcache/go/1.24.6/x64/bin/go env GOMODCACHE
2025-08-19T13:09:37.9558337Z [command]/opt/hostedtoolcache/go/1.24.6/x64/bin/go env GOCACHE
2025-08-19T13:09:37.9581983Z /home/runner/go/pkg/mod
2025-08-19T13:09:37.9610978Z /home/runner/.cache/go-build
2025-08-19T13:09:38.1583977Z Cache hit for: setup-go-Linux-x64-ubuntu24-go-1.24.6-583fed57d4cf4dd6f943285f723932abe219c2045356bcefc416fcf717aeff8b
2025-08-19T13:09:39.3808730Z Received 88080384 of 528556000 (16.7%), 84.0 MBs/sec
2025-08-19T13:09:40.3766420Z Received 264241152 of 528556000 (50.0%), 126.0 MBs/sec
2025-08-19T13:09:41.3782925Z Received 402653184 of 528556000 (76.2%), 127.9 MBs/sec
2025-08-19T13:09:42.1185752Z Received 528556000 of 528556000 (100.0%), 134.7 MBs/sec
2025-08-19T13:09:42.1188192Z Cache Size: ~504 MB (528556000 B)
2025-08-19T13:09:42.1229205Z [command]/usr/bin/tar -xf /home/runner/work/_temp/63e5c6ab-7dd3-4edb-a140-b36a22fe3ba2/cache.tzst -P -C /home/runner/work/nephoran-intent-operator/nephoran-intent-operator --use-compress-program unzstd
2025-08-19T13:09:47.8619635Z Cache restored successfully
2025-08-19T13:09:47.9622907Z Cache restored from key: setup-go-Linux-x64-ubuntu24-go-1.24.6-583fed57d4cf4dd6f943285f723932abe219c2045356bcefc416fcf717aeff8b
2025-08-19T13:09:47.9645865Z go version go1.24.6 linux/amd64
2025-08-19T13:09:47.9646127Z 
2025-08-19T13:09:47.9646500Z ##[group]go env
2025-08-19T13:09:47.9898160Z AR='ar'
2025-08-19T13:09:47.9898480Z CC='gcc'
2025-08-19T13:09:47.9898805Z CGO_CFLAGS='-O2 -g'
2025-08-19T13:09:47.9899171Z CGO_CPPFLAGS=''
2025-08-19T13:09:47.9899529Z CGO_CXXFLAGS='-O2 -g'
2025-08-19T13:09:47.9899888Z CGO_ENABLED='1'
2025-08-19T13:09:47.9900212Z CGO_FFLAGS='-O2 -g'
2025-08-19T13:09:47.9900564Z CGO_LDFLAGS='-O2 -g'
2025-08-19T13:09:47.9900890Z CXX='g++'
2025-08-19T13:09:47.9901206Z GCCGO='gccgo'
2025-08-19T13:09:47.9901545Z GO111MODULE=''
2025-08-19T13:09:47.9901970Z GOAMD64='v1'
2025-08-19T13:09:47.9902264Z GOARCH='amd64'
2025-08-19T13:09:47.9902551Z GOAUTH='netrc'
2025-08-19T13:09:47.9902826Z GOBIN=''
2025-08-19T13:09:47.9903140Z GOCACHE='/home/runner/.cache/go-build'
2025-08-19T13:09:47.9903591Z GOCACHEPROG=''
2025-08-19T13:09:47.9903873Z GODEBUG=''
2025-08-19T13:09:47.9904191Z GOENV='/home/runner/.config/go/env'
2025-08-19T13:09:47.9904591Z GOEXE=''
2025-08-19T13:09:47.9904864Z GOEXPERIMENT=''
2025-08-19T13:09:47.9905172Z GOFIPS140='off'
2025-08-19T13:09:47.9905465Z GOFLAGS=''
2025-08-19T13:09:47.9906496Z GOGCCFLAGS='-fPIC -m64 -pthread -Wl,--no-gc-sections -fmessage-length=0 -ffile-prefix-map=/tmp/go-build2137699221=/tmp/go-build -gno-record-gcc-switches'
2025-08-19T13:09:47.9907732Z GOHOSTARCH='amd64'
2025-08-19T13:09:47.9908063Z GOHOSTOS='linux'
2025-08-19T13:09:47.9908392Z GOINSECURE=''
2025-08-19T13:09:47.9909009Z GOMOD='/home/runner/work/nephoran-intent-operator/nephoran-intent-operator/go.mod'
2025-08-19T13:09:47.9909761Z GOMODCACHE='/home/runner/go/pkg/mod'
2025-08-19T13:09:47.9910185Z GONOPROXY=''
2025-08-19T13:09:47.9910469Z GONOSUMDB=''
2025-08-19T13:09:47.9910777Z GOOS='linux'
2025-08-19T13:09:47.9911068Z GOPATH='/home/runner/go'
2025-08-19T13:09:47.9911401Z GOPRIVATE=''
2025-08-19T13:09:47.9911764Z GOPROXY='https://proxy.golang.org,direct'
2025-08-19T13:09:47.9912586Z GOROOT='/opt/hostedtoolcache/go/1.24.6/x64'
2025-08-19T13:09:47.9913080Z GOSUMDB='sum.golang.org'
2025-08-19T13:09:47.9913438Z GOTELEMETRY='local'
2025-08-19T13:09:47.9913832Z GOTELEMETRYDIR='/home/runner/.config/go/telemetry'
2025-08-19T13:09:47.9914297Z GOTMPDIR=''
2025-08-19T13:09:47.9914591Z GOTOOLCHAIN='auto'
2025-08-19T13:09:47.9915091Z GOTOOLDIR='/opt/hostedtoolcache/go/1.24.6/x64/pkg/tool/linux_amd64'
2025-08-19T13:09:47.9915631Z GOVCS=''
2025-08-19T13:09:47.9915910Z GOVERSION='go1.24.6'
2025-08-19T13:09:47.9916213Z GOWORK=''
2025-08-19T13:09:47.9916772Z PKG_CONFIG='pkg-config'
2025-08-19T13:09:47.9916990Z 
2025-08-19T13:09:47.9917424Z ##[endgroup]
2025-08-19T13:09:48.0072118Z ##[group]Run go mod download
2025-08-19T13:09:48.0072423Z [36;1mgo mod download[0m
2025-08-19T13:09:48.0072642Z [36;1mgo mod verify[0m
2025-08-19T13:09:48.0126228Z shell: /usr/bin/bash -e {0}
2025-08-19T13:09:48.0126475Z env:
2025-08-19T13:09:48.0126635Z   GO_VERSION: 1.24
2025-08-19T13:09:48.0126822Z   REGISTRY: ghcr.io
2025-08-19T13:09:48.0127038Z   IMAGE_NAME: nephoran/conductor-loop
2025-08-19T13:09:48.0127286Z   SECURITY_SCAN_LEVEL: standard
2025-08-19T13:09:48.0127500Z ##[endgroup]
2025-08-19T13:09:52.7660004Z all modules verified
2025-08-19T13:09:52.7761627Z ##[group]Run dependency-check/Dependency-Check_Action@main
2025-08-19T13:09:52.7761959Z with:
2025-08-19T13:09:52.7762141Z   project: conductor-loop
2025-08-19T13:09:52.7762391Z   path: ./cmd/conductor-loop ./internal/loop
2025-08-19T13:09:52.7762651Z   format: SARIF
2025-08-19T13:09:52.7762943Z   args: --enableRetired --scan "**/go.mod" --scan "**/go.sum"

2025-08-19T13:09:52.7763230Z   out: reports
2025-08-19T13:09:52.7763394Z env:
2025-08-19T13:09:52.7763550Z   GO_VERSION: 1.24
2025-08-19T13:09:52.7763720Z   REGISTRY: ghcr.io
2025-08-19T13:09:52.7763919Z   IMAGE_NAME: nephoran/conductor-loop
2025-08-19T13:09:52.7764174Z   SECURITY_SCAN_LEVEL: standard
2025-08-19T13:09:52.7764382Z ##[endgroup]
2025-08-19T13:09:52.7886476Z ##[command]/usr/bin/docker run --name c735e9af7272de405bb14bb7069b8b0733_0930bf --label 0843c7 --workdir /github/workspace --rm -e "GO_VERSION" -e "REGISTRY" -e "IMAGE_NAME" -e "SECURITY_SCAN_LEVEL" -e "INPUT_PROJECT" -e "INPUT_PATH" -e "INPUT_FORMAT" -e "INPUT_ARGS" -e "INPUT_OUT" -e "HOME" -e "GITHUB_JOB" -e "GITHUB_REF" -e "GITHUB_SHA" -e "GITHUB_REPOSITORY" -e "GITHUB_REPOSITORY_OWNER" -e "GITHUB_REPOSITORY_OWNER_ID" -e "GITHUB_RUN_ID" -e "GITHUB_RUN_NUMBER" -e "GITHUB_RETENTION_DAYS" -e "GITHUB_RUN_ATTEMPT" -e "GITHUB_ACTOR_ID" -e "GITHUB_ACTOR" -e "GITHUB_WORKFLOW" -e "GITHUB_HEAD_REF" -e "GITHUB_BASE_REF" -e "GITHUB_EVENT_NAME" -e "GITHUB_SERVER_URL" -e "GITHUB_API_URL" -e "GITHUB_GRAPHQL_URL" -e "GITHUB_REF_NAME" -e "GITHUB_REF_PROTECTED" -e "GITHUB_REF_TYPE" -e "GITHUB_WORKFLOW_REF" -e "GITHUB_WORKFLOW_SHA" -e "GITHUB_REPOSITORY_ID" -e "GITHUB_TRIGGERING_ACTOR" -e "GITHUB_WORKSPACE" -e "GITHUB_ACTION" -e "GITHUB_EVENT_PATH" -e "GITHUB_ACTION_REPOSITORY" -e "GITHUB_ACTION_REF" -e "GITHUB_PATH" -e "GITHUB_ENV" -e "GITHUB_STEP_SUMMARY" -e "GITHUB_STATE" -e "GITHUB_OUTPUT" -e "RUNNER_OS" -e "RUNNER_ARCH" -e "RUNNER_NAME" -e "RUNNER_ENVIRONMENT" -e "RUNNER_TOOL_CACHE" -e "RUNNER_TEMP" -e "RUNNER_WORKSPACE" -e "ACTIONS_RUNTIME_URL" -e "ACTIONS_RUNTIME_TOKEN" -e "ACTIONS_CACHE_URL" -e "ACTIONS_RESULTS_URL" -e GITHUB_ACTIONS=true -e CI=true -v "/var/run/docker.sock":"/var/run/docker.sock" -v "/home/runner/work/_temp/_github_home":"/github/home" -v "/home/runner/work/_temp/_github_workflow":"/github/workflow" -v "/home/runner/work/_temp/_runner_file_commands":"/github/file_commands" -v "/home/runner/work/nephoran-intent-operator/nephoran-intent-operator":"/github/workspace" 0843c7:35e9af7272de405bb14bb7069b8b0733  "--project" "conductor-loop" "--scan" "/github/workspace/./cmd/conductor-loop ./internal/loop" "--format" "SARIF" "--out" "/github/workspace/reports" "--noupdate" "--enableRetired --scan \"**/go.mod\" --scan \"**/go.sum\"
"
2025-08-19T13:09:56.5810533Z [INFO] 
2025-08-19T13:09:56.5810803Z 
2025-08-19T13:09:56.5814282Z Dependency-Check is an open source tool performing a best effort analysis of 3rd party dependencies; false positives and false negatives may exist in the analysis performed by the tool. Use of the tool and the reporting provided constitutes acceptance for use in an AS IS condition, and there are NO warranties, implied or otherwise, with regard to the analysis or its use. Any use of the tool and the reporting provided is at the user's risk. In no event shall the copyright holder or OWASP be held liable for any damages whatsoever arising out of or in connection with the use of this tool, the analysis performed, or the resulting report.
2025-08-19T13:09:56.5816619Z 
2025-08-19T13:09:56.5816624Z 
2025-08-19T13:09:56.5816964Z    About ODC: https://dependency-check.github.io/DependencyCheck/general/internals.html
2025-08-19T13:09:56.5817886Z    False Positives: https://dependency-check.github.io/DependencyCheck/general/suppression.html
2025-08-19T13:09:56.5818255Z 
2025-08-19T13:09:56.5818632Z 💖 Sponsor: https://github.com/sponsors/jeremylong
2025-08-19T13:09:56.5818842Z 
2025-08-19T13:09:56.5818846Z 
2025-08-19T13:09:56.5818938Z [INFO] Analysis Started
2025-08-19T13:09:56.5843592Z [INFO] Finished File Name Analyzer (0 seconds)
2025-08-19T13:09:56.5846045Z [INFO] Finished Dependency Merging Analyzer (0 seconds)
2025-08-19T13:09:56.6786073Z [INFO] Finished Hint Analyzer (0 seconds)
2025-08-19T13:09:56.6793154Z [INFO] Finished Version Filter Analyzer (0 seconds)
2025-08-19T13:09:57.0872549Z Aug 19, 2025 1:09:57 PM org.apache.lucene.util.HotspotVMOptions <clinit>
2025-08-19T13:09:57.0873678Z WARNING: Lucene cannot optimize algorithms or calculate object sizes for JVMs that are not based on Hotspot or a compatible implementation.
2025-08-19T13:09:57.1067224Z WARNING: A restricted method in java.lang.foreign.Linker has been called
2025-08-19T13:09:57.1074890Z WARNING: java.lang.foreign.Linker::downcallHandle has been called by the unnamed module
2025-08-19T13:09:57.1076022Z WARNING: Use --enable-native-access=ALL-UNNAMED to avoid a warning for this module
2025-08-19T13:09:57.1076596Z 
2025-08-19T13:09:57.1947384Z Aug 19, 2025 1:09:57 PM org.apache.lucene.store.MemorySegmentIndexInputProvider <init>
2025-08-19T13:09:57.1949316Z INFO: Using MemorySegmentIndexInput and native madvise support with Java 21 or later; to disable start with -Dorg.apache.lucene.store.MMapDirectory.enableMemorySegments=false
2025-08-19T13:09:57.2593017Z Aug 19, 2025 1:09:57 PM org.apache.lucene.internal.vectorization.VectorizationProvider lookup
2025-08-19T13:09:57.2593742Z WARNING: Java runtime is not using Hotspot VM; Java vector incubator API can't be enabled.
2025-08-19T13:09:59.0005516Z [INFO] Created CPE Index (2 seconds)
2025-08-19T13:09:59.2008598Z [INFO] Finished CPE Analyzer (2 seconds)
2025-08-19T13:09:59.2013845Z [INFO] Finished False Positive Analyzer (0 seconds)
2025-08-19T13:09:59.2014414Z [INFO] Finished NVD CVE Analyzer (0 seconds)
2025-08-19T13:09:59.2014990Z [INFO] Finished Sonatype OSS Index Analyzer (0 seconds)
2025-08-19T13:09:59.2015657Z [INFO] Finished Vulnerability Suppression Analyzer (0 seconds)
2025-08-19T13:09:59.2321936Z [INFO] Finished Known Exploited Vulnerability Analyzer (0 seconds)
2025-08-19T13:09:59.2323308Z [INFO] Finished Dependency Bundling Analyzer (0 seconds)
2025-08-19T13:09:59.2327089Z [INFO] Finished Unused Suppression Rule Analyzer (0 seconds)
2025-08-19T13:09:59.2341321Z [INFO] Analysis Complete (2 seconds)
2025-08-19T13:09:59.2949250Z [INFO] Writing SARIF report to: /github/workspace/reports/dependency-check-report.sarif
2025-08-19T13:09:59.5020188Z ##[group]Run actions/upload-artifact@v4
2025-08-19T13:09:59.5020497Z with:
2025-08-19T13:09:59.5020679Z   name: dependency-check-report
2025-08-19T13:09:59.5020904Z   path: reports/
2025-08-19T13:09:59.5021094Z   if-no-files-found: warn
2025-08-19T13:09:59.5021298Z   compression-level: 6
2025-08-19T13:09:59.5021491Z   overwrite: false
2025-08-19T13:09:59.5021681Z   include-hidden-files: false
2025-08-19T13:09:59.5021885Z env:
2025-08-19T13:09:59.5022037Z   GO_VERSION: 1.24
2025-08-19T13:09:59.5022210Z   REGISTRY: ghcr.io
2025-08-19T13:09:59.5022412Z   IMAGE_NAME: nephoran/conductor-loop
2025-08-19T13:09:59.5022650Z   SECURITY_SCAN_LEVEL: standard
2025-08-19T13:09:59.5022857Z ##[endgroup]
2025-08-19T13:09:59.7137920Z With the provided path, there will be 1 file uploaded
2025-08-19T13:09:59.7144092Z Artifact name is valid!
2025-08-19T13:09:59.7145296Z Root directory input is valid!
2025-08-19T13:09:59.8671388Z Beginning upload of artifact content to blob storage
2025-08-19T13:10:00.0237145Z Uploaded bytes 1031
2025-08-19T13:10:00.0619732Z Finished uploading artifact content to blob storage!
2025-08-19T13:10:00.0622477Z SHA256 digest of uploaded artifact zip is c11e2a52482a2e81cd3ebb91936d54e22b4090b7d08ead02cceb0c3bb7bf47f4
2025-08-19T13:10:00.0624239Z Finalizing artifact upload
2025-08-19T13:10:00.2220624Z Artifact dependency-check-report.zip successfully finalized. Artifact ID 3798653811
2025-08-19T13:10:00.2221805Z Artifact dependency-check-report has been successfully uploaded! Final size is 1031 bytes. Artifact ID is 3798653811
2025-08-19T13:10:00.2228555Z Artifact download URL: https://github.com/thc1006/nephoran-intent-operator/actions/runs/17070554235/artifacts/3798653811
2025-08-19T13:10:00.2336090Z ##[group]Run actions/upload-artifact@v4
2025-08-19T13:10:00.2336377Z with:
2025-08-19T13:10:00.2336586Z   name: security-reports-dependency-check
2025-08-19T13:10:00.2336864Z   path: *.json
*.sarif
*.xml

2025-08-19T13:10:00.2337091Z   retention-days: 30
2025-08-19T13:10:00.2337292Z   if-no-files-found: warn
2025-08-19T13:10:00.2337521Z   compression-level: 6
2025-08-19T13:10:00.2338055Z   overwrite: false
2025-08-19T13:10:00.2338264Z   include-hidden-files: false
2025-08-19T13:10:00.2338481Z env:
2025-08-19T13:10:00.2338638Z   GO_VERSION: 1.24
2025-08-19T13:10:00.2338824Z   REGISTRY: ghcr.io
2025-08-19T13:10:00.2339038Z   IMAGE_NAME: nephoran/conductor-loop
2025-08-19T13:10:00.2339290Z   SECURITY_SCAN_LEVEL: standard
2025-08-19T13:10:00.2339511Z ##[endgroup]
2025-08-19T13:10:00.4548946Z With the provided path, there will be 4 files uploaded
2025-08-19T13:10:00.4554325Z Artifact name is valid!
2025-08-19T13:10:00.4556680Z Root directory input is valid!
2025-08-19T13:10:00.5935800Z Beginning upload of artifact content to blob storage
2025-08-19T13:10:00.8144953Z Uploaded bytes 1220
2025-08-19T13:10:00.8888862Z Finished uploading artifact content to blob storage!
2025-08-19T13:10:00.8891714Z SHA256 digest of uploaded artifact zip is 62b3a4ca2ea6623ca535c53328590da9e55e410583b08045853da39f433c5843
2025-08-19T13:10:00.8893975Z Finalizing artifact upload
2025-08-19T13:10:01.0435798Z Artifact security-reports-dependency-check.zip successfully finalized. Artifact ID 3798653948
2025-08-19T13:10:01.0436953Z Artifact security-reports-dependency-check has been successfully uploaded! Final size is 1220 bytes. Artifact ID is 3798653948
2025-08-19T13:10:01.0444756Z Artifact download URL: https://github.com/thc1006/nephoran-intent-operator/actions/runs/17070554235/artifacts/3798653948
2025-08-19T13:10:01.0580755Z Post job cleanup.
2025-08-19T13:10:01.2126172Z [command]/opt/hostedtoolcache/go/1.24.6/x64/bin/go env GOMODCACHE
2025-08-19T13:10:01.2166956Z [command]/opt/hostedtoolcache/go/1.24.6/x64/bin/go env GOCACHE
2025-08-19T13:10:01.2192748Z /home/runner/go/pkg/mod
2025-08-19T13:10:01.2218202Z /home/runner/.cache/go-build
2025-08-19T13:10:01.2223733Z Cache hit occurred on the primary key setup-go-Linux-x64-ubuntu24-go-1.24.6-583fed57d4cf4dd6f943285f723932abe219c2045356bcefc416fcf717aeff8b, not saving cache.
2025-08-19T13:10:01.2318471Z Post job cleanup.
2025-08-19T13:10:01.3255447Z [command]/usr/bin/git version
2025-08-19T13:10:01.3297317Z git version 2.50.1
2025-08-19T13:10:01.3349085Z Temporarily overriding HOME='/home/runner/work/_temp/c62e8548-83f3-4277-9eab-ebd3d490dff3' before making global git config changes
2025-08-19T13:10:01.3350457Z Adding repository directory to the temporary git global config as a safe directory
2025-08-19T13:10:01.3364267Z [command]/usr/bin/git config --global --add safe.directory /home/runner/work/nephoran-intent-operator/nephoran-intent-operator
2025-08-19T13:10:01.3403279Z [command]/usr/bin/git config --local --name-only --get-regexp core\.sshCommand
2025-08-19T13:10:01.3441561Z [command]/usr/bin/git submodule foreach --recursive sh -c "git config --local --name-only --get-regexp 'core\.sshCommand' && git config --local --unset-all 'core.sshCommand' || :"
2025-08-19T13:10:01.3711821Z [command]/usr/bin/git config --local --name-only --get-regexp http\.https\:\/\/github\.com\/\.extraheader
2025-08-19T13:10:01.3736606Z http.https://github.com/.extraheader
2025-08-19T13:10:01.3752153Z [command]/usr/bin/git config --local --unset-all http.https://github.com/.extraheader
2025-08-19T13:10:01.3791356Z [command]/usr/bin/git submodule foreach --recursive sh -c "git config --local --name-only --get-regexp 'http\.https\:\/\/github\.com\/\.extraheader' && git config --local --unset-all 'http.https://github.com/.extraheader' || :"
2025-08-19T13:10:01.4172071Z Post job cleanup.
2025-08-19T13:10:01.4888416Z [harden-runner] post-step
2025-08-19T13:10:02.4922203Z log:
2025-08-19T13:10:02.4923487Z Tue, 19 Aug 2025 13:09:26 GMT:[buildInfo] tag=v0.14.2 commit=a33c48b038c7b6ac98c789579037e76204e082d0 branch=HEAD 
2025-08-19T13:10:02.4924296Z 
2025-08-19T13:10:02.4924532Z Tue, 19 Aug 2025 13:09:26 GMT:read config 
2025-08-19T13:10:02.4932151Z  &{Repo:thc1006/nephoran-intent-operator CorrelationId:0dc32596-76ce-41ab-8834-6b85dc4754e8 RunId:17070554235 WorkingDirectory:/home/runner/work/nephoran-intent-operator/nephoran-intent-operator APIURL:https://agent.api.stepsecurity.io/v1 OneTimeKey: Endpoints:map[api.github.com.:[{domainName:api.github.com. port:443}] github.com.:[{domainName:github.com. port:443}] golang.org.:[{domainName:golang.org. port:443}] objects.githubusercontent.com.:[{domainName:objects.githubusercontent.com. port:443}] proxy.golang.org.:[{domainName:proxy.golang.org. port:443}] sum.golang.org.:[{domainName:sum.golang.org. port:443}]] EgressPolicy:audit DisableTelemetry:false DisableSudo:false DisableSudoAndContainers:false DisableFileMonitoring:false Private:false}
2025-08-19T13:10:02.4937161Z 
2025-08-19T13:10:02.4937869Z Tue, 19 Aug 2025 13:09:26 GMT:Step Security Job Correlation ID: 0dc32596-76ce-41ab-8834-6b85dc4754e8
2025-08-19T13:10:02.4938454Z 
2025-08-19T13:10:02.4938941Z Tue, 19 Aug 2025 13:09:26 GMT:Global feature flags: {AgentType:agent-oss EnableArmour:true}
2025-08-19T13:10:02.4939768Z Tue, 19 Aug 2025 13:09:26 GMT:initialized global feature flags
2025-08-19T13:10:02.4940185Z 
2025-08-19T13:10:02.4940439Z Tue, 19 Aug 2025 13:09:26 GMT:started process monitor
2025-08-19T13:10:02.4940801Z 
2025-08-19T13:10:02.4941051Z Tue, 19 Aug 2025 13:09:26 GMT:Monitor Processes called
2025-08-19T13:10:02.4941626Z Tue, 19 Aug 2025 13:09:26 GMT:NewAuditClient created
2025-08-19T13:10:02.4942152Z Tue, 19 Aug 2025 13:09:26 GMT:Status is enabled
2025-08-19T13:10:02.4942620Z Tue, 19 Aug 2025 13:09:26 GMT:Rules deleted
2025-08-19T13:10:02.4943390Z Tue, 19 Aug 2025 13:09:26 GMT:File monitor added for /home/runner/work/nephoran-intent-operator/nephoran-intent-operator
2025-08-19T13:10:02.4944257Z Tue, 19 Aug 2025 13:09:26 GMT:Agent file monitor added
2025-08-19T13:10:02.4944838Z Tue, 19 Aug 2025 13:09:26 GMT:Docker's daemon.json file monitor added
2025-08-19T13:10:02.4945490Z Tue, 19 Aug 2025 13:09:26 GMT:Systemd's resolved.conf file monitor added
2025-08-19T13:10:02.4946063Z Tue, 19 Aug 2025 13:09:26 GMT:Net monitor added
2025-08-19T13:10:02.4946615Z Tue, 19 Aug 2025 13:09:26 GMT:Process monitor added
2025-08-19T13:10:02.4947043Z Tue, 19 Aug 2025 13:09:26 GMT:receive called
2025-08-19T13:10:02.4947239Z 
2025-08-19T13:10:02.4947244Z 
2025-08-19T13:10:02.4947363Z Tue, 19 Aug 2025 13:09:26 GMT:updated resolved
2025-08-19T13:10:02.4948653Z 
2025-08-19T13:10:02.4948791Z Tue, 19 Aug 2025 13:09:27 GMT:set docker config
2025-08-19T13:10:02.4948975Z 
2025-08-19T13:10:02.4949097Z Tue, 19 Aug 2025 13:09:27 GMT:before audit rules
2025-08-19T13:10:02.4949400Z Tue, 19 Aug 2025 13:09:27 GMT:added audit rules
2025-08-19T13:10:02.4949682Z Tue, 19 Aug 2025 13:09:27 GMT:Armour is enabled
2025-08-19T13:10:02.4949962Z Tue, 19 Aug 2025 13:09:28 GMT:Armour attached
2025-08-19T13:10:02.4950237Z Tue, 19 Aug 2025 13:09:28 GMT:done
2025-08-19T13:10:02.4951331Z Tue, 19 Aug 2025 13:09:28 GMT:[Source code overwritten] file: /home/runner/work/nephoran-intent-operator/nephoran-intent-operator/.git/config.lock syscall: openat by exe: /usr/bin/git [324c8e1c70df886c33f9de6baea3e69badf185588d7724d68da69d4be7933a74] Timestamp: 2025-08-19T13:09:28.452Z
2025-08-19T13:10:02.4954626Z Tue, 19 Aug 2025 13:09:28 GMT:[Source code overwritten] file: /home/runner/work/nephoran-intent-operator/nephoran-intent-operator/.git/config syscall: rename by exe: /usr/bin/git [324c8e1c70df886c33f9de6baea3e69badf185588d7724d68da69d4be7933a74] Timestamp: 2025-08-19T13:09:28.452Z
2025-08-19T13:10:02.4956941Z Tue, 19 Aug 2025 13:09:28 GMT:[Source code overwritten] file: /home/runner/work/nephoran-intent-operator/nephoran-intent-operator/.git/config.lock syscall: openat by exe: /usr/bin/git [324c8e1c70df886c33f9de6baea3e69badf185588d7724d68da69d4be7933a74] Timestamp: 2025-08-19T13:09:28.452Z
2025-08-19T13:10:02.4959256Z Tue, 19 Aug 2025 13:09:28 GMT:[Source code overwritten] file: /home/runner/work/nephoran-intent-operator/nephoran-intent-operator/.git/config syscall: openat by exe: /home/runner/actions-runner/cached/externals/node20/bin/node [2fef68bbc03f7bf68b3daa917d43ab198466080302b2a9d731cf43614a574d25] Timestamp: 2025-08-19T13:09:28.532Z
2025-08-19T13:10:02.4960922Z Tue, 19 Aug 2025 13:09:28 GMT:domain resolved: github.com., ip address: 140.82.113.3, TTL: 60
2025-08-19T13:10:02.4962125Z Tue, 19 Aug 2025 13:09:28 GMT:endpoint called ip address:port 140.82.113.3:443, domain: github.com., pid: 2897, process: git-remote-http
2025-08-19T13:10:02.4963262Z Tue, 19 Aug 2025 13:09:38 GMT:domain resolved: results-receiver.actions.githubusercontent.com., ip address: 140.82.114.21, TTL: 59
2025-08-19T13:10:02.4964174Z Tue, 19 Aug 2025 13:09:38 GMT:endpoint called ip address:port 140.82.114.21:443, domain: results-receiver.actions.githubusercontent.com., pid: 2916, process: node
2025-08-19T13:10:02.4965060Z Tue, 19 Aug 2025 13:09:38 GMT:domain resolved: productionresultssa4.blob.core.windows.net., ip address: 57.150.86.161, TTL: 55
2025-08-19T13:10:02.4965904Z Tue, 19 Aug 2025 13:09:38 GMT:endpoint called ip address:port 57.150.86.161:443, domain: productionresultssa4.blob.core.windows.net., pid: 2916, process: node
2025-08-19T13:10:02.4966830Z Tue, 19 Aug 2025 13:09:59 GMT:endpoint called ip address:port 140.82.114.21:443, domain: results-receiver.actions.githubusercontent.com., pid: 3132, process: node
2025-08-19T13:10:02.4967932Z Tue, 19 Aug 2025 13:09:59 GMT:domain resolved: productionresultssa12.blob.core.windows.net., ip address: 20.209.226.129, TTL: 30
2025-08-19T13:10:02.4968822Z Tue, 19 Aug 2025 13:10:00 GMT:endpoint called ip address:port 20.209.226.129:443, domain: productionresultssa12.blob.core.windows.net., pid: 3132, process: node
2025-08-19T13:10:02.4969757Z Tue, 19 Aug 2025 13:10:00 GMT:endpoint called ip address:port 140.82.114.21:443, domain: results-receiver.actions.githubusercontent.com., pid: 3143, process: node
2025-08-19T13:10:02.4970688Z Tue, 19 Aug 2025 13:10:00 GMT:endpoint called ip address:port 20.209.226.129:443, domain: productionresultssa12.blob.core.windows.net., pid: 3143, process: node
2025-08-19T13:10:02.4971187Z 
2025-08-19T13:10:02.4971306Z Tue, 19 Aug 2025 13:10:01 GMT:post_event called
2025-08-19T13:10:02.4971502Z 
2025-08-19T13:10:02.4971591Z status:
2025-08-19T13:10:02.4971770Z Initialized
2025-08-19T13:10:02.5087235Z agent.service log:
2025-08-19T13:10:02.5089235Z Aug 19 13:09:26 pkrvmubgrv54qmi systemd[1]: /etc/systemd/system/agent.service:9: Standard output type syslog is obsolete, automatically updating to journal. Please update your unit file, and consider removing the setting altogether.
2025-08-19T13:10:02.5091833Z Aug 19 13:09:26 pkrvmubgrv54qmi systemd[1]: /etc/systemd/system/agent.service:10: Standard output type syslog is obsolete, automatically updating to journal. Please update your unit file, and consider removing the setting altogether.
2025-08-19T13:10:02.5093426Z Aug 19 13:09:26 pkrvmubgrv54qmi systemd[1]: Started agent.service - Agent.
2025-08-19T13:10:02.5094737Z Aug 19 13:09:26 pkrvmubgrv54qmi sudo[2473]:     root : *** ; USER=root ; COMMAND=/usr/bin/systemctl stop systemd-resolved
2025-08-19T13:10:02.5095897Z Aug 19 13:09:26 pkrvmubgrv54qmi sudo[2473]: pam_unix(sudo:session): session opened for user root(uid=0) by (uid=0)
2025-08-19T13:10:02.5096955Z Aug 19 13:09:26 pkrvmubgrv54qmi sudo[2473]: pam_unix(sudo:session): session closed for user root
2025-08-19T13:10:02.5098698Z Aug 19 13:09:26 pkrvmubgrv54qmi sudo[2479]:     root : *** ; USER=root ; COMMAND=/usr/bin/systemctl restart systemd-resolved
2025-08-19T13:10:02.5099838Z Aug 19 13:09:26 pkrvmubgrv54qmi sudo[2479]: pam_unix(sudo:session): session opened for user root(uid=0) by (uid=0)
2025-08-19T13:10:02.5101075Z Aug 19 13:09:26 pkrvmubgrv54qmi sudo[2479]: pam_unix(sudo:session): session closed for user root
2025-08-19T13:10:02.5102188Z Aug 19 13:09:26 pkrvmubgrv54qmi sudo[2485]:     root : *** ; USER=root ; COMMAND=/usr/bin/resolvectl flush-caches
2025-08-19T13:10:02.5103264Z Aug 19 13:09:26 pkrvmubgrv54qmi sudo[2485]: pam_unix(sudo:session): session opened for user root(uid=0) by (uid=0)
2025-08-19T13:10:02.5104315Z Aug 19 13:09:26 pkrvmubgrv54qmi sudo[2485]: pam_unix(sudo:session): session closed for user root
2025-08-19T13:10:02.5105396Z Aug 19 13:09:26 pkrvmubgrv54qmi sudo[2488]:     root : *** ; USER=root ; COMMAND=/usr/bin/systemctl reload docker
2025-08-19T13:10:02.5106521Z Aug 19 13:09:26 pkrvmubgrv54qmi sudo[2488]: pam_unix(sudo:session): session opened for user root(uid=0) by (uid=0)
2025-08-19T13:10:02.5107989Z Aug 19 13:09:26 pkrvmubgrv54qmi sudo[2488]: pam_unix(sudo:session): session closed for user root
2025-08-19T13:10:02.5109120Z Aug 19 13:09:26 pkrvmubgrv54qmi sudo[2498]:     root : *** ; USER=root ; COMMAND=/usr/bin/systemctl daemon-reload
2025-08-19T13:10:02.5110233Z Aug 19 13:09:26 pkrvmubgrv54qmi sudo[2498]: pam_unix(sudo:session): session opened for user root(uid=0) by (uid=0)
2025-08-19T13:10:02.5112111Z Aug 19 13:09:26 pkrvmubgrv54qmi systemd[1]: /etc/systemd/system/agent.service:9: Standard output type syslog is obsolete, automatically updating to journal. Please update your unit file, and consider removing the setting altogether.
2025-08-19T13:10:02.5115232Z Aug 19 13:09:26 pkrvmubgrv54qmi systemd[1]: /etc/systemd/system/agent.service:10: Standard output type syslog is obsolete, automatically updating to journal. Please update your unit file, and consider removing the setting altogether.
2025-08-19T13:10:02.5116924Z Aug 19 13:09:27 pkrvmubgrv54qmi sudo[2498]: pam_unix(sudo:session): session closed for user root
2025-08-19T13:10:02.5118504Z Aug 19 13:09:27 pkrvmubgrv54qmi sudo[2565]:     root : *** ; USER=root ; COMMAND=/usr/bin/systemctl restart docker
2025-08-19T13:10:02.5119631Z Aug 19 13:09:27 pkrvmubgrv54qmi sudo[2565]: pam_unix(sudo:session): session opened for user root(uid=0) by (uid=0)
2025-08-19T13:10:02.5120637Z Aug 19 13:09:27 pkrvmubgrv54qmi sudo[2565]: pam_unix(sudo:session): session closed for user root
2025-08-19T13:10:02.5121561Z Aug 19 13:09:27 pkrvmubgrv54qmi agentservice[2460]: 2025/08/19 13:09:27 INFO Config AGENT_PID=2460
2025-08-19T13:10:02.5122544Z Aug 19 13:09:27 pkrvmubgrv54qmi agentservice[2460]: 2025/08/19 13:09:27 INFO Config ENFORCE_READ_BLOCK=false
2025-08-19T13:10:02.5123556Z Aug 19 13:09:27 pkrvmubgrv54qmi agentservice[2460]: 2025/08/19 13:09:27 INFO Config ENFORCE_WRITE_BLOCK=false
2025-08-19T13:10:02.5124206Z Aug 19 13:09:27 pkrvmubgrv54qmi agentservice[2460]: 2025/08/19 13:09:27 INFO Config ENFORCE_KILL_BLOCK=false
2025-08-19T13:10:02.5124814Z Aug 19 13:09:27 pkrvmubgrv54qmi agentservice[2460]: 2025/08/19 13:09:27 INFO Map size protected_pid_inodes=1
2025-08-19T13:10:02.5125433Z Aug 19 13:09:27 pkrvmubgrv54qmi agentservice[2460]: 2025/08/19 13:09:27 INFO Map size protected_bpf_ids=9
2025-08-19T13:10:02.5126077Z Aug 19 13:09:27 pkrvmubgrv54qmi agentservice[2460]: 2025/08/19 13:09:27 INFO Map size protected_fs_inodes=6
2025-08-19T13:10:02.5126696Z Aug 19 13:09:27 pkrvmubgrv54qmi agentservice[2460]: 2025/08/19 13:09:27 INFO Map size protected_proc_fs_inodes=2
2025-08-19T13:10:02.5127305Z Aug 19 13:09:27 pkrvmubgrv54qmi agentservice[2460]: 2025/08/19 13:09:27 INFO Map size protected_pids=1
2025-08-19T13:10:02.5128149Z Aug 19 13:09:28 pkrvmubgrv54qmi agentservice[2460]: 2025/08/19 13:09:28 INFO ProtectedPids err=<nil> pids=map[2760:2460]
2025-08-19T13:10:02.5128820Z Aug 19 13:09:28 pkrvmubgrv54qmi agentservice[2460]: 2025/08/19 13:09:28 INFO ProtectedBPFIDs freezed ids="[10 4 8 11 9]"
2025-08-19T13:10:02.5130311Z Aug 19 13:09:28 pkrvmubgrv54qmi agentservice[2460]: 2025/08/19 13:09:28 INFO Write protected inodes="map[509:/etc/systemd/resolved.conf 988:/etc/resolv.conf 1643:/etc/sudoers.d/runner 19700:/proc/1976/mem 19701:/proc/1961/mem 3189531:/etc/docker/daemon.json]" freezeErr=<nil>
2025-08-19T13:10:02.5132346Z Aug 19 13:09:28 pkrvmubgrv54qmi agentservice[2460]: 2025/08/19 13:09:28 INFO Linking completed
2025-08-19T13:10:02.5133231Z Aug 19 13:09:28 pkrvmubgrv54qmi agentservice[2460]: 2025/08/19 13:09:28 INFO Armour engaged
2025-08-19T13:10:02.5133542Z 
2025-08-19T13:10:02.5182367Z Cleaning up orphan processes
