2025-08-19T13:08:55.9156412Z Current runner version: '2.327.1'
2025-08-19T13:08:55.9178511Z ##[group]Runner Image Provisioner
2025-08-19T13:08:55.9179346Z Hosted Compute Agent
2025-08-19T13:08:55.9179874Z Version: 20250818.377
2025-08-19T13:08:55.9180576Z Commit: 3c593e9f75fe0b87e893bca80d6e12ba089c61fc
2025-08-19T13:08:55.9181289Z Build Date: 2025-08-18T14:52:18Z
2025-08-19T13:08:55.9181888Z ##[endgroup]
2025-08-19T13:08:55.9182429Z ##[group]Operating System
2025-08-19T13:08:55.9183023Z Ubuntu
2025-08-19T13:08:55.9183516Z 24.04.2
2025-08-19T13:08:55.9183986Z LTS
2025-08-19T13:08:55.9184724Z ##[endgroup]
2025-08-19T13:08:55.9185234Z ##[group]Runner Image
2025-08-19T13:08:55.9185919Z Image: ubuntu-24.04
2025-08-19T13:08:55.9186439Z Version: 20250810.1.0
2025-08-19T13:08:55.9187481Z Included Software: https://github.com/actions/runner-images/blob/ubuntu24/20250810.1/images/ubuntu/Ubuntu2404-Readme.md
2025-08-19T13:08:55.9189391Z Image Release: https://github.com/actions/runner-images/releases/tag/ubuntu24%2F20250810.1
2025-08-19T13:08:55.9190408Z ##[endgroup]
2025-08-19T13:08:55.9191936Z ##[group]GITHUB_TOKEN Permissions
2025-08-19T13:08:55.9193877Z Actions: read
2025-08-19T13:08:55.9194685Z Checks: write
2025-08-19T13:08:55.9195422Z Contents: read
2025-08-19T13:08:55.9195907Z Metadata: read
2025-08-19T13:08:55.9196416Z Packages: write
2025-08-19T13:08:55.9196990Z PullRequests: write
2025-08-19T13:08:55.9197558Z SecurityEvents: write
2025-08-19T13:08:55.9198072Z ##[endgroup]
2025-08-19T13:08:55.9200098Z Secret source: Actions
2025-08-19T13:08:55.9200773Z Prepare workflow directory
2025-08-19T13:08:55.9723343Z Prepare all required actions
2025-08-19T13:08:55.9760540Z Getting action download info
2025-08-19T13:08:56.4963908Z Download action repository 'step-security/harden-runner@v2' (SHA:ec9f2d5744a09debf3a187a3f4f675c53b671911)
2025-08-19T13:08:57.5747972Z Download action repository 'actions/checkout@v4' (SHA:08eba0b27e820071cde6df949e0beb9ba4906955)
2025-08-19T13:08:58.3200258Z Download action repository 'actions/setup-go@v5' (SHA:d35c59abb061a4a6fb18e82ac0862c26744d6ab5)
2025-08-19T13:08:59.1908983Z Download action repository 'github/codeql-action@v3' (SHA:96f518a34f7a870018057716cc4d7a5c014bd61c)
2025-08-19T13:09:05.1387658Z Download action repository 'semgrep/semgrep-action@v1' (SHA:713efdd345f3035192eaa63f56867b88e63e4e5d)
2025-08-19T13:09:05.7080431Z Download action repository 'dependency-check/Dependency-Check_Action@main' (SHA:2ba636726705b0f74f126ebeaacaf2ad4600b967)
2025-08-19T13:09:06.4568251Z Download action repository 'actions/upload-artifact@v4' (SHA:ea165f8d65b6e75b540449e92b4886f43607fa02)
2025-08-19T13:09:06.6419284Z Complete job name: Security Analysis (semgrep)
2025-08-19T13:09:06.6801239Z ##[group]Pull down action image 'returntocorp/semgrep-agent:v1'
2025-08-19T13:09:06.6933352Z ##[command]/usr/bin/docker pull returntocorp/semgrep-agent:v1
2025-08-19T13:09:07.6380653Z v1: Pulling from returntocorp/semgrep-agent
2025-08-19T13:09:07.8796999Z 7264a8db6415: Pulling fs layer
2025-08-19T13:09:07.8797955Z 66e1d5e70e42: Pulling fs layer
2025-08-19T13:09:07.8798828Z 64dfa579cd50: Pulling fs layer
2025-08-19T13:09:07.8799358Z afa58c10ee34: Pulling fs layer
2025-08-19T13:09:07.8799764Z cd87b3fa61f8: Pulling fs layer
2025-08-19T13:09:07.8800142Z a54df9278105: Pulling fs layer
2025-08-19T13:09:07.8800504Z 22d9c0f131ae: Pulling fs layer
2025-08-19T13:09:07.8800874Z bfa6cbe2a060: Pulling fs layer
2025-08-19T13:09:07.8801257Z e6455d0c4d0a: Pulling fs layer
2025-08-19T13:09:07.8801618Z 4e6528b8b44b: Pulling fs layer
2025-08-19T13:09:07.8801887Z 77aae498c7b4: Pulling fs layer
2025-08-19T13:09:07.8802206Z f6a963258091: Pulling fs layer
2025-08-19T13:09:07.8802464Z e68b04e3dc22: Pulling fs layer
2025-08-19T13:09:07.8802720Z e50eacad623d: Pulling fs layer
2025-08-19T13:09:07.8803112Z 464938719a27: Pulling fs layer
2025-08-19T13:09:07.8803506Z c09dc33c2ea4: Pulling fs layer
2025-08-19T13:09:07.8803916Z db70a1bf97d5: Pulling fs layer
2025-08-19T13:09:07.8804301Z 5667267dbf96: Pulling fs layer
2025-08-19T13:09:07.8804749Z 55e5ab738d77: Pulling fs layer
2025-08-19T13:09:07.8805393Z fbf9ea8fb0f3: Pulling fs layer
2025-08-19T13:09:07.8805755Z afa58c10ee34: Waiting
2025-08-19T13:09:07.8806050Z cd87b3fa61f8: Waiting
2025-08-19T13:09:07.8806260Z a54df9278105: Waiting
2025-08-19T13:09:07.8806445Z 22d9c0f131ae: Waiting
2025-08-19T13:09:07.8806631Z bfa6cbe2a060: Waiting
2025-08-19T13:09:07.8806813Z e6455d0c4d0a: Waiting
2025-08-19T13:09:07.8806984Z 4e6528b8b44b: Waiting
2025-08-19T13:09:07.8807163Z 77aae498c7b4: Waiting
2025-08-19T13:09:07.8807333Z db70a1bf97d5: Waiting
2025-08-19T13:09:07.8807527Z f6a963258091: Waiting
2025-08-19T13:09:07.8807704Z e68b04e3dc22: Waiting
2025-08-19T13:09:07.8807880Z 5667267dbf96: Waiting
2025-08-19T13:09:07.8808055Z e50eacad623d: Waiting
2025-08-19T13:09:07.8808362Z 55e5ab738d77: Waiting
2025-08-19T13:09:07.8808535Z 464938719a27: Waiting
2025-08-19T13:09:07.8808700Z fbf9ea8fb0f3: Waiting
2025-08-19T13:09:08.2033341Z 66e1d5e70e42: Verifying Checksum
2025-08-19T13:09:08.2035286Z 66e1d5e70e42: Download complete
2025-08-19T13:09:08.2499125Z 7264a8db6415: Verifying Checksum
2025-08-19T13:09:08.2499773Z 7264a8db6415: Download complete
2025-08-19T13:09:08.3680365Z 7264a8db6415: Pull complete
2025-08-19T13:09:08.3848718Z 64dfa579cd50: Verifying Checksum
2025-08-19T13:09:08.3849228Z 64dfa579cd50: Download complete
2025-08-19T13:09:08.5360018Z afa58c10ee34: Verifying Checksum
2025-08-19T13:09:08.5361996Z afa58c10ee34: Download complete
2025-08-19T13:09:08.6473912Z cd87b3fa61f8: Verifying Checksum
2025-08-19T13:09:08.6475275Z cd87b3fa61f8: Download complete
2025-08-19T13:09:08.6717785Z a54df9278105: Verifying Checksum
2025-08-19T13:09:08.6718306Z a54df9278105: Download complete
2025-08-19T13:09:08.8070173Z 66e1d5e70e42: Pull complete
2025-08-19T13:09:08.9378069Z 22d9c0f131ae: Verifying Checksum
2025-08-19T13:09:08.9378593Z 22d9c0f131ae: Download complete
2025-08-19T13:09:09.0196345Z e6455d0c4d0a: Verifying Checksum
2025-08-19T13:09:09.0196806Z e6455d0c4d0a: Download complete
2025-08-19T13:09:09.1094584Z bfa6cbe2a060: Verifying Checksum
2025-08-19T13:09:09.1096939Z bfa6cbe2a060: Download complete
2025-08-19T13:09:09.2673065Z 64dfa579cd50: Pull complete
2025-08-19T13:09:09.2795233Z afa58c10ee34: Pull complete
2025-08-19T13:09:09.3011433Z 77aae498c7b4: Verifying Checksum
2025-08-19T13:09:09.3016512Z 77aae498c7b4: Download complete
2025-08-19T13:09:09.5654224Z e68b04e3dc22: Verifying Checksum
2025-08-19T13:09:09.5657977Z e68b04e3dc22: Download complete
2025-08-19T13:09:09.5928265Z cd87b3fa61f8: Pull complete
2025-08-19T13:09:09.6031355Z 4e6528b8b44b: Verifying Checksum
2025-08-19T13:09:09.6042346Z 4e6528b8b44b: Download complete
2025-08-19T13:09:09.6083615Z a54df9278105: Pull complete
2025-08-19T13:09:09.6334676Z 22d9c0f131ae: Pull complete
2025-08-19T13:09:09.8311216Z f6a963258091: Verifying Checksum
2025-08-19T13:09:09.8311746Z f6a963258091: Download complete
2025-08-19T13:09:09.8475126Z e50eacad623d: Verifying Checksum
2025-08-19T13:09:09.8821445Z e50eacad623d: Download complete
2025-08-19T13:09:09.8821901Z 464938719a27: Download complete
2025-08-19T13:09:09.8978126Z bfa6cbe2a060: Pull complete
2025-08-19T13:09:10.1182357Z c09dc33c2ea4: Verifying Checksum
2025-08-19T13:09:10.1185818Z c09dc33c2ea4: Download complete
2025-08-19T13:09:10.1270657Z db70a1bf97d5: Verifying Checksum
2025-08-19T13:09:10.1271035Z db70a1bf97d5: Download complete
2025-08-19T13:09:10.1657237Z 5667267dbf96: Verifying Checksum
2025-08-19T13:09:10.1657699Z 5667267dbf96: Download complete
2025-08-19T13:09:10.4057787Z 55e5ab738d77: Verifying Checksum
2025-08-19T13:09:10.4058280Z 55e5ab738d77: Download complete
2025-08-19T13:09:10.4756937Z fbf9ea8fb0f3: Download complete
2025-08-19T13:09:10.7746124Z e6455d0c4d0a: Pull complete
2025-08-19T13:09:12.0158512Z 4e6528b8b44b: Pull complete
2025-08-19T13:09:12.0244335Z 77aae498c7b4: Pull complete
2025-08-19T13:09:12.5718712Z f6a963258091: Pull complete
2025-08-19T13:09:12.5818634Z e68b04e3dc22: Pull complete
2025-08-19T13:09:12.5916595Z e50eacad623d: Pull complete
2025-08-19T13:09:12.6051163Z 464938719a27: Pull complete
2025-08-19T13:09:12.6144994Z c09dc33c2ea4: Pull complete
2025-08-19T13:09:12.6247244Z db70a1bf97d5: Pull complete
2025-08-19T13:09:12.6335980Z 5667267dbf96: Pull complete
2025-08-19T13:09:12.6430446Z 55e5ab738d77: Pull complete
2025-08-19T13:09:12.6645272Z fbf9ea8fb0f3: Pull complete
2025-08-19T13:09:12.6687243Z Digest: sha256:2ed984f89000f77516016248700ad91681cb89bbe2adbdecd1d38dc84394adbb
2025-08-19T13:09:12.6702416Z Status: Downloaded newer image for returntocorp/semgrep-agent:v1
2025-08-19T13:09:12.6713453Z docker.io/returntocorp/semgrep-agent:v1
2025-08-19T13:09:12.6742680Z ##[endgroup]
2025-08-19T13:09:12.6779892Z ##[group]Build container for action use: '/home/runner/work/_actions/dependency-check/Dependency-Check_Action/main/Dockerfile'.
2025-08-19T13:09:12.6786314Z ##[command]/usr/bin/docker build -t 1627d0:3e3f4946519a47eeb5dd0aaf948fc397 -f "/home/runner/work/_actions/dependency-check/Dependency-Check_Action/main/Dockerfile" "/home/runner/work/_actions/dependency-check/Dependency-Check_Action/main"
2025-08-19T13:09:15.2695390Z #0 building with "default" instance using docker driver
2025-08-19T13:09:15.2695690Z 
2025-08-19T13:09:15.2695809Z #1 [internal] load build definition from Dockerfile
2025-08-19T13:09:15.2696112Z #1 transferring dockerfile: 631B done
2025-08-19T13:09:15.2696344Z #1 DONE 0.0s
2025-08-19T13:09:15.2696463Z 
2025-08-19T13:09:15.2696662Z #2 [internal] load metadata for docker.io/owasp/dependency-check-action:latest
2025-08-19T13:09:15.4549723Z #2 ...
2025-08-19T13:09:15.4549935Z 
2025-08-19T13:09:15.4553391Z #3 [auth] owasp/dependency-check-action:pull token for registry-1.docker.io
2025-08-19T13:09:15.4554056Z #3 DONE 0.0s
2025-08-19T13:09:15.5991195Z 
2025-08-19T13:09:15.5991646Z #2 [internal] load metadata for docker.io/owasp/dependency-check-action:latest
2025-08-19T13:09:15.9403732Z #2 DONE 0.8s
2025-08-19T13:09:16.0610786Z 
2025-08-19T13:09:16.0611290Z #4 [internal] load .dockerignore
2025-08-19T13:09:16.0611820Z #4 transferring context: 2B done
2025-08-19T13:09:16.0615340Z #4 DONE 0.0s
2025-08-19T13:09:16.0615637Z 
2025-08-19T13:09:16.0615811Z #5 [internal] load build context
2025-08-19T13:09:16.0616305Z #5 transferring context: 136B done
2025-08-19T13:09:16.0616767Z #5 DONE 0.0s
2025-08-19T13:09:16.0616918Z 
2025-08-19T13:09:16.0617401Z #6 [1/3] FROM docker.io/owasp/dependency-check-action:latest@sha256:327342634059eaa597815b5ebd1c73fd5bef6157e277ccbc113b4e6efd7e0943
2025-08-19T13:09:16.0618360Z #6 resolve docker.io/owasp/dependency-check-action:latest@sha256:327342634059eaa597815b5ebd1c73fd5bef6157e277ccbc113b4e6efd7e0943 done
2025-08-19T13:09:16.0619186Z #6 sha256:3e3762385f229926114f644db8c313a1b55517d678b5879ab9c39f2a9989abcd 0B / 1.24kB 0.1s
2025-08-19T13:09:16.2136410Z #6 sha256:a48106d553a8f37683d50fc82e00037d537de6a04d0f2beedb4ae586f9171a37 9.47kB / 9.47kB done
2025-08-19T13:09:16.2137389Z #6 sha256:cceb4befa491c3767afaa6af498fc78e7a724c29c577317890987c2ad467b680 0B / 3.09MB 0.2s
2025-08-19T13:09:16.2138380Z #6 sha256:327342634059eaa597815b5ebd1c73fd5bef6157e277ccbc113b4e6efd7e0943 2.63kB / 2.63kB done
2025-08-19T13:09:16.2139478Z #6 sha256:619be1103602d98e1963557998c954c892b3872986c27365e9f651f5bc27cab8 3.40MB / 3.40MB 0.2s done
2025-08-19T13:09:16.2140482Z #6 extracting sha256:619be1103602d98e1963557998c954c892b3872986c27365e9f651f5bc27cab8 0.1s done
2025-08-19T13:09:16.2141475Z #6 sha256:86e65beaa5918cd0bdec672c0561e37cb894455cfda278de5c4c78e3335ad8f0 0B / 32.25MB 0.2s
2025-08-19T13:09:16.3188270Z #6 sha256:3e3762385f229926114f644db8c313a1b55517d678b5879ab9c39f2a9989abcd 1.24kB / 1.24kB 0.2s done
2025-08-19T13:09:16.3189420Z #6 sha256:cceb4befa491c3767afaa6af498fc78e7a724c29c577317890987c2ad467b680 2.10MB / 3.09MB 0.3s
2025-08-19T13:09:16.3190447Z #6 sha256:45ddd00e34dd292e9160aa703aff0bff2950fc06cb5272dea967325de2e941ae 0B / 44.09MB 0.3s
2025-08-19T13:09:16.3191471Z #6 extracting sha256:cceb4befa491c3767afaa6af498fc78e7a724c29c577317890987c2ad467b680 0.0s done
2025-08-19T13:09:16.4614733Z #6 sha256:cceb4befa491c3767afaa6af498fc78e7a724c29c577317890987c2ad467b680 3.09MB / 3.09MB 0.3s done
2025-08-19T13:09:16.4617349Z #6 sha256:86e65beaa5918cd0bdec672c0561e37cb894455cfda278de5c4c78e3335ad8f0 13.63MB / 32.25MB 0.5s
2025-08-19T13:09:16.4618454Z #6 sha256:45ddd00e34dd292e9160aa703aff0bff2950fc06cb5272dea967325de2e941ae 17.83MB / 44.09MB 0.5s
2025-08-19T13:09:16.4619514Z #6 extracting sha256:3e3762385f229926114f644db8c313a1b55517d678b5879ab9c39f2a9989abcd done
2025-08-19T13:09:16.4620538Z #6 sha256:7bd0a72d0e6ae9a7bcf5f3131817f93f19914ccf94d1c052ee9903a452f72b47 16.78MB / 78.98MB 0.5s
2025-08-19T13:09:16.5624869Z #6 sha256:86e65beaa5918cd0bdec672c0561e37cb894455cfda278de5c4c78e3335ad8f0 22.02MB / 32.25MB 0.6s
2025-08-19T13:09:16.5626035Z #6 sha256:45ddd00e34dd292e9160aa703aff0bff2950fc06cb5272dea967325de2e941ae 26.21MB / 44.09MB 0.6s
2025-08-19T13:09:16.5627104Z #6 sha256:7bd0a72d0e6ae9a7bcf5f3131817f93f19914ccf94d1c052ee9903a452f72b47 27.26MB / 78.98MB 0.6s
2025-08-19T13:09:16.7381597Z #6 sha256:86e65beaa5918cd0bdec672c0561e37cb894455cfda278de5c4c78e3335ad8f0 25.17MB / 32.25MB 0.7s
2025-08-19T13:09:16.7383134Z #6 sha256:45ddd00e34dd292e9160aa703aff0bff2950fc06cb5272dea967325de2e941ae 35.65MB / 44.09MB 0.7s
2025-08-19T13:09:16.7385173Z #6 sha256:7bd0a72d0e6ae9a7bcf5f3131817f93f19914ccf94d1c052ee9903a452f72b47 33.55MB / 78.98MB 0.7s
2025-08-19T13:09:16.7386228Z #6 extracting sha256:86e65beaa5918cd0bdec672c0561e37cb894455cfda278de5c4c78e3335ad8f0
2025-08-19T13:09:16.8404080Z #6 sha256:86e65beaa5918cd0bdec672c0561e37cb894455cfda278de5c4c78e3335ad8f0 32.25MB / 32.25MB 0.8s done
2025-08-19T13:09:16.8405817Z #6 sha256:45ddd00e34dd292e9160aa703aff0bff2950fc06cb5272dea967325de2e941ae 38.80MB / 44.09MB 0.8s
2025-08-19T13:09:16.8408229Z #6 sha256:7bd0a72d0e6ae9a7bcf5f3131817f93f19914ccf94d1c052ee9903a452f72b47 45.09MB / 78.98MB 0.8s
2025-08-19T13:09:16.8409258Z #6 sha256:43c57f8bbf131e1db9ee428171fdea2d8a55c342f9d1e229fc2c21c92fc50ebd 0B / 37.05MB 0.8s
2025-08-19T13:09:16.9446380Z #6 sha256:45ddd00e34dd292e9160aa703aff0bff2950fc06cb5272dea967325de2e941ae 44.04MB / 44.09MB 0.9s
2025-08-19T13:09:16.9447844Z #6 sha256:7bd0a72d0e6ae9a7bcf5f3131817f93f19914ccf94d1c052ee9903a452f72b47 55.57MB / 78.98MB 0.9s
2025-08-19T13:09:17.0479165Z #6 sha256:45ddd00e34dd292e9160aa703aff0bff2950fc06cb5272dea967325de2e941ae 44.09MB / 44.09MB 0.9s done
2025-08-19T13:09:17.0480089Z #6 sha256:7bd0a72d0e6ae9a7bcf5f3131817f93f19914ccf94d1c052ee9903a452f72b47 63.96MB / 78.98MB 1.0s
2025-08-19T13:09:17.0480914Z #6 sha256:43c57f8bbf131e1db9ee428171fdea2d8a55c342f9d1e229fc2c21c92fc50ebd 6.29MB / 37.05MB 1.0s
2025-08-19T13:09:17.0481708Z #6 sha256:6a01d4b2139c6ae8b6b93432a8b0297e818c2f8516dc418e9fc0dd35f101af0a 0B / 90.98MB 1.0s
2025-08-19T13:09:17.1506662Z #6 sha256:7bd0a72d0e6ae9a7bcf5f3131817f93f19914ccf94d1c052ee9903a452f72b47 77.59MB / 78.98MB 1.1s
2025-08-19T13:09:17.1507811Z #6 sha256:43c57f8bbf131e1db9ee428171fdea2d8a55c342f9d1e229fc2c21c92fc50ebd 12.58MB / 37.05MB 1.1s
2025-08-19T13:09:17.1508939Z #6 sha256:6a01d4b2139c6ae8b6b93432a8b0297e818c2f8516dc418e9fc0dd35f101af0a 10.49MB / 90.98MB 1.1s
2025-08-19T13:09:17.2614799Z #6 sha256:7bd0a72d0e6ae9a7bcf5f3131817f93f19914ccf94d1c052ee9903a452f72b47 78.98MB / 78.98MB 1.1s done
2025-08-19T13:09:17.2615920Z #6 extracting sha256:86e65beaa5918cd0bdec672c0561e37cb894455cfda278de5c4c78e3335ad8f0 0.4s done
2025-08-19T13:09:17.2617076Z #6 sha256:43c57f8bbf131e1db9ee428171fdea2d8a55c342f9d1e229fc2c21c92fc50ebd 32.51MB / 37.05MB 1.3s
2025-08-19T13:09:17.2618123Z #6 sha256:6a01d4b2139c6ae8b6b93432a8b0297e818c2f8516dc418e9fc0dd35f101af0a 23.07MB / 90.98MB 1.3s
2025-08-19T13:09:17.2619176Z #6 sha256:4f4fb700ef54461cfa02571ae0db9a0dc1e0cdb5577484a6d75e68dc38e8acc1 32B / 32B 1.3s done
2025-08-19T13:09:17.2620132Z #6 sha256:5760c89e07714b82733d6a984449296731b17907fece9a3030b50d70252ca109 0B / 95B 1.3s
2025-08-19T13:09:17.3971205Z #6 sha256:43c57f8bbf131e1db9ee428171fdea2d8a55c342f9d1e229fc2c21c92fc50ebd 37.05MB / 37.05MB 1.4s done
2025-08-19T13:09:17.3976821Z #6 sha256:6a01d4b2139c6ae8b6b93432a8b0297e818c2f8516dc418e9fc0dd35f101af0a 30.41MB / 90.98MB 1.4s
2025-08-19T13:09:17.3978173Z #6 extracting sha256:45ddd00e34dd292e9160aa703aff0bff2950fc06cb5272dea967325de2e941ae 0.1s
2025-08-19T13:09:17.3979521Z #6 sha256:37f6d4265e844579cb629fcbd090415d48327f28732fd49fa221ec03ab5b7b12 0B / 115.67MB 1.4s
2025-08-19T13:09:17.4985924Z #6 sha256:5760c89e07714b82733d6a984449296731b17907fece9a3030b50d70252ca109 95B / 95B 1.4s done
2025-08-19T13:09:17.5990437Z #6 sha256:37f6d4265e844579cb629fcbd090415d48327f28732fd49fa221ec03ab5b7b12 16.78MB / 115.67MB 1.6s
2025-08-19T13:09:17.7612888Z #6 sha256:6a01d4b2139c6ae8b6b93432a8b0297e818c2f8516dc418e9fc0dd35f101af0a 40.89MB / 90.98MB 1.8s
2025-08-19T13:09:17.7614257Z #6 extracting sha256:45ddd00e34dd292e9160aa703aff0bff2950fc06cb5272dea967325de2e941ae 0.3s done
2025-08-19T13:09:17.7615513Z #6 sha256:37f6d4265e844579cb629fcbd090415d48327f28732fd49fa221ec03ab5b7b12 33.55MB / 115.67MB 1.8s
2025-08-19T13:09:17.7616538Z #6 extracting sha256:7bd0a72d0e6ae9a7bcf5f3131817f93f19914ccf94d1c052ee9903a452f72b47
2025-08-19T13:09:17.8926303Z #6 sha256:37f6d4265e844579cb629fcbd090415d48327f28732fd49fa221ec03ab5b7b12 39.85MB / 115.67MB 1.9s
2025-08-19T13:09:17.9941804Z #6 sha256:6a01d4b2139c6ae8b6b93432a8b0297e818c2f8516dc418e9fc0dd35f101af0a 47.19MB / 90.98MB 2.0s
2025-08-19T13:09:17.9945032Z #6 sha256:37f6d4265e844579cb629fcbd090415d48327f28732fd49fa221ec03ab5b7b12 48.23MB / 115.67MB 2.0s
2025-08-19T13:09:18.0991822Z #6 sha256:37f6d4265e844579cb629fcbd090415d48327f28732fd49fa221ec03ab5b7b12 62.91MB / 115.67MB 2.1s
2025-08-19T13:09:18.2008425Z #6 sha256:37f6d4265e844579cb629fcbd090415d48327f28732fd49fa221ec03ab5b7b12 70.25MB / 115.67MB 2.2s
2025-08-19T13:09:18.4612311Z #6 sha256:37f6d4265e844579cb629fcbd090415d48327f28732fd49fa221ec03ab5b7b12 78.64MB / 115.67MB 2.5s
2025-08-19T13:09:18.5612584Z #6 sha256:6a01d4b2139c6ae8b6b93432a8b0297e818c2f8516dc418e9fc0dd35f101af0a 61.87MB / 90.98MB 2.6s
2025-08-19T13:09:18.5613725Z #6 sha256:37f6d4265e844579cb629fcbd090415d48327f28732fd49fa221ec03ab5b7b12 85.98MB / 115.67MB 2.6s
2025-08-19T13:09:18.7614150Z #6 sha256:6a01d4b2139c6ae8b6b93432a8b0297e818c2f8516dc418e9fc0dd35f101af0a 73.40MB / 90.98MB 2.8s
2025-08-19T13:09:18.7615508Z #6 sha256:37f6d4265e844579cb629fcbd090415d48327f28732fd49fa221ec03ab5b7b12 94.37MB / 115.67MB 2.8s
2025-08-19T13:09:18.9610525Z #6 sha256:6a01d4b2139c6ae8b6b93432a8b0297e818c2f8516dc418e9fc0dd35f101af0a 89.13MB / 90.98MB 3.0s
2025-08-19T13:09:19.0622312Z #6 sha256:6a01d4b2139c6ae8b6b93432a8b0297e818c2f8516dc418e9fc0dd35f101af0a 90.98MB / 90.98MB 3.0s done
2025-08-19T13:09:19.0623534Z #6 sha256:37f6d4265e844579cb629fcbd090415d48327f28732fd49fa221ec03ab5b7b12 100.66MB / 115.67MB 3.1s
2025-08-19T13:09:19.4059163Z #6 sha256:37f6d4265e844579cb629fcbd090415d48327f28732fd49fa221ec03ab5b7b12 110.10MB / 115.67MB 3.4s
2025-08-19T13:09:19.6363540Z #6 sha256:37f6d4265e844579cb629fcbd090415d48327f28732fd49fa221ec03ab5b7b12 115.67MB / 115.67MB 3.6s done
2025-08-19T13:09:21.9703815Z #6 extracting sha256:7bd0a72d0e6ae9a7bcf5f3131817f93f19914ccf94d1c052ee9903a452f72b47 4.3s done
2025-08-19T13:09:22.6637856Z #6 extracting sha256:43c57f8bbf131e1db9ee428171fdea2d8a55c342f9d1e229fc2c21c92fc50ebd
2025-08-19T13:09:22.8724841Z #6 extracting sha256:43c57f8bbf131e1db9ee428171fdea2d8a55c342f9d1e229fc2c21c92fc50ebd 0.1s done
2025-08-19T13:09:22.8725935Z #6 extracting sha256:6a01d4b2139c6ae8b6b93432a8b0297e818c2f8516dc418e9fc0dd35f101af0a
2025-08-19T13:09:25.3419487Z #6 extracting sha256:6a01d4b2139c6ae8b6b93432a8b0297e818c2f8516dc418e9fc0dd35f101af0a 2.3s done
2025-08-19T13:09:25.4585141Z #6 extracting sha256:4f4fb700ef54461cfa02571ae0db9a0dc1e0cdb5577484a6d75e68dc38e8acc1
2025-08-19T13:09:25.5920769Z #6 extracting sha256:4f4fb700ef54461cfa02571ae0db9a0dc1e0cdb5577484a6d75e68dc38e8acc1 done
2025-08-19T13:09:25.5921824Z #6 extracting sha256:5760c89e07714b82733d6a984449296731b17907fece9a3030b50d70252ca109 done
2025-08-19T13:09:25.5922989Z #6 extracting sha256:37f6d4265e844579cb629fcbd090415d48327f28732fd49fa221ec03ab5b7b12 0.1s
2025-08-19T13:09:26.7278292Z #6 extracting sha256:37f6d4265e844579cb629fcbd090415d48327f28732fd49fa221ec03ab5b7b12 1.1s done
2025-08-19T13:09:26.9018750Z #6 DONE 10.9s
2025-08-19T13:09:27.0679069Z 
2025-08-19T13:09:27.0679725Z #7 [2/3] COPY entrypoint.sh /entrypoint.sh
2025-08-19T13:09:27.0680230Z #7 DONE 0.0s
2025-08-19T13:09:27.0680391Z 
2025-08-19T13:09:27.0779499Z #8 [3/3] RUN chmod +x /entrypoint.sh
2025-08-19T13:09:27.0780050Z #8 DONE 0.2s
2025-08-19T13:09:27.2297384Z 
2025-08-19T13:09:27.2297806Z #9 exporting to image
2025-08-19T13:09:27.2298199Z #9 exporting layers
2025-08-19T13:09:28.1354626Z #9 exporting layers 1.1s done
2025-08-19T13:09:28.1559398Z #9 writing image sha256:fa5770b7030d9c06eef855063b6027a11c244ae2c260160d7d9735ea81278c8d done
2025-08-19T13:09:28.1560398Z #9 naming to docker.io/library/1627d0:3e3f4946519a47eeb5dd0aaf948fc397 done
2025-08-19T13:09:28.1560919Z #9 DONE 1.1s
2025-08-19T13:09:28.1610279Z ##[endgroup]
2025-08-19T13:09:28.1805720Z ##[group]Run step-security/harden-runner@v2
2025-08-19T13:09:28.1806277Z with:
2025-08-19T13:09:28.1806472Z   egress-policy: audit
2025-08-19T13:09:28.1806991Z   allowed-endpoints: api.github.com:443 github.com:443 golang.org:443 proxy.golang.org:443 sum.golang.org:443 objects.githubusercontent.com:443

2025-08-19T13:09:28.1807696Z   token: ***
2025-08-19T13:09:28.1807882Z   disable-telemetry: false
2025-08-19T13:09:28.1808095Z   disable-sudo: false
2025-08-19T13:09:28.1808309Z   disable-sudo-and-containers: false
2025-08-19T13:09:28.1808556Z   disable-file-monitoring: false
2025-08-19T13:09:28.1808958Z env:
2025-08-19T13:09:28.1809121Z   GO_VERSION: 1.24
2025-08-19T13:09:28.1809307Z   REGISTRY: ghcr.io
2025-08-19T13:09:28.1809502Z   IMAGE_NAME: nephoran/conductor-loop
2025-08-19T13:09:28.1809748Z   SECURITY_SCAN_LEVEL: standard
2025-08-19T13:09:28.1809953Z ##[endgroup]
2025-08-19T13:09:28.3466483Z [harden-runner] pre-step
2025-08-19T13:09:28.3469399Z [!] Current Configuration: 
2025-08-19T13:09:28.3473884Z {"repo":"thc1006/nephoran-intent-operator","run_id":"17070554235","correlation_id":"57106f21-bb56-4dcb-867b-4b476e7d3a35","working_directory":"/home/runner/work/nephoran-intent-operator/nephoran-intent-operator","api_url":"https://agent.api.stepsecurity.io/v1","allowed_endpoints":"api.github.com:443 github.com:443 golang.org:443 proxy.golang.org:443 sum.golang.org:443 objects.githubusercontent.com:443","egress_policy":"audit","disable_telemetry":false,"disable_sudo":false,"disable_sudo_and_containers":false,"disable_file_monitoring":false,"private":false,"is_github_hosted":true,"is_debug":false,"one_time_key":""}
2025-08-19T13:09:28.3477129Z 
2025-08-19T13:09:28.3477568Z [32mView security insights and recommended policy at:[0m
2025-08-19T13:09:28.3478249Z https://app.stepsecurity.io/github/thc1006/nephoran-intent-operator/actions/runs/17070554235
2025-08-19T13:09:28.3478830Z RUNNER_NAME: GitHub Actions 1000010566
2025-08-19T13:09:28.9677500Z Runner IP Address: 20.171.125.214
2025-08-19T13:09:28.9678392Z Step Security Job Correlation ID: 57106f21-bb56-4dcb-867b-4b476e7d3a35
2025-08-19T13:09:28.9870958Z [!] Checking TLS_STATUS: thc1006
2025-08-19T13:09:29.1167213Z [!] TLS_NOT_ENABLED: thc1006
2025-08-19T13:09:29.4882795Z [command]/usr/bin/tar xz --warning=no-unknown-keyword --overwrite -C /home/runner/work/_temp/bbd914b3-69a2-46ff-a8a2-3ce041ce66df -f /home/runner/work/_temp/5a586025-cd9f-4ac7-bfb2-2e15d2620c85
2025-08-19T13:09:32.4778651Z Initialized
2025-08-19T13:09:32.4928781Z ##[group]Run step-security/harden-runner@v2
2025-08-19T13:09:32.4929064Z with:
2025-08-19T13:09:32.4929235Z   egress-policy: audit
2025-08-19T13:09:32.4929746Z   allowed-endpoints: api.github.com:443 github.com:443 golang.org:443 proxy.golang.org:443 sum.golang.org:443 objects.githubusercontent.com:443

2025-08-19T13:09:32.4930466Z   token: ***
2025-08-19T13:09:32.4930651Z   disable-telemetry: false
2025-08-19T13:09:32.4930862Z   disable-sudo: false
2025-08-19T13:09:32.4931067Z   disable-sudo-and-containers: false
2025-08-19T13:09:32.4931319Z   disable-file-monitoring: false
2025-08-19T13:09:32.4931530Z env:
2025-08-19T13:09:32.4931686Z   GO_VERSION: 1.24
2025-08-19T13:09:32.4931863Z   REGISTRY: ghcr.io
2025-08-19T13:09:32.4932060Z   IMAGE_NAME: nephoran/conductor-loop
2025-08-19T13:09:32.4932522Z   SECURITY_SCAN_LEVEL: standard
2025-08-19T13:09:32.4932735Z   STATE_disableSudo: false
2025-08-19T13:09:32.4932958Z   STATE_disableSudoAndContainers: false
2025-08-19T13:09:32.4933257Z   STATE_monitorStatusCode: 200
2025-08-19T13:09:32.4933469Z   STATE_addSummary: false
2025-08-19T13:09:32.4933729Z   STATE_correlation_id: 57106f21-bb56-4dcb-867b-4b476e7d3a35
2025-08-19T13:09:32.4934012Z   STATE_isTLS: false
2025-08-19T13:09:32.4934198Z ##[endgroup]
2025-08-19T13:09:32.5659948Z [harden-runner] main-step
2025-08-19T13:09:32.5660877Z [32mView security insights and recommended policy at:[0m
2025-08-19T13:09:32.5661800Z https://app.stepsecurity.io/github/thc1006/nephoran-intent-operator/actions/runs/17070554235
2025-08-19T13:09:32.5774222Z ##[group]Run actions/checkout@v4
2025-08-19T13:09:32.5774713Z with:
2025-08-19T13:09:32.5774891Z   fetch-depth: 0
2025-08-19T13:09:32.5775109Z   repository: thc1006/nephoran-intent-operator
2025-08-19T13:09:32.5775491Z   token: ***
2025-08-19T13:09:32.5775680Z   ssh-strict: true
2025-08-19T13:09:32.5775863Z   ssh-user: git
2025-08-19T13:09:32.5776044Z   persist-credentials: true
2025-08-19T13:09:32.5776263Z   clean: true
2025-08-19T13:09:32.5776452Z   sparse-checkout-cone-mode: true
2025-08-19T13:09:32.5776680Z   fetch-tags: false
2025-08-19T13:09:32.5776862Z   show-progress: true
2025-08-19T13:09:32.5777042Z   lfs: false
2025-08-19T13:09:32.5777208Z   submodules: false
2025-08-19T13:09:32.5777387Z   set-safe-directory: true
2025-08-19T13:09:32.5777584Z env:
2025-08-19T13:09:32.5777736Z   GO_VERSION: 1.24
2025-08-19T13:09:32.5777911Z   REGISTRY: ghcr.io
2025-08-19T13:09:32.5778103Z   IMAGE_NAME: nephoran/conductor-loop
2025-08-19T13:09:32.5778347Z   SECURITY_SCAN_LEVEL: standard
2025-08-19T13:09:32.5778589Z ##[endgroup]
2025-08-19T13:09:32.6766932Z Syncing repository: thc1006/nephoran-intent-operator
2025-08-19T13:09:32.6768217Z ##[group]Getting Git version info
2025-08-19T13:09:32.6768819Z Working directory is '/home/runner/work/nephoran-intent-operator/nephoran-intent-operator'
2025-08-19T13:09:32.6769478Z [command]/usr/bin/git version
2025-08-19T13:09:32.6771307Z git version 2.50.1
2025-08-19T13:09:32.6796840Z ##[endgroup]
2025-08-19T13:09:32.6816113Z Temporarily overriding HOME='/home/runner/work/_temp/26908e3f-44bb-4cb0-8489-b08dc6aac374' before making global git config changes
2025-08-19T13:09:32.6816967Z Adding repository directory to the temporary git global config as a safe directory
2025-08-19T13:09:32.6821270Z [command]/usr/bin/git config --global --add safe.directory /home/runner/work/nephoran-intent-operator/nephoran-intent-operator
2025-08-19T13:09:32.6857874Z Deleting the contents of '/home/runner/work/nephoran-intent-operator/nephoran-intent-operator'
2025-08-19T13:09:32.6861657Z ##[group]Initializing the repository
2025-08-19T13:09:32.6866444Z [command]/usr/bin/git init /home/runner/work/nephoran-intent-operator/nephoran-intent-operator
2025-08-19T13:09:32.6948105Z hint: Using 'master' as the name for the initial branch. This default branch name
2025-08-19T13:09:32.6949027Z hint: is subject to change. To configure the initial branch name to use in all
2025-08-19T13:09:32.6949886Z hint: of your new repositories, which will suppress this warning, call:
2025-08-19T13:09:32.6950473Z hint:
2025-08-19T13:09:32.6950867Z hint: 	git config --global init.defaultBranch <name>
2025-08-19T13:09:32.6951370Z hint:
2025-08-19T13:09:32.6951826Z hint: Names commonly chosen instead of 'master' are 'main', 'trunk' and
2025-08-19T13:09:32.6952634Z hint: 'development'. The just-created branch can be renamed via this command:
2025-08-19T13:09:32.6953101Z hint:
2025-08-19T13:09:32.6953292Z hint: 	git branch -m <name>
2025-08-19T13:09:32.6953508Z hint:
2025-08-19T13:09:32.6953811Z hint: Disable this message with "git config set advice.defaultBranchName false"
2025-08-19T13:09:32.6954636Z Initialized empty Git repository in /home/runner/work/nephoran-intent-operator/nephoran-intent-operator/.git/
2025-08-19T13:09:32.6963705Z [command]/usr/bin/git remote add origin https://github.com/thc1006/nephoran-intent-operator
2025-08-19T13:09:32.7001645Z ##[endgroup]
2025-08-19T13:09:32.7002250Z ##[group]Disabling automatic garbage collection
2025-08-19T13:09:32.7006962Z [command]/usr/bin/git config --local gc.auto 0
2025-08-19T13:09:32.7038577Z ##[endgroup]
2025-08-19T13:09:32.7039102Z ##[group]Setting up auth
2025-08-19T13:09:32.7046378Z [command]/usr/bin/git config --local --name-only --get-regexp core\.sshCommand
2025-08-19T13:09:32.7078800Z [command]/usr/bin/git submodule foreach --recursive sh -c "git config --local --name-only --get-regexp 'core\.sshCommand' && git config --local --unset-all 'core.sshCommand' || :"
2025-08-19T13:09:32.7384887Z [command]/usr/bin/git config --local --name-only --get-regexp http\.https\:\/\/github\.com\/\.extraheader
2025-08-19T13:09:32.7414626Z [command]/usr/bin/git submodule foreach --recursive sh -c "git config --local --name-only --get-regexp 'http\.https\:\/\/github\.com\/\.extraheader' && git config --local --unset-all 'http.https://github.com/.extraheader' || :"
2025-08-19T13:09:32.7662571Z [command]/usr/bin/git config --local http.https://github.com/.extraheader AUTHORIZATION: basic ***
2025-08-19T13:09:32.7702484Z ##[endgroup]
2025-08-19T13:09:32.7703018Z ##[group]Fetching the repository
2025-08-19T13:09:32.7711661Z [command]/usr/bin/git -c protocol.version=2 fetch --prune --no-recurse-submodules origin +refs/heads/*:refs/remotes/origin/* +refs/tags/*:refs/tags/*
2025-08-19T13:09:40.8543809Z From https://github.com/thc1006/nephoran-intent-operator
2025-08-19T13:09:40.8545449Z  * [new branch]        chore/claude-commands-and-hooks -> origin/chore/claude-commands-and-hooks
2025-08-19T13:09:40.8546650Z  * [new branch]        chore/conductor-governance -> origin/chore/conductor-governance
2025-08-19T13:09:40.8550961Z  * [new branch]        chore/conductor-setup  -> origin/chore/conductor-setup
2025-08-19T13:09:40.8555967Z  * [new branch]        chore/repo-hygiene     -> origin/chore/repo-hygiene
2025-08-19T13:09:40.8566678Z  * [new branch]        dependabot/github_actions/actions/configure-pages-5 -> origin/dependabot/github_actions/actions/configure-pages-5
2025-08-19T13:09:40.8573852Z  * [new branch]        dependabot/github_actions/codecov/codecov-action-5 -> origin/dependabot/github_actions/codecov/codecov-action-5
2025-08-19T13:09:40.8581722Z  * [new branch]        dependabot/github_actions/golangci/golangci-lint-action-8 -> origin/dependabot/github_actions/golangci/golangci-lint-action-8
2025-08-19T13:09:40.8590409Z  * [new branch]        dependabot/github_actions/hashicorp/setup-terraform-3 -> origin/dependabot/github_actions/hashicorp/setup-terraform-3
2025-08-19T13:09:40.8598748Z  * [new branch]        dependabot/github_actions/helm/kind-action-1.12.0 -> origin/dependabot/github_actions/helm/kind-action-1.12.0
2025-08-19T13:09:40.8607708Z  * [new branch]        dependabot/go_modules/cloud.google.com/go/compute-1.43.0 -> origin/dependabot/go_modules/cloud.google.com/go/compute-1.43.0
2025-08-19T13:09:40.8614752Z  * [new branch]        dependabot/go_modules/cloud.google.com/go/container-1.44.0 -> origin/dependabot/go_modules/cloud.google.com/go/container-1.44.0
2025-08-19T13:09:40.8625955Z  * [new branch]        dependabot/go_modules/github.com/Azure/azure-sdk-for-go/sdk/azcore-1.18.2 -> origin/dependabot/go_modules/github.com/Azure/azure-sdk-for-go/sdk/azcore-1.18.2
2025-08-19T13:09:40.8633124Z  * [new branch]        dependabot/go_modules/github.com/aws/aws-sdk-go-v2-1.38.0 -> origin/dependabot/go_modules/github.com/aws/aws-sdk-go-v2-1.38.0
2025-08-19T13:09:40.8641920Z  * [new branch]        dependabot/go_modules/github.com/aws/aws-sdk-go-v2/credentials-1.18.4 -> origin/dependabot/go_modules/github.com/aws/aws-sdk-go-v2/credentials-1.18.4
2025-08-19T13:09:40.8649722Z  * [new branch]        dependabot/go_modules/github.com/aws/aws-sdk-go-v2/service/sts-1.37.0 -> origin/dependabot/go_modules/github.com/aws/aws-sdk-go-v2/service/sts-1.37.0
2025-08-19T13:09:40.8659838Z  * [new branch]        dependabot/go_modules/go.opentelemetry.io/otel/exporters/prometheus-0.59.1 -> origin/dependabot/go_modules/go.opentelemetry.io/otel/exporters/prometheus-0.59.1
2025-08-19T13:09:40.8669188Z  * [new branch]        dependabot/go_modules/golang.org/x/net-0.43.0 -> origin/dependabot/go_modules/golang.org/x/net-0.43.0
2025-08-19T13:09:40.8677841Z  * [new branch]        dependabot/go_modules/helm.sh/helm/v3-3.18.5 -> origin/dependabot/go_modules/helm.sh/helm/v3-3.18.5
2025-08-19T13:09:40.8685312Z  * [new branch]        dependabot/go_modules/k8s.io/client-go-0.33.4 -> origin/dependabot/go_modules/k8s.io/client-go-0.33.4
2025-08-19T13:09:40.8693041Z  * [new branch]        feat/a1-policy-sim     -> origin/feat/a1-policy-sim
2025-08-19T13:09:40.8698412Z  * [new branch]        feat/admission-webhook -> origin/feat/admission-webhook
2025-08-19T13:09:40.8702573Z  * [new branch]        feat/ci-guard          -> origin/feat/ci-guard
2025-08-19T13:09:40.8712145Z  * [new branch]        feat/conductor-file-watcher -> origin/feat/conductor-file-watcher
2025-08-19T13:09:40.8716118Z  * [new branch]        feat/conductor-loop    -> origin/feat/conductor-loop
2025-08-19T13:09:40.8723779Z  * [new branch]        feat/e2-kpm-sim        -> origin/feat/e2-kpm-sim
2025-08-19T13:09:40.8730070Z  * [new branch]        feat/e2e               -> origin/feat/e2e
2025-08-19T13:09:40.8735901Z  * [new branch]        feat/examples-mvp      -> origin/feat/examples-mvp
2025-08-19T13:09:40.8740919Z  * [new branch]        feat/ingest-llm        -> origin/feat/ingest-llm
2025-08-19T13:09:40.8747030Z  * [new branch]        feat/ingest-tests-and-errors -> origin/feat/ingest-tests-and-errors
2025-08-19T13:09:40.8753130Z  * [new branch]        feat/o1-ves-sim        -> origin/feat/o1-ves-sim
2025-08-19T13:09:40.8759947Z  * [new branch]        feat/planner           -> origin/feat/planner
2025-08-19T13:09:40.8765000Z  * [new branch]        feat/porch-direct      -> origin/feat/porch-direct
2025-08-19T13:09:40.8770745Z  * [new branch]        feat/porch-publisher   -> origin/feat/porch-publisher
2025-08-19T13:09:40.8776930Z  * [new branch]        feat/porch-structured-patch -> origin/feat/porch-structured-patch
2025-08-19T13:09:40.8783059Z  * [new branch]        feat/sim-fcaps-to-intent -> origin/feat/sim-fcaps-to-intent
2025-08-19T13:09:40.8789730Z  * [new branch]        feat/test-harness      -> origin/feat/test-harness
2025-08-19T13:09:40.8799273Z  * [new branch]        integrate/mvp          -> origin/integrate/mvp
2025-08-19T13:09:40.8803741Z  * [new branch]        main                   -> origin/main
2025-08-19T13:09:40.8809945Z  * [new tag]           backup/pre-cleanup-20250813234213 -> backup/pre-cleanup-20250813234213
2025-08-19T13:09:40.8814182Z  * [new tag]           v0.1.0-mvp             -> v0.1.0-mvp
2025-08-19T13:09:40.8889909Z [command]/usr/bin/git branch --list --remote origin/feat/conductor-loop
2025-08-19T13:09:40.8935209Z   origin/feat/conductor-loop
2025-08-19T13:09:40.8950067Z [command]/usr/bin/git rev-parse refs/remotes/origin/feat/conductor-loop
2025-08-19T13:09:40.8983399Z 466806fe950338ae4ffff485b592c7e933197d57
2025-08-19T13:09:40.8994730Z ##[endgroup]
2025-08-19T13:09:40.8995543Z ##[group]Determining the checkout info
2025-08-19T13:09:40.8998358Z ##[endgroup]
2025-08-19T13:09:40.9006661Z [command]/usr/bin/git sparse-checkout disable
2025-08-19T13:09:40.9072014Z [command]/usr/bin/git config --local --unset-all extensions.worktreeConfig
2025-08-19T13:09:40.9117015Z ##[group]Checking out the ref
2025-08-19T13:09:40.9123712Z [command]/usr/bin/git checkout --progress --force -B feat/conductor-loop refs/remotes/origin/feat/conductor-loop
2025-08-19T13:09:41.4033101Z Switched to a new branch 'feat/conductor-loop'
2025-08-19T13:09:41.4036944Z branch 'feat/conductor-loop' set up to track 'origin/feat/conductor-loop'.
2025-08-19T13:09:41.4072026Z ##[endgroup]
2025-08-19T13:09:41.4115548Z [command]/usr/bin/git log -1 --format=%H
2025-08-19T13:09:41.4140619Z 466806fe950338ae4ffff485b592c7e933197d57
2025-08-19T13:09:41.4277102Z ##[group]Run actions/setup-go@v5
2025-08-19T13:09:41.4277641Z with:
2025-08-19T13:09:41.4277820Z   go-version: 1.24
2025-08-19T13:09:41.4277998Z   cache: true
2025-08-19T13:09:41.4278184Z   check-latest: false
2025-08-19T13:09:41.4278573Z   token: ***
2025-08-19T13:09:41.4278742Z env:
2025-08-19T13:09:41.4278902Z   GO_VERSION: 1.24
2025-08-19T13:09:41.4279077Z   REGISTRY: ghcr.io
2025-08-19T13:09:41.4279277Z   IMAGE_NAME: nephoran/conductor-loop
2025-08-19T13:09:41.4279522Z   SECURITY_SCAN_LEVEL: standard
2025-08-19T13:09:41.4279730Z ##[endgroup]
2025-08-19T13:09:41.5845581Z Setup go version spec 1.24
2025-08-19T13:09:41.5897222Z Found in cache @ /opt/hostedtoolcache/go/1.24.6/x64
2025-08-19T13:09:41.5902154Z Added go to the path
2025-08-19T13:09:41.5905836Z Successfully set up Go version 1.24
2025-08-19T13:09:41.6532842Z [command]/opt/hostedtoolcache/go/1.24.6/x64/bin/go env GOMODCACHE
2025-08-19T13:09:41.6569574Z [command]/opt/hostedtoolcache/go/1.24.6/x64/bin/go env GOCACHE
2025-08-19T13:09:41.6596493Z /home/runner/go/pkg/mod
2025-08-19T13:09:41.6625305Z /home/runner/.cache/go-build
2025-08-19T13:09:41.8994943Z Cache hit for: setup-go-Linux-x64-ubuntu24-go-1.24.6-583fed57d4cf4dd6f943285f723932abe219c2045356bcefc416fcf717aeff8b
2025-08-19T13:09:43.2587509Z Received 8388608 of 528556000 (1.6%), 8.0 MBs/sec
2025-08-19T13:09:44.2812168Z Received 134217728 of 528556000 (25.4%), 63.3 MBs/sec
2025-08-19T13:09:45.2812366Z Received 255852544 of 528556000 (48.4%), 80.7 MBs/sec
2025-08-19T13:09:46.2810436Z Received 356515840 of 528556000 (67.5%), 84.5 MBs/sec
2025-08-19T13:09:47.2811327Z Received 457179136 of 528556000 (86.5%), 86.8 MBs/sec
2025-08-19T13:09:47.9803613Z Received 528556000 of 528556000 (100.0%), 88.1 MBs/sec
2025-08-19T13:09:47.9805100Z Cache Size: ~504 MB (528556000 B)
2025-08-19T13:09:47.9863490Z [command]/usr/bin/tar -xf /home/runner/work/_temp/c27d2dab-5ee7-4ec9-a0ed-40f41bae624e/cache.tzst -P -C /home/runner/work/nephoran-intent-operator/nephoran-intent-operator --use-compress-program unzstd
2025-08-19T13:09:53.5902997Z Cache restored successfully
2025-08-19T13:09:53.6906729Z Cache restored from key: setup-go-Linux-x64-ubuntu24-go-1.24.6-583fed57d4cf4dd6f943285f723932abe219c2045356bcefc416fcf717aeff8b
2025-08-19T13:09:53.6927025Z go version go1.24.6 linux/amd64
2025-08-19T13:09:53.6927225Z 
2025-08-19T13:09:53.6927507Z ##[group]go env
2025-08-19T13:09:53.7077394Z AR='ar'
2025-08-19T13:09:53.7077727Z CC='gcc'
2025-08-19T13:09:53.7078040Z CGO_CFLAGS='-O2 -g'
2025-08-19T13:09:53.7078273Z CGO_CPPFLAGS=''
2025-08-19T13:09:53.7078480Z CGO_CXXFLAGS='-O2 -g'
2025-08-19T13:09:53.7078689Z CGO_ENABLED='1'
2025-08-19T13:09:53.7078868Z CGO_FFLAGS='-O2 -g'
2025-08-19T13:09:53.7079062Z CGO_LDFLAGS='-O2 -g'
2025-08-19T13:09:53.7079252Z CXX='g++'
2025-08-19T13:09:53.7079419Z GCCGO='gccgo'
2025-08-19T13:09:53.7079607Z GO111MODULE=''
2025-08-19T13:09:53.7079781Z GOAMD64='v1'
2025-08-19T13:09:53.7079950Z GOARCH='amd64'
2025-08-19T13:09:53.7080117Z GOAUTH='netrc'
2025-08-19T13:09:53.7080309Z GOBIN=''
2025-08-19T13:09:53.7080512Z GOCACHE='/home/runner/.cache/go-build'
2025-08-19T13:09:53.7080792Z GOCACHEPROG=''
2025-08-19T13:09:53.7080975Z GODEBUG=''
2025-08-19T13:09:53.7081250Z GOENV='/home/runner/.config/go/env'
2025-08-19T13:09:53.7081486Z GOEXE=''
2025-08-19T13:09:53.7081656Z GOEXPERIMENT=''
2025-08-19T13:09:53.7081840Z GOFIPS140='off'
2025-08-19T13:09:53.7082013Z GOFLAGS=''
2025-08-19T13:09:53.7082679Z GOGCCFLAGS='-fPIC -m64 -pthread -Wl,--no-gc-sections -fmessage-length=0 -ffile-prefix-map=/tmp/go-build1211134200=/tmp/go-build -gno-record-gcc-switches'
2025-08-19T13:09:53.7083303Z GOHOSTARCH='amd64'
2025-08-19T13:09:53.7083494Z GOHOSTOS='linux'
2025-08-19T13:09:53.7083678Z GOINSECURE=''
2025-08-19T13:09:53.7084038Z GOMOD='/home/runner/work/nephoran-intent-operator/nephoran-intent-operator/go.mod'
2025-08-19T13:09:53.7084669Z GOMODCACHE='/home/runner/go/pkg/mod'
2025-08-19T13:09:53.7084917Z GONOPROXY=''
2025-08-19T13:09:53.7085098Z GONOSUMDB=''
2025-08-19T13:09:53.7085268Z GOOS='linux'
2025-08-19T13:09:53.7085858Z GOPATH='/home/runner/go'
2025-08-19T13:09:53.7086089Z GOPRIVATE=''
2025-08-19T13:09:53.7086490Z GOPROXY='https://proxy.golang.org,direct'
2025-08-19T13:09:53.7086795Z GOROOT='/opt/hostedtoolcache/go/1.24.6/x64'
2025-08-19T13:09:53.7087076Z GOSUMDB='sum.golang.org'
2025-08-19T13:09:53.7087291Z GOTELEMETRY='local'
2025-08-19T13:09:53.7087541Z GOTELEMETRYDIR='/home/runner/.config/go/telemetry'
2025-08-19T13:09:53.7087824Z GOTMPDIR=''
2025-08-19T13:09:53.7088003Z GOTOOLCHAIN='auto'
2025-08-19T13:09:53.7088304Z GOTOOLDIR='/opt/hostedtoolcache/go/1.24.6/x64/pkg/tool/linux_amd64'
2025-08-19T13:09:53.7088624Z GOVCS=''
2025-08-19T13:09:53.7088796Z GOVERSION='go1.24.6'
2025-08-19T13:09:53.7089094Z GOWORK=''
2025-08-19T13:09:53.7089274Z PKG_CONFIG='pkg-config'
2025-08-19T13:09:53.7089410Z 
2025-08-19T13:09:53.7089714Z ##[endgroup]
2025-08-19T13:09:53.7229094Z ##[group]Run go mod download
2025-08-19T13:09:53.7229410Z [36;1mgo mod download[0m
2025-08-19T13:09:53.7229633Z [36;1mgo mod verify[0m
2025-08-19T13:09:53.7274866Z shell: /usr/bin/bash -e {0}
2025-08-19T13:09:53.7275113Z env:
2025-08-19T13:09:53.7275303Z   GO_VERSION: 1.24
2025-08-19T13:09:53.7275497Z   REGISTRY: ghcr.io
2025-08-19T13:09:53.7275716Z   IMAGE_NAME: nephoran/conductor-loop
2025-08-19T13:09:53.7275974Z   SECURITY_SCAN_LEVEL: standard
2025-08-19T13:09:53.7276198Z ##[endgroup]
2025-08-19T13:09:58.4414796Z all modules verified
2025-08-19T13:09:58.4491019Z ##[warning]Unexpected input(s) 'generate_sarif', valid inputs are ['entryPoint', 'args', 'config', 'publishToken']
2025-08-19T13:09:58.4505280Z ##[group]Run semgrep/semgrep-action@v1
2025-08-19T13:09:58.4505548Z with:
2025-08-19T13:09:58.4505737Z   config: p/secrets p/golang
2025-08-19T13:09:58.4505968Z   generate_sarif: 1
2025-08-19T13:09:58.4506157Z env:
2025-08-19T13:09:58.4506311Z   GO_VERSION: 1.24
2025-08-19T13:09:58.4506492Z   REGISTRY: ghcr.io
2025-08-19T13:09:58.4506707Z   IMAGE_NAME: nephoran/conductor-loop
2025-08-19T13:09:58.4506971Z   SECURITY_SCAN_LEVEL: standard
2025-08-19T13:09:58.4507201Z   SEMGREP_APP_TOKEN: 
2025-08-19T13:09:58.4507406Z   SEMGREP_BASELINE_REF: main
2025-08-19T13:09:58.4507632Z ##[endgroup]
2025-08-19T13:09:58.4597415Z ##[command]/usr/bin/docker run --name returntocorpsemgrepagentv1_087940 --label 1627d0 --workdir /github/workspace --rm -e "GO_VERSION" -e "REGISTRY" -e "IMAGE_NAME" -e "SECURITY_SCAN_LEVEL" -e "SEMGREP_APP_TOKEN" -e "SEMGREP_BASELINE_REF" -e "INPUT_CONFIG" -e "INPUT_GENERATE_SARIF" -e "INPUT_PUBLISHTOKEN" -e "HOME" -e "GITHUB_JOB" -e "GITHUB_REF" -e "GITHUB_SHA" -e "GITHUB_REPOSITORY" -e "GITHUB_REPOSITORY_OWNER" -e "GITHUB_REPOSITORY_OWNER_ID" -e "GITHUB_RUN_ID" -e "GITHUB_RUN_NUMBER" -e "GITHUB_RETENTION_DAYS" -e "GITHUB_RUN_ATTEMPT" -e "GITHUB_ACTOR_ID" -e "GITHUB_ACTOR" -e "GITHUB_WORKFLOW" -e "GITHUB_HEAD_REF" -e "GITHUB_BASE_REF" -e "GITHUB_EVENT_NAME" -e "GITHUB_SERVER_URL" -e "GITHUB_API_URL" -e "GITHUB_GRAPHQL_URL" -e "GITHUB_REF_NAME" -e "GITHUB_REF_PROTECTED" -e "GITHUB_REF_TYPE" -e "GITHUB_WORKFLOW_REF" -e "GITHUB_WORKFLOW_SHA" -e "GITHUB_REPOSITORY_ID" -e "GITHUB_TRIGGERING_ACTOR" -e "GITHUB_WORKSPACE" -e "GITHUB_ACTION" -e "GITHUB_EVENT_PATH" -e "GITHUB_ACTION_REPOSITORY" -e "GITHUB_ACTION_REF" -e "GITHUB_PATH" -e "GITHUB_ENV" -e "GITHUB_STEP_SUMMARY" -e "GITHUB_STATE" -e "GITHUB_OUTPUT" -e "RUNNER_OS" -e "RUNNER_ARCH" -e "RUNNER_NAME" -e "RUNNER_ENVIRONMENT" -e "RUNNER_TOOL_CACHE" -e "RUNNER_TEMP" -e "RUNNER_WORKSPACE" -e "ACTIONS_RUNTIME_URL" -e "ACTIONS_RUNTIME_TOKEN" -e "ACTIONS_CACHE_URL" -e "ACTIONS_RESULTS_URL" -e GITHUB_ACTIONS=true -e CI=true -v "/var/run/docker.sock":"/var/run/docker.sock" -v "/home/runner/work/_temp/_github_home":"/github/home" -v "/home/runner/work/_temp/_github_workflow":"/github/workflow" -v "/home/runner/work/_temp/_runner_file_commands":"/github/file_commands" -v "/home/runner/work/nephoran-intent-operator/nephoran-intent-operator":"/github/workspace" returntocorp/semgrep-agent:v1
2025-08-19T13:10:00.6533899Z === Running: SEMGREP_RULES="p/secrets p/golang" SEMGREP_BASELINE_COMMIT="main" semgrep ci
2025-08-19T13:10:01.4065875Z                   
2025-08-19T13:10:01.4066298Z                   
2025-08-19T13:10:01.4067261Z ┌────────────────┐
2025-08-19T13:10:01.4067650Z │ Debugging Info │
2025-08-19T13:10:01.4068018Z └────────────────┘
2025-08-19T13:10:01.4069556Z                   
2025-08-19T13:10:01.4069935Z   SCAN ENVIRONMENT
2025-08-19T13:10:01.4089438Z   versions    - semgrep 1.36.0 on python 3.11.4                                
2025-08-19T13:10:01.4090185Z   environment - running in environment github-actions, triggering event is push
2025-08-19T13:10:01.6576521Z [ERROR] Command failed with exit code: 128
2025-08-19T13:10:01.6577026Z -----
2025-08-19T13:10:01.6577325Z Command failed with output:
2025-08-19T13:10:01.6577584Z fatal: Not a valid object name main
2025-08-19T13:10:01.6577759Z 
2025-08-19T13:10:01.6577764Z 
2025-08-19T13:10:01.6577928Z Failed to run 'git cat-file -e main'. Possible reasons:
2025-08-19T13:10:01.6578154Z 
2025-08-19T13:10:01.6578254Z - the git binary is not available
2025-08-19T13:10:01.6578554Z - the current working directory is not a git repository
2025-08-19T13:10:01.6578937Z - the current working directory is not marked as safe
2025-08-19T13:10:01.6579350Z     (fix with `git config --global --add safe.directory $(pwd)`)
2025-08-19T13:10:01.6579594Z 
2025-08-19T13:10:01.6579736Z Try running the command yourself to debug the issue.
2025-08-19T13:10:02.3329265Z ##[group]Run actions/upload-artifact@v4
2025-08-19T13:10:02.3329551Z with:
2025-08-19T13:10:02.3329745Z   name: security-reports-semgrep
2025-08-19T13:10:02.3329986Z   path: *.json
*.sarif
*.xml

2025-08-19T13:10:02.3330213Z   retention-days: 30
2025-08-19T13:10:02.3330421Z   if-no-files-found: warn
2025-08-19T13:10:02.3330637Z   compression-level: 6
2025-08-19T13:10:02.3330845Z   overwrite: false
2025-08-19T13:10:02.3331042Z   include-hidden-files: false
2025-08-19T13:10:02.3331252Z env:
2025-08-19T13:10:02.3331414Z   GO_VERSION: 1.24
2025-08-19T13:10:02.3331594Z   REGISTRY: ghcr.io
2025-08-19T13:10:02.3331802Z   IMAGE_NAME: nephoran/conductor-loop
2025-08-19T13:10:02.3332059Z   SECURITY_SCAN_LEVEL: standard
2025-08-19T13:10:02.3332296Z ##[endgroup]
2025-08-19T13:10:02.5677318Z With the provided path, there will be 4 files uploaded
2025-08-19T13:10:02.5683043Z Artifact name is valid!
2025-08-19T13:10:02.5686401Z Root directory input is valid!
2025-08-19T13:10:02.8330414Z Beginning upload of artifact content to blob storage
2025-08-19T13:10:03.1189423Z Uploaded bytes 1220
2025-08-19T13:10:03.2006818Z Finished uploading artifact content to blob storage!
2025-08-19T13:10:03.2010080Z SHA256 digest of uploaded artifact zip is 693776d9a4456734d4a1d0eabbdab609401b04d1429018b84b86dc237575f53d
2025-08-19T13:10:03.2013072Z Finalizing artifact upload
2025-08-19T13:10:03.4150577Z Artifact security-reports-semgrep.zip successfully finalized. Artifact ID 3798654341
2025-08-19T13:10:03.4152182Z Artifact security-reports-semgrep has been successfully uploaded! Final size is 1220 bytes. Artifact ID is 3798654341
2025-08-19T13:10:03.4159258Z Artifact download URL: https://github.com/thc1006/nephoran-intent-operator/actions/runs/17070554235/artifacts/3798654341
2025-08-19T13:10:03.4296203Z Post job cleanup.
2025-08-19T13:10:03.5851566Z [command]/opt/hostedtoolcache/go/1.24.6/x64/bin/go env GOMODCACHE
2025-08-19T13:10:03.5891968Z [command]/opt/hostedtoolcache/go/1.24.6/x64/bin/go env GOCACHE
2025-08-19T13:10:03.5918637Z /home/runner/go/pkg/mod
2025-08-19T13:10:03.5948832Z /home/runner/.cache/go-build
2025-08-19T13:10:03.5953680Z Cache hit occurred on the primary key setup-go-Linux-x64-ubuntu24-go-1.24.6-583fed57d4cf4dd6f943285f723932abe219c2045356bcefc416fcf717aeff8b, not saving cache.
2025-08-19T13:10:03.6086292Z Post job cleanup.
2025-08-19T13:10:03.7031877Z [command]/usr/bin/git version
2025-08-19T13:10:03.7069292Z git version 2.50.1
2025-08-19T13:10:03.7113107Z Temporarily overriding HOME='/home/runner/work/_temp/8f6898ef-3c73-4c73-b254-34eec23eab38' before making global git config changes
2025-08-19T13:10:03.7114667Z Adding repository directory to the temporary git global config as a safe directory
2025-08-19T13:10:03.7127286Z [command]/usr/bin/git config --global --add safe.directory /home/runner/work/nephoran-intent-operator/nephoran-intent-operator
2025-08-19T13:10:03.7164517Z [command]/usr/bin/git config --local --name-only --get-regexp core\.sshCommand
2025-08-19T13:10:03.7199242Z [command]/usr/bin/git submodule foreach --recursive sh -c "git config --local --name-only --get-regexp 'core\.sshCommand' && git config --local --unset-all 'core.sshCommand' || :"
2025-08-19T13:10:03.7456083Z [command]/usr/bin/git config --local --name-only --get-regexp http\.https\:\/\/github\.com\/\.extraheader
2025-08-19T13:10:03.7479118Z http.https://github.com/.extraheader
2025-08-19T13:10:03.7491228Z [command]/usr/bin/git config --local --unset-all http.https://github.com/.extraheader
2025-08-19T13:10:03.7524593Z [command]/usr/bin/git submodule foreach --recursive sh -c "git config --local --name-only --get-regexp 'http\.https\:\/\/github\.com\/\.extraheader' && git config --local --unset-all 'http.https://github.com/.extraheader' || :"
2025-08-19T13:10:03.7890010Z Post job cleanup.
2025-08-19T13:10:03.8613949Z [harden-runner] post-step
2025-08-19T13:10:04.8647434Z log:
2025-08-19T13:10:04.8648484Z Tue, 19 Aug 2025 13:09:30 GMT:[buildInfo] tag=v0.14.2 commit=a33c48b038c7b6ac98c789579037e76204e082d0 branch=HEAD 
2025-08-19T13:10:04.8649162Z 
2025-08-19T13:10:04.8649377Z Tue, 19 Aug 2025 13:09:30 GMT:read config 
2025-08-19T13:10:04.8655261Z  &{Repo:thc1006/nephoran-intent-operator CorrelationId:57106f21-bb56-4dcb-867b-4b476e7d3a35 RunId:17070554235 WorkingDirectory:/home/runner/work/nephoran-intent-operator/nephoran-intent-operator APIURL:https://agent.api.stepsecurity.io/v1 OneTimeKey: Endpoints:map[api.github.com.:[{domainName:api.github.com. port:443}] github.com.:[{domainName:github.com. port:443}] golang.org.:[{domainName:golang.org. port:443}] objects.githubusercontent.com.:[{domainName:objects.githubusercontent.com. port:443}] proxy.golang.org.:[{domainName:proxy.golang.org. port:443}] sum.golang.org.:[{domainName:sum.golang.org. port:443}]] EgressPolicy:audit DisableTelemetry:false DisableSudo:false DisableSudoAndContainers:false DisableFileMonitoring:false Private:false}
2025-08-19T13:10:04.8660015Z 
2025-08-19T13:10:04.8660516Z Tue, 19 Aug 2025 13:09:30 GMT:Step Security Job Correlation ID: 57106f21-bb56-4dcb-867b-4b476e7d3a35
2025-08-19T13:10:04.8661138Z 
2025-08-19T13:10:04.8661565Z Tue, 19 Aug 2025 13:09:30 GMT:Global feature flags: {AgentType:agent-oss EnableArmour:true}
2025-08-19T13:10:04.8662407Z Tue, 19 Aug 2025 13:09:30 GMT:initialized global feature flags
2025-08-19T13:10:04.8662830Z 
2025-08-19T13:10:04.8663070Z Tue, 19 Aug 2025 13:09:30 GMT:started process monitor
2025-08-19T13:10:04.8663452Z 
2025-08-19T13:10:04.8663698Z Tue, 19 Aug 2025 13:09:30 GMT:Monitor Processes called
2025-08-19T13:10:04.8664276Z Tue, 19 Aug 2025 13:09:30 GMT:NewAuditClient created
2025-08-19T13:10:04.8665031Z Tue, 19 Aug 2025 13:09:30 GMT:Status is enabled
2025-08-19T13:10:04.8665515Z Tue, 19 Aug 2025 13:09:30 GMT:Rules deleted
2025-08-19T13:10:04.8666353Z Tue, 19 Aug 2025 13:09:30 GMT:File monitor added for /home/runner/work/nephoran-intent-operator/nephoran-intent-operator
2025-08-19T13:10:04.8667169Z Tue, 19 Aug 2025 13:09:30 GMT:Agent file monitor added
2025-08-19T13:10:04.8667751Z Tue, 19 Aug 2025 13:09:30 GMT:Docker's daemon.json file monitor added
2025-08-19T13:10:04.8668418Z Tue, 19 Aug 2025 13:09:30 GMT:Systemd's resolved.conf file monitor added
2025-08-19T13:10:04.8668995Z Tue, 19 Aug 2025 13:09:30 GMT:Net monitor added
2025-08-19T13:10:04.8669495Z Tue, 19 Aug 2025 13:09:30 GMT:Process monitor added
2025-08-19T13:10:04.8669980Z Tue, 19 Aug 2025 13:09:30 GMT:receive called
2025-08-19T13:10:04.8670294Z 
2025-08-19T13:10:04.8670301Z 
2025-08-19T13:10:04.8670505Z Tue, 19 Aug 2025 13:09:30 GMT:updated resolved
2025-08-19T13:10:04.8670816Z 
2025-08-19T13:10:04.8670934Z Tue, 19 Aug 2025 13:09:31 GMT:set docker config
2025-08-19T13:10:04.8671133Z 
2025-08-19T13:10:04.8671255Z Tue, 19 Aug 2025 13:09:31 GMT:before audit rules
2025-08-19T13:10:04.8671562Z Tue, 19 Aug 2025 13:09:31 GMT:added audit rules
2025-08-19T13:10:04.8672173Z Tue, 19 Aug 2025 13:09:31 GMT:Armour is enabled
2025-08-19T13:10:04.8672456Z Tue, 19 Aug 2025 13:09:32 GMT:Armour attached
2025-08-19T13:10:04.8672725Z Tue, 19 Aug 2025 13:09:32 GMT:done
2025-08-19T13:10:04.8673824Z Tue, 19 Aug 2025 13:09:32 GMT:[Source code overwritten] file: /home/runner/work/nephoran-intent-operator/nephoran-intent-operator/.git/config.lock syscall: openat by exe: /usr/bin/git [324c8e1c70df886c33f9de6baea3e69badf185588d7724d68da69d4be7933a74] Timestamp: 2025-08-19T13:09:32.698Z
2025-08-19T13:10:04.8676048Z Tue, 19 Aug 2025 13:09:32 GMT:[Source code overwritten] file: /home/runner/work/nephoran-intent-operator/nephoran-intent-operator/.git/config syscall: rename by exe: /usr/bin/git [324c8e1c70df886c33f9de6baea3e69badf185588d7724d68da69d4be7933a74] Timestamp: 2025-08-19T13:09:32.698Z
2025-08-19T13:10:04.8679698Z Tue, 19 Aug 2025 13:09:32 GMT:[Source code overwritten] file: /home/runner/work/nephoran-intent-operator/nephoran-intent-operator/.git/config.lock syscall: openat by exe: /usr/bin/git [324c8e1c70df886c33f9de6baea3e69badf185588d7724d68da69d4be7933a74] Timestamp: 2025-08-19T13:09:32.698Z
2025-08-19T13:10:04.8680956Z Tue, 19 Aug 2025 13:09:32 GMT:domain resolved: github.com., ip address: 140.82.113.3, TTL: 60
2025-08-19T13:10:04.8682495Z Tue, 19 Aug 2025 13:09:32 GMT:[Source code overwritten] file: /home/runner/work/nephoran-intent-operator/nephoran-intent-operator/.git/config syscall: openat by exe: /home/runner/actions-runner/cached/externals/node20/bin/node [2fef68bbc03f7bf68b3daa917d43ab198466080302b2a9d731cf43614a574d25] Timestamp: 2025-08-19T13:09:32.769Z
2025-08-19T13:10:04.8684168Z Tue, 19 Aug 2025 13:09:32 GMT:endpoint called ip address:port 140.82.113.3:443, domain: github.com., pid: 2872, process: git-remote-http
2025-08-19T13:10:04.8685179Z Tue, 19 Aug 2025 13:09:41 GMT:domain resolved: results-receiver.actions.githubusercontent.com., ip address: 140.82.112.22, TTL: 34
2025-08-19T13:10:04.8686737Z Tue, 19 Aug 2025 13:09:41 GMT:endpoint called ip address:port 140.82.112.22:443, domain: results-receiver.actions.githubusercontent.com., pid: 2891, process: node
2025-08-19T13:10:04.8688197Z Tue, 19 Aug 2025 13:09:41 GMT:domain resolved: productionresultssa4.blob.core.windows.net., ip address: 57.150.86.161, TTL: 52
2025-08-19T13:10:04.8689161Z Tue, 19 Aug 2025 13:09:42 GMT:endpoint called ip address:port 57.150.86.161:443, domain: productionresultssa4.blob.core.windows.net., pid: 2891, process: node
2025-08-19T13:10:04.8689977Z Tue, 19 Aug 2025 13:10:01 GMT:domain resolved: semgrep.dev., ip address: 18.238.109.116, TTL: 60
2025-08-19T13:10:04.8690636Z Tue, 19 Aug 2025 13:10:01 GMT:domain resolved: metrics.semgrep.dev., ip address: 52.32.230.115, TTL: 60
2025-08-19T13:10:04.8691382Z Tue, 19 Aug 2025 13:10:02 GMT:endpoint called ip address:port 18.238.109.116:443, domain: semgrep.dev., pid: 3006, process: python3.11
2025-08-19T13:10:04.8692138Z Tue, 19 Aug 2025 13:10:02 GMT:domain resolved: fail-open.prod.semgrep.dev., ip address: 18.238.96.89, TTL: 60
2025-08-19T13:10:04.8692911Z Tue, 19 Aug 2025 13:10:02 GMT:endpoint called ip address:port 52.32.230.115:443, domain: metrics.semgrep.dev., pid: 3006, process: python3.11
2025-08-19T13:10:04.8693828Z Tue, 19 Aug 2025 13:10:02 GMT:endpoint called ip address:port 18.238.96.89:443, domain: fail-open.prod.semgrep.dev., pid: 3006, process: python3.11
2025-08-19T13:10:04.8694952Z Tue, 19 Aug 2025 13:10:02 GMT:endpoint called ip address:port 140.82.112.22:443, domain: results-receiver.actions.githubusercontent.com., pid: 3073, process: node
2025-08-19T13:10:04.8695908Z Tue, 19 Aug 2025 13:10:02 GMT:domain resolved: productionresultssa12.blob.core.windows.net., ip address: 20.209.226.129, TTL: 50
2025-08-19T13:10:04.8696850Z Tue, 19 Aug 2025 13:10:03 GMT:endpoint called ip address:port 20.209.226.129:443, domain: productionresultssa12.blob.core.windows.net., pid: 3073, process: node
2025-08-19T13:10:04.8697429Z 
2025-08-19T13:10:04.8697562Z Tue, 19 Aug 2025 13:10:03 GMT:post_event called
2025-08-19T13:10:04.8698075Z 
2025-08-19T13:10:04.8698172Z status:
2025-08-19T13:10:04.8698356Z Initialized
2025-08-19T13:10:04.8806879Z agent.service log:
2025-08-19T13:10:04.8808474Z Aug 19 13:09:30 pkrvmubgrv54qmi systemd[1]: /etc/systemd/system/agent.service:9: Standard output type syslog is obsolete, automatically updating to journal. Please update your unit file, and consider removing the setting altogether.
2025-08-19T13:10:04.8811067Z Aug 19 13:09:30 pkrvmubgrv54qmi systemd[1]: /etc/systemd/system/agent.service:10: Standard output type syslog is obsolete, automatically updating to journal. Please update your unit file, and consider removing the setting altogether.
2025-08-19T13:10:04.8812626Z Aug 19 13:09:30 pkrvmubgrv54qmi systemd[1]: Started agent.service - Agent.
2025-08-19T13:10:04.8813859Z Aug 19 13:09:30 pkrvmubgrv54qmi sudo[2449]:     root : *** ; USER=root ; COMMAND=/usr/bin/systemctl stop systemd-resolved
2025-08-19T13:10:04.8815546Z Aug 19 13:09:30 pkrvmubgrv54qmi sudo[2449]: pam_unix(sudo:session): session opened for user root(uid=0) by (uid=0)
2025-08-19T13:10:04.8816681Z Aug 19 13:09:30 pkrvmubgrv54qmi sudo[2449]: pam_unix(sudo:session): session closed for user root
2025-08-19T13:10:04.8817884Z Aug 19 13:09:30 pkrvmubgrv54qmi sudo[2455]:     root : *** ; USER=root ; COMMAND=/usr/bin/systemctl restart systemd-resolved
2025-08-19T13:10:04.8819050Z Aug 19 13:09:30 pkrvmubgrv54qmi sudo[2455]: pam_unix(sudo:session): session opened for user root(uid=0) by (uid=0)
2025-08-19T13:10:04.8820087Z Aug 19 13:09:30 pkrvmubgrv54qmi sudo[2455]: pam_unix(sudo:session): session closed for user root
2025-08-19T13:10:04.8821178Z Aug 19 13:09:30 pkrvmubgrv54qmi sudo[2460]:     root : *** ; USER=root ; COMMAND=/usr/bin/resolvectl flush-caches
2025-08-19T13:10:04.8822281Z Aug 19 13:09:30 pkrvmubgrv54qmi sudo[2460]: pam_unix(sudo:session): session opened for user root(uid=0) by (uid=0)
2025-08-19T13:10:04.8823353Z Aug 19 13:09:30 pkrvmubgrv54qmi sudo[2460]: pam_unix(sudo:session): session closed for user root
2025-08-19T13:10:04.8824665Z Aug 19 13:09:30 pkrvmubgrv54qmi sudo[2463]:     root : *** ; USER=root ; COMMAND=/usr/bin/systemctl reload docker
2025-08-19T13:10:04.8825892Z Aug 19 13:09:30 pkrvmubgrv54qmi sudo[2463]: pam_unix(sudo:session): session opened for user root(uid=0) by (uid=0)
2025-08-19T13:10:04.8826949Z Aug 19 13:09:30 pkrvmubgrv54qmi sudo[2463]: pam_unix(sudo:session): session closed for user root
2025-08-19T13:10:04.8828075Z Aug 19 13:09:30 pkrvmubgrv54qmi sudo[2470]:     root : *** ; USER=root ; COMMAND=/usr/bin/systemctl daemon-reload
2025-08-19T13:10:04.8829330Z Aug 19 13:09:30 pkrvmubgrv54qmi sudo[2470]: pam_unix(sudo:session): session opened for user root(uid=0) by (uid=0)
2025-08-19T13:10:04.8831232Z Aug 19 13:09:31 pkrvmubgrv54qmi systemd[1]: /etc/systemd/system/agent.service:9: Standard output type syslog is obsolete, automatically updating to journal. Please update your unit file, and consider removing the setting altogether.
2025-08-19T13:10:04.8834162Z Aug 19 13:09:31 pkrvmubgrv54qmi systemd[1]: /etc/systemd/system/agent.service:10: Standard output type syslog is obsolete, automatically updating to journal. Please update your unit file, and consider removing the setting altogether.
2025-08-19T13:10:04.8836043Z Aug 19 13:09:31 pkrvmubgrv54qmi sudo[2470]: pam_unix(sudo:session): session closed for user root
2025-08-19T13:10:04.8837340Z Aug 19 13:09:31 pkrvmubgrv54qmi sudo[2540]:     root : *** ; USER=root ; COMMAND=/usr/bin/systemctl restart docker
2025-08-19T13:10:04.8838360Z Aug 19 13:09:31 pkrvmubgrv54qmi sudo[2540]: pam_unix(sudo:session): session opened for user root(uid=0) by (uid=0)
2025-08-19T13:10:04.8839360Z Aug 19 13:09:31 pkrvmubgrv54qmi sudo[2540]: pam_unix(sudo:session): session closed for user root
2025-08-19T13:10:04.8840279Z Aug 19 13:09:31 pkrvmubgrv54qmi agentservice[2435]: 2025/08/19 13:09:31 INFO Config ENFORCE_READ_BLOCK=false
2025-08-19T13:10:04.8841320Z Aug 19 13:09:31 pkrvmubgrv54qmi agentservice[2435]: 2025/08/19 13:09:31 INFO Config ENFORCE_WRITE_BLOCK=false
2025-08-19T13:10:04.8842290Z Aug 19 13:09:31 pkrvmubgrv54qmi agentservice[2435]: 2025/08/19 13:09:31 INFO Config ENFORCE_KILL_BLOCK=false
2025-08-19T13:10:04.8842898Z Aug 19 13:09:31 pkrvmubgrv54qmi agentservice[2435]: 2025/08/19 13:09:31 INFO Config AGENT_PID=2435
2025-08-19T13:10:04.8843496Z Aug 19 13:09:31 pkrvmubgrv54qmi agentservice[2435]: 2025/08/19 13:09:31 INFO Map size protected_pids=1
2025-08-19T13:10:04.8844104Z Aug 19 13:09:31 pkrvmubgrv54qmi agentservice[2435]: 2025/08/19 13:09:31 INFO Map size protected_pid_inodes=1
2025-08-19T13:10:04.8844920Z Aug 19 13:09:31 pkrvmubgrv54qmi agentservice[2435]: 2025/08/19 13:09:31 INFO Map size protected_bpf_ids=9
2025-08-19T13:10:04.8845521Z Aug 19 13:09:31 pkrvmubgrv54qmi agentservice[2435]: 2025/08/19 13:09:31 INFO Map size protected_fs_inodes=6
2025-08-19T13:10:04.8846241Z Aug 19 13:09:31 pkrvmubgrv54qmi agentservice[2435]: 2025/08/19 13:09:31 INFO Map size protected_proc_fs_inodes=2
2025-08-19T13:10:04.8847059Z Aug 19 13:09:32 pkrvmubgrv54qmi agentservice[2435]: 2025/08/19 13:09:32 INFO ProtectedPids err=<nil> pids=map[2735:2435]
2025-08-19T13:10:04.8847738Z Aug 19 13:09:32 pkrvmubgrv54qmi agentservice[2435]: 2025/08/19 13:09:32 INFO ProtectedBPFIDs freezed ids="[10 4 8 11 9]"
2025-08-19T13:10:04.8848899Z Aug 19 13:09:32 pkrvmubgrv54qmi agentservice[2435]: 2025/08/19 13:09:32 INFO Write protected inodes="map[509:/etc/systemd/resolved.conf 989:/etc/resolv.conf 1643:/etc/sudoers.d/runner 17364:/proc/1947/mem 17365:/proc/1932/mem 3189531:/etc/docker/daemon.json]" freezeErr=<nil>
2025-08-19T13:10:04.8849967Z Aug 19 13:09:32 pkrvmubgrv54qmi agentservice[2435]: 2025/08/19 13:09:32 INFO Linking completed
2025-08-19T13:10:04.8850507Z Aug 19 13:09:32 pkrvmubgrv54qmi agentservice[2435]: 2025/08/19 13:09:32 INFO Armour engaged
2025-08-19T13:10:04.8850803Z 
2025-08-19T13:10:04.8899781Z Cleaning up orphan processes
